{
  "version": "1.5.0",
  "plugins_used": [
    {
      "name": "ArtifactoryDetector"
    },
    {
      "name": "AWSKeyDetector"
    },
    {
      "name": "AzureStorageKeyDetector"
    },
    {
      "name": "Base64HighEntropyString",
      "limit": 4.5
    },
    {
      "name": "BasicAuthDetector"
    },
    {
      "name": "CloudantDetector"
    },
    {
      "name": "DiscordBotTokenDetector"
    },
    {
      "name": "GitHubTokenDetector"
    },
    {
      "name": "GitLabTokenDetector"
    },
    {
      "name": "HexHighEntropyString",
      "limit": 3.0
    },
    {
      "name": "IbmCloudIamDetector"
    },
    {
      "name": "IbmCosHmacDetector"
    },
    {
      "name": "IPPublicDetector"
    },
    {
      "name": "JwtTokenDetector"
    },
    {
      "name": "KeywordDetector",
      "keyword_exclude": ""
    },
    {
      "name": "MailchimpDetector"
    },
    {
      "name": "NpmDetector"
    },
    {
      "name": "OpenAIDetector"
    },
    {
      "name": "PrivateKeyDetector"
    },
    {
      "name": "PypiTokenDetector"
    },
    {
      "name": "SendGridDetector"
    },
    {
      "name": "SlackDetector"
    },
    {
      "name": "SoftlayerDetector"
    },
    {
      "name": "SquareOAuthDetector"
    },
    {
      "name": "StripeDetector"
    },
    {
      "name": "TelegramBotTokenDetector"
    },
    {
      "name": "TwilioKeyDetector"
    }
  ],
  "filters_used": [
    {
      "path": "detect_secrets.filters.allowlist.is_line_allowlisted"
    },
    {
      "path": "detect_secrets.filters.common.is_ignored_due_to_verification_policies",
      "min_level": 2
    },
    {
      "path": "detect_secrets.filters.heuristic.is_indirect_reference"
    },
    {
      "path": "detect_secrets.filters.heuristic.is_likely_id_string"
    },
    {
      "path": "detect_secrets.filters.heuristic.is_lock_file"
    },
    {
      "path": "detect_secrets.filters.heuristic.is_not_alphanumeric_string"
    },
    {
      "path": "detect_secrets.filters.heuristic.is_potential_uuid"
    },
    {
      "path": "detect_secrets.filters.heuristic.is_prefixed_with_dollar_sign"
    },
    {
      "path": "detect_secrets.filters.heuristic.is_sequential_string"
    },
    {
      "path": "detect_secrets.filters.heuristic.is_swagger_file"
    },
    {
      "path": "detect_secrets.filters.heuristic.is_templated_secret"
    },
    {
      "path": "detect_secrets.filters.regex.should_exclude_file",
      "pattern": [
        "docs/droplet_access.md"
      ]
    }
  ],
  "results": {
    ".github/workflows/amplitude-events.yml": [
      {
        "type": "Secret Keyword",
        "filename": ".github/workflows/amplitude-events.yml",
        "hashed_secret": "ef9a27527af754d2b3f4d55d47ae5250cd88ae15",
        "is_verified": false,
        "line_number": 180
      }
    ],
    ".github/workflows/credential-gatekeeper.yml": [
      {
        "type": "Secret Keyword",
        "filename": ".github/workflows/credential-gatekeeper.yml",
        "hashed_secret": "96133e4265d7a277409c8094e5eff6a41934cf07",
        "is_verified": false,
        "line_number": 53
      }
    ],
    "coldtrace/.env.example": [
      {
        "type": "Basic Auth Credentials",
        "filename": "coldtrace/.env.example",
        "hashed_secret": "8fb5189d502f997c24db876487cb67db1b89d969",
        "is_verified": false,
        "line_number": 21
      }
    ],
    "coldtrace/backend/config.py": [
      {
        "type": "Basic Auth Credentials",
        "filename": "coldtrace/backend/config.py",
        "hashed_secret": "8fb5189d502f997c24db876487cb67db1b89d969",
        "is_verified": false,
        "line_number": 19
      }
    ],
    "coldtrace/docker-compose.yml": [
      {
        "type": "Secret Keyword",
        "filename": "coldtrace/docker-compose.yml",
        "hashed_secret": "8fb5189d502f997c24db876487cb67db1b89d969",
        "is_verified": false,
        "line_number": 9
      }
    ],
    "docs/Master_Inventory/GITHUB_APP_INTEGRATION_STANDARD.md": [
      {
        "type": "Secret Keyword",
        "filename": "docs/Master_Inventory/GITHUB_APP_INTEGRATION_STANDARD.md",
        "hashed_secret": "85deee33850497eb37934227ebc70c3dbbc63df7",
        "is_verified": false,
        "line_number": 89
      },
      {
        "type": "Private Key",
        "filename": "docs/Master_Inventory/GITHUB_APP_INTEGRATION_STANDARD.md",
        "hashed_secret": "be4fc4886bd949b369d5e092eb87494f12e57e5b",
        "is_verified": false,
        "line_number": 274
      }
    ],
    "docs/Master_Inventory/MCP_STANDARD.md": [
      {
        "type": "Secret Keyword",
        "filename": "docs/Master_Inventory/MCP_STANDARD.md",
        "hashed_secret": "5baa61e4c9b93f3f0682250b6cf8331b7ee68fd8",
        "is_verified": false,
        "line_number": 969
      }
    ],
    "docs/Master_Inventory/SECRET_MANAGEMENT_STANDARD.md": [
      {
        "type": "Secret Keyword",
        "filename": "docs/Master_Inventory/SECRET_MANAGEMENT_STANDARD.md",
        "hashed_secret": "ec3810e10fb78db55ce38b9c18d1c3eb1db739e0",
        "is_verified": false,
        "line_number": 90
      }
    ],
    "docs/Master_Inventory/SECURITY_STANDARD.md": [
      {
        "type": "Basic Auth Credentials",
        "filename": "docs/Master_Inventory/SECURITY_STANDARD.md",
        "hashed_secret": "5baa61e4c9b93f3f0682250b6cf8331b7ee68fd8",
        "is_verified": false,
        "line_number": 36
      },
      {
        "type": "Secret Keyword",
        "filename": "docs/Master_Inventory/SECURITY_STANDARD.md",
        "hashed_secret": "4084cee9e75572b8e2e055e114ea7458e3978b5b",
        "is_verified": false,
        "line_number": 58
      }
    ],
    "docs/Master_Inventory/VAULT_AGENT_STANDARD.md": [
      {
        "type": "Basic Auth Credentials",
        "filename": "docs/Master_Inventory/VAULT_AGENT_STANDARD.md",
        "hashed_secret": "9d4e1e23bd5b727046a9e3b4b7db57bd8d6ee684",
        "is_verified": false,
        "line_number": 162
      }
    ],
    "docs/OPENROUTER_ASSIGNEE_PROCESS.md": [
      {
        "type": "Secret Keyword",
        "filename": "docs/OPENROUTER_ASSIGNEE_PROCESS.md",
        "hashed_secret": "96133e4265d7a277409c8094e5eff6a41934cf07",
        "is_verified": false,
        "line_number": 37
      }
    ],
    "docs/PROOF_OF_LIFE_PROCESS.md": [
      {
        "type": "Secret Keyword",
        "filename": "docs/PROOF_OF_LIFE_PROCESS.md",
        "hashed_secret": "96133e4265d7a277409c8094e5eff6a41934cf07",
        "is_verified": false,
        "line_number": 47
      }
    ],
    "docs/Soul2Bowl/ENV_EXAMPLE.md": [
      {
        "type": "Basic Auth Credentials",
        "filename": "docs/Soul2Bowl/ENV_EXAMPLE.md",
        "hashed_secret": "5baa61e4c9b93f3f0682250b6cf8331b7ee68fd8",
        "is_verified": false,
        "line_number": 30
      }
    ],
    "docs/Walter-Evans-GitHub-Repo-Inventory.md": [
      {
        "type": "Base64 High Entropy String",
        "filename": "docs/Walter-Evans-GitHub-Repo-Inventory.md",
        "hashed_secret": "6b46b2085804f2a86c62025936d2d8def9fcd151",
        "is_verified": false,
        "line_number": 617
      },
      {
        "type": "Base64 High Entropy String",
        "filename": "docs/Walter-Evans-GitHub-Repo-Inventory.md",
        "hashed_secret": "d989266a337cba85dacdb335268cd3db1d5f7343",
        "is_verified": false,
        "line_number": 623
      }
    ],
    "docs/mindmappr-persona-spec.md": [
      {
        "type": "Secret Keyword",
        "filename": "docs/mindmappr-persona-spec.md",
        "hashed_secret": "48647474b89fa8f56ed6bda0f8148a17b51b97bd",
        "is_verified": false,
        "line_number": 178
      }
    ],
    "growlingeyes/doppemcp/tests/test_server.py": [
      {
        "type": "Secret Keyword",
        "filename": "growlingeyes/doppemcp/tests/test_server.py",
        "hashed_secret": "159500287c06851df741128ec4b073ea394414b6",
        "is_verified": false,
        "line_number": 67
      },
      {
        "type": "Secret Keyword",
        "filename": "growlingeyes/doppemcp/tests/test_server.py",
        "hashed_secret": "c9918a58c3e6c356c135bfc5c0bfa13b944f628e",
        "is_verified": false,
        "line_number": 77
      },
      {
        "type": "Secret Keyword",
        "filename": "growlingeyes/doppemcp/tests/test_server.py",
        "hashed_secret": "e7c44d013a77b6d10fa5684e194e6fc23d62fa44",
        "is_verified": false,
        "line_number": 87
      }
    ],
    "mcp-servers/doppler-mcp/tests/test_server.py": [
      {
        "type": "Secret Keyword",
        "filename": "mcp-servers/doppler-mcp/tests/test_server.py",
        "hashed_secret": "159500287c06851df741128ec4b073ea394414b6",
        "is_verified": false,
        "line_number": 67
      },
      {
        "type": "Secret Keyword",
        "filename": "mcp-servers/doppler-mcp/tests/test_server.py",
        "hashed_secret": "c9918a58c3e6c356c135bfc5c0bfa13b944f628e",
        "is_verified": false,
        "line_number": 77
      },
      {
        "type": "Secret Keyword",
        "filename": "mcp-servers/doppler-mcp/tests/test_server.py",
        "hashed_secret": "e7c44d013a77b6d10fa5684e194e6fc23d62fa44",
        "is_verified": false,
        "line_number": 87
      }
    ],
    "scripts/bootstrap-repo.sh": [
      {
        "type": "Basic Auth Credentials",
        "filename": "scripts/bootstrap-repo.sh",
        "hashed_secret": "5baa61e4c9b93f3f0682250b6cf8331b7ee68fd8",
        "is_verified": false,
        "line_number": 253
      }
    ],
    "scripts/init-project.sh": [
      {
        "type": "Basic Auth Credentials",
        "filename": "scripts/init-project.sh",
        "hashed_secret": "9d4e1e23bd5b727046a9e3b4b7db57bd8d6ee684",
        "is_verified": false,
        "line_number": 142
      }
    ],
    "scripts/pr-review-scan.js": [
      {
        "type": "Secret Keyword",
        "filename": "scripts/pr-review-scan.js",
        "hashed_secret": "ef6866ce0a7d40aa9a2c8ad0c3ee75d3b586ab68",
        "is_verified": false,
        "line_number": 51
      }
    ],
    "scripts/provision-repo-secrets.sh": [
      {
        "type": "Secret Keyword",
        "filename": "scripts/provision-repo-secrets.sh",
        "hashed_secret": "96133e4265d7a277409c8094e5eff6a41934cf07",
        "is_verified": false,
        "line_number": 28
      }
    ],
    "skills/truthslayer-audit/SKILL.md": [
      {
        "type": "Secret Keyword",
        "filename": "skills/truthslayer-audit/SKILL.md",
        "hashed_secret": "8a57c4142a6ea500ef46c1ee7b7bc0808f238448",
        "is_verified": false,
        "line_number": 96
      }
    ],
    "standards/DOCKER.md": [
      {
        "type": "Basic Auth Credentials",
        "filename": "standards/DOCKER.md",
        "hashed_secret": "afc848c316af1a89d49826c5ae9d00ed769415f3",
        "is_verified": false,
        "line_number": 68
      }
    ],
    "standards/DROPLET_SSH_ACCESS.md": [
      {
        "type": "Secret Keyword",
        "filename": "standards/DROPLET_SSH_ACCESS.md",
        "hashed_secret": "967f86c446af8d1345fcaf5d0742d74161b968b9",
        "is_verified": false,
        "line_number": 31
      }
    ],
    "standards/SECURITY.md": [
      {
        "type": "Secret Keyword",
        "filename": "standards/SECURITY.md",
        "hashed_secret": "33f220dd67f717cc949db63e21c90e130a6137da",
        "is_verified": false,
        "line_number": 109
      }
    ],
    "templates/agent-handoff/GROWLINGEYES_BUILD_SPEC.md": [
      {
        "type": "Secret Keyword",
        "filename": "templates/agent-handoff/GROWLINGEYES_BUILD_SPEC.md",
        "hashed_secret": "6d9c68c603e465077bdd49c62347fe54717f83a3",
        "is_verified": false,
        "line_number": 413
      }
    ],
    "templates/cicd/circleci-openrouter.yml": [
      {
        "type": "Secret Keyword",
        "filename": "templates/cicd/circleci-openrouter.yml",
        "hashed_secret": "248a3d2f04326fd36fdf74e6940d104b9aa88c27",
        "is_verified": false,
        "line_number": 49
      }
    ],
    "templates/cicd/vault-provisioning.yml": [
      {
        "type": "Secret Keyword",
        "filename": "templates/cicd/vault-provisioning.yml",
        "hashed_secret": "e1d0c6c1c29e6ad5164072a5b21340dca7fcb052",
        "is_verified": false,
        "line_number": 60
      }
    ],
    "templates/mcp/.env.mcp.example": [
      {
        "type": "Basic Auth Credentials",
        "filename": "templates/mcp/.env.mcp.example",
        "hashed_secret": "5baa61e4c9b93f3f0682250b6cf8331b7ee68fd8",
        "is_verified": false,
        "line_number": 11
      }
    ],
    "templates/mobile/CORDOVA_STANDARD.md": [
      {
        "type": "Secret Keyword",
        "filename": "templates/mobile/CORDOVA_STANDARD.md",
        "hashed_secret": "24b5d80086664b6cdb504d92ae006690a7707d04",
        "is_verified": false,
        "line_number": 344
      },
      {
        "type": "Secret Keyword",
        "filename": "templates/mobile/CORDOVA_STANDARD.md",
        "hashed_secret": "e0a00792188801699f1ed6df69145690e588620b",
        "is_verified": false,
        "line_number": 346
      }
    ],
    "templates/mobile/fastlane/Fastfile": [
      {
        "type": "Secret Keyword",
        "filename": "templates/mobile/fastlane/Fastfile",
        "hashed_secret": "a02e29ec6976651d656f10add0bc810562c38316",
        "is_verified": false,
        "line_number": 79
      }
    ],
    "tests/pr-review-scan.test.js": [
      {
        "type": "AWS Access Key",
        "filename": "tests/pr-review-scan.test.js",
        "hashed_secret": "25910f981e85ca04baf359199dd0bd4a3ae738b6",
        "is_verified": false,
        "line_number": 61
      },
      {
        "type": "Base64 High Entropy String",
        "filename": "tests/pr-review-scan.test.js",
        "hashed_secret": "6f766cf2b3e9c89c8c0168c7cbd66a3db23deb80",
        "is_verified": false,
        "line_number": 71
      },
      {
        "type": "GitHub Token",
        "filename": "tests/pr-review-scan.test.js",
        "hashed_secret": "e175c6f5f2a92e8623bd9a4820edb4e8c1b0fd10",
        "is_verified": false,
        "line_number": 71
      }
    ],
    "tests/scripts/pr-review-scan.test.js": [
      {
        "type": "AWS Access Key",
        "filename": "tests/scripts/pr-review-scan.test.js",
        "hashed_secret": "25910f981e85ca04baf359199dd0bd4a3ae738b6",
        "is_verified": false,
        "line_number": 65
      },
      {
        "type": "Secret Keyword",
        "filename": "tests/scripts/pr-review-scan.test.js",
        "hashed_secret": "fc8c5eb194806e31a213f073131e73b0012a0fb5",
        "is_verified": false,
        "line_number": 75
      }
    ],
    "tests/scripts/research-module.test.js": [
      {
        "type": "Secret Keyword",
        "filename": "tests/scripts/research-module.test.js",
        "hashed_secret": "3acfb2c2b433c0ea7ff107e33df91b18e52f960f",
        "is_verified": false,
        "line_number": 7
      }
    ],
    "tests/scripts/run-human-testing-api.test.js": [
      {
        "type": "Secret Keyword",
        "filename": "tests/scripts/run-human-testing-api.test.js",
        "hashed_secret": "3acfb2c2b433c0ea7ff107e33df91b18e52f960f",
        "is_verified": false,
        "line_number": 7
      }
    ],
    "tests/sync-dns-records.test.js": [
      {
        "type": "Secret Keyword",
        "filename": "tests/sync-dns-records.test.js",
        "hashed_secret": "ba37c16abec78d1777bf10ab40c022ec364e7f8b",
        "is_verified": false,
        "line_number": 135
      },
      {
        "type": "Secret Keyword",
        "filename": "tests/sync-dns-records.test.js",
        "hashed_secret": "650caed8cd9509bf714ea6aee66933e793e8df81",
        "is_verified": false,
        "line_number": 181
      },
      {
        "type": "Secret Keyword",
        "filename": "tests/sync-dns-records.test.js",
        "hashed_secret": "e14e7438ed45ff5dc2ea8f847854b2fdc2afe1cf",
        "is_verified": false,
        "line_number": 227
      }
    ],
    "workflows/README.md": [
      {
        "type": "Secret Keyword",
        "filename": "workflows/README.md",
        "hashed_secret": "564e340cd48437d2dfe876ee154cc99dc4d0d137",
        "is_verified": false,
        "line_number": 94
      }
    ]
  },
  "generated_at": "2026-04-30T16:26:55Z"
}
