
> revvel-standards@2.0.0 test
> node --test 'tests/**/*.test.js' && bash tests/social_post_formatter.test.sh

TAP version 13
# Subtest: peter-evans/create-pull-request is SHA-pinned in every workflow
ok 1 - peter-evans/create-pull-request is SHA-pinned in every workflow
  ---
  duration_ms: 55.239609
  type: 'test'
  ...
# Subtest: actions-lint workflow parses with name + on triggers
ok 2 - actions-lint workflow parses with name + on triggers
  ---
  duration_ms: 19.645459
  type: 'test'
  ...
# Subtest: actions-lint workflow declares contents: read and job timeouts
ok 3 - actions-lint workflow declares contents: read and job timeouts
  ---
  duration_ms: 5.976771
  type: 'test'
  ...
# Subtest: linter is pinned to an explicit actionlint version
ok 4 - linter is pinned to an explicit actionlint version
  ---
  duration_ms: 3.198256
  type: 'test'
  ...
# Subtest: actionlint download is checksum-verified before it is executed
ok 5 - actionlint download is checksum-verified before it is executed
  ---
  duration_ms: 3.64746
  type: 'test'
  ...
# Subtest: actions-lint has a stable gate job name for branch protection
ok 6 - actions-lint has a stable gate job name for branch protection
  ---
  duration_ms: 4.459842
  type: 'test'
  ...
# Subtest: gate fails loudly rather than passing on an empty lint set
ok 7 - gate fails loudly rather than passing on an empty lint set
  ---
  duration_ms: 2.828234
  type: 'test'
  ...
# Subtest: array expansion is quoted (CLAUDE.md gotcha \#5 / SC2128)
ok 8 - array expansion is quoted (CLAUDE.md gotcha \#5 / SC2128)
  ---
  duration_ms: 3.283154
  type: 'test'
  ...
# Subtest: exclude list only names existing workflow basenames and skips self
ok 9 - exclude list only names existing workflow basenames and skips self
  ---
  duration_ms: 1.845798
  type: 'test'
  ...
# Subtest: the exclude list is a ratchet — it may only shrink
ok 10 - the exclude list is a ratchet — it may only shrink
  ---
  duration_ms: 0.625255
  type: 'test'
  ...
# Subtest: the vast majority of workflows are actually linted
ok 11 - the vast majority of workflows are actually linted
  ---
  duration_ms: 1.004404
  type: 'test'
  ...
# Subtest: pull_request trigger has no paths filter (required-check deadlock)
ok 12 - pull_request trigger has no paths filter (required-check deadlock)
  ---
  duration_ms: 2.641624
  type: 'test'
  ...
# Subtest: push trigger path filter covers workflow changes on main
ok 13 - push trigger path filter covers workflow changes on main
  ---
  duration_ms: 3.126256
  type: 'test'
  ...
# Subtest: the step condition requires an agent, not merely a non-matching one
ok 14 - the step condition requires an agent, not merely a non-matching one
  ---
  duration_ms: 16.057972
  type: 'test'
  ...
# Subtest: an empty agent files nothing and says so
ok 15 - an empty agent files nothing and says so
  ---
  duration_ms: 6.979802
  type: 'test'
  ...
# Subtest: whitespace-only metadata counts as empty
ok 16 - whitespace-only metadata counts as empty
  ---
  duration_ms: 3.280789
  type: 'test'
  ...
# Subtest: a missing issue number alone is enough to refuse
ok 17 - a missing issue number alone is enough to refuse
  ---
  duration_ms: 3.554068
  type: 'test'
  ...
# Subtest: a real fallback event still files a populated issue
ok 18 - a real fallback event still files a populated issue
  ---
  duration_ms: 3.344329
  type: 'test'
  ...
# Subtest: BANNED is a non-empty array with required fields
ok 19 - BANNED is a non-empty array with required fields
  ---
  duration_ms: 3.16117
  type: 'test'
  ...
# Subtest: skipPath returns true for node_modules paths
ok 20 - skipPath returns true for node_modules paths
  ---
  duration_ms: 0.292843
  type: 'test'
  ...
# Subtest: skipPath returns true for dist/ and build/ paths
ok 21 - skipPath returns true for dist/ and build/ paths
  ---
  duration_ms: 0.278794
  type: 'test'
  ...
# Subtest: skipPath returns true for .next/ paths
ok 22 - skipPath returns true for .next/ paths
  ---
  duration_ms: 0.223502
  type: 'test'
  ...
# Subtest: skipPath returns true for the scan script itself
ok 23 - skipPath returns true for the scan script itself
  ---
  duration_ms: 0.366913
  type: 'test'
  ...
# Subtest: skipPath returns true for the agent-fingerprint-gate workflow
ok 24 - skipPath returns true for the agent-fingerprint-gate workflow
  ---
  duration_ms: 0.455655
  type: 'test'
  ...
# Subtest: skipPath returns false for a normal source file
ok 25 - skipPath returns false for a normal source file
  ---
  duration_ms: 0.303743
  type: 'test'
  ...
# Subtest: skipPath returns false for a product markdown file
ok 26 - skipPath returns false for a product markdown file
  ---
  duration_ms: 0.156293
  type: 'test'
  ...
# Subtest: shouldScan returns false for node_modules paths
ok 27 - shouldScan returns false for node_modules paths
  ---
  duration_ms: 0.466487
  type: 'test'
  ...
# Subtest: shouldScan returns false for skip-listed extensions
ok 28 - shouldScan returns false for skip-listed extensions
  ---
  duration_ms: 0.575036
  type: 'test'
  ...
# Subtest: shouldScan returns true for .js files outside skipped dirs
ok 29 - shouldScan returns true for .js files outside skipped dirs
  ---
  duration_ms: 0.283422
  type: 'test'
  ...
# Subtest: shouldScan returns true for .ts and .tsx files
ok 30 - shouldScan returns true for .ts and .tsx files
  ---
  duration_ms: 0.146028
  type: 'test'
  ...
# Subtest: shouldScan returns true for .md files outside skipped dirs
ok 31 - shouldScan returns true for .md files outside skipped dirs
  ---
  duration_ms: 0.118497
  type: 'test'
  ...
# Subtest: shouldScan returns false for the scan script itself
ok 32 - shouldScan returns false for the scan script itself
  ---
  duration_ms: 0.123417
  type: 'test'
  ...
# Subtest: shouldScan returns false for .yml inside dist/
ok 33 - shouldScan returns false for .yml inside dist/
  ---
  duration_ms: 0.101731
  type: 'test'
  ...
# Subtest: scan returns empty array for a clean .md file
ok 34 - scan returns empty array for a clean .md file
  ---
  duration_ms: 4.005901
  type: 'test'
  ...
# Subtest: scan returns empty array for a clean .js file
ok 35 - scan returns empty array for a clean .js file
  ---
  duration_ms: 1.310022
  type: 'test'
  ...
# Subtest: scan detects Lovable attribution string
ok 36 - scan detects Lovable attribution string
  ---
  duration_ms: 1.410867
  type: 'test'
  ...
# Subtest: scan detects Replit attribution string
ok 37 - scan detects Replit attribution string
  ---
  duration_ms: 0.436742
  type: 'test'
  ...
# Subtest: scan detects Manus attribution string
ok 38 - scan detects Manus attribution string
  ---
  duration_ms: 0.754478
  type: 'test'
  ...
# Subtest: scan detects Bolt attribution string
ok 39 - scan detects Bolt attribution string
  ---
  duration_ms: 0.42365
  type: 'test'
  ...
# Subtest: scan detects Generated by Cursor attribution
ok 40 - scan detects Generated by Cursor attribution
  ---
  duration_ms: 0.442835
  type: 'test'
  ...
# Subtest: scan detects Vite default welcome text
ok 41 - scan detects Vite default welcome text
  ---
  duration_ms: 0.486422
  type: 'test'
  ...
# Subtest: scan detects CRA boilerplate README text
ok 42 - scan detects CRA boilerplate README text
  ---
  duration_ms: 0.572387
  type: 'test'
  ...
# Subtest: scan detects Next.js default starter page text
ok 43 - scan detects Next.js default starter page text
  ---
  duration_ms: 0.396887
  type: 'test'
  ...
# Subtest: scan reports the correct line number for the hit
ok 44 - scan reports the correct line number for the hit
  ---
  duration_ms: 0.491332
  type: 'test'
  ...
# Subtest: scan returns an unreadable hit for a non-existent file
ok 45 - scan returns an unreadable hit for a non-existent file
  ---
  duration_ms: 0.25855
  type: 'test'
  ...
# Subtest: scan does not flag Co-Authored-By: Claude in docs/ files
ok 46 - scan does not flag Co-Authored-By: Claude in docs/ files
  ---
  duration_ms: 0.68276
  type: 'test'
  ...
# Subtest: scan snippet is truncated to 80 chars
ok 47 - scan snippet is truncated to 80 chars
  ---
  duration_ms: 0.4108
  type: 'test'
  ...
# Subtest: agent-monitor create-failure-wr uses labels that exist in labels.yml
ok 48 - agent-monitor create-failure-wr uses labels that exist in labels.yml
  ---
  duration_ms: 34.475956
  type: 'test'
  ...
# Subtest: clean PR scores high
ok 49 - clean PR scores high
  ---
  duration_ms: 1.895655
  type: 'test'
  ...
# Subtest: hallucination is weighted hardest
ok 50 - hallucination is weighted hardest
  ---
  duration_ms: 0.427119
  type: 'test'
  ...
# Subtest: reverted-after-merge tanks the rash dimension
ok 51 - reverted-after-merge tanks the rash dimension
  ---
  duration_ms: 0.243188
  type: 'test'
  ...
# Subtest: updateTrust is an EWMA that moves toward the new score
ok 52 - updateTrust is an EWMA that moves toward the new score
  ---
  duration_ms: 0.266395
  type: 'test'
  ...
# Subtest: grade thresholds
ok 53 - grade thresholds
  ---
  duration_ms: 0.219794
  type: 'test'
  ...
# Subtest: addedLinesByFile only returns added lines with their file
ok 54 - addedLinesByFile only returns added lines with their file
  ---
  duration_ms: 0.464607
  type: 'test'
  ...
# Subtest: reference resolver flags a missing import but not a real one
ok 55 - reference resolver flags a missing import but not a real one
  ---
  duration_ms: 0.923802
  type: 'test'
  ...
# Subtest: reference resolver flags undeclared env vars
ok 56 - reference resolver flags undeclared env vars
  ---
  duration_ms: 0.288867
  type: 'test'
  ...
# Subtest: claim checker catches an unbacked "added tests" claim
ok 57 - claim checker catches an unbacked "added tests" claim
  ---
  duration_ms: 1.828223
  type: 'test'
  ...
# Subtest: claim checker passes when the claim is backed
ok 58 - claim checker passes when the claim is backed
  ---
  duration_ms: 1.037087
  type: 'test'
  ...
# Subtest: ledger aggregation computes trust, hallucination and recovery rates
ok 59 - ledger aggregation computes trust, hallucination and recovery rates
  ---
  duration_ms: 1.555842
  type: 'test'
  ...
# Subtest: cross-model verdict parser tolerates code fences and prose
ok 60 - cross-model verdict parser tolerates code fences and prose
  ---
  duration_ms: 0.289665
  type: 'test'
  ...
# Subtest: cross-model review degrades to a no-op when the model lane fails
ok 61 - cross-model review degrades to a no-op when the model lane fails
  ---
  duration_ms: 0.455153
  type: 'test'
  ...
# Subtest: cross-model review counts flags from the model
ok 62 - cross-model review counts flags from the model
  ---
  duration_ms: 0.257376
  type: 'test'
  ...
# Subtest: remediation escalates tier with each attempt
ok 63 - remediation escalates tier with each attempt
  ---
  duration_ms: 1.943874
  type: 'test'
  ...
# Subtest: remediation plan names the problems in the corrective prompt
ok 64 - remediation plan names the problems in the corrective prompt
  ---
  duration_ms: 0.513336
  type: 'test'
  ...
# Subtest: handoff tier picks the next agent in the chain
ok 65 - handoff tier picks the next agent in the chain
  ---
  duration_ms: 0.197035
  type: 'test'
  ...
# Subtest: recordOutcome attributes the weak link correctly
ok 66 - recordOutcome attributes the weak link correctly
  ---
  duration_ms: 0.685413
  type: 'test'
  ...
# Subtest: windowedTrend needs enough points and detects direction
ok 67 - windowedTrend needs enough points and detects direction
  ---
  duration_ms: 0.207266
  type: 'test'
  ...
# Subtest: agentTrends counts builds and net-new capabilities
ok 68 - agentTrends counts builds and net-new capabilities
  ---
  duration_ms: 0.293749
  type: 'test'
  ...
# Subtest: agentTrends flags improving vs regressing dimensions
ok 69 - agentTrends flags improving vs regressing dimensions
  ---
  duration_ms: 0.351395
  type: 'test'
  ...
# ok openrouter fallback
# ok default agent
# ok no context
# ok agent-factory context
# agent-self-heal: all tests passed
# Subtest: tests/agent-self-heal.test.js
ok 7 - tests/agent-self-heal.test.js
  ---
  duration_ms: 47.371782
  type: 'test'
  ...
# Subtest: buildData assembles the agent-creator catalog from the registries
ok 71 - buildData assembles the agent-creator catalog from the registries
  ---
  duration_ms: 125.03355
  type: 'test'
  ...
# Subtest: buildData includes the nine-pattern agentic workflow fleet
ok 72 - buildData includes the nine-pattern agentic workflow fleet
  ---
  duration_ms: 97.702046
  type: 'test'
  ...
# Subtest: CLI writes both JSON and window-global artifacts
ok 73 - CLI writes both JSON and window-global artifacts
  ---
  duration_ms: 228.568322
  type: 'test'
  ...
# Subtest: committed agent-creator-data.json is valid and well-formed
ok 74 - committed agent-creator-data.json is valid and well-formed
  ---
  duration_ms: 1.150493
  type: 'test'
  ...
# ✅ PASS: parseInventory parses service tables from real inventory format
# ✅ PASS: parseInventory handles empty content
# ✅ PASS: parseBOM parses BOM items
# ✅ PASS: parseProjectsToShip parses project tables
# ✅ PASS: parseProjectCatalog parses project catalog
# ✅ PASS: parseProjectCatalog handles rows without markdown links
# ✅ PASS: Dashboard generation runs without errors
# 7 passed, 0 failed
# Subtest: tests/aggregate-project-dashboard.test.js
ok 9 - tests/aggregate-project-dashboard.test.js
  ---
  duration_ms: 362.92644
  type: 'test'
  ...
# ✅ PASS: readConfig defaults are safe when env is empty
# ✅ PASS: readConfig honors DRY_RUN truthy variants
# ✅ PASS: validateConfig reports every missing required key
# ✅ PASS: validateConfig returns empty when all required keys present
# ✅ PASS: amplitudeHost selects us by default and eu when asked
# ✅ PASS: amplitudeAuthHeader returns Basic <base64(api:secret)>
# ✅ PASS: amplitudeAuthHeader rejects empty inputs
# ✅ PASS: summarizeChart sums numeric values across all series
# ✅ PASS: summarizeChart joins compound series labels with " / "
# ✅ PASS: summarizeChart never throws on garbage input
# ✅ PASS: summarizeChart ignores non-numeric values without crashing
# ✅ PASS: buildNotionPagePayload emits required Notion property shape
# ✅ PASS: buildNotionPagePayload truncates Series Labels under Notion 2000-char limit
# ✅ PASS: buildNotionPagePayload coerces non-numeric counts to 0
# ✅ PASS: buildNotionPagePayload requires databaseId
# 15 passed, 0 failed
# Subtest: tests/amplitude-to-notion.test.js
ok 10 - tests/amplitude-to-notion.test.js
  ---
  duration_ms: 60.301137
  type: 'test'
  ...
# Subtest: apisec-scan.yml parses with unique keys
ok 77 - apisec-scan.yml parses with unique keys
  ---
  duration_ms: 15.143403
  type: 'test'
  ...
# Subtest: apisec-scan.yml is an inert REVVEL-DISABLED archive stub
ok 78 - apisec-scan.yml is an inert REVVEL-DISABLED archive stub
  ---
  duration_ms: 3.991184
  type: 'test'
  ...
# Subtest: live APIsec steps remain only in the commented REVVEL-DISABLED-BODY
ok 79 - live APIsec steps remain only in the commented REVVEL-DISABLED-BODY
  ---
  duration_ms: 3.728216
  type: 'test'
  ...
# Subtest: concurrency group is static so overlapping runs serialise
ok 80 - concurrency group is static so overlapping runs serialise
  ---
  duration_ms: 1.766938
  type: 'test'
  ...
# Subtest: the collect step is the only place targets are chosen
ok 81 - the collect step is the only place targets are chosen
  ---
  duration_ms: 0.229583
  type: 'test'
  ...
# Subtest: stack parents and stacked children are excluded from merging
ok 82 - stack parents and stacked children are excluded from merging
  ---
  duration_ms: 0.400796
  type: 'test'
  ...
# Subtest: drafts are still skipped
ok 83 - drafts are still skipped
  ---
  duration_ms: 0.374911
  type: 'test'
  ...
# Subtest: token selection keeps the AGENT_PR_TOKEN fallback and stays parseable
ok 84 - token selection keeps the AGENT_PR_TOKEN fallback and stays parseable
  ---
  duration_ms: 0.403515
  type: 'test'
  ...
# Subtest: no template expansion inside the github-script body
ok 85 - no template expansion inside the github-script body
  ---
  duration_ms: 0.203032
  type: 'test'
  ...
# Subtest: the dispatch input is read off the event payload, not a template
ok 86 - the dispatch input is read off the event payload, not a template
  ---
  duration_ms: 0.302903
  type: 'test'
  ...
# Subtest: conflicting merges abort instead of pushing
ok 87 - conflicting merges abort instead of pushing
  ---
  duration_ms: 0.321486
  type: 'test'
  ...
# === auto-error-handler.yml Unit Tests ===
# PASS: detectErrorCategory identifies infrastructure errors
# PASS: detectErrorCategory identifies data loss errors
# PASS: detectErrorCategory identifies security errors
# PASS: detectErrorCategory identifies rate limit errors
# PASS: detectErrorCategory defaults to generic
# PASS: detectErrorCategory handles null/undefined
# PASS: shouldEscalate triggers immediately for infrastructure
# PASS: shouldEscalate triggers immediately for data_loss
# PASS: shouldEscalate triggers immediately for security
# PASS: shouldEscalate requires 5 attempts for rate_limit
# PASS: shouldEscalate requires 3 attempts for generic
# PASS: getEscalationLabel returns infrastructure labels
# PASS: getEscalationLabel returns data_loss labels
# PASS: getEscalationLabel returns security labels
# PASS: getEscalationLabel returns rate_limit labels
# PASS: getEscalationLabel returns generic labels
# PASS: shouldCreateIssue returns false if issue exists
# PASS: shouldCreateIssue returns true when threshold met and no existing issue
# PASS: shouldCreateIssue returns false when below threshold
# PASS: formatErrorTitle adds correct prefix for each category
# PASS: formatErrorBody includes required fields
# === Results: 21 passed, 0 failed ===
# ✅ All tests passed
# Subtest: tests/auto-error-handler.test.js
ok 13 - tests/auto-error-handler.test.js
  ---
  duration_ms: 50.330735
  type: 'test'
  ...
# Running auto-resolve-mechanical-conflicts.js tests...
# Test Group: pickNewerRef (version comparison)
# PASS: pickNewerRef returns a when equal
# PASS: pickNewerRef picks higher major version
# PASS: pickNewerRef picks higher minor version
# PASS: pickNewerRef picks higher patch version
# PASS: pickNewerRef handles missing v prefix
# PASS: pickNewerRef handles partial semver (no patch)
# PASS: pickNewerRef handles 40-char SHA as newest
# PASS: pickNewerRef returns null for non-comparable strings
# PASS: pickNewerRef handles longer SHA prefix
# Test Group: tryVersionBump (GitHub Actions version bump)
# PASS: tryVersionBump resolves single-line version bump
# PASS: tryVersionBump returns null for multi-line blocks
# PASS: tryVersionBump returns null for different actions
# PASS: tryVersionBump returns null for non-uses lines
# PASS: tryVersionBump keeps newer SHA when both are SHAs (returns null)
# PASS: tryVersionBump handles whitespace variations
# PASS: tryVersionBump picks higher semver
# PASS: tryVersionBump handles refs without v prefix
# Test Group: tryAdditive (additive line resolution)
# PASS: tryAdditive resolves markdown table rows (data only)
# PASS: tryAdditive resolves markdown list items
# PASS: tryAdditive returns null when blocks are empty
# PASS: tryAdditive returns null for non-additive content
# PASS: tryAdditive returns null when lines overlap
# PASS: tryAdditive handles numbered lists
# PASS: tryAdditive returns null when table headers/separators overlap
# PASS: tryAdditive resolves pure data rows without headers
# PASS: tryAdditive returns null when only one side is additive
# PASS: tryAdditive preserves order (current first, incoming after)
# Test Group: iterHunks (conflict styles)
# PASS: iterHunks parses default merge-style markers
# PASS: iterHunks drops the merge-base block in diff3 style
# PASS: iterHunks resolves a diff3 hunk as a version bump
# Test Group: main() exit code (false-success regression)
# PASS: main() exits non-zero for a binary conflict with zero marker hunks
# PASS: main() exits 0 when every hunk is cleanly auto-resolved
# ============================================================
# Test Summary: 32 passed, 0 failed
# ============================================================
# Subtest: tests/auto-resolve-mechanical-conflicts.test.js
ok 14 - tests/auto-resolve-mechanical-conflicts.test.js
  ---
  duration_ms: 482.04036
  type: 'test'
  ...
# Running tests...
# 🔍 Running Automation Doctor...
# 📋 Validating workflows...
#   ✓ Valid: 227, Invalid: 0, Missing timeout: 0
# 🏷️ Checking required labels...
#   Present: 2, Missing: 10
# 📊 Generating report...
# \# Automation Doctor Report
# Generated: 2026-08-20T02:02:20.901Z
# \#\# Workflow Validation
# - Valid workflows: 227
# - Invalid workflows: 0
# - Jobs missing timeout: 0
# \#\# Labels Check
# - Present: 2
# - Missing: 10
# \#\#\# Missing Labels
# - `wr:new`
# - `wr:research`
# - `wr:research-complete`
# - `wr:code`
# - `wr:pr-open`
# - `wr:checking`
# - `wr:check-failed`
# - `wr:review`
# - `wr:merge-ready`
# - `wr:done`
# 📄 Report written to: /tmp/doctor-test-1DGo3S/AUTOMATION-DOCTOR-REPORT.md
# ✅ Tests complete
# 📋 Validating workflows...
#   ✓ Valid: 227, Invalid: 0, Missing timeout: 0
# 🏷️ Checking required labels...
#   Present: 2, Missing: 10
# Subtest: AutomationDoctor
    # Subtest: constructor
        # Subtest: should create with default options
        ok 1 - should create with default options
          ---
          duration_ms: 1.193405
          type: 'test'
          ...
        # Subtest: should accept custom options
        ok 2 - should accept custom options
          ---
          duration_ms: 0.268869
          type: 'test'
          ...
        1..2
    ok 1 - constructor
      ---
      duration_ms: 2.387624
      type: 'suite'
      ...
    # Subtest: CONFIG
        # Subtest: should have required labels defined
        ok 1 - should have required labels defined
          ---
          duration_ms: 0.29447
          type: 'test'
          ...
        # Subtest: should have job timeout defaults
        ok 2 - should have job timeout defaults
          ---
          duration_ms: 0.138052
          type: 'test'
          ...
        1..2
    ok 2 - CONFIG
      ---
      duration_ms: 0.670435
      type: 'suite'
      ...
    # Subtest: validateWorkflows
        # Subtest: should validate workflows in .github/workflows
        ok 1 - should validate workflows in .github/workflows
          ---
          duration_ms: 314.821305
          type: 'test'
          ...
        1..1
    ok 3 - validateWorkflows
      ---
      duration_ms: 315.088881
      type: 'suite'
      ...
    # Subtest: checkLabels
        # Subtest: should check labels exist
        ok 1 - should check labels exist
          ---
          duration_ms: 2.933438
          type: 'test'
          ...
        1..1
    ok 4 - checkLabels
      ---
      duration_ms: 3.226549
      type: 'suite'
      ...
    1..4
ok 90 - AutomationDoctor
  ---
  duration_ms: 322.568757
  type: 'suite'
  ...
# Subtest: Lifecycle Label Conflict Detection
    # Subtest: should detect conflicting labels in a group
    ok 1 - should detect conflicting labels in a group
      ---
      duration_ms: 0.375899
      type: 'test'
      ...
    # Subtest: should allow single label per group
    ok 2 - should allow single label per group
      ---
      duration_ms: 0.189261
      type: 'test'
      ...
    1..2
ok 91 - Lifecycle Label Conflict Detection
  ---
  duration_ms: 0.779917
  type: 'suite'
  ...
# Subtest: Stuck Issue Detection
    # Subtest: should identify issues stuck in checking too long
    ok 1 - should identify issues stuck in checking too long
      ---
      duration_ms: 0.354937
      type: 'test'
      ...
    # Subtest: should identify pending checks
    ok 2 - should identify pending checks
      ---
      duration_ms: 0.459383
      type: 'test'
      ...
    1..2
ok 92 - Stuck Issue Detection
  ---
  duration_ms: 0.940686
  type: 'suite'
  ...
# Subtest: Model Config Parsing
    # Subtest: should parse agent-models.yml
    ok 1 - should parse agent-models.yml
      ---
      duration_ms: 5.458575
      type: 'test'
      ...
    # Subtest: should have current model versions in profiles
    ok 2 - should have current model versions in profiles
      ---
      duration_ms: 5.436936
      type: 'test'
      ...
    1..2
ok 93 - Model Config Parsing
  ---
  duration_ms: 11.046255
  type: 'suite'
  ...
# Subtest: Workflow YAML Parsing
    # Subtest: should parse issue-state-machine.yml
    ok 1 - should parse issue-state-machine.yml
      ---
      duration_ms: 2.544023
      type: 'test'
      ...
    # Subtest: should parse stuck-check-watchdog.yml
    ok 2 - should parse stuck-check-watchdog.yml
      ---
      duration_ms: 1.552294
      type: 'test'
      ...
    1..2
ok 94 - Workflow YAML Parsing
  ---
  duration_ms: 4.237291
  type: 'suite'
  ...
# Subtest: 204 returns null
ok 95 - 204 returns null
  ---
  duration_ms: 2.018426
  type: 'test'
  ...
# Subtest: empty body returns null
ok 96 - empty body returns null
  ---
  duration_ms: 0.271771
  type: 'test'
  ...
# Subtest: ok + valid JSON parses
ok 97 - ok + valid JSON parses
  ---
  duration_ms: 1.072876
  type: 'test'
  ...
# Subtest: ok + non-JSON throws by default (surfaced, not silently masked as null)
ok 98 - ok + non-JSON throws by default (surfaced, not silently masked as null)
  ---
  duration_ms: 0.848235
  type: 'test'
  ...
# Subtest: ok + non-JSON + allowError returns null (caller opted into graceful degrade)
ok 99 - ok + non-JSON + allowError returns null (caller opted into graceful degrade)
  ---
  duration_ms: 0.257568
  type: 'test'
  ...
# Subtest: non-ok + allowError returns null (graceful degrade, no throw on error page)
ok 100 - non-ok + allowError returns null (graceful degrade, no throw on error page)
  ---
  duration_ms: 4.158002
  type: 'test'
  ...
# Subtest: non-ok without allowError throws
ok 101 - non-ok without allowError throws
  ---
  duration_ms: 0.465624
  type: 'test'
  ...
# Subtest: assessKeyHealth treats empty/whitespace/undefined as missing
ok 102 - assessKeyHealth treats empty/whitespace/undefined as missing
  ---
  duration_ms: 2.126324
  type: 'test'
  ...
# Subtest: assessKeyHealth all present -> lanes online
ok 103 - assessKeyHealth all present -> lanes online
  ---
  duration_ms: 0.234338
  type: 'test'
  ...
# Subtest: homeostat section stays healthy even when AI lanes are offline (credit-free by design)
ok 104 - homeostat section stays healthy even when AI lanes are offline (credit-free by design)
  ---
  duration_ms: 0.36309
  type: 'test'
  ...
# Subtest: status body carries dedupe marker and reassures (not an outage)
ok 105 - status body carries dedupe marker and reassures (not an outage)
  ---
  duration_ms: 0.475541
  type: 'test'
  ...
# Subtest: shouldTriggerRecovery: only when AI lanes offline AND opt-in flag enabled
ok 106 - shouldTriggerRecovery: only when AI lanes offline AND opt-in flag enabled
  ---
  duration_ms: 0.62151
  type: 'test'
  ...
# Subtest: deriveLiveUrl: explicit live_url wins
ok 107 - deriveLiveUrl: explicit live_url wins
  ---
  duration_ms: 1.571128
  type: 'test'
  ...
# Subtest: deriveLiveUrl: internal app derives /docs/<app>/
ok 108 - deriveLiveUrl: internal app derives /docs/<app>/
  ---
  duration_ms: 0.401013
  type: 'test'
  ...
# Subtest: deriveLiveUrl: external app with no explicit url derives nothing
ok 109 - deriveLiveUrl: external app with no explicit url derives nothing
  ---
  duration_ms: 0.251842
  type: 'test'
  ...
# Subtest: deriveLiveUrl: non-http(s) values are ignored (not counted as live)
ok 110 - deriveLiveUrl: non-http(s) values are ignored (not counted as live)
  ---
  duration_ms: 0.192134
  type: 'test'
  ...
# Subtest: isExternal detects repo/path/type
ok 111 - isExternal detects repo/path/type
  ---
  duration_ms: 0.266518
  type: 'test'
  ...
# Subtest: classifyApp: 2xx is live, others unreachable, missing url is no-link
ok 112 - classifyApp: 2xx is live, others unreachable, missing url is no-link
  ---
  duration_ms: 1.730437
  type: 'test'
  ...
# Subtest: isIncomplete flags no-link and unreachable only (external-no-link excluded)
ok 113 - isIncomplete flags no-link and unreachable only (external-no-link excluded)
  ---
  duration_ms: 0.333197
  type: 'test'
  ...
# Subtest: summarize + scoreboard overall reflects incompleteness
ok 114 - summarize + scoreboard overall reflects incompleteness
  ---
  duration_ms: 15.60067
  type: 'test'
  ...
# Subtest: scoreboard overall is all-testable-live when nothing incomplete
ok 115 - scoreboard overall is all-testable-live when nothing incomplete
  ---
  duration_ms: 0.705258
  type: 'test'
  ...
# Subtest: scoreboard overall is pending when no apps checked yet (no false-green seed)
ok 116 - scoreboard overall is pending when no apps checked yet (no false-green seed)
  ---
  duration_ms: 0.72944
  type: 'test'
  ...
# Subtest: worklist body carries marker and lists the gap per app
ok 117 - worklist body carries marker and lists the gap per app
  ---
  duration_ms: 0.50364
  type: 'test'
  ...
# Subtest: renderScoreboardHtml escapes and is self-contained
ok 118 - renderScoreboardHtml escapes and is self-contained
  ---
  duration_ms: 0.623756
  type: 'test'
  ...
# Subtest: reruns are OFF by default (storm-safe)
ok 119 - reruns are OFF by default (storm-safe)
  ---
  duration_ms: 1.536891
  type: 'test'
  ...
# Subtest: stuck issues get self-heal label + comment, never a content delete
ok 120 - stuck issues get self-heal label + comment, never a content delete
  ---
  duration_ms: 1.086583
  type: 'test'
  ...
# Subtest: key-blocks only cleared when AI lanes are offline
ok 121 - key-blocks only cleared when AI lanes are offline
  ---
  duration_ms: 0.337427
  type: 'test'
  ...
# Subtest: reruns (when enabled) exclude BIOME workflows and respect cap
ok 122 - reruns (when enabled) exclude BIOME workflows and respect cap
  ---
  duration_ms: 0.464608
  type: 'test'
  ...
# Subtest: relabels respect cap
ok 123 - relabels respect cap
  ---
  duration_ms: 0.376808
  type: 'test'
  ...
# Subtest: classifyRuns counts failure/timed_out/startup_failure as failed
ok 124 - classifyRuns counts failure/timed_out/startup_failure as failed
  ---
  duration_ms: 1.398724
  type: 'test'
  ...
# Subtest: classifyRuns handles empty/non-array input
ok 125 - classifyRuns handles empty/non-array input
  ---
  duration_ms: 1.051411
  type: 'test'
  ...
# Subtest: detectStuckIssues flags only open, watched-label, old issues
ok 126 - detectStuckIssues flags only open, watched-label, old issues
  ---
  duration_ms: 0.9657
  type: 'test'
  ...
# Subtest: buildSentinelSection escalates healthy -> degraded -> down
ok 127 - buildSentinelSection escalates healthy -> degraded -> down
  ---
  duration_ms: 0.363557
  type: 'test'
  ...
# Subtest: failedRunsThreshold matches self-healing.yml (3)
ok 128 - failedRunsThreshold matches self-healing.yml (3)
  ---
  duration_ms: 0.290846
  type: 'test'
  ...
# Subtest: buildIncidentBody embeds dedupe marker
ok 129 - buildIncidentBody embeds dedupe marker
  ---
  duration_ms: 1.625887
  type: 'test'
  ...
# Subtest: buildIncidentTitle reflects the current status
ok 130 - buildIncidentTitle reflects the current status
  ---
  duration_ms: 0.339666
  type: 'test'
  ...
# Subtest: buildResolutionComment embeds dedupe marker and timestamp
ok 131 - buildResolutionComment embeds dedupe marker and timestamp
  ---
  duration_ms: 0.3128
  type: 'test'
  ...
# Subtest: sentinel CLI refreshes existing incidents in place (PATCH, not comment spam)
ok 132 - sentinel CLI refreshes existing incidents in place (PATCH, not comment spam)
  ---
  duration_ms: 0.821859
  type: 'test'
  ...
# Subtest: worseOf returns the more severe status
ok 133 - worseOf returns the more severe status
  ---
  duration_ms: 1.376466
  type: 'test'
  ...
# Subtest: computeOverallHealth is the worst across sections (sheaf gluing)
ok 134 - computeOverallHealth is the worst across sections (sheaf gluing)
  ---
  duration_ms: 0.295052
  type: 'test'
  ...
# Subtest: glueSections produces a credit-free v1 status object keyed by worker
ok 135 - glueSections produces a credit-free v1 status object keyed by worker
  ---
  duration_ms: 1.103797
  type: 'test'
  ...
# Subtest: renderStatusHtml is self-contained and escapes content
ok 136 - renderStatusHtml is self-contained and escapes content
  ---
  duration_ms: 0.492172
  type: 'test'
  ...
# Subtest: biome-sentinel.yml parses and declares name + trigger
ok 137 - biome-sentinel.yml parses and declares name + trigger
  ---
  duration_ms: 15.002742
  type: 'test'
  ...
# Subtest: biome-sentinel.yml sets GH_REPO and the token-with-fallback pattern
ok 138 - biome-sentinel.yml sets GH_REPO and the token-with-fallback pattern
  ---
  duration_ms: 3.070337
  type: 'test'
  ...
# Subtest: biome-sentinel.yml declares an explicit permissions block
ok 139 - biome-sentinel.yml declares an explicit permissions block
  ---
  duration_ms: 3.676724
  type: 'test'
  ...
# Subtest: biome-sentinel.yml does not interpolate untrusted github.event.* into run: shells
ok 140 - biome-sentinel.yml does not interpolate untrusted github.event.* into run: shells
  ---
  duration_ms: 2.076083
  type: 'test'
  ...
# Subtest: biome-homeostat.yml parses and declares name + trigger
ok 141 - biome-homeostat.yml parses and declares name + trigger
  ---
  duration_ms: 3.291544
  type: 'test'
  ...
# Subtest: biome-homeostat.yml sets GH_REPO and the token-with-fallback pattern
ok 142 - biome-homeostat.yml sets GH_REPO and the token-with-fallback pattern
  ---
  duration_ms: 3.787793
  type: 'test'
  ...
# Subtest: biome-homeostat.yml declares an explicit permissions block
ok 143 - biome-homeostat.yml declares an explicit permissions block
  ---
  duration_ms: 2.165447
  type: 'test'
  ...
# Subtest: biome-homeostat.yml does not interpolate untrusted github.event.* into run: shells
ok 144 - biome-homeostat.yml does not interpolate untrusted github.event.* into run: shells
  ---
  duration_ms: 2.431796
  type: 'test'
  ...
# Subtest: biome-medic.yml parses and declares name + trigger
ok 145 - biome-medic.yml parses and declares name + trigger
  ---
  duration_ms: 3.398484
  type: 'test'
  ...
# Subtest: biome-medic.yml sets GH_REPO and the token-with-fallback pattern
ok 146 - biome-medic.yml sets GH_REPO and the token-with-fallback pattern
  ---
  duration_ms: 2.465101
  type: 'test'
  ...
# Subtest: biome-medic.yml declares an explicit permissions block
ok 147 - biome-medic.yml declares an explicit permissions block
  ---
  duration_ms: 2.014885
  type: 'test'
  ...
# Subtest: biome-medic.yml does not interpolate untrusted github.event.* into run: shells
ok 148 - biome-medic.yml does not interpolate untrusted github.event.* into run: shells
  ---
  duration_ms: 3.91432
  type: 'test'
  ...
# Subtest: biome-sheaf.yml parses and declares name + trigger
ok 149 - biome-sheaf.yml parses and declares name + trigger
  ---
  duration_ms: 4.871033
  type: 'test'
  ...
# Subtest: biome-sheaf.yml sets GH_REPO and the token-with-fallback pattern
ok 150 - biome-sheaf.yml sets GH_REPO and the token-with-fallback pattern
  ---
  duration_ms: 2.338186
  type: 'test'
  ...
# Subtest: biome-sheaf.yml declares an explicit permissions block
ok 151 - biome-sheaf.yml declares an explicit permissions block
  ---
  duration_ms: 2.412819
  type: 'test'
  ...
# Subtest: biome-sheaf.yml does not interpolate untrusted github.event.* into run: shells
ok 152 - biome-sheaf.yml does not interpolate untrusted github.event.* into run: shells
  ---
  duration_ms: 2.955655
  type: 'test'
  ...
# Subtest: biome-sheaf is the only worker granted contents: write (single committer)
ok 153 - biome-sheaf is the only worker granted contents: write (single committer)
  ---
  duration_ms: 10.512336
  type: 'test'
  ...
# === bito-ai.yml Unit Tests ===
# PASS: shouldRunBitoReview allows workflow_dispatch
# PASS: shouldRunBitoReview allows opened PR
# PASS: shouldRunBitoReview allows synchronize PR
# PASS: shouldRunBitoReview allows reopened PR
# PASS: shouldRunBitoReview allows ready_for_review PR
# PASS: shouldRunBitoReview blocks draft PR
# PASS: shouldRunBitoReview blocks [skip-bito] title
# PASS: shouldRunBitoReview checks [skip-bito] anywhere in title
# PASS: shouldRunBitoReview allows /review command
# PASS: shouldRunBitoReview allows /explain command
# PASS: shouldRunBitoReview blocks non-command comments
# PASS: shouldRunBitoReview blocks comments on non-PR issues
# PASS: verifySecrets returns configured when all present
# PASS: verifySecrets detects missing BITO_ACCESS_KEY
# PASS: verifySecrets detects missing GIT_ACCESS_TOKEN
# PASS: verifySecrets detects all missing
# PASS: getLabelsForOutcome returns approval labels on success
# PASS: getLabelsForOutcome returns changes-needed on failure
# PASS: getLabelsForOutcome returns changes-needed on other outcomes
# PASS: shouldPostSkipComment returns true for PR without existing comment
# PASS: shouldPostSkipComment returns false if bot already commented
# PASS: shouldPostSkipComment returns false for non-PR events
# PASS: buildOptions includes required options
# PASS: buildOptions includes git domain when provided
# PASS: buildOptions includes exclude_files when provided
# PASS: buildOptions masks sensitive values
# PASS: extractPrNumber gets from pull_request event
# PASS: extractPrNumber gets from issue_comment event
# PASS: extractPrNumber gets from workflow_dispatch
# PASS: extractPrNumber returns null for unknown event
# PASS: isReviewCommand detects /review
# PASS: isReviewCommand detects /explain
# PASS: isReviewCommand rejects other commands
# PASS: isReviewCommand handles null/empty
# PASS: buildOptions never exposes full tokens
# === Results: 35 passed, 0 failed ===
# ✅ All tests passed
# Subtest: tests/bito-ai.test.js
ok 23 - tests/bito-ai.test.js
  ---
  duration_ms: 46.846796
  type: 'test'
  ...
# Subtest: matrixRank: identity n has rank n; zero matrix has rank 0
ok 155 - matrixRank: identity n has rank n; zero matrix has rank 0
  ---
  duration_ms: 3.609061
  type: 'test'
  ...
# Subtest: proof: path (tree) has dim H⁰=1, dim H¹=0, rank δ=2
ok 156 - proof: path (tree) has dim H⁰=1, dim H¹=0, rank δ=2
  ---
  duration_ms: 0.95393
  type: 'test'
  ...
# Subtest: proof: cycle has dim H⁰=1, dim H¹=1, rank δ=2 (obstruction class exists)
ok 157 - proof: cycle has dim H⁰=1, dim H¹=1, rank δ=2 (obstruction class exists)
  ---
  duration_ms: 0.461203
  type: 'test'
  ...
# Subtest: proof: 2 components have dim H⁰=2, dim H¹=0, rank δ=2
ok 158 - proof: 2 components have dim H⁰=2, dim H¹=0, rank δ=2
  ---
  duration_ms: 0.357016
  type: 'test'
  ...
# Subtest: proof: constant section has energy ≈ 0 and lies in H⁰
ok 159 - proof: constant section has energy ≈ 0 and lies in H⁰
  ---
  duration_ms: 0.513343
  type: 'test'
  ...
# Subtest: proof: H⁰ = ker δ — residual vanishes iff section is global
ok 160 - proof: H⁰ = ker δ — residual vanishes iff section is global
  ---
  duration_ms: 1.060048
  type: 'test'
  ...
# Subtest: proof: energy characterization E(x)=‖δx‖² equals laplacianEnergy
ok 161 - proof: energy characterization E(x)=‖δx‖² equals laplacianEnergy
  ---
  duration_ms: 0.613859
  type: 'test'
  ...
# Subtest: coboundaryMatrix row count equals dim C¹ and respects non-identity maps
ok 162 - coboundaryMatrix row count equals dim C¹ and respects non-identity maps
  ---
  duration_ms: 0.262759
  type: 'test'
  ...
# Subtest: nsd: learnScalarRestriction recovers w≈xv/xu
ok 163 - nsd: learnScalarRestriction recovers w≈xv/xu
  ---
  duration_ms: 0.532706
  type: 'test'
  ...
# Subtest: nsd: fitAndDiffuse drives energy toward 0 on a disagreeing edge
ok 164 - nsd: fitAndDiffuse drives energy toward 0 on a disagreeing edge
  ---
  duration_ms: 0.913583
  type: 'test'
  ...
# Subtest: nsd: discrete diffusion is energy-non-increasing on identity path
ok 165 - nsd: discrete diffusion is energy-non-increasing on identity path
  ---
  duration_ms: 2.855558
  type: 'test'
  ...
# Subtest: tda_adapters: native backend always available and matches computeBarcodes
ok 166 - tda_adapters: native backend always available and matches computeBarcodes
  ---
  duration_ms: 2.324431
  type: 'test'
  ...
# Subtest: fingerprint: healthy BIOME feed is consistent with dim_H0 ≥ 1
ok 167 - fingerprint: healthy BIOME feed is consistent with dim_H0 ≥ 1
  ---
  duration_ms: 1.377416
  type: 'test'
  ...
# Subtest: fingerprint: degraded worker yields energy > 0 and obstruction
ok 168 - fingerprint: degraded worker yields energy > 0 and obstruction
  ---
  duration_ms: 0.388972
  type: 'test'
  ...
# Subtest: docs/bnatsheaf package ships README, standard, and master prompt
ok 169 - docs/bnatsheaf package ships README, standard, and master prompt
  ---
  duration_ms: 1.511913
  type: 'test'
  ...
# Subtest: README links living BIOME example and states imprint-at-spawn
ok 170 - README links living BIOME example and states imprint-at-spawn
  ---
  duration_ms: 0.626843
  type: 'test'
  ...
# Subtest: BNAT_SHEAF_STANDARD formalizes E(x), H^1, barcodes, dual embedding, Controller rule
ok 171 - BNAT_SHEAF_STANDARD formalizes E(x), H^1, barcodes, dual embedding, Controller rule
  ---
  duration_ms: 0.627475
  type: 'test'
  ...
# Subtest: MOTU_MASTER_PROMPT includes all ten Visiting Controller sections
ok 172 - MOTU_MASTER_PROMPT includes all ten Visiting Controller sections
  ---
  duration_ms: 0.902855
  type: 'test'
  ...
# Subtest: WR body and learning file record geometric invariant in SSOT
ok 173 - WR body and learning file record geometric invariant in SSOT
  ---
  duration_ms: 2.490286
  type: 'test'
  ...
# Subtest: .env.example documents XAI_API_KEY / GROK_API_KEY once with Vault path
ok 174 - .env.example documents XAI_API_KEY / GROK_API_KEY once with Vault path
  ---
  duration_ms: 0.637372
  type: 'test'
  ...
# Subtest: additive guarantee: BIOME sheaf module still loads independently
ok 175 - additive guarantee: BIOME sheaf module still loads independently
  ---
  duration_ms: 1.281161
  type: 'test'
  ...
# Subtest: matVec multiplies matrix by vector and throws on dimension mismatch
ok 176 - matVec multiplies matrix by vector and throws on dimension mismatch
  ---
  duration_ms: 2.823249
  type: 'test'
  ...
# Subtest: vecSub / normSq / identity behave as expected
ok 177 - vecSub / normSq / identity behave as expected
  ---
  duration_ms: 0.487352
  type: 'test'
  ...
# Subtest: a consistent assignment is a global section with E(x)=0 and no H¹ obstruction
ok 178 - a consistent assignment is a global section with E(x)=0 and no H¹ obstruction
  ---
  duration_ms: 0.612666
  type: 'test'
  ...
# Subtest: disagreement on an overlap produces positive energy and a transition patch
ok 179 - disagreement on an overlap produces positive energy and a transition patch
  ---
  duration_ms: 0.518234
  type: 'test'
  ...
# Subtest: non-identity restriction maps are honored
ok 180 - non-identity restriction maps are honored
  ---
  duration_ms: 0.269535
  type: 'test'
  ...
# Subtest: constructing a sheaf with an edge to an unknown vertex fails loud
ok 181 - constructing a sheaf with an edge to an unknown vertex fails loud
  ---
  duration_ms: 0.217869
  type: 'test'
  ...
# Subtest: property: any constant assignment over identity restrictions has E(x)=0
ok 182 - property: any constant assignment over identity restrictions has E(x)=0
  ---
  duration_ms: 2.627607
  type: 'test'
  ...
# Subtest: property: perturbing one stalk always raises energy above epsilon
ok 183 - property: perturbing one stalk always raises energy above epsilon
  ---
  duration_ms: 0.479581
  type: 'test'
  ...
# Subtest: sheafFromBiomeStatus: all-healthy feed glues into a global section
ok 184 - sheafFromBiomeStatus: all-healthy feed glues into a global section
  ---
  duration_ms: 0.634949
  type: 'test'
  ...
# Subtest: sheafFromBiomeStatus: a down worker is an H¹ obstruction, never glued over
ok 185 - sheafFromBiomeStatus: a down worker is an H¹ obstruction, never glued over
  ---
  duration_ms: 0.646322
  type: 'test'
  ...
# Subtest: computeBarcodes: a tree has |V| H⁰ bars, one immortal, and no H¹ bars
ok 186 - computeBarcodes: a tree has |V| H⁰ bars, one immortal, and no H¹ bars
  ---
  duration_ms: 0.666212
  type: 'test'
  ...
# Subtest: topological regression: a cycle creates exactly one immortal H¹ bar
ok 187 - topological regression: a cycle creates exactly one immortal H¹ bar
  ---
  duration_ms: 0.261044
  type: 'test'
  ...
# Subtest: elder rule: the older component survives merges
ok 188 - elder rule: the older component survives merges
  ---
  duration_ms: 0.158234
  type: 'test'
  ...
# Subtest: longLivedH1 filters bars by lifetime against maxWeight
ok 189 - longLivedH1 filters bars by lifetime against maxWeight
  ---
  duration_ms: 0.15511
  type: 'test'
  ...
# Subtest: barcodesFromBiomeStatus: complete agreement yields no positive-weight H¹ births beyond zero
ok 190 - barcodesFromBiomeStatus: complete agreement yields no positive-weight H¹ births beyond zero
  ---
  duration_ms: 0.445294
  type: 'test'
  ...
# Subtest: barcodesFromBiomeStatus: disagreement bars are born at positive weight
ok 191 - barcodesFromBiomeStatus: disagreement bars are born at positive weight
  ---
  duration_ms: 0.249939
  type: 'test'
  ...
# Subtest: consistencyCheck reports consistent=true only when E(x) < epsilon
ok 192 - consistencyCheck reports consistent=true only when E(x) < epsilon
  ---
  duration_ms: 0.232628
  type: 'test'
  ...
# Subtest: imprintAgent: imprint succeeds only from a consistent sheaf and known agent
ok 193 - imprintAgent: imprint succeeds only from a consistent sheaf and known agent
  ---
  duration_ms: 0.389806
  type: 'test'
  ...
# Subtest: phMonitor surfaces persistent H¹ bars for a degraded feed
ok 194 - phMonitor surfaces persistent H¹ bars for a degraded feed
  ---
  duration_ms: 0.289352
  type: 'test'
  ...
# Subtest: CLI main: exit codes reflect the postcondition, not process completion
ok 195 - CLI main: exit codes reflect the postcondition, not process completion
  ---
  duration_ms: 2.774333
  type: 'test'
  ...
# Subtest: additive guarantee: BIOME sheaf exports are untouched and still glue
ok 196 - additive guarantee: BIOME sheaf exports are untouched and still glue
  ---
  duration_ms: 1.05969
  type: 'test'
  ...
# Subtest: CLI fingerprint + cohomology commands exit on postcondition
ok 197 - CLI fingerprint + cohomology commands exit on postcondition
  ---
  duration_ms: 2.940199
  type: 'test'
  ...
# Subtest: topologicalFingerprint agrees with computeCohomology on BIOME feeds
ok 198 - topologicalFingerprint agrees with computeCohomology on BIOME feeds
  ---
  duration_ms: 0.281871
  type: 'test'
  ...
# Subtest: research packet includes stars, keywords, and citations fields
ok 199 - research packet includes stars, keywords, and citations fields
  ---
  duration_ms: 1.875442
  type: 'test'
  ...
# Subtest: channel catalog covers core free and paid transports
ok 200 - channel catalog covers core free and paid transports
  ---
  duration_ms: 2.451579
  type: 'test'
  ...
# Subtest: normalizeAgentName sanitizes and validates
ok 201 - normalizeAgentName sanitizes and validates
  ---
  duration_ms: 0.48304
  type: 'test'
  ...
# Subtest: buildBlueprint wires email address and warnings for paid channels
ok 202 - buildBlueprint wires email address and warnings for paid channels
  ---
  duration_ms: 0.789239
  type: 'test'
  ...
# Subtest: estimateCost sums channel base + variable and applies plan
ok 203 - estimateCost sums channel base + variable and applies plan
  ---
  duration_ms: 0.759509
  type: 'test'
  ...
# Subtest: buildBehaviorPrompt includes each selected channel
ok 204 - buildBehaviorPrompt includes each selected channel
  ---
  duration_ms: 0.360635
  type: 'test'
  ...
# Subtest: generateIntegrationCode emits python and typescript handlers
ok 205 - generateIntegrationCode emits python and typescript handlers
  ---
  duration_ms: 1.005365
  type: 'test'
  ...
# Subtest: simulateConversation replies on the inbound channel thread
ok 206 - simulateConversation replies on the inbound channel thread
  ---
  duration_ms: 0.994543
  type: 'test'
  ...
# Subtest: exportBlueprintMarkdown and JSON include monetization + citations
ok 207 - exportBlueprintMarkdown and JSON include monetization + citations
  ---
  duration_ms: 1.317787
  type: 'test'
  ...
# Subtest: recommendChannels maps use cases and rejects unknown
ok 208 - recommendChannels maps use cases and rejects unknown
  ---
  duration_ms: 0.78281
  type: 'test'
  ...
# Subtest: pricing tiers and gateway checklist are complete
ok 209 - pricing tiers and gateway checklist are complete
  ---
  duration_ms: 0.546653
  type: 'test'
  ...
# Subtest: competitors list supports research checklist
ok 210 - competitors list supports research checklist
  ---
  duration_ms: 0.217213
  type: 'test'
  ...
# Subtest: docs deploy copy stays in sync with products/public SPA assets
ok 211 - docs deploy copy stays in sync with products/public SPA assets
  ---
  duration_ms: 2.321928
  type: 'test'
  ...
# Subtest: the whole-repo scan is not vacuous
ok 212 - the whole-repo scan is not vacuous
  ---
  duration_ms: 119.074167
  type: 'test'
  ...
# Subtest: an empty changed-file set fails instead of reporting a clean diff
ok 213 - an empty changed-file set fails instead of reporting a clean diff
  ---
  duration_ms: 245.69576
  type: 'test'
  ...
# Subtest: findings inside the diff survive the filter
ok 214 - findings inside the diff survive the filter
  ---
  duration_ms: 278.105578
  type: 'test'
  ...
# Subtest: findings outside the diff are filtered out
ok 215 - findings outside the diff are filtered out
  ---
  duration_ms: 119.486965
  type: 'test'
  ...
# Subtest: every finding path is in `git diff --name-only` format
ok 216 - every finding path is in `git diff --name-only` format
  ---
  duration_ms: 119.040111
  type: 'test'
  ...
# Subtest: the workflow actually supplies the scope it claims to use
ok 217 - the workflow actually supplies the scope it claims to use
  ---
  duration_ms: 8.876363
  type: 'test'
  ...
# === ChaosMender Unit Tests ===
# PASS: loadLedger loads the real error-ledger.json
# PASS: loadLedger throws on missing file
# PASS: real ledger entries have required fields
# PASS: LABEL-RACE-001 is in the ledger
# PASS: scanBareRemoveLabel: flags unguarded removeLabel call
# PASS: scanBareRemoveLabel: does NOT flag guarded removeLabel (404 catch)
# PASS: scanBareRemoveLabel: does NOT flag removeLabelSafe wrapper pattern
# PASS: scanBareRemoveLabel: does NOT flag silent-catch pattern
# PASS: scanBareRemoveLabel: returns empty on workflows dir missing
# PASS: scanWorkflowRunMissingWorkflowsList: flags workflow_run without workflows key
# PASS: scanWorkflowRunMissingWorkflowsList: does NOT flag when workflows key present
# PASS: scanWorkflowRunMissingWorkflowsList: does NOT flag workflows key beyond a long comment block (pr-lifecycle regression)
# PASS: scanWorkflowRunMissingWorkflowsList: skips files with no workflow_run
# PASS: scanGithubScriptColumn0: flags column-0 line inside script block
# PASS: scanGithubScriptColumn0: no findings for correctly indented scripts
# PASS: runChecks: returns findings for known patterns in a test repo
# PASS: runChecks: returns empty findings for a clean repo
# PASS: CHECKS registry contains all auto-detectable ledger entries
# PASS: buildIssueBody: produces a non-empty body with error id
# PASS: buildIssueBody: groups multiple findings by errorId
#   → real repo: 33 finding(s) detected
# PASS: chaosmender scan on real repo completes without throwing
# === ChaosMender Results: 21 passed, 0 failed ===
# ✅ All tests passed
# Subtest: tests/chaosmender.test.js
ok 29 - tests/chaosmender.test.js
  ---
  duration_ms: 140.242149
  type: 'test'
  ...
# ╔══════════════════════════════════════════════════════════╗
# ║          REVVEL COMPLIANCE CHECKER v1.1.0                ║
# ╚══════════════════════════════════════════════════════════╝
# Auditing: /app
#   ✅ A1 [P0] README.md exists.................................. 2/2
#   ✅ A2 [P0] CHANGELOG.md exists............................... 3/3
#   ❌ A3 [P0] .gitignore excludes node_modules, .env, dist...... 0/2
#   ✅ A4 [P0] .env.example exists............................... 2/2
#   ✅ A5 [P1] docs/ directory exists............................ 1/1
#   ❌ A6 [P1] docs/adr/ directory exists........................ 0/2
#   ❌ A7 [P2] docs/runbooks/ directory exists................... 0/1
#   ✅ A8 [P0] AGENTS.md exists (universal AI agent instructions) 3/3
#   ✅ A9 [P1] LICENSE file exists............................... 2/2
#   ✅ A10 [P2] docs/specs/ directory exists..................... 2/2
#   ❌ B1 [P0] .github/workflows/deploy.yml exists............... 0/5
#   ❌ B2 [P0] deploy.yml contains a test step................... 0/3
#   ❌ B3 [P0] deploy.yml contains a build step.................. 0/3
#   ✅ B4 [P1] .github/workflows/compliance-check.yml exists..... 3/3
#   ❌ C1 [P0] vitest.config.ts exists with coverage thresholds.. 0/3
#   ✅ C2 [P0] tests/ directory exists........................... 3/3
#   ❌ C3 [P0] tests/unit/ directory exists...................... 0/2
#   ❌ C4 [P0] tests/integration/ directory exists............... 0/2
#   ❌ C5 [P0] tests/e2e/ directory with .spec.ts files.......... 0/3
#   ❌ C6 [P0] playwright.config.ts exists....................... 0/2
#   ❌ C7 [P1] tests/mocks/ directory exists..................... 0/2
#   ⚠️  Possible secret found in: /app/tests/pr-review-scan.test.js
#   ❌ D1 [P0] No hardcoded secrets in source code............... 0/5
#   ✅ D2 [P0] .env file is in .gitignore........................ 3/3
#   ❌ D3 [P0] helmet middleware present in backend.............. 0/2
#   ❌ D5 [P0] No critical npm vulnerabilities................... 0/3
#   ❌ E1 [P0] ESLint config exists.............................. 0/2
#   ❌ E2 [P1] Prettier config exists............................ 0/2
#   ✅ E3 [P0] tsconfig.json exists with strict mode............. 3/3
#   ✅ F3 [P0] CHANGELOG.md has at least one entry (\#\# heading).. 2/2
#   ❌ G1 [P2] .husky/ directory exists.......................... 0/1 (bonus)
#   ❌ G2 [P2] lint-staged config exists......................... 0/1 (bonus)
#   ❌ G6 [P1] .github/workflows/syntax-check.yml exists......... 0/3
#   ✅ G7 [P2] .pre-commit-config.yaml exists.................... 2/2
#   ❌ G8 [P1] SYNTAX_ERROR_PREVENTION_STANDARD.md exists or syntax standard referenced 0/1
# ──────────────────────────────────────────────────────────
#   SCORE: 31/79 (39%)  🚫  Critical failure — immediate remediation required
# ──────────────────────────────────────────────────────────
#   🔴 P0 FAILURES (blocks deployment): A3, B1, B2, B3, C1, C3, C4, C5, C6, D1, D3, D5, E1
#   🟡 P1 FAILURES (required within 30 days): A6, C7, E2, G6, G8
#   🟢 P2 NOTICES (best practice): A7
# Running check-compliance.js tests...
# PASS: fileExists returns true for existing files
# PASS: fileExists returns false for non-existent files
# PASS: dirExists returns true for existing directories
# PASS: dirExists returns false for non-existent directories
# PASS: fileContains returns true when pattern exists
# PASS: fileContains returns false when pattern missing
# PASS: fileContains handles multiple patterns (all must match)
# PASS: fileContains returns false when any pattern is missing
# PASS: fileExistsAny returns true when any candidate exists
# PASS: fileExistsAny returns false when no candidates exist
# PASS: dirHasFiles returns true for directories with matching extension
# PASS: dirHasFiles returns false for empty or non-matching directories
# PASS: fileExists returns false for files in non-existent subdirectories
# Test Summary: 13 passed, 0 failed
# Subtest: tests/check-compliance.test.js
ok 30 - tests/check-compliance.test.js
  ---
  duration_ms: 1040.632305
  type: 'test'
  ...
# Subtest: listWorkflowFiles returns an array
ok 220 - listWorkflowFiles returns an array
  ---
  duration_ms: 5.341641
  type: 'test'
  ...
# Subtest: listWorkflowFiles returns only .yml or .yaml files
ok 221 - listWorkflowFiles returns only .yml or .yaml files
  ---
  duration_ms: 3.521871
  type: 'test'
  ...
# Subtest: listWorkflowFiles returns absolute paths
ok 222 - listWorkflowFiles returns absolute paths
  ---
  duration_ms: 1.032575
  type: 'test'
  ...
# Subtest: findInvalidWorkflows returns an array with the expected entry shape
ok 223 - findInvalidWorkflows returns an array with the expected entry shape
  ---
  duration_ms: 586.770185
  type: 'test'
  ...
# Subtest: heuristicError returns null for clean YAML
ok 224 - heuristicError returns null for clean YAML
  ---
  duration_ms: 0.483654
  type: 'test'
  ...
# Subtest: heuristicError flags a flush-left backtick line
ok 225 - heuristicError flags a flush-left backtick line
  ---
  duration_ms: 0.456915
  type: 'test'
  ...
# Subtest: heuristicError flags a flush-left pipe character
ok 226 - heuristicError flags a flush-left pipe character
  ---
  duration_ms: 0.344481
  type: 'test'
  ...
# Subtest: heuristicError flags a flush-left ).join at column 0
ok 227 - heuristicError flags a flush-left ).join at column 0
  ---
  duration_ms: 0.17088
  type: 'test'
  ...
# Subtest: heuristicError does not flag YAML comment lines
ok 228 - heuristicError does not flag YAML comment lines
  ---
  duration_ms: 0.46527
  type: 'test'
  ...
# Subtest: heuristicError does not flag a document separator
ok 229 - heuristicError does not flag a document separator
  ---
  duration_ms: 0.477862
  type: 'test'
  ...
# Subtest: heuristicError reports the line number in the error message
ok 230 - heuristicError reports the line number in the error message
  ---
  duration_ms: 0.27593
  type: 'test'
  ...
# Subtest: workflowRunMissingWorkflows returns null when no workflow_run trigger
ok 231 - workflowRunMissingWorkflows returns null when no workflow_run trigger
  ---
  duration_ms: 0.12103
  type: 'test'
  ...
# Subtest: workflowRunMissingWorkflows returns null for valid block form with workflows key
ok 232 - workflowRunMissingWorkflows returns null for valid block form with workflows key
  ---
  duration_ms: 0.105654
  type: 'test'
  ...
# Subtest: workflowRunMissingWorkflows returns null for valid inline form
ok 233 - workflowRunMissingWorkflows returns null for valid inline form
  ---
  duration_ms: 0.142361
  type: 'test'
  ...
# Subtest: workflowRunMissingWorkflows flags block form that is missing workflows key
ok 234 - workflowRunMissingWorkflows flags block form that is missing workflows key
  ---
  duration_ms: 0.158871
  type: 'test'
  ...
# Subtest: workflowRunMissingWorkflows flags inline form that is missing workflows
ok 235 - workflowRunMissingWorkflows flags inline form that is missing workflows
  ---
  duration_ms: 0.156467
  type: 'test'
  ...
# Subtest: workflowRunMissingWorkflows reports the offending line number
ok 236 - workflowRunMissingWorkflows reports the offending line number
  ---
  duration_ms: 0.177989
  type: 'test'
  ...
# Subtest: windowsOnlyShell returns null when no shell is specified
ok 237 - windowsOnlyShell returns null when no shell is specified
  ---
  duration_ms: 0.104598
  type: 'test'
  ...
# Subtest: windowsOnlyShell returns null for bash and sh shells
ok 238 - windowsOnlyShell returns null for bash and sh shells
  ---
  duration_ms: 0.099347
  type: 'test'
  ...
# Subtest: windowsOnlyShell flags shell: powershell (the wr-rewrite.yml regression)
ok 239 - windowsOnlyShell flags shell: powershell (the wr-rewrite.yml regression)
  ---
  duration_ms: 0.132311
  type: 'test'
  ...
# Subtest: windowsOnlyShell flags shell: pwsh and shell: cmd
ok 240 - windowsOnlyShell flags shell: pwsh and shell: cmd
  ---
  duration_ms: 0.380432
  type: 'test'
  ...
# Subtest: windowsOnlyShell flags defaults.run.shell form
ok 241 - windowsOnlyShell flags defaults.run.shell form
  ---
  duration_ms: 0.120275
  type: 'test'
  ...
# Subtest: windowsOnlyShell does not flag pwsh mentioned inside a run body
ok 242 - windowsOnlyShell does not flag pwsh mentioned inside a run body
  ---
  duration_ms: 0.100111
  type: 'test'
  ...
# Subtest: no checked-in workflow uses a Windows-only shell
ok 243 - no checked-in workflow uses a Windows-only shell
  ---
  duration_ms: 17.270042
  type: 'test'
  ...
# Subtest: single follow-up transitions from unchecked to checked
ok 244 - single follow-up transitions from unchecked to checked
  ---
  duration_ms: 2.643412
  type: 'test'
  ...
# Subtest: uppercase [X] also counts as checked
ok 245 - uppercase [X] also counts as checked
  ---
  duration_ms: 0.385923
  type: 'test'
  ...
# Subtest: multiple items checked in one edit
ok 246 - multiple items checked in one edit
  ---
  duration_ms: 2.609746
  type: 'test'
  ...
# Subtest: non-follow-up checkbox being checked is ignored
ok 247 - non-follow-up checkbox being checked is ignored
  ---
  duration_ms: 0.340364
  type: 'test'
  ...
# Subtest: already-checked follow-up is not re-reported
ok 248 - already-checked follow-up is not re-reported
  ---
  duration_ms: 0.378296
  type: 'test'
  ...
# Subtest: follow-up added and checked in same edit does not fire
ok 249 - follow-up added and checked in same edit does not fire
  ---
  duration_ms: 0.210859
  type: 'test'
  ...
# Subtest: reordered lines still match by content
ok 250 - reordered lines still match by content
  ---
  duration_ms: 0.404072
  type: 'test'
  ...
# Subtest: prefix casing variants are accepted
ok 251 - prefix casing variants are accepted
  ---
  duration_ms: 0.223506
  type: 'test'
  ...
# Subtest: prefix with no hyphen (Followup:) is accepted
ok 252 - prefix with no hyphen (Followup:) is accepted
  ---
  duration_ms: 0.576523
  type: 'test'
  ...
# Subtest: prefix with space instead of hyphen is accepted
ok 253 - prefix with space instead of hyphen is accepted
  ---
  duration_ms: 0.708985
  type: 'test'
  ...
# Subtest: extra whitespace around description still matches
ok 254 - extra whitespace around description still matches
  ---
  duration_ms: 0.283369
  type: 'test'
  ...
# Subtest: trailing punctuation does not break pairing
ok 255 - trailing punctuation does not break pairing
  ---
  duration_ms: 0.193606
  type: 'test'
  ...
# Subtest: follow-up with empty description does not fire
ok 256 - follow-up with empty description does not fire
  ---
  duration_ms: 0.235808
  type: 'test'
  ...
# Subtest: mixed: one transition, one already-checked, one newly-added-checked
ok 257 - mixed: one transition, one already-checked, one newly-added-checked
  ---
  duration_ms: 0.195901
  type: 'test'
  ...
# Subtest: interleaved unrelated content does not confuse matcher
ok 258 - interleaved unrelated content does not confuse matcher
  ---
  duration_ms: 0.191019
  type: 'test'
  ...
# Subtest: null / undefined bodies are handled without throwing
ok 259 - null / undefined bodies are handled without throwing
  ---
  duration_ms: 0.195004
  type: 'test'
  ...
# Subtest: parseFollowUpCheckboxes keeps empty-description entries
ok 260 - parseFollowUpCheckboxes keeps empty-description entries
  ---
  duration_ms: 0.133314
  type: 'test'
  ...
# Subtest: parseFollowUpTasks (alias) returns entries with checked flag
ok 261 - parseFollowUpTasks (alias) returns entries with checked flag
  ---
  duration_ms: 0.168356
  type: 'test'
  ...
# Subtest: normalizeDescription collapses whitespace and lowercases
ok 262 - normalizeDescription collapses whitespace and lowercases
  ---
  duration_ms: 0.135384
  type: 'test'
  ...
# Subtest: normalizeKey lowercases, collapses whitespace, strips trailing punctuation
ok 263 - normalizeKey lowercases, collapses whitespace, strips trailing punctuation
  ---
  duration_ms: 0.119205
  type: 'test'
  ...
#    ✓ All 227 workflows have rate limit handling patterns
# ✅ PASS: Workflows should have rate limit handling patterns
#    ✓ All 226 workflows use correct token fallback
# ✅ PASS: Workflows must use consistent token fallback pattern
#    ✓ wr-lint.mjs has all required checks
# ✅ PASS: WR lint script must catch common issues
#    ✓ Duplicate PR detection logic exists
# ✅ PASS: No duplicate PRs should reference same issue
#    ⚠ Workflows that may need error handling: bulk-close-failure-spam.yml, conflict-helper.yml, label-allowlist.yml, octopus-route.yml, proposal-prosecution.yml, sync-labels.yml, third-party-action-audit.yml, wr-autotitle.yml
#    (These have high-risk API calls without explicit error handling)
# ✅ PASS: Workflows should have error handling patterns
#    ✓ Branch protection documentation exists
# ✅ PASS: Branch protection should have unique status checks
#    ⚠ auto-approve-clean-prs.yml: may not handle draft PRs correctly
#    ✓ Auto-approve workflows checked
# ✅ PASS: Auto-approve workflows must not approve drafts
#    ✓ All required labels defined
# ✅ PASS: Standard labels must be defined in labels.yml
#    ⚠ 00-work-request.yml: missing sections: Status
#    ✓ WR templates validated
# ✅ PASS: WR templates must have all required sections
#    ✓ All 3 shell scripts have proper shebangs
# ✅ PASS: Shell scripts must have proper shebangs
#    ✓ All 227 YAML files use spaces for indentation
# ✅ PASS: YAML files must not have tab indentation
#    ✓ issue-state-machine.yml has URL-only title guard
# ✅ PASS: issue-state-machine.yml must detect and close URL-only issue titles
#    ✓ issue-state-machine.yml guards removeLabel 404 races
# ✅ PASS: issue-state-machine.yml must only swallow removeLabel 404 races
#    ✓ issue-state-machine.yml keeps numeric input handling and v9 github-script
# ✅ PASS: issue-state-machine.yml keeps numeric dispatch input and github-script v9
#    ✓ email_error_intake.py sanitizes URL-only subjects
# ✅ PASS: email_error_intake.py must sanitize URL-only email subjects
# ═══════════════════════════════════════════
# CI Error Prevention Tests Summary
# ═══════════════════════════════════════════
# Total: 15 tests
# Passed: 15
# Failed: 0
# ═══════════════════════════════════════════
# 🎉 All CI error prevention tests passed!
# These tests help prevent common climate errors in workflows.
# Subtest: tests/ci-error-prevention.test.js
ok 33 - tests/ci-error-prevention.test.js
  ---
  duration_ms: 173.032025
  type: 'test'
  ...
# Subtest: pr-check-status confirms the whole PR before claiming success
ok 265 - pr-check-status confirms the whole PR before claiming success
  ---
  duration_ms: 20.314003
  type: 'test'
  ...
# Subtest: pr-check-status still short-circuits on a failing suite
ok 266 - pr-check-status still short-circuits on a failing suite
  ---
  duration_ms: 5.560415
  type: 'test'
  ...
# Subtest: label removal swallows 404 only, never an auth failure
ok 267 - label removal swallows 404 only, never an auth failure
  ---
  duration_ms: 4.052451
  type: 'test'
  ...
# Subtest: the failure comment links somewhere real
ok 268 - the failure comment links somewhere real
  ---
  duration_ms: 5.748903
  type: 'test'
  ...
# Subtest: pr-check-status embedded script is syntactically valid
ok 269 - pr-check-status embedded script is syntactically valid
  ---
  duration_ms: 8.877103
  type: 'test'
  ...
# Subtest: docs-freshness diffs against the merge base, not the base tip
ok 270 - docs-freshness diffs against the merge base, not the base tip
  ---
  duration_ms: 0.276117
  type: 'test'
  ...
# Subtest: no workflow references the inputs context at workflow level
ok 271 - no workflow references the inputs context at workflow level
  ---
  duration_ms: 534.863125
  type: 'test'
  ...
# Subtest: every workflow in the repo is structurally valid
ok 272 - every workflow in the repo is structurally valid
  ---
  duration_ms: 308.287671
  type: 'test'
  ...
# Subtest: the two previously-invalid workflows parse and keep their dispatch inputs
ok 273 - the two previously-invalid workflows parse and keep their dispatch inputs
  ---
  duration_ms: 4.417253
  type: 'test'
  ...
# Subtest: every stack in PRIORITY has a lane pack with prompt pack + verify commands
ok 274 - every stack in PRIORITY has a lane pack with prompt pack + verify commands
  ---
  duration_ms: 2.250562
  type: 'test'
  ...
# Subtest: detects a .NET client repo: language, framework, test runner, CI, package manager
ok 275 - detects a .NET client repo: language, framework, test runner, CI, package manager
  ---
  duration_ms: 11.847387
  type: 'test'
  ...
# Subtest: detects Python, TypeScript (Next.js), PHP (Laravel) and Java stacks
ok 276 - detects Python, TypeScript (Next.js), PHP (Laravel) and Java stacks
  ---
  duration_ms: 8.404658
  type: 'test'
  ...
# Subtest: unknown stack reports candidates instead of guessing
ok 277 - unknown stack reports candidates instead of guessing
  ---
  duration_ms: 3.64464
  type: 'test'
  ...
# Subtest: detectCi recognizes azure pipelines
ok 278 - detectCi recognizes azure pipelines
  ---
  duration_ms: 1.100797
  type: 'test'
  ...
# Subtest: reference engagement: sample .NET repo → plan with client-style PR + client verify + action log
ok 279 - reference engagement: sample .NET repo → plan with client-style PR + client verify + action log
  ---
  duration_ms: 5.792833
  type: 'test'
  ...
# Subtest: engagement fails loudly on an undetectable stack (no lane = no work)
ok 280 - engagement fails loudly on an undetectable stack (no lane = no work)
  ---
  duration_ms: 2.708227
  type: 'test'
  ...
# Subtest: slugify produces safe branch segments
ok 281 - slugify produces safe branch segments
  ---
  duration_ms: 0.256265
  type: 'test'
  ...
# Subtest: the real config/connections.yml loads and is non-empty
ok 282 - the real config/connections.yml loads and is non-empty
  ---
  duration_ms: 54.178524
  type: 'test'
  ...
# Subtest: groupByType buckets entries
ok 283 - groupByType buckets entries
  ---
  duration_ms: 0.305973
  type: 'test'
  ...
# Subtest: markdown render shows counts and flags unverified
ok 284 - markdown render shows counts and flags unverified
  ---
  duration_ms: 14.008862
  type: 'test'
  ...
# Subtest: injectReadme replaces only the marked block
ok 285 - injectReadme replaces only the marked block
  ---
  duration_ms: 0.515124
  type: 'test'
  ...
# Subtest: drift flags repo inventory missing from the registry
ok 286 - drift flags repo inventory missing from the registry
  ---
  duration_ms: 0.402711
  type: 'test'
  ...
# Subtest: the shipped registry has no drift against the repo .env.example
ok 287 - the shipped registry has no drift against the repo .env.example
  ---
  duration_ms: 44.451594
  type: 'test'
  ...
# Subtest: fallback block renders the ordered chain from meta
ok 288 - fallback block renders the ordered chain from meta
  ---
  duration_ms: 0.592625
  type: 'test'
  ...
# Subtest: injectReadme targets a specific marker pair and no-ops when absent
ok 289 - injectReadme targets a specific marker pair and no-ops when absent
  ---
  duration_ms: 0.35968
  type: 'test'
  ...
# Subtest: SSOT defines a fallback chain
ok 290 - SSOT defines a fallback chain
  ---
  duration_ms: 32.691124
  type: 'test'
  ...
# Subtest: html dashboard embeds the data and filter controls
ok 291 - html dashboard embeds the data and filter controls
  ---
  duration_ms: 0.766406
  type: 'test'
  ...
# Subtest: markdown notes autolink bare URLs (MD034) and escape pipes
ok 292 - markdown notes autolink bare URLs (MD034) and escape pipes
  ---
  duration_ms: 0.562295
  type: 'test'
  ...
# Subtest: the committed CONNECTIONS_REGISTRY.md has no bare URLs
ok 293 - the committed CONNECTIONS_REGISTRY.md has no bare URLs
  ---
  duration_ms: 0.742865
  type: 'test'
  ...
# ✅ PASS: CONFIG has required fields
# ✅ PASS: CONFIG format defaults to blog
# ✅ PASS: CONFIG audience has default value
# ✅ PASS: CONFIG brandVoice has default value
# ✅ PASS: CONFIG keywords is an array
# ✅ PASS: CONFIG autoPublish is a boolean
# ✅ PASS: callOpenRouter is a function
# ✅ PASS: Output directory path generation logic
# ✅ PASS: Slug generation handles special characters
# ✅ PASS: Slug generation handles empty/special-only topics
# ✅ PASS: Quality gate checks structure
# ✅ PASS: Metadata structure is valid
# ✅ PASS: Valid formats are recognized
# ✅ PASS: Markdown headings convert to HTML
# ✅ PASS: OpenRouter API key structure validation
# 🚦 Running Quality Gates...
#   SEO: ⚠️
#   Readability: ✅
#   Structure: ⚠️
#   Technical: ✅
# ✅ PASS: runQualityGates returns failure for content with too few headings
# 🚦 Running Quality Gates...
#   SEO: ✅
#   Readability: ✅
#   Structure: ✅
#   Technical: ✅
# ✅ PASS: runQualityGates returns all-passed for well-structured content
# ✅ PASS: runQualityGates is exported as a function
# Test Summary: 18 passed, 0 failed
# Subtest: tests/content-automation.test.js
ok 37 - tests/content-automation.test.js
  ---
  duration_ms: 67.052628
  type: 'test'
  ...
# Subtest: DEFAULTS are frozen and sane
ok 295 - DEFAULTS are frozen and sane
  ---
  duration_ms: 1.792787
  type: 'test'
  ...
# Subtest: runStartMs prefers run_started_at, falls back to created_at, else null
ok 296 - runStartMs prefers run_started_at, falls back to created_at, else null
  ---
  duration_ms: 0.60629
  type: 'test'
  ...
# Subtest: isProtected shields the immune system + the controller itself
ok 297 - isProtected shields the immune system + the controller itself
  ---
  duration_ms: 0.604173
  type: 'test'
  ...
# Subtest: classifyRun: completed run is done
ok 298 - classifyRun: completed run is done
  ---
  duration_ms: 1.957293
  type: 'test'
  ...
# Subtest: classifyRun: queued run is a pending trigger
ok 299 - classifyRun: queued run is a pending trigger
  ---
  duration_ms: 0.230157
  type: 'test'
  ...
# Subtest: classifyRun: in_progress within budget is healthy
ok 300 - classifyRun: in_progress within budget is healthy
  ---
  duration_ms: 0.291441
  type: 'test'
  ...
# Subtest: classifyRun: no update past stallMs is stalled
ok 301 - classifyRun: no update past stallMs is stalled
  ---
  duration_ms: 0.525476
  type: 'test'
  ...
# Subtest: classifyRun: past maxRunMs is runaway (takes priority over stall)
ok 302 - classifyRun: past maxRunMs is runaway (takes priority over stall)
  ---
  duration_ms: 0.382145
  type: 'test'
  ...
# Subtest: selectPreemptions cuts stalled + runaway but never protected
ok 303 - selectPreemptions cuts stalled + runaway but never protected
  ---
  duration_ms: 1.304139
  type: 'test'
  ...
# Subtest: summarizeFleet rolls up occupancy + over-capacity
ok 304 - summarizeFleet rolls up occupancy + over-capacity
  ---
  duration_ms: 0.682316
  type: 'test'
  ...
# Subtest: buildControllerFeed emits the v1 schema with dry-run cut labels
ok 305 - buildControllerFeed emits the v1 schema with dry-run cut labels
  ---
  duration_ms: 0.770523
  type: 'test'
  ...
# Subtest: nextModel returns the first untried model, else null
ok 306 - nextModel returns the first untried model, else null
  ---
  duration_ms: 0.153504
  type: 'test'
  ...
# Subtest: planPreemptions: cut+reassign up to the cap, then escalate to self-healing
ok 307 - planPreemptions: cut+reassign up to the cap, then escalate to self-healing
  ---
  duration_ms: 0.237609
  type: 'test'
  ...
# Subtest: DEFAULT_MODEL_CHAIN honours the SSOT model policy (twins + Fable 5, no denylisted models)
ok 308 - DEFAULT_MODEL_CHAIN honours the SSOT model policy (twins + Fable 5, no denylisted models)
  ---
  duration_ms: 80.883243
  type: 'test'
  ...
# Subtest: evaluate is a pure node: feed + stop + self-healing ingestion
ok 309 - evaluate is a pure node: feed + stop + self-healing ingestion
  ---
  duration_ms: 0.720623
  type: 'test'
  ...
# Subtest: buildStopSignal + hasStop round-trip
ok 310 - buildStopSignal + hasStop round-trip
  ---
  duration_ms: 0.242915
  type: 'test'
  ...
# Subtest: listRuns pages past 100 so a large fleet is not truncated
ok 311 - listRuns pages past 100 so a large fleet is not truncated
  ---
  duration_ms: 4.599121
  type: 'test'
  ...
# Subtest: listRuns stops on the first short page
ok 312 - listRuns stops on the first short page
  ---
  duration_ms: 0.39062
  type: 'test'
  ...
# Subtest: reassignWorkflow: succeeds with the model input
ok 313 - reassignWorkflow: succeeds with the model input
  ---
  duration_ms: 0.339093
  type: 'test'
  ...
# Subtest: reassignWorkflow: retries without inputs when the model input is rejected
ok 314 - reassignWorkflow: retries without inputs when the model input is rejected
  ---
  duration_ms: 0.470387
  type: 'test'
  ...
# Subtest: reassignWorkflow: both attempts fail -> reassign-failed (never a false success)
ok 315 - reassignWorkflow: both attempts fail -> reassign-failed (never a false success)
  ---
  duration_ms: 0.646533
  type: 'test'
  ...
# Subtest: reassignWorkflow: a non-422 first error does NOT retry on the default model
ok 316 - reassignWorkflow: a non-422 first error does NOT retry on the default model
  ---
  duration_ms: 0.427571
  type: 'test'
  ...
# Subtest: loadPriorReassigns persists BOTH reassign and escalate entries from a real feed
ok 317 - loadPriorReassigns persists BOTH reassign and escalate entries from a real feed
  ---
  duration_ms: 0.880259
  type: 'test'
  ...
# Subtest: loadPriorReassigns ignores a dry-run feed (state must not advance from a dry scan)
ok 318 - loadPriorReassigns ignores a dry-run feed (state must not advance from a dry scan)
  ---
  duration_ms: 0.538296
  type: 'test'
  ...
# Subtest: reassignWorkflow: no workflow path is skipped cleanly
ok 319 - reassignWorkflow: no workflow path is skipped cleanly
  ---
  duration_ms: 0.495344
  type: 'test'
  ...
# Subtest: controller state survives a quiet tick: save carries untouched entries forward
ok 320 - controller state survives a quiet tick: save carries untouched entries forward
  ---
  duration_ms: 1.656627
  type: 'test'
  ...
# Subtest: controller state expires after the TTL so a recovered workflow gets a clean slate
ok 321 - controller state expires after the TTL so a recovered workflow gets a clean slate
  ---
  duration_ms: 0.672754
  type: 'test'
  ...
# Subtest: saveControllerState only advances lineage for cuts that actually happened
ok 322 - saveControllerState only advances lineage for cuts that actually happened
  ---
  duration_ms: 0.490466
  type: 'test'
  ...
# Subtest: loadControllerState falls back to the legacy feed when no state file exists
ok 323 - loadControllerState falls back to the legacy feed when no state file exists
  ---
  duration_ms: 1.471263
  type: 'test'
  ...
# Subtest: lastJobActivityMs returns the latest step activity across jobs
ok 324 - lastJobActivityMs returns the latest step activity across jobs
  ---
  duration_ms: 0.396511
  type: 'test'
  ...
# Subtest: lastJobActivityMs returns null when the jobs API yields nothing (fall back to the stall verdict)
ok 325 - lastJobActivityMs returns null when the jobs API yields nothing (fall back to the stall verdict)
  ---
  duration_ms: 0.202546
  type: 'test'
  ...
# Subtest: lastJobActivityMs pages past 100 jobs so a large matrix run is not falsely cut
ok 326 - lastJobActivityMs pages past 100 jobs so a large matrix run is not falsely cut
  ---
  duration_ms: 2.028959
  type: 'test'
  ...
# Subtest: legacy feed entries are stamped at migration so the TTL can expire them
ok 327 - legacy feed entries are stamped at migration so the TTL can expire them
  ---
  duration_ms: 1.065505
  type: 'test'
  ...
# Subtest: parseGitLogNameOnly dedupes and strips blank lines from git log output
ok 328 - parseGitLogNameOnly dedupes and strips blank lines from git log output
  ---
  duration_ms: 2.497818
  type: 'test'
  ...
# Subtest: parseGitLogNameOnly handles empty/undefined input
ok 329 - parseGitLogNameOnly handles empty/undefined input
  ---
  duration_ms: 0.323258
  type: 'test'
  ...
# Subtest: filterInScope keeps only .github/workflows/*.yml and scripts/*.js
ok 330 - filterInScope keeps only .github/workflows/*.yml and scripts/*.js
  ---
  duration_ms: 0.264354
  type: 'test'
  ...
# Subtest: SCOPE_GLOBS only covers workflow YAML and scripts JS (bounded blast radius)
ok 331 - SCOPE_GLOBS only covers workflow YAML and scripts JS (bounded blast radius)
  ---
  duration_ms: 0.245666
  type: 'test'
  ...
# Subtest: buildSystemPrompt embeds the playbook context and demands JSON-only output
ok 332 - buildSystemPrompt embeds the playbook context and demands JSON-only output
  ---
  duration_ms: 0.488242
  type: 'test'
  ...
# Subtest: buildSystemPrompt instructs the model not to manufacture issues
ok 333 - buildSystemPrompt instructs the model not to manufacture issues
  ---
  duration_ms: 0.210629
  type: 'test'
  ...
# Subtest: buildUserPrompt lists in-scope files and embeds their content
ok 334 - buildUserPrompt lists in-scope files and embeds their content
  ---
  duration_ms: 0.463516
  type: 'test'
  ...
# Subtest: buildUserPrompt truncates when the overall prompt budget is exceeded
ok 335 - buildUserPrompt truncates when the overall prompt budget is exceeded
  ---
  duration_ms: 0.345636
  type: 'test'
  ...
# Subtest: parseDiagnosticResponse parses a clean JSON object
ok 336 - parseDiagnosticResponse parses a clean JSON object
  ---
  duration_ms: 0.732742
  type: 'test'
  ...
# Subtest: parseDiagnosticResponse strips a ```json fence
ok 337 - parseDiagnosticResponse strips a ```json fence
  ---
  duration_ms: 0.648965
  type: 'test'
  ...
# Subtest: parseDiagnosticResponse rejects unparseable text
ok 338 - parseDiagnosticResponse rejects unparseable text
  ---
  duration_ms: 0.457743
  type: 'test'
  ...
# Subtest: parseDiagnosticResponse rejects empty response
ok 339 - parseDiagnosticResponse rejects empty response
  ---
  duration_ms: 0.153694
  type: 'test'
  ...
# Subtest: parseDiagnosticResponse rejects a response missing issueFound
ok 340 - parseDiagnosticResponse rejects a response missing issueFound
  ---
  duration_ms: 0.216905
  type: 'test'
  ...
# Subtest: parseDiagnosticResponse normalizes an invalid confidence value to "low"
ok 341 - parseDiagnosticResponse normalizes an invalid confidence value to "low"
  ---
  duration_ms: 0.160456
  type: 'test'
  ...
# Subtest: isActionableDiagnosis requires issueFound + medium/high confidence + non-empty diagnosis
ok 342 - isActionableDiagnosis requires issueFound + medium/high confidence + non-empty diagnosis
  ---
  duration_ms: 0.165714
  type: 'test'
  ...
# Subtest: isActionableDiagnosis rejects issueFound=false
ok 343 - isActionableDiagnosis rejects issueFound=false
  ---
  duration_ms: 0.106609
  type: 'test'
  ...
# Subtest: isActionableDiagnosis rejects low confidence (a wrong fix is worse than none)
ok 344 - isActionableDiagnosis rejects low confidence (a wrong fix is worse than none)
  ---
  duration_ms: 0.099646
  type: 'test'
  ...
# Subtest: isActionableDiagnosis rejects an empty diagnosis string
ok 345 - isActionableDiagnosis rejects an empty diagnosis string
  ---
  duration_ms: 0.253802
  type: 'test'
  ...
# Subtest: renderWrTitle includes the diagnosis summary and file
ok 346 - renderWrTitle includes the diagnosis summary and file
  ---
  duration_ms: 0.253201
  type: 'test'
  ...
# Subtest: renderWrBody substitutes every {TOKEN} in WR_TEMPLATE_BASIC.md
ok 347 - renderWrBody substitutes every {TOKEN} in WR_TEMPLATE_BASIC.md
  ---
  duration_ms: 0.570636
  type: 'test'
  ...
# Subtest: renderWrBody appends Learnings section when the template lacks the placeholder
ok 348 - renderWrBody appends Learnings section when the template lacks the placeholder
  ---
  duration_ms: 0.321566
  type: 'test'
  ...
# Subtest: renderWrBody substitutes the real Learnings placeholder when the template has it
ok 349 - renderWrBody substitutes the real Learnings placeholder when the template has it
  ---
  duration_ms: 0.261427
  type: 'test'
  ...
# Subtest: renderCoderComment addresses the implementing agent and references Proposed Fix
ok 350 - renderCoderComment addresses the implementing agent and references Proposed Fix
  ---
  duration_ms: 0.196377
  type: 'test'
  ...
# Subtest: loadPlaybookContext returns non-empty content whether or not the live playbook file exists
ok 351 - loadPlaybookContext returns non-empty content whether or not the live playbook file exists
  ---
  duration_ms: 0.502454
  type: 'test'
  ...
# Subtest: loadDiagnosticModels resolves the review profile from agent-models.yml
ok 352 - loadDiagnosticModels resolves the review profile from agent-models.yml
  ---
  duration_ms: 40.48991
  type: 'test'
  ...
# Subtest: WR_LABELS and WR_ASSIGNEES match the constraints in the originating WR
ok 353 - WR_LABELS and WR_ASSIGNEES match the constraints in the originating WR
  ---
  duration_ms: 0.306096
  type: 'test'
  ...
# Subtest: auto-diagnosed label is registered in .github/labels.yml
ok 354 - auto-diagnosed label is registered in .github/labels.yml
  ---
  duration_ms: 8.429555
  type: 'test'
  ...
# Subtest: workflow has schedule + workflow_dispatch triggers and narrow permissions
ok 355 - workflow has schedule + workflow_dispatch triggers and narrow permissions
  ---
  duration_ms: 5.355398
  type: 'test'
  ...
# Subtest: workflow schedule does not collide exactly with self-healing.yml or repo-self-healer.yml
ok 356 - workflow schedule does not collide exactly with self-healing.yml or repo-self-healer.yml
  ---
  duration_ms: 15.783956
  type: 'test'
  ...
# Subtest: workflow uses the ADMIN_GITHUB_TOKEN-with-fallback pattern (CLAUDE.md gotcha \#2)
ok 357 - workflow uses the ADMIN_GITHUB_TOKEN-with-fallback pattern (CLAUDE.md gotcha \#2)
  ---
  duration_ms: 0.308957
  type: 'test'
  ...
# Subtest: workflow checks out with fetch-depth: 0 so the 48h scope scan can see history
ok 358 - workflow checks out with fetch-depth: 0 so the 48h scope scan can see history
  ---
  duration_ms: 1.874469
  type: 'test'
  ...
# Subtest: workflow has a bounded timeout-minutes
ok 359 - workflow has a bounded timeout-minutes
  ---
  duration_ms: 2.066244
  type: 'test'
  ...
# PASS: search finds projects by name
# PASS: search finds projects by status
# PASS: search finds URLs by project name
# PASS: search finds URLs by URL text
# PASS: search finds domains by name
# PASS: search finds domains by purpose
# PASS: search returns empty results for non-matching query
# PASS: search is case insensitive
# PASS: showSummary function is exported
# PASS: showProjects function is exported
# PASS: showURLs function is exported
# PASS: showDomains function is exported
# PASS: showSearch function is exported
# PASS: loadData function is exported
# PASS: search returns correct structure with projects, urls, domains
# PASS: search handles empty query gracefully
# Test Summary: 16 passed, 0 failed
# Subtest: tests/dashboard-cli.test.js
ok 41 - tests/dashboard-cli.test.js
  ---
  duration_ms: 55.500303
  type: 'test'
  ...
# Subtest: dependabot split-deps-per-directory (formal path A)
    # Subtest: live .github/dependabot.yml passes the split-deps checker
    ok 1 - live .github/dependabot.yml passes the split-deps checker
      ---
      duration_ms: 74.583734
      type: 'test'
      ...
    # Subtest: live config covers the 10 directories from rejected PR \#16791
    ok 2 - live config covers the 10 directories from rejected PR \#16791
      ---
      duration_ms: 16.658806
      type: 'test'
      ...
    # Subtest: live config never uses directories: plural or npm_and_yarn group
    ok 3 - live config never uses directories: plural or npm_and_yarn group
      ---
      duration_ms: 0.98765
      type: 'test'
      ...
    # Subtest: checker rejects directories: (plural) multi-dir entry
    ok 4 - checker rejects directories: (plural) multi-dir entry
      ---
      duration_ms: 1.374241
      type: 'test'
      ...
    # Subtest: checker rejects shared group name across directories (path B)
    ok 5 - checker rejects shared group name across directories (path B)
      ---
      duration_ms: 1.077556
      type: 'test'
      ...
    # Subtest: checker accepts directory-scoped unique groups (path A)
    ok 6 - checker accepts directory-scoped unique groups (path A)
      ---
      duration_ms: 1.183626
      type: 'test'
      ...
    # Subtest: checker flags shared groups across directories:-only entries
    ok 7 - checker flags shared groups across directories:-only entries
      ---
      duration_ms: 1.238822
      type: 'test'
      ...
    1..7
ok 361 - dependabot split-deps-per-directory (formal path A)
  ---
  duration_ms: 98.813387
  type: 'suite'
  ...
# Subtest: formal re-run + scorecard event for \#16950
    # Subtest: formal-report-16791-rerun.json records pass on path A
    ok 1 - formal-report-16791-rerun.json records pass on path A
      ---
      duration_ms: 0.844582
      type: 'test'
      ...
    # Subtest: scorecard event logged for formal resolution
    ok 2 - scorecard event logged for formal resolution
      ---
      duration_ms: 0.616588
      type: 'test'
      ...
    1..2
ok 362 - formal re-run + scorecard event for \#16950
  ---
  duration_ms: 2.045277
  type: 'suite'
  ...
# Subtest: devinci-debug is workflow_dispatch only
ok 363 - devinci-debug is workflow_dispatch only
  ---
  duration_ms: 1.836067
  type: 'test'
  ...
# Subtest: devinci action is pinned to a full commit SHA
ok 364 - devinci action is pinned to a full commit SHA
  ---
  duration_ms: 0.446001
  type: 'test'
  ...
# Subtest: job has a hard timeout
ok 365 - job has a hard timeout
  ---
  duration_ms: 0.249062
  type: 'test'
  ...
# Subtest: TTL is validated and capped at 120 minutes
ok 366 - TTL is validated and capped at 120 minutes
  ---
  duration_ms: 0.155178
  type: 'test'
  ...
# Subtest: dispatcher write access is verified before starting a shell
ok 367 - dispatcher write access is verified before starting a shell
  ---
  duration_ms: 0.182192
  type: 'test'
  ...
# Subtest: only the credential-free URL is published to the summary
ok 368 - only the credential-free URL is published to the summary
  ---
  duration_ms: 0.158885
  type: 'test'
  ...
# Subtest: permissions are read-only
ok 369 - permissions are read-only
  ---
  duration_ms: 0.150131
  type: 'test'
  ...
# Subtest: extractCitations dedupes and strips trailing punctuation
ok 370 - extractCitations dedupes and strips trailing punctuation
  ---
  duration_ms: 2.408445
  type: 'test'
  ...
# Subtest: parseRunnerOutput: twin/triplet JSON report -> answer/citations/cost
ok 371 - parseRunnerOutput: twin/triplet JSON report -> answer/citations/cost
  ---
  duration_ms: 0.471859
  type: 'test'
  ...
# Subtest: parseRunnerOutput: deep-search text after the marker
ok 372 - parseRunnerOutput: deep-search text after the marker
  ---
  duration_ms: 0.567132
  type: 'test'
  ...
# Subtest: modelEnvFor maps per-kind overrides
ok 373 - modelEnvFor maps per-kind overrides
  ---
  duration_ms: 0.331865
  type: 'test'
  ...
# Subtest: makeDispatch single: streams progress, parses deep-search stdout
ok 374 - makeDispatch single: streams progress, parses deep-search stdout
  ---
  duration_ms: 3.357428
  type: 'test'
  ...
# Subtest: makeDispatch twin: parses the JSON report on stdout
ok 375 - makeDispatch twin: parses the JSON report on stdout
  ---
  duration_ms: 0.58172
  type: 'test'
  ...
# Subtest: makeDispatch: aborting kills the child and rejects
ok 376 - makeDispatch: aborting kills the child and rejects
  ---
  duration_ms: 1.239828
  type: 'test'
  ...
# Subtest: makeDispatch: non-zero exit with no parseable answer rejects
ok 377 - makeDispatch: non-zero exit with no parseable answer rejects
  ---
  duration_ms: 0.947539
  type: 'test'
  ...
# Subtest: makeDispatch single: banner-only output without the completion marker is a failure, not false-green
ok 378 - makeDispatch single: banner-only output without the completion marker is a failure, not false-green
  ---
  duration_ms: 0.770464
  type: 'test'
  ...
# Subtest: makeDispatch single: an echoed query containing the phrase cannot spoof completion
ok 379 - makeDispatch single: an echoed query containing the phrase cannot spoof completion
  ---
  duration_ms: 1.118225
  type: 'test'
  ...
# Subtest: makeDispatch: unknown arm kind rejects
ok 380 - makeDispatch: unknown arm kind rejects
  ---
  duration_ms: 0.270768
  type: 'test'
  ...
# Subtest: ARM_RUNNERS maps the three arm kinds
ok 381 - ARM_RUNNERS maps the three arm kinds
  ---
  duration_ms: 0.191879
  type: 'test'
  ...
# Subtest: dprint-check.yml exists and parses with name + on
ok 382 - dprint-check.yml exists and parses with name + on
  ---
  duration_ms: 14.931608
  type: 'test'
  ...
# Subtest: dprint-check.yml declares least-privilege permissions
ok 383 - dprint-check.yml declares least-privilege permissions
  ---
  duration_ms: 2.59165
  type: 'test'
  ...
# Subtest: dprint-check.yml style job uses dprint/check@v2.3 on Linux
ok 384 - dprint-check.yml style job uses dprint/check@v2.3 on Linux
  ---
  duration_ms: 2.648371
  type: 'test'
  ...
# Subtest: dprint.json exists, is valid JSON, and lists plugins + includes
ok 385 - dprint.json exists, is valid JSON, and lists plugins + includes
  ---
  duration_ms: 0.715106
  type: 'test'
  ...
# Subtest: docs/DPRINT.md documents the gate and action pin
ok 386 - docs/DPRINT.md documents the gate and action pin
  ---
  duration_ms: 0.284396
  type: 'test'
  ...
# Subtest: package.json exposes format and format:check scripts
ok 387 - package.json exposes format and format:check scripts
  ---
  duration_ms: 0.366897
  type: 'test'
  ...
# PASS: package source files exist
# PASS: server package compiles cleanly
# PASS: module imports without FastMCP and registers 3 tools
# PASS: module exposes both MCP resources
# PASS: ahp_engine_status reports M1 scope and 3 judge families
# PASS: geometric mean + priority + CR on a known consistent matrix
# PASS: vote_aggregate and top_n keep highest totals
# PASS: ledger entries match failure-ledger allowed keys
# PASS: 402 on primary immediately fails over without backoff sleep
# PASS: 429 triggers exactly one backoff then failover
# PASS: 5xx failover ledgers the schema-allowed lane-5xx class
# PASS: mock pipeline completes steps 1-7 with CR, dispersion, cost, families
# PASS: CLI sample run exits 0 and prints JSON report
# PASS: .mcp.json references ensemble-ahp-engine
# PASS: MCP catalog documents ensemble-ahp-engine
# PASS: README mentions M1 scope and no fabricated numbers policy
# 16 passed, 0 failed
# Subtest: tests/ensemble-ahp-engine.test.js
ok 46 - tests/ensemble-ahp-engine.test.js
  ---
  duration_ms: 5011.704427
  type: 'test'
  ...
# Subtest: image-seo-build-pack runs and writes when invoked through a symlink
ok 389 - image-seo-build-pack runs and writes when invoked through a symlink
  ---
  duration_ms: 56.03815
  type: 'test'
  ...
# Subtest: image-seo-filename-qa runs when invoked through a symlink
ok 390 - image-seo-filename-qa runs when invoked through a symlink
  ---
  duration_ms: 51.702962
  type: 'test'
  ...
# Subtest: neither script self-runs when imported as a module
ok 391 - neither script self-runs when imported as a module
  ---
  duration_ms: 105.777032
  type: 'test'
  ...
# Subtest: the parent fails when the builder exits 0 without producing a pack
ok 392 - the parent fails when the builder exits 0 without producing a pack
  ---
  duration_ms: 0.514786
  type: 'test'
  ...
# PASS: analyzeText detects adversarial verify + schema signals
# PASS: analyzeText flags curl|sh and floating main install URL
# PASS: analyzeText flags hardcoded secret literals
# PASS: scoreDimensions throws on bad input
# PASS: empty inventory scores low and emits missing-* findings
# PASS: healthy fleet package scores stronger on adversarial + structure
# PASS: judgeVerdict GREEN when strong and no criticals
# PASS: judgeVerdict YELLOW when weak dimension under 50
# PASS: judgeVerdict RED on critical finding even if scores high
# PASS: judgeVerdict RED when total below 50
# PASS: FROZEN_CLAUDE_FLEETS points at junaidtitan/claude-fleets
# PASS: evaluateFrozenPack returns YELLOW pilot recommendation for upstream
# PASS: renderMarkdown includes JUDGE verdict and findings table
# PASS: buildReport wires scored + judge
# PASS: evaluateTree scores a minimal on-disk fixture
# PASS: evaluateTree throws on missing directory
# Usage: node scripts/evaluate-claude-fleets.js [path] [options]
#   --frozen          Evaluate frozen junaidtitan/claude-fleets pack (default)
#   --json            Print JSON report
#   --markdown        Print markdown report (default)
#   --no-markdown     Skip markdown
#   --strict          Exit 1 when JUDGE verdict is RED
#   -o, --out FILE    Write report to FILE
#   -h, --help        Show help
# PASS: main --help exits 0
# PASS: main frozen --json exits 0 for YELLOW pack
# PASS: main --strict returns 1 when forced RED via empty tree fixture
# 19 passed, 0 failed
# Subtest: tests/evaluate-claude-fleets.test.js
ok 48 - tests/evaluate-claude-fleets.test.js
  ---
  duration_ms: 63.485066
  type: 'test'
  ...
# Subtest: countLintErrors counts only lines containing ' error '
ok 394 - countLintErrors counts only lines containing ' error '
  ---
  duration_ms: 1.389847
  type: 'test'
  ...
# Subtest: countLintErrors handles empty / null
ok 395 - countLintErrors handles empty / null
  ---
  duration_ms: 0.27138
  type: 'test'
  ...
# Subtest: parseArgs defaults to fix mode
ok 396 - parseArgs defaults to fix mode
  ---
  duration_ms: 1.337388
  type: 'test'
  ...
# Subtest: parseArgs parses --check, --quiet and --threshold
ok 397 - parseArgs parses --check, --quiet and --threshold
  ---
  duration_ms: 0.255553
  type: 'test'
  ...
# Subtest: parseArgs ignores an invalid threshold
ok 398 - parseArgs ignores an invalid threshold
  ---
  duration_ms: 0.20135
  type: 'test'
  ...
# Subtest: fleet-controller.yml parses with unique keys
ok 399 - fleet-controller.yml parses with unique keys
  ---
  duration_ms: 8.542081
  type: 'test'
  ...
# Subtest: no step declares both run and uses
ok 400 - no step declares both run and uses
  ---
  duration_ms: 0.369483
  type: 'test'
  ...
# Subtest: state-PR fallback never falls back to GITHUB_TOKEN
ok 401 - state-PR fallback never falls back to GITHUB_TOKEN
  ---
  duration_ms: 0.502061
  type: 'test'
  ...
# Subtest: state PR commits only the controller state files
ok 402 - state PR commits only the controller state files
  ---
  duration_ms: 0.206729
  type: 'test'
  ...
# Subtest: auto-merge passes the PR number through env, not template expansion
ok 403 - auto-merge passes the PR number through env, not template expansion
  ---
  duration_ms: 0.335472
  type: 'test'
  ...
# Subtest: an unpersisted state change fails the job instead of reporting green
ok 404 - an unpersisted state change fails the job instead of reporting green
  ---
  duration_ms: 0.198556
  type: 'test'
  ...
# Subtest: the direct-push lane is non-fatal so the PR fallback can still run
ok 405 - the direct-push lane is non-fatal so the PR fallback can still run
  ---
  duration_ms: 0.178046
  type: 'test'
  ...
# Subtest: durable state is seeded from a pending state-sync branch
ok 406 - durable state is seeded from a pending state-sync branch
  ---
  duration_ms: 0.325804
  type: 'test'
  ...
# PASS: empty input -> empty
# PASS: max >= length returns all, sorted
# PASS: caps at max and returns no duplicates within a run
# PASS: rotates across weeks to cover the fleet
# PASS: isoWeek returns a sane week number
# PASS: hasOpenWorkRequest returns true when a matching open WR exists
# PASS: hasOpenWorkRequest returns false when no matching open WR exists
# PASS: hasOpenWorkRequest fails closed when gh issue list fails
# PASS: hasOpenWorkRequest fails closed when gh returns malformed JSON
# PASS: fileWorkRequest does not create an issue when open-WR lookup fails
# Test Summary: 10 passed, 0 failed
# Subtest: tests/fleet-maintenance.test.js
ok 51 - tests/fleet-maintenance.test.js
  ---
  duration_ms: 48.467489
  type: 'test'
  ...
# Subtest: WR-formal-16886 documents hybrid human_override resolution
ok 408 - WR-formal-16886 documents hybrid human_override resolution
  ---
  duration_ms: 2.217302
  type: 'test'
  ...
# Subtest: scorecard logs formal duplicate_risk pass for PR 16886
ok 409 - scorecard logs formal duplicate_risk pass for PR 16886
  ---
  duration_ms: 0.799639
  type: 'test'
  ...
# Subtest: formal INDEX marks PR 16886 as resolved
ok 410 - formal INDEX marks PR 16886 as resolved
  ---
  duration_ms: 0.315154
  type: 'test'
  ...
# ✅ PASS: escapeHtml escapes HTML special characters
# ✅ PASS: extractVercelUrls finds Vercel URLs
# ✅ PASS: extractVercelUrls handles duplicates
# ✅ PASS: extractVercelUrls returns empty for no URLs
# ✅ PASS: extractRepoReferences finds valid repo references
# ✅ PASS: extractRepoReferences excludes URLs
# ✅ PASS: extractRepoReferences handles repo: prefix
# ✅ PASS: formatDate includes UTC timezone
# ✅ PASS: DATE_OVERRIDE is supported in getToday
# ✅ PASS: getYesterday respects DATE_OVERRIDE
# ✅ PASS: HTML escaping prevents XSS in malicious input
# ✅ PASS: fetchPRsSince constructs correct search query with repo, type, and date filter
# ✅ PASS: fetchIssuesSince constructs correct search query with repo, type, and date filter
# ✅ PASS: fetchPRsSince filters results to only items with pull_request property
# ✅ PASS: fetchIssuesSince filters out items with pull_request property
# Test Summary: 15 passed, 0 failed
# Subtest: tests/generate-daily-summary.test.js
ok 53 - tests/generate-daily-summary.test.js
  ---
  duration_ms: 75.657861
  type: 'test'
  ...
# Subtest: single-line leading HTML comments are stripped (H1 on line 1)
ok 412 - single-line leading HTML comments are stripped (H1 on line 1)
  ---
  duration_ms: 187.31552
  type: 'test'
  ...
# Subtest: multi-line leading HTML comment is stripped so H1 lands on line 1 (regression \#15215)
ok 413 - multi-line leading HTML comment is stripped so H1 lands on line 1 (regression \#15215)
  ---
  duration_ms: 179.035889
  type: 'test'
  ...
# Subtest: real WR_TEMPLATE_FULL.md generates with H1 on line 1
ok 414 - real WR_TEMPLATE_FULL.md generates with H1 on line 1
  ---
  duration_ms: 272.589927
  type: 'test'
  ...
# Subtest: generate-wr strips leading multi-line template comments
ok 415 - generate-wr strips leading multi-line template comments
  ---
  duration_ms: 259.397665
  type: 'test'
  ...
# Subtest: generate-wr strips leading multiline template comments so H1 is on line 1
ok 416 - generate-wr strips leading multiline template comments so H1 is on line 1
  ---
  duration_ms: 296.019092
  type: 'test'
  ...
# Subtest: goap-swarm-console product files exist
ok 417 - goap-swarm-console product files exist
  ---
  duration_ms: 1.832869
  type: 'test'
  ...
# Subtest: goap engine plans repo-green and exports reports
ok 418 - goap engine plans repo-green and exports reports
  ---
  duration_ms: 26.097892
  type: 'test'
  ...
# Subtest: goap package declares port 3012 and test script
ok 419 - goap package declares port 3012 and test script
  ---
  duration_ms: 0.377776
  type: 'test'
  ...
# PASS: active green website workflow follows Revvel contract
# PASS: portable green website template follows Revvel contract
# PASS: README exposes carbon card insertion point or generated card
# PASS: standard documents action, marker, URL override, and verification
# 4 passed, 0 failed
# Subtest: tests/green-website-standard.test.js
ok 57 - tests/green-website-standard.test.js
  ---
  duration_ms: 101.318651
  type: 'test'
  ...
# Subtest: convertSetextToAtx: = underline becomes H1, - underline becomes H2
ok 421 - convertSetextToAtx: = underline becomes H1, - underline becomes H2
  ---
  duration_ms: 2.05762
  type: 'test'
  ...
# Subtest: convertSetextToAtx: thematic break after blank line is untouched
ok 422 - convertSetextToAtx: thematic break after blank line is untouched
  ---
  duration_ms: 0.365026
  type: 'test'
  ...
# Subtest: convertSetextToAtx: front matter fence at line 0 is untouched
ok 423 - convertSetextToAtx: front matter fence at line 0 is untouched
  ---
  duration_ms: 0.272318
  type: 'test'
  ...
# Subtest: convertSetextToAtx: table separator rows are untouched
ok 424 - convertSetextToAtx: table separator rows are untouched
  ---
  duration_ms: 0.293624
  type: 'test'
  ...
# Subtest: convertSetextToAtx: list items and blockquotes are not heading text
ok 425 - convertSetextToAtx: list items and blockquotes are not heading text
  ---
  duration_ms: 0.225326
  type: 'test'
  ...
# Subtest: convertSetextToAtx: multi-line paragraphs are left alone
ok 426 - convertSetextToAtx: multi-line paragraphs are left alone
  ---
  duration_ms: 0.180833
  type: 'test'
  ...
# Subtest: convertSetextToAtx: content inside code fences is untouched
ok 427 - convertSetextToAtx: content inside code fences is untouched
  ---
  duration_ms: 0.261024
  type: 'test'
  ...
# Subtest: demoteExtraH1s: keeps first H1, demotes later ones to H2
ok 428 - demoteExtraH1s: keeps first H1, demotes later ones to H2
  ---
  duration_ms: 0.385829
  type: 'test'
  ...
# Subtest: demoteExtraH1s: ignores \# lines inside code fences
ok 429 - demoteExtraH1s: ignores \# lines inside code fences
  ---
  duration_ms: 0.524717
  type: 'test'
  ...
# Subtest: demoteExtraH1s: demotes missing-space H1 variants so MD018 fix cannot resurrect a second H1
ok 430 - demoteExtraH1s: demotes missing-space H1 variants so MD018 fix cannot resurrect a second H1
  ---
  duration_ms: 0.655823
  type: 'test'
  ...
# Subtest: demoteExtraH1s: H2+ headings are never touched
ok 431 - demoteExtraH1s: H2+ headings are never touched
  ---
  duration_ms: 0.23524
  type: 'test'
  ...
# Subtest: heal: setext H1 counts toward single-title demotion
ok 432 - heal: setext H1 counts toward single-title demotion
  ---
  duration_ms: 0.212577
  type: 'test'
  ...
# Subtest: heal: is idempotent (auto-heal workflow loop safety)
ok 433 - heal: is idempotent (auto-heal workflow loop safety)
  ---
  duration_ms: 0.397494
  type: 'test'
  ...
# Subtest: heal: reports changed=false for already-clean text
ok 434 - heal: reports changed=false for already-clean text
  ---
  duration_ms: 0.163077
  type: 'test'
  ...
# Subtest: countLintErrors counts ' error ' lines only
ok 435 - countLintErrors counts ' error ' lines only
  ---
  duration_ms: 0.184647
  type: 'test'
  ...
# Subtest: parseArgs separates flags from files
ok 436 - parseArgs separates flags from files
  ---
  duration_ms: 1.0287
  type: 'test'
  ...
# Subtest: mapFences: a ``` line inside a ~~~ block does not close it (marker tracking)
ok 437 - mapFences: a ``` line inside a ~~~ block does not close it (marker tracking)
  ---
  duration_ms: 0.160575
  type: 'test'
  ...
# Subtest: mapFences: a longer same-char fence closes; a shorter one does not
ok 438 - mapFences: a longer same-char fence closes; a shorter one does not
  ---
  duration_ms: 0.182079
  type: 'test'
  ...
# Subtest: demoteExtraH1s: indented (≤3 spaces) H1s are demoted with indentation preserved
ok 439 - demoteExtraH1s: indented (≤3 spaces) H1s are demoted with indentation preserved
  ---
  duration_ms: 0.169287
  type: 'test'
  ...
# Subtest: globToRegExp + isIgnored honour .markdownlintignore-style patterns
ok 440 - globToRegExp + isIgnored honour .markdownlintignore-style patterns
  ---
  duration_ms: 0.607215
  type: 'test'
  ...
# Subtest: globToRegExp: a middle/leading globstar matches ZERO directories (gitignore semantics)
ok 441 - globToRegExp: a middle/leading globstar matches ZERO directories (gitignore semantics)
  ---
  duration_ms: 0.686649
  type: 'test'
  ...
# Subtest: device-tree.yml roles align with the schema role enum
ok 442 - device-tree.yml roles align with the schema role enum
  ---
  duration_ms: 1.776339
  type: 'test'
  ...
# Subtest: decompose: single-Block fallback when body has no \#\# Blocks section
ok 443 - decompose: single-Block fallback when body has no \#\# Blocks section
  ---
  duration_ms: 5.594466
  type: 'test'
  ...
# Subtest: decompose: parses \#\# Blocks bullets into ordered Blocks
ok 444 - decompose: parses \#\# Blocks bullets into ordered Blocks
  ---
  duration_ms: 7.463214
  type: 'test'
  ...
# Subtest: decompose: classifier routes names to the right role/kind
ok 445 - decompose: classifier routes names to the right role/kind
  ---
  duration_ms: 5.216369
  type: 'test'
  ...
# Subtest: decompose: checkpoint-gated label sets flag AND wires depends_on chain
ok 446 - decompose: checkpoint-gated label sets flag AND wires depends_on chain
  ---
  duration_ms: 4.108536
  type: 'test'
  ...
# Subtest: decompose: un-gated WR does NOT emit depends_on chain
ok 447 - decompose: un-gated WR does NOT emit depends_on chain
  ---
  duration_ms: 4.971359
  type: 'test'
  ...
# Subtest: decompose: high-stakes and owner-review-per-block labels also enable gating
ok 448 - decompose: high-stakes and owner-review-per-block labels also enable gating
  ---
  duration_ms: 9.355415
  type: 'test'
  ...
# Subtest: decompose: phase:* label maps to grid.goal_phase
ok 449 - decompose: phase:* label maps to grid.goal_phase
  ---
  duration_ms: 4.072422
  type: 'test'
  ...
# Subtest: decompose: rejects malformed input
ok 450 - decompose: rejects malformed input
  ---
  duration_ms: 1.151307
  type: 'test'
  ...
# Subtest: validate: single-Block output validates against schema
ok 451 - validate: single-Block output validates against schema
  ---
  duration_ms: 88.791775
  type: 'test'
  ...
# Subtest: validate: multi-Block checkpoint-gated output validates against schema
ok 452 - validate: multi-Block checkpoint-gated output validates against schema
  ---
  duration_ms: 8.029542
  type: 'test'
  ...
# Subtest: validate: rejects a contract with an unknown role
ok 453 - validate: rejects a contract with an unknown role
  ---
  duration_ms: 6.845698
  type: 'test'
  ...
# Subtest: validate: rejects a contract without at least one Thread per Block
ok 454 - validate: rejects a contract without at least one Thread per Block
  ---
  duration_ms: 7.693989
  type: 'test'
  ...
# Subtest: extractBlockHints: tolerates bold and "of N" suffixes
ok 455 - extractBlockHints: tolerates bold and "of N" suffixes
  ---
  duration_ms: 0.207784
  type: 'test'
  ...
# Subtest: classifyBlockName: unknown domain falls through to builder
ok 456 - classifyBlockName: unknown domain falls through to builder
  ---
  duration_ms: 0.125479
  type: 'test'
  ...
# Subtest: buildRegistry assembles hub entries from data/hub/entries JSON files
ok 457 - buildRegistry assembles hub entries from data/hub/entries JSON files
  ---
  duration_ms: 2.728211
  type: 'test'
  ...
# Subtest: buildRegistry rejects malformed entries
ok 458 - buildRegistry rejects malformed entries
  ---
  duration_ms: 3.401296
  type: 'test'
  ...
# Subtest: buildRegistry rejects duplicate slugs
ok 459 - buildRegistry rejects duplicate slugs
  ---
  duration_ms: 1.226543
  type: 'test'
  ...
# Subtest: validateEntry and liveUrl work standalone
ok 460 - validateEntry and liveUrl work standalone
  ---
  duration_ms: 1.745528
  type: 'test'
  ...
# Subtest: CLI writes both JSON and window-global artifacts
ok 461 - CLI writes both JSON and window-global artifacts
  ---
  duration_ms: 48.040063
  type: 'test'
  ...
# Subtest: committed hub-registry outputs match the committed entries
ok 462 - committed hub-registry outputs match the committed entries
  ---
  duration_ms: 1.428505
  type: 'test'
  ...
# Subtest: index.html wires the generated hub registry into the Live tabs grid
ok 463 - index.html wires the generated hub registry into the Live tabs grid
  ---
  duration_ms: 0.454389
  type: 'test'
  ...
# Subtest: image SEO automation pack presence
    # Subtest: required path exists: standards/IMAGE_CREATION_SEO_AUTOMATION.md
    ok 1 - required path exists: standards/IMAGE_CREATION_SEO_AUTOMATION.md
      ---
      duration_ms: 3.123167
      type: 'test'
      ...
    # Subtest: required path exists: scripts/image-seo-build-pack.mjs
    ok 2 - required path exists: scripts/image-seo-build-pack.mjs
      ---
      duration_ms: 0.354421
      type: 'test'
      ...
    # Subtest: required path exists: scripts/image-seo-filename-qa.mjs
    ok 3 - required path exists: scripts/image-seo-filename-qa.mjs
      ---
      duration_ms: 0.178098
      type: 'test'
      ...
    # Subtest: required path exists: scripts/image-automation-auto-wr.mjs
    ok 4 - required path exists: scripts/image-automation-auto-wr.mjs
      ---
      duration_ms: 0.151218
      type: 'test'
      ...
    # Subtest: required path exists: .github/workflows/image-seo-pipeline.yml
    ok 5 - required path exists: .github/workflows/image-seo-pipeline.yml
      ---
      duration_ms: 0.232871
      type: 'test'
      ...
    # Subtest: required path exists: .github/workflows/release-banner-social.yml
    ok 6 - required path exists: .github/workflows/release-banner-social.yml
      ---
      duration_ms: 0.211425
      type: 'test'
      ...
    # Subtest: required path exists: .github/workflows/image-seo-qa.yml
    ok 7 - required path exists: .github/workflows/image-seo-qa.yml
      ---
      duration_ms: 0.234669
      type: 'test'
      ...
    # Subtest: required path exists: workflows/blueprints/image-seo-pipeline.gumloop.json
    ok 8 - required path exists: workflows/blueprints/image-seo-pipeline.gumloop.json
      ---
      duration_ms: 0.268722
      type: 'test'
      ...
    # Subtest: required path exists: workflows/blueprints/release-banner-social.n8n.json
    ok 9 - required path exists: workflows/blueprints/release-banner-social.n8n.json
      ---
      duration_ms: 0.474966
      type: 'test'
      ...
    # Subtest: required path exists: workflows/blueprints/image-seo.zapier.json
    ok 10 - required path exists: workflows/blueprints/image-seo.zapier.json
      ---
      duration_ms: 0.507915
      type: 'test'
      ...
    # Subtest: required path exists: config/connections.image-automation.yml
    ok 11 - required path exists: config/connections.image-automation.yml
      ---
      duration_ms: 0.163128
      type: 'test'
      ...
    # Subtest: required path exists: wr/pending/WR-image-seo-lsi-release-2026-08-05.md
    ok 12 - required path exists: wr/pending/WR-image-seo-lsi-release-2026-08-05.md
      ---
      duration_ms: 0.159899
      type: 'test'
      ...
    1..12
ok 464 - image SEO automation pack presence
  ---
  duration_ms: 8.003662
  type: 'suite'
  ...
# Subtest: image-seo-build-pack
    # Subtest: slugify and unique helpers
    ok 1 - slugify and unique helpers
      ---
      duration_ms: 10.837672
      type: 'test'
      ...
    # Subtest: buildPack emits image_creation/v1 with auto_merge false
    ok 2 - buildPack emits image_creation/v1 with auto_merge false
      ---
      duration_ms: 1.549871
      type: 'test'
      ...
    # Subtest: CLI writes pack JSON
    ok 3 - CLI writes pack JSON
      ---
      duration_ms: 54.280035
      type: 'test'
      ...
    1..3
ok 465 - image-seo-build-pack
  ---
  duration_ms: 66.916096
  type: 'suite'
  ...
# Subtest: image-seo-filename-qa
    # Subtest: flags blocker basenames and passes SEO slugs
    ok 1 - flags blocker basenames and passes SEO slugs
      ---
      duration_ms: 2.760107
      type: 'test'
      ...
    # Subtest: CLI exits 1 on bad names and 0 on good
    ok 2 - CLI exits 1 on bad names and 0 on good
      ---
      duration_ms: 107.646202
      type: 'test'
      ...
    1..2
ok 466 - image-seo-filename-qa
  ---
  duration_ms: 110.614797
  type: 'suite'
  ...
# Subtest: workflows enforce automation-first gates
    # Subtest: image-seo-pipeline is draft-only and SHA-pinned
    ok 1 - image-seo-pipeline is draft-only and SHA-pinned
      ---
      duration_ms: 0.861522
      type: 'test'
      ...
    # Subtest: release-banner-social builds pack and safe Discord payload
    ok 2 - release-banner-social builds pack and safe Discord payload
      ---
      duration_ms: 0.362389
      type: 'test'
      ...
    # Subtest: image-seo-qa uses shared filename QA script
    ok 3 - image-seo-qa uses shared filename QA script
      ---
      duration_ms: 0.35457
      type: 'test'
      ...
    1..3
ok 467 - workflows enforce automation-first gates
  ---
  duration_ms: 1.806535
  type: 'suite'
  ...
# Subtest: connections + blueprints
    # Subtest: connections.image-automation.yml lists secret names only
    ok 1 - connections.image-automation.yml lists secret names only
      ---
      duration_ms: 0.436305
      type: 'test'
      ...
    # Subtest: blueprints keep auto_merge false and no embedded secrets
    ok 2 - blueprints keep auto_merge false and no embedded secrets
      ---
      duration_ms: 0.927571
      type: 'test'
      ...
    1..2
ok 468 - connections + blueprints
  ---
  duration_ms: 3.249134
  type: 'suite'
  ...
# Subtest: standard + auto-wr
    # Subtest: standard forbids studio as production control plane
    ok 1 - standard forbids studio as production control plane
      ---
      duration_ms: 0.392672
      type: 'test'
      ...
    # Subtest: auto-wr re-emits manifest with zero missing
    ok 2 - auto-wr re-emits manifest with zero missing
      ---
      duration_ms: 164.627382
      type: 'test'
      ...
    1..2
ok 469 - standard + auto-wr
  ---
  duration_ms: 165.223298
  type: 'suite'
  ...
# Subtest: labels-allowlist.yml parses with the real yaml package
ok 470 - labels-allowlist.yml parses with the real yaml package
  ---
  duration_ms: 27.120737
  type: 'test'
  ...
# Subtest: allowlist stays at or under max_labels_total (≤80)
ok 471 - allowlist stays at or under max_labels_total (≤80)
  ---
  duration_ms: 19.943183
  type: 'test'
  ...
# Subtest: fleet merge-routing labels are first-class allowlist entries
ok 472 - fleet merge-routing labels are first-class allowlist entries
  ---
  duration_ms: 19.570836
  type: 'test'
  ...
# Subtest: strict checker accepts bare ready-to-merge (regression for \#16929)
ok 473 - strict checker accepts bare ready-to-merge (regression for \#16929)
  ---
  duration_ms: 113.695649
  type: 'test'
  ...
# Subtest: strict checker accepts the \#16929 live label soup after allowlist fix
ok 474 - strict checker accepts the \#16929 live label soup after allowlist fix
  ---
  duration_ms: 118.605277
  type: 'test'
  ...
# Subtest: status:ready-to-merge maps to ready-to-merge (not default in-review)
ok 475 - status:ready-to-merge maps to ready-to-merge (not default in-review)
  ---
  duration_ms: 117.696506
  type: 'test'
  ...
# Subtest: strict checker still rejects truly unknown labels
ok 476 - strict checker still rejects truly unknown labels
  ---
  duration_ms: 109.177846
  type: 'test'
  ...
# Subtest: strict checker accepts the label set wr-pr-creation.yml puts on a WR PR
ok 477 - strict checker accepts the label set wr-pr-creation.yml puts on a WR PR
  ---
  duration_ms: 123.087263
  type: 'test'
  ...
# Subtest: research: lanes resolve by prefix, so a brand-new lane cannot re-break the gate
ok 478 - research: lanes resolve by prefix, so a brand-new lane cannot re-break the gate
  ---
  duration_ms: 123.998052
  type: 'test'
  ...
# Subtest: research:blocked and research:review-needed keep their distinct meaning
ok 479 - research:blocked and research:review-needed keep their distinct meaning
  ---
  duration_ms: 231.31261
  type: 'test'
  ...
# Subtest: the allowlist fix adds no first-class labels (count pinned, not just under budget)
ok 480 - the allowlist fix adds no first-class labels (count pinned, not just under budget)
  ---
  duration_ms: 10.081941
  type: 'test'
  ...
# Subtest: deliver:* resolves by prefix — WR PRs carry one per Output Type
ok 481 - deliver:* resolves by prefix — WR PRs carry one per Output Type
  ---
  duration_ms: 1136.67294
  type: 'test'
  ...
# Subtest: research:reviewer stays a research lane and is not read as a review state
ok 482 - research:reviewer stays a research lane and is not read as a review state
  ---
  duration_ms: 116.283892
  type: 'test'
  ...
# Subtest: readEvents: non-existent file returns empty array
ok 483 - readEvents: non-existent file returns empty array
  ---
  duration_ms: 4.159207
  type: 'test'
  ...
# Subtest: readEvents: parses valid JSONL lines
ok 484 - readEvents: parses valid JSONL lines
  ---
  duration_ms: 1.097343
  type: 'test'
  ...
# Subtest: readEvents: silently skips malformed JSON lines
ok 485 - readEvents: silently skips malformed JSON lines
  ---
  duration_ms: 0.589887
  type: 'test'
  ...
# Subtest: readEvents: ignores blank lines
ok 486 - readEvents: ignores blank lines
  ---
  duration_ms: 0.516271
  type: 'test'
  ...
# Subtest: appendEvent: creates file if it does not exist and writes one event
ok 487 - appendEvent: creates file if it does not exist and writes one event
  ---
  duration_ms: 1.338868
  type: 'test'
  ...
# Subtest: appendEvent: injects a `ts` timestamp on every event
ok 488 - appendEvent: injects a `ts` timestamp on every event
  ---
  duration_ms: 1.222595
  type: 'test'
  ...
# Subtest: appendEvent: preserves event fields and does not overwrite caller ts
ok 489 - appendEvent: preserves event fields and does not overwrite caller ts
  ---
  duration_ms: 0.753839
  type: 'test'
  ...
# Subtest: appendEvent: successive calls append in order
ok 490 - appendEvent: successive calls append in order
  ---
  duration_ms: 0.607024
  type: 'test'
  ...
# Subtest: appendEvent: returns the serialised JSON line
ok 491 - appendEvent: returns the serialised JSON line
  ---
  duration_ms: 1.089694
  type: 'test'
  ...
# Subtest: renderLeaderboard: empty agents produces a "no scored PRs" row
ok 492 - renderLeaderboard: empty agents produces a "no scored PRs" row
  ---
  duration_ms: 0.931348
  type: 'test'
  ...
# Subtest: renderLeaderboard: single agent appears in the table
ok 493 - renderLeaderboard: single agent appears in the table
  ---
  duration_ms: 0.836302
  type: 'test'
  ...
# Subtest: renderLeaderboard: renders latency when present
ok 494 - renderLeaderboard: renders latency when present
  ---
  duration_ms: 0.273407
  type: 'test'
  ...
# Subtest: renderLeaderboard: renders recovery rate as a percentage
ok 495 - renderLeaderboard: renders recovery rate as a percentage
  ---
  duration_ms: 0.242018
  type: 'test'
  ...
# Subtest: renderLeaderboard: multiple agents are sorted by trust descending
ok 496 - renderLeaderboard: multiple agents are sorted by trust descending
  ---
  duration_ms: 0.532806
  type: 'test'
  ...
# Subtest: renderLeaderboard: includes the auto-generated header comment
ok 497 - renderLeaderboard: includes the auto-generated header comment
  ---
  duration_ms: 0.168657
  type: 'test'
  ...
# Subtest: writeLeaderboard: writes a file and returns its path
ok 498 - writeLeaderboard: writes a file and returns its path
  ---
  duration_ms: 0.789005
  type: 'test'
  ...
# Subtest: writeLeaderboard: written content is valid markdown with required sections
ok 499 - writeLeaderboard: written content is valid markdown with required sections
  ---
  duration_ms: 1.644399
  type: 'test'
  ...
# Subtest: writeLeaderboard: creates parent directory if missing
ok 500 - writeLeaderboard: creates parent directory if missing
  ---
  duration_ms: 1.389727
  type: 'test'
  ...
# Subtest: lint-md workflow exists and parses
ok 501 - lint-md workflow exists and parses
  ---
  duration_ms: 1.188145
  type: 'test'
  ...
# Subtest: lint-md uses nosborn/github-action-markdown-cli pinned to v3.5.0 SHA
ok 502 - lint-md uses nosborn/github-action-markdown-cli pinned to v3.5.0 SHA
  ---
  duration_ms: 0.751875
  type: 'test'
  ...
# Subtest: lint-md wires repo config and ignore_path (not examples/* demos)
ok 503 - lint-md wires repo config and ignore_path (not examples/* demos)
  ---
  duration_ms: 0.264481
  type: 'test'
  ...
# Subtest: lint-md is least-privilege and has a hard timeout
ok 504 - lint-md is least-privilege and has a hard timeout
  ---
  duration_ms: 0.943451
  type: 'test'
  ...
# Subtest: lint-md pins every third-party uses: line to a full commit SHA
ok 505 - lint-md pins every third-party uses: line to a full commit SHA
  ---
  duration_ms: 0.706079
  type: 'test'
  ...
# Subtest: .markdownlint.yaml and .markdownlintignore exist for the action inputs
ok 506 - .markdownlint.yaml and .markdownlintignore exist for the action inputs
  ---
  duration_ms: 2.67398
  type: 'test'
  ...
# Subtest: pr-lifecycle allowlist tracks the renamed markdown lint workflow
ok 507 - pr-lifecycle allowlist tracks the renamed markdown lint workflow
  ---
  duration_ms: 0.464731
  type: 'test'
  ...
# Ignoring non-executable fallback models for script execution: ollama/llama3 (ollama)
# PASS: exports ask and a Perplexity-first fallback chain
# PASS: uses the free no-key lane when it succeeds
# PASS: prepends the system instruction to the no-key prompt
# PASS: falls back to OpenRouter when the no-key lane fails
# PASS: preferNoKey:false skips the no-key lane entirely
# PASS: rejects an empty prompt
# Test Summary: 6 passed, 0 failed
# Subtest: tests/llm.test.js
ok 65 - tests/llm.test.js
  ---
  duration_ms: 56.117631
  type: 'test'
  ...
# Subtest: some workflow actually runs the full suite
ok 509 - some workflow actually runs the full suite
  ---
  duration_ms: 177.116336
  type: 'test'
  ...
# Subtest: no workflow swallows the exit code of npm test
ok 510 - no workflow swallows the exit code of npm test
  ---
  duration_ms: 1.205944
  type: 'test'
  ...
# Subtest: an npm test step may only be continue-on-error if its result is consumed
ok 511 - an npm test step may only be continue-on-error if its result is consumed
  ---
  duration_ms: 0.336646
  type: 'test'
  ...
# Subtest: no job running the suite is marked continue-on-error
ok 512 - no job running the suite is marked continue-on-error
  ---
  duration_ms: 0.223753
  type: 'test'
  ...
# Subtest: the suite actually runs for a push to main, conditions included
ok 513 - the suite actually runs for a push to main, conditions included
  ---
  duration_ms: 2.870152
  type: 'test'
  ...
# Subtest: the markdown gate lint-md.yml runs is green
ok 514 - the markdown gate lint-md.yml runs is green
  ---
  duration_ms: 18541.850515
  type: 'test'
  ...
# Subtest: .markdownlint.jsonc only defers to .markdownlint.yaml
ok 515 - .markdownlint.jsonc only defers to .markdownlint.yaml
  ---
  duration_ms: 31.391826
  type: 'test'
  ...
# Subtest: npm run lint goes through the shared entry point
ok 516 - npm run lint goes through the shared entry point
  ---
  duration_ms: 0.531016
  type: 'test'
  ...
# Subtest: the local gate derives its file set from .markdownlintignore
ok 517 - the local gate derives its file set from .markdownlintignore
  ---
  duration_ms: 3.004306
  type: 'test'
  ...
# Subtest: no second markdownlint config can override the yaml
ok 518 - no second markdownlint config can override the yaml
  ---
  duration_ms: 0.304725
  type: 'test'
  ...
# Subtest: the local gate covers .markdown, which CI also lints
ok 519 - the local gate covers .markdown, which CI also lints
  ---
  duration_ms: 53.99604
  type: 'test'
  ...
# Subtest: the local gate runs the cli through node, not the unix shim
ok 520 - the local gate runs the cli through node, not the unix shim
  ---
  duration_ms: 0.591253
  type: 'test'
  ...
# Subtest: lint-md.yml triggers on every extension the gate lints
ok 521 - lint-md.yml triggers on every extension the gate lints
  ---
  duration_ms: 62.190894
  type: 'test'
  ...
# Subtest: parseOrdersCsv maps Amazon order-history headers and skips empty rows
ok 522 - parseOrdersCsv maps Amazon order-history headers and skips empty rows
  ---
  duration_ms: 2.537732
  type: 'test'
  ...
# Subtest: parseOrdersCsv handles quoted commas and $ prices
ok 523 - parseOrdersCsv handles quoted commas and $ prices
  ---
  duration_ms: 0.712873
  type: 'test'
  ...
# Subtest: itemsFromLinks extracts ASIN from dp links
ok 524 - itemsFromLinks extracts ASIN from dp links
  ---
  duration_ms: 0.804273
  type: 'test'
  ...
# Subtest: image prompt encodes accuracy + staging guardrails and image-to-image
ok 525 - image prompt encodes accuracy + staging guardrails and image-to-image
  ---
  duration_ms: 0.441903
  type: 'test'
  ...
# Subtest: listing copy prompt forbids price research and auto-posting
ok 526 - listing copy prompt forbids price research and auto-posting
  ---
  duration_ms: 0.541261
  type: 'test'
  ...
# Subtest: enrichment prompt forbids account scraping
ok 527 - enrichment prompt forbids account scraping
  ---
  duration_ms: 1.871792
  type: 'test'
  ...
# Subtest: video storyboard prompt targets 30-40 seconds
ok 528 - video storyboard prompt targets 30-40 seconds
  ---
  duration_ms: 0.369204
  type: 'test'
  ...
# Subtest: suggestPrice = paid × margin, deterministic, no research
ok 529 - suggestPrice = paid × margin, deterministic, no research
  ---
  duration_ms: 0.207656
  type: 'test'
  ...
# Subtest: SpendTracker enforces the per-batch cap
ok 530 - SpendTracker enforces the per-batch cap
  ---
  duration_ms: 0.655821
  type: 'test'
  ...
# Subtest: dry-run pack for a USED item forbids AI images (real photos only)
ok 531 - dry-run pack for a USED item forbids AI images (real photos only)
  ---
  duration_ms: 2.282563
  type: 'test'
  ...
# Subtest: dry-run pack for a NEW item records image prompts (3 or 5)
ok 532 - dry-run pack for a NEW item records image prompts (3 or 5)
  ---
  duration_ms: 1.224718
  type: 'test'
  ...
# Subtest: live pack stops generating images at the spend cap
ok 533 - live pack stops generating images at the spend cap
  ---
  duration_ms: 2.915415
  type: 'test'
  ...
# Subtest: renderDashboard embeds packs and the human-review banner
ok 534 - renderDashboard embeds packs and the human-review banner
  ---
  duration_ms: 0.992221
  type: 'test'
  ...
# Subtest: applyDecisions records approve/reject/retry onto listing.json
ok 535 - applyDecisions records approve/reject/retry onto listing.json
  ---
  duration_ms: 3.621824
  type: 'test'
  ...
# Subtest: image_gen lane matches the agent-models.yml profile
ok 536 - image_gen lane matches the agent-models.yml profile
  ---
  duration_ms: 0.335233
  type: 'test'
  ...
# Subtest: auditWiring on the real repo reports fully wired after ship
ok 537 - auditWiring on the real repo reports fully wired after ship
  ---
  duration_ms: 5.039259
  type: 'test'
  ...
# Subtest: auditWiring fails closed on an empty temp tree
ok 538 - auditWiring fails closed on an empty temp tree
  ---
  duration_ms: 1.089342
  type: 'test'
  ...
# Subtest: isMergeMeInstallation recognizes marketplace slug variants
ok 539 - isMergeMeInstallation recognizes marketplace slug variants
  ---
  duration_ms: 0.404652
  type: 'test'
  ...
# Subtest: isMergeMeBotLogin matches bot logins only
ok 540 - isMergeMeBotLogin matches bot logins only
  ---
  duration_ms: 0.297893
  type: 'test'
  ...
# Subtest: renderMarkdownReport includes answer line and surface table
ok 541 - renderMarkdownReport includes answer line and surface table
  ---
  duration_ms: 1.054687
  type: 'test'
  ...
# Subtest: externalSetupSteps are non-empty actionable URLs
ok 542 - externalSetupSteps are non-empty actionable URLs
  ---
  duration_ms: 0.364313
  type: 'test'
  ...
# Subtest: connections.yml carries a mergeme app entry used by the workflow
ok 543 - connections.yml carries a mergeme app entry used by the workflow
  ---
  duration_ms: 0.413141
  type: 'test'
  ...
# Subtest: mergeme-status workflow is valid YAML-shaped Actions file
ok 544 - mergeme-status workflow is valid YAML-shaped Actions file
  ---
  duration_ms: 0.385894
  type: 'test'
  ...
# Subtest: model-router: getEnterpriseMatrix
    # Subtest: should load and combine enterprise architecture and model catalog matrices
    ok 1 - should load and combine enterprise architecture and model catalog matrices
      ---
      duration_ms: 1.755718
      type: 'test'
      ...
    # Subtest: should cache the enterprise matrix on subsequent calls
    ok 2 - should cache the enterprise matrix on subsequent calls
      ---
      duration_ms: 0.284753
      type: 'test'
      ...
    1..2
ok 545 - model-router: getEnterpriseMatrix
  ---
  duration_ms: 3.311696
  type: 'test'
  ...
# Subtest: fleet package directory exists
ok 546 - fleet package directory exists
  ---
  duration_ms: 1.777907
  type: 'test'
  ...
# Subtest: fleet package contains required deliverables
ok 547 - fleet package contains required deliverables
  ---
  duration_ms: 1.007491
  type: 'test'
  ...
# Subtest: package has no scaffolding markers in primary docs
ok 548 - package has no scaffolding markers in primary docs
  ---
  duration_ms: 0.89895
  type: 'test'
  ...
# Subtest: WR research document exists and marks tasks complete
ok 549 - WR research document exists and marks tasks complete
  ---
  duration_ms: 0.455044
  type: 'test'
  ...
# Subtest: package baseline tests pass
ok 550 - package baseline tests pass
  ---
  duration_ms: 64.801664
  type: 'test'
  ...
# ✅ PASS: VIDEO_PROVIDERS contains heygen, luma, runway in that order
# ✅ PASS: VIDEO_PROVIDERS each has envKey and label
# ✅ PASS: selectBestProvider returns first available when orchestrator choice is absent
# ✅ PASS: selectBestProvider honours orchestrator choice when it is in the available list
# ✅ PASS: selectBestProvider falls back to first when orchestrator choice is not in list
# ✅ PASS: selectBestProvider throws when available list is empty
# ✅ PASS: selectBestProvider throws when available list is null/undefined
# ✅ PASS: extractJsonFromContent parses a bare JSON string
# ✅ PASS: extractJsonFromContent extracts JSON from surrounding prose
# ✅ PASS: extractJsonFromContent correctly handles nested objects
# ✅ PASS: extractJsonFromContent stops at first balanced block (no greedy merge)
# ✅ PASS: extractJsonFromContent returns null for content with no JSON
# ✅ PASS: extractJsonFromContent returns null for invalid JSON in braces
# ✅ PASS: extractJsonFromContent returns null for null input
# ✅ PASS: extractJsonFromContent returns null for empty string
# ✅ PASS: extractJsonFromContent handles strings containing escaped quotes
# ✅ PASS: orchestrator safeParse delegates to balanced JSON extraction
# ✅ PASS: buildErrorJobStatus sets failure_reason and render_status=failed by default
# ✅ PASS: buildErrorJobStatus accepts a custom render_status
# ✅ PASS: normalizeProviderStatus heygen completed → artifact_created, video_exists=true
# ✅ PASS: normalizeProviderStatus heygen failed → failed, video_exists=false
# ✅ PASS: normalizeProviderStatus heygen processing → processing, video_exists=false
# ✅ PASS: normalizeProviderStatus luma completed → artifact_created, video_exists=true
# ✅ PASS: normalizeProviderStatus luma failed → failed, video_exists=false
# ✅ PASS: normalizeProviderStatus luma dreaming (unknown) → processing, video_exists=false
# ✅ PASS: normalizeProviderStatus runway (defined but unhandled) → processing
# ✅ PASS: normalizeProviderStatus unknown provider → processing, video_exists=false
# ✅ PASS: normalizeProviderStatus handles null/undefined rawStatus
# ✅ PASS: normalizeProviderStatus handles null/undefined/empty provider
# ✅ PASS: Music Video Creator polling treats provider completion as terminal success
# ============================================================
# Music Video API Test Summary
# ============================================================
# Passed: 30
# Failed: 0
# ============================================================
# Subtest: tests/music-video-api.test.js
ok 73 - tests/music-video-api.test.js
  ---
  duration_ms: 54.99493
  type: 'test'
  ...
# Subtest: Neon workflow lives where GitHub Actions reads workflows
ok 552 - Neon workflow lives where GitHub Actions reads workflows
  ---
  duration_ms: 1.396032
  type: 'test'
  ...
# Subtest: Neon is registered in the connections SSOT
ok 553 - Neon is registered in the connections SSOT
  ---
  duration_ms: 47.897423
  type: 'test'
  ...
# Subtest: Neon workflow is wired correctly
ok 554 - Neon workflow is wired correctly
  ---
  duration_ms: 1.099419
  type: 'test'
  ...
# Subtest: cleanup lookup follows every page of the paginated listing
ok 555 - cleanup lookup follows every page of the paginated listing
  ---
  duration_ms: 1927.217785
  type: 'test'
  ...
# Subtest: cleanup lookup reports a genuinely absent branch, and stops on a repeated cursor
ok 556 - cleanup lookup reports a genuinely absent branch, and stops on a repeated cursor
  ---
  duration_ms: 1632.583322
  type: 'test'
  ...
# Subtest: cleanup lookup fails loudly on a rejected API key
ok 557 - cleanup lookup fails loudly on a rejected API key
  ---
  duration_ms: 693.278841
  type: 'test'
  ...
# Subtest: cleanup lookup fails loudly on a malformed 200 (no branches array)
ok 558 - cleanup lookup fails loudly on a malformed 200 (no branches array)
  ---
  duration_ms: 755.983524
  type: 'test'
  ...
# Subtest: cleanup lookup keeps the API key out of argv
ok 559 - cleanup lookup keeps the API key out of argv
  ---
  duration_ms: 3.969188
  type: 'test'
  ...
# PASS: flags deletion of an existing app file
# PASS: flags mass line removal under protected paths
# PASS: allows a normal small edit
# PASS: ignores deletions outside protected paths
# PASS: ignores lockfile churn in protected paths
# PASS: allow-destroy label overrides the guard
# Test Summary: 6 passed, 0 failed
# Subtest: tests/no-destroy-guard.test.js
ok 75 - tests/no-destroy-guard.test.js
  ---
  duration_ms: 72.129784
  type: 'test'
  ...
# Subtest: fleet package directory exists
ok 561 - fleet package directory exists
  ---
  duration_ms: 1.674233
  type: 'test'
  ...
# Subtest: fleet package contains required deliverables
ok 562 - fleet package contains required deliverables
  ---
  duration_ms: 0.898988
  type: 'test'
  ...
# Subtest: package has no scaffolding markers in primary docs
ok 563 - package has no scaffolding markers in primary docs
  ---
  duration_ms: 0.86816
  type: 'test'
  ...
# Subtest: WR research document exists and marks tasks complete
ok 564 - WR research document exists and marks tasks complete
  ---
  duration_ms: 0.48007
  type: 'test'
  ...
# Subtest: package baseline tests pass
ok 565 - package baseline tests pass
  ---
  duration_ms: 90.43609
  type: 'test'
  ...
# Subtest: the scan is not vacuous
ok 566 - the scan is not vacuous
  ---
  duration_ms: 284.635384
  type: 'test'
  ...
# Subtest: no shell run: block interpolates an attacker-controlled expression
ok 567 - no shell run: block interpolates an attacker-controlled expression
  ---
  duration_ms: 103.681369
  type: 'test'
  ...
# Subtest: no github-script script: block interpolates an attacker-controlled expression
ok 568 - no github-script script: block interpolates an attacker-controlled expression
  ---
  duration_ms: 114.524708
  type: 'test'
  ...
# Subtest: the known-remaining list only shrinks
ok 569 - the known-remaining list only shrinks
  ---
  duration_ms: 101.806417
  type: 'test'
  ...
# Subtest: env: is still allowed to carry the expression
ok 570 - env: is still allowed to carry the expression
  ---
  duration_ms: 83.072306
  type: 'test'
  ...
# Subtest: jules-coding-agent.yml is disabled and cannot fire on a comment
ok 571 - jules-coding-agent.yml is disabled and cannot fire on a comment
  ---
  duration_ms: 193.250256
  type: 'test'
  ...
# Subtest: no live workflow step opens a PR body claiming Closes \#N from an unguarded input
ok 572 - no live workflow step opens a PR body claiming Closes \#N from an unguarded input
  ---
  duration_ms: 103.964235
  type: 'test'
  ...
# Subtest: no live workflow commits a placeholder and calls it work
ok 573 - no live workflow commits a placeholder and calls it work
  ---
  duration_ms: 107.421391
  type: 'test'
  ...
# Subtest: no live workflow builds a git ref from an unguarded issue-number input
ok 574 - no live workflow builds a git ref from an unguarded issue-number input
  ---
  duration_ms: 100.086032
  type: 'test'
  ...
# GitHub HTTP 403 (primary) for /repos/midnghtsapphire/revvel-standards/pulls/1/reviews — retry 1/3 in 5ms
# Subtest: isQuotaDeathComment matches known Octopus quota banners (case-insensitive)
ok 575 - isQuotaDeathComment matches known Octopus quota banners (case-insensitive)
  ---
  duration_ms: 1.660406
  type: 'test'
  ...
# Subtest: isQuotaDeathComment does NOT match healthy reviews or empty bodies
ok 576 - isQuotaDeathComment does NOT match healthy reviews or empty bodies
  ---
  duration_ms: 0.221548
  type: 'test'
  ...
# Subtest: loadReviewProfile resolves the review profile from agent-models.yml
ok 577 - loadReviewProfile resolves the review profile from agent-models.yml
  ---
  duration_ms: 42.68117
  type: 'test'
  ...
# Subtest: dedupe marker and bot login are stable identifiers
ok 578 - dedupe marker and bot login are stable identifiers
  ---
  duration_ms: 0.217417
  type: 'test'
  ...
# Subtest: workflow guards the issue_comment lane to octopus-review[bot] quota banners
ok 579 - workflow guards the issue_comment lane to octopus-review[bot] quota banners
  ---
  duration_ms: 8.978528
  type: 'test'
  ...
# Subtest: workflow covers all three lanes: quota comment, sweep schedule, manual dispatch
ok 580 - workflow covers all three lanes: quota comment, sweep schedule, manual dispatch
  ---
  duration_ms: 3.247744
  type: 'test'
  ...
# Subtest: isRateLimitedResponse matches 429 and GitHub rate-limit 403 bodies, not permission 403s
ok 581 - isRateLimitedResponse matches 429 and GitHub rate-limit 403 bodies, not permission 403s
  ---
  duration_ms: 0.321502
  type: 'test'
  ...
# Subtest: classifyRateLimit distinguishes PRIMARY (installation budget) from SECONDARY (abuse) limits
ok 582 - classifyRateLimit distinguishes PRIMARY (installation budget) from SECONDARY (abuse) limits
  ---
  duration_ms: 0.291489
  type: 'test'
  ...
# Subtest: computePrimaryResetWaitMs reads x-ratelimit-reset as a Unix-seconds timestamp
ok 583 - computePrimaryResetWaitMs reads x-ratelimit-reset as a Unix-seconds timestamp
  ---
  duration_ms: 0.55331
  type: 'test'
  ...
# Subtest: computeRetryDelayMs honors Retry-After in full (bounded only by the shared wait ceiling), falls back to short capped exponential backoff
ok 584 - computeRetryDelayMs honors Retry-After in full (bounded only by the shared wait ceiling), falls back to short capped exponential backoff
  ---
  duration_ms: 0.564882
  type: 'test'
  ...
# Subtest: computeRetryDelayMs honors an explicit Retry-After: 0 as "retry immediately", not "missing"
ok 585 - computeRetryDelayMs honors an explicit Retry-After: 0 as "retry immediately", not "missing"
  ---
  duration_ms: 0.223218
  type: 'test'
  ...
# GitHub HTTP 403 (primary) for /repos/midnghtsapphire/revvel-standards/pulls/1/reviews — retry 1/3 in 5ms
# Subtest: githubRequest falls back to short backoff for a primary-worded 403 with NO rate-limit headers to read a reset from
ok 586 - githubRequest falls back to short backoff for a primary-worded 403 with NO rate-limit headers to read a reset from
  ---
  duration_ms: 12.976161
  type: 'test'
  ...
# GitHub HTTP 403 (primary) for /repos/midnghtsapphire/revvel-standards/pulls/1/reviews — retry 2/3 in 10ms
# GitHub HTTP 403 (primary) for /repos/midnghtsapphire/revvel-standards/pulls/1/reviews — retry 3/3 in 20ms
# GitHub HTTP 403 (primary rate limit) for /repos/midnghtsapphire/revvel-standards/pulls/2/reviews — waiting 2s for x-ratelimit-reset (attempt 1/3)
# Subtest: githubRequest gives up after exhausting retries on a persistent header-less rate limit
ok 587 - githubRequest gives up after exhausting retries on a persistent header-less rate limit
  ---
  duration_ms: 41.836142
  type: 'test'
  ...
# GitHub HTTP 403 (primary rate limit — installation budget exhausted) for /repos/midnghtsapphire/revvel-standards/pulls/3/reviews: budget resets in 3600s, longer than this job can wait for (cap 3s, given timeout-minutes: 15). Not retrying in-process — the 6-hourly schedule sweep in octopus-review-fallback.yml will pick this PR back up once the budget resets.
# Subtest: githubRequest waits out the ACTUAL x-ratelimit-reset time for a real PRIMARY limit within the wait ceiling
# GitHub HTTP 403 (secondary) for /repos/midnghtsapphire/revvel-standards/pulls/4/reviews — retry 1/3 in 1000ms
ok 588 - githubRequest waits out the ACTUAL x-ratelimit-reset time for a real PRIMARY limit within the wait ceiling
  ---
  duration_ms: 1087.079655
  type: 'test'
  ...
# Subtest: githubRequest gives up immediately (no wasted retries) when a PRIMARY limit reset exceeds the in-process wait ceiling
ok 589 - githubRequest gives up immediately (no wasted retries) when a PRIMARY limit reset exceeds the in-process wait ceiling
  ---
  duration_ms: 0.999552
  type: 'test'
  ...
# GitHub HTTP 403 (secondary) for /repos/midnghtsapphire/revvel-standards/pulls/6/reviews: server asked for a 9999s wait (Retry-After), longer than this job can wait for (cap 3s, given timeout-minutes: 15). Not retrying early — the 6-hourly schedule sweep will pick this PR back up later.
# Subtest: githubRequest retries a SECONDARY (abuse-detection) limit with short backoff, honoring Retry-After
ok 590 - githubRequest retries a SECONDARY (abuse-detection) limit with short backoff, honoring Retry-After
  ---
  duration_ms: 1001.755935
  type: 'test'
  ...
# Subtest: githubRequest gives up immediately when a SECONDARY Retry-After exceeds the in-process wait ceiling (no truncate-and-retry-early)
ok 591 - githubRequest gives up immediately when a SECONDARY Retry-After exceeds the in-process wait ceiling (no truncate-and-retry-early)
  ---
  duration_ms: 1.136222
  type: 'test'
  ...
# Subtest: githubRequest does not retry a non-rate-limit error (fails fast)
ok 592 - githubRequest does not retry a non-rate-limit error (fails fast)
  ---
  duration_ms: 0.50804
  type: 'test'
  ...
# Subtest: githubRequest does not retry a genuine permissions 403 (fails fast, still confirms real permission errors are never mistaken for rate limits)
ok 593 - githubRequest does not retry a genuine permissions 403 (fails fast, still confirms real permission errors are never mistaken for rate limits)
  ---
  duration_ms: 0.381153
  type: 'test'
  ...
# Subtest: shouldReview reads the real comments endpoint and finds an existing fallback marker
ok 594 - shouldReview reads the real comments endpoint and finds an existing fallback marker
  ---
  duration_ms: 0.570719
  type: 'test'
  ...
# Subtest: shouldReview returns true (eligible) when no fallback marker exists yet, without throwing
ok 595 - shouldReview returns true (eligible) when no fallback marker exists yet, without throwing
  ---
  duration_ms: 0.665535
  type: 'test'
  ...
# Subtest: postFallbackReview posts to the real issues/comments endpoint with the body as JSON payload
ok 596 - postFallbackReview posts to the real issues/comments endpoint with the body as JSON payload
  ---
  duration_ms: 0.625554
  type: 'test'
  ...
# Subtest: openrouter-coder workflow only starts from approved labels or manual dispatch
ok 597 - openrouter-coder workflow only starts from approved labels or manual dispatch
  ---
  duration_ms: 20.83798
  type: 'test'
  ...
# Subtest: openrouter-coder workflow invokes the checked-in coder script
ok 598 - openrouter-coder workflow invokes the checked-in coder script
  ---
  duration_ms: 6.049371
  type: 'test'
  ...
# Subtest: openrouter-coder workflow accepts dispatcher prompt input without rejecting dispatch
ok 599 - openrouter-coder workflow accepts dispatcher prompt input without rejecting dispatch
  ---
  duration_ms: 4.839646
  type: 'test'
  ...
# Running openrouter-personas.js tests...
# Test Group: Persona Registry
# ✅ Registry contains every mandatory core + fleet persona (extras allowed)
# ✅ Every persona has handle, name, role, instructions, and a routing strategy
# ✅ The Professor pins the Perplexity Sonar model lane
# ✅ Emoticon bank includes the DRAGNET emoji in analysis picks
# ✅ Exports a stable emoticon bank for comment-trigger helpers
# Test Group: getPersona
# ✅ Resolves a plain handle
# ✅ Resolves a handle with @ and mixed case
# ✅ Resolves an emoji alias to its persona
# ✅ Resolves the circleci alias to ORBIT
# ✅ Resolves the ⭕ emoji alias to ORBIT
# ✅ Resolves the octopus alias to OCTO
# ✅ Resolves the 🐙 emoji alias to OCTO
# ✅ Resolves the mabl alias to MENDER
# ✅ Resolves the 🧪 emoji alias to MENDER
# ✅ Throws on unknown persona
# ✅ Throws on empty handle
# Test Group: normalizeMode
# ✅ "right away" -> eager
# ✅ "eager" -> eager
# ✅ "now" -> eager
# ✅ "on assignment" -> on_assignment
# ✅ Defaults to on_assignment
# ✅ Throws on unknown mode
# Test Group: buildMessages
# ✅ Builds a two-message array
# ✅ First message is the system prompt
# ✅ System prompt carries the persona instructions
# ✅ Second message is the task
# Test Group: Instantiate — on assignment (deferred)
# ✅ Deferred handle is not yet instantiated
# ✅ Deferred handle reports on_assignment mode
# ✅ Deferred handle exposes assign()
# Test Group: instantiateFleet (deferred)
# ✅ Fleet registers every persona in the registry by default
# ✅ Each fleet member is a deferred handle
# Test Group: Instantiate — runs hit the router
# ✅ Eager instantiation attempts a router call (rejects with fake key)
# ✅ On-assignment with a task attempts a router call (rejects with fake key)
# ✅ Deferred assign() attempts a router call (rejects with fake key)
# ✅ Rejects a non-string task
# ✅ Rejects unknown persona
# ================================================================================
# Test Summary
# ================================================================================
# Passed: 36
# Failed: 0
# ================================================================================
# Subtest: tests/openrouter-personas.test.js
ok 81 - tests/openrouter-personas.test.js
  ---
  duration_ms: 194.962996
  type: 'test'
  ...
# Running openrouter-routing.js tests...
# Test Group: Routing Profiles Structure
# ✅ Should have expected routing profiles
# Test Group: repo_surgery Profile
# ✅ repo_surgery should have correct model fallback chain
# ✅ repo_surgery should have correct description
# Test Group: cheap_batch_edits Profile
# ✅ cheap_batch_edits should have correct model fallback chain
# ✅ cheap_batch_edits should have correct description
# Test Group: hard_debug Profile
# ✅ hard_debug should have correct model fallback chain
# ✅ hard_debug should have correct description
# Test Group: deep_search Profile
# ✅ deep_search should have Sonnet 3.5 + Fusion chain
# ✅ deep_search should have correct description
# Test Group: Error Handling
# ✅ Should throw error for unknown profile with available profiles listed
# Test Group: Silent Mode
# ✅ Should work in silent mode (no console output)
# Test Group: routedChat Validation
# 🔀 Routing profile: repo_surgery
# 📝 Description: Multi-file edits, bug fixing, refactors, and 'take initiative' tasks
# 🎯 Requested models (fallback order): anthropic/claude-sonnet-4 → deepseek/deepseek-v3.2 → openai/gpt-5.2-codex
# ❌ All models in fallback chain failed: OPENROUTER_API_KEY is required (set via environment or apiKey parameter)
# ❌ All models in fallback chain failed: messages array is required and must contain at least one message
# ✅ Should reject when OPENROUTER_API_KEY is not set
# ✅ Should reject with invalid profile
# 🔀 Routing profile: repo_surgery
# 📝 Description: Multi-file edits, bug fixing, refactors, and 'take initiative' tasks
# 🎯 Requested models (fallback order): anthropic/claude-sonnet-4 → deepseek/deepseek-v3.2 → openai/gpt-5.2-codex
# ✅ Should reject with empty messages array
# Test Group: Integration Tests (with API key)
# ⚠️  Skipping live API tests to avoid costs. To test manually, run:
#     node scripts/openrouter-routing-example.js repo_surgery "Hello, world!"
# ================================================================================
# Test Summary
# ================================================================================
# Passed: 14
# Failed: 0
# ================================================================================
# Subtest: tests/openrouter-routing.test.js
ok 82 - tests/openrouter-routing.test.js
  ---
  duration_ms: 131.950792
  type: 'test'
  ...
# ✅ PASS: buildSystemPrompt includes triage sections and provided labels
# ✅ PASS: default triage routing comes from cheap SSOT profile with tight cap
# ✅ PASS: buildUserPrompt includes event kind and fallback body behavior
# ✅ PASS: buildUserPrompt includes comment context and unwrapped LinkedIn URLs
# ✅ PASS: normalizeUrl unwraps LinkedIn safety redirects
# ✅ PASS: extractUrls and collectUrlContext dedupe normalized URLs
# ✅ PASS: truncateForComment truncates long bodies and leaves short ones untouched
# ✅ PASS: buildFailureComment(needs-key) surfaces the operator action and labels
# ✅ PASS: buildFailureComment(triage-failed) captures the error and references recovery
# ✅ PASS: FAILURE_LABELS are aligned with .github/labels.yml names
# ✅ PASS: buildPerplexityTriageScript emits Python that parses with quoted install hints
# Test Summary: 11 passed, 0 failed
# Subtest: tests/openrouter-triage.test.js
ok 83 - tests/openrouter-triage.test.js
  ---
  duration_ms: 400.945137
  type: 'test'
  ...
# PASS: maps output_type and shape to ship-to-market deliver channels
# PASS: runner targets are valid schema enum values
# PASS: buildState produces a schema-valid state with revenue + goal preserved
# PASS: the deliver step carries the routed channel
# PASS: orchestrate refuses intake without a revenue target (CONTRACT Rule 4)
# PASS: orchestrate refuses intake without a product_slug
# PASS: orchestrate returns the deliver label and a routed state (dry-run, no write)
# PASS: orchestrate writes a schema-valid state.json when not dry-run
# PASS: parseIntake reads JSON and coerces revenue/goal_phase
# PASS: engine loop chains research -> deliver -> done when the key is present
# PASS: engine loop halts with a Procurement BOM when OPENROUTER_API_KEY is missing
# PASS: engine loop writes BOM.md to disk when not dry-run
# Test Summary: 12 passed, 0 failed
# Subtest: tests/orchestrate.test.js
ok 84 - tests/orchestrate.test.js
  ---
  duration_ms: 187.19283
  type: 'test'
  ...
# package integrity: ok
#   duplicate keys: 0
#   lockfile sync: ok (npm ci --dry-run)
# package integrity: FAILED
#   - ../tmp/pkg-integrity-cli-0FAbMn/package.json: duplicate key "c8" at line 5 (first seen at line 4). JSON keeps the last value only — this silently reverts version bumps and desyncs package-lock.json (CircleCI job 11069 / npm ci EUSAGE).
# package integrity: FAILED
#   - --json requires a path argument
# package integrity: FAILED
#   - --cwd requires a path argument
# Subtest: findDuplicateKeys
    # Subtest: flags the exact CircleCI job 11069 c8 duplicate-key shape
    ok 1 - flags the exact CircleCI job 11069 c8 duplicate-key shape
      ---
      duration_ms: 3.375616
      type: 'test'
      ...
    # Subtest: allows the same key name in sibling nested objects
    ok 2 - allows the same key name in sibling nested objects
      ---
      duration_ms: 0.989852
      type: 'test'
      ...
    # Subtest: returns empty for a clean package.json-shaped document
    ok 3 - returns empty for a clean package.json-shaped document
      ---
      duration_ms: 0.250249
      type: 'test'
      ...
    # Subtest: ignores braces inside string values when tracking object scope
    ok 4 - ignores braces inside string values when tracking object scope
      ---
      duration_ms: 0.407673
      type: 'test'
      ...
    # Subtest: attributes nested keys on inline object lines to the child scope
    ok 5 - attributes nested keys on inline object lines to the child scope
      ---
      duration_ms: 0.232349
      type: 'test'
      ...
    1..5
ok 604 - findDuplicateKeys
  ---
  duration_ms: 6.727063
  type: 'suite'
  ...
# Subtest: checkPackageJsonText
    # Subtest: fails closed on the c8 duplicate and names the CircleCI symptom
    ok 1 - fails closed on the c8 duplicate and names the CircleCI symptom
      ---
      duration_ms: 0.635357
      type: 'test'
      ...
    # Subtest: rejects invalid JSON
    ok 2 - rejects invalid JSON
      ---
      duration_ms: 0.384049
      type: 'test'
      ...
    # Subtest: passes a well-formed unique-key document
    ok 3 - passes a well-formed unique-key document
      ---
      duration_ms: 0.409669
      type: 'test'
      ...
    1..3
ok 605 - checkPackageJsonText
  ---
  duration_ms: 1.879339
  type: 'suite'
  ...
# Subtest: live repository package.json
    # Subtest: has no duplicate keys (would silently desync the lockfile)
    ok 1 - has no duplicate keys (would silently desync the lockfile)
      ---
      duration_ms: 0.982626
      type: 'test'
      ...
    # Subtest: package-lock.json is in sync (npm ci --dry-run)
    ok 2 - package-lock.json is in sync (npm ci --dry-run)
      ---
      duration_ms: 717.67405
      type: 'test'
      ...
    # Subtest: runChecks on the repo root is clean
    ok 3 - runChecks on the repo root is clean
      ---
      duration_ms: 687.964528
      type: 'test'
      ...
    1..3
ok 606 - live repository package.json
  ---
  duration_ms: 1407.186136
  type: 'suite'
  ...
# Subtest: checkLockfileSync fixture
    # Subtest: fails when package.json range does not match the lockfile
    ok 1 - fails when package.json range does not match the lockfile
      ---
      duration_ms: 1142.20698
      type: 'test'
      ...
    # Subtest: fails when package-lock.json is missing
    ok 2 - fails when package-lock.json is missing
      ---
      duration_ms: 1.935897
      type: 'test'
      ...
    1..2
ok 607 - checkLockfileSync fixture
  ---
  duration_ms: 1144.325937
  type: 'suite'
  ...
# Subtest: CLI main()
    # Subtest: exits 0 on the live repo
    ok 1 - exits 0 on the live repo
      ---
      duration_ms: 678.965338
      type: 'test'
      ...
    # Subtest: exits 1 when pointed at a duplicate-key package.json
    ok 2 - exits 1 when pointed at a duplicate-key package.json
      ---
      duration_ms: 3.45522
      type: 'test'
      ...
    # Subtest: is executable via node scripts/check-package-integrity.js
    ok 3 - is executable via node scripts/check-package-integrity.js
      ---
      duration_ms: 47.258971
      type: 'test'
      ...
    # Subtest: exits 1 when --json is missing its path argument
    ok 4 - exits 1 when --json is missing its path argument
      ---
      duration_ms: 0.746427
      type: 'test'
      ...
    1..4
ok 608 - CLI main()
  ---
  duration_ms: 730.695436
  type: 'suite'
  ...
# PASS: parseSection reads Output Type with (required)
# PASS: parseSection reads PDF pipeline batch
# PASS: parsePdfWorkRequest returns autocreate 3
# PASS: Not applicable maps to autocreateCount 1
# PASS: forceSellablePdf when body missing Output Type line
# Subtest: tests/parse-pdf-work-request.test.js
ok 86 - tests/parse-pdf-work-request.test.js
  ---
  duration_ms: 44.937721
  type: 'test'
  ...
# Subtest: classify: the semver ReDoS example
ok 610 - classify: the semver ReDoS example
  ---
  duration_ms: 5.715296
  type: 'test'
  ...
# Subtest: classify: missing/garbage resolution is unknown, never a false "safe"
ok 611 - classify: missing/garbage resolution is unknown, never a false "safe"
  ---
  duration_ms: 0.244214
  type: 'test'
  ...
# Subtest: recommendedFloor: minimal in-major bump, no surprise majors
ok 612 - recommendedFloor: minimal in-major bump, no surprise majors
  ---
  duration_ms: 0.587827
  type: 'test'
  ...
# Subtest: declaredRange finds the dependency across dependency fields
ok 613 - declaredRange finds the dependency across dependency fields
  ---
  duration_ms: 1.029805
  type: 'test'
  ...
# Subtest: the seeded advisory feed loads and contains the semver CVE
ok 614 - the seeded advisory feed loads and contains the semver CVE
  ---
  duration_ms: 0.377615
  type: 'test'
  ...
# Subtest: commenting on a PR via rest.issues is satisfied by pull-requests: write
ok 615 - commenting on a PR via rest.issues is satisfied by pull-requests: write
  ---
  duration_ms: 14.883633
  type: 'test'
  ...
# Subtest: labelling through the issues namespace is satisfied by either scope
ok 616 - labelling through the issues namespace is satisfied by either scope
  ---
  duration_ms: 3.108816
  type: 'test'
  ...
# Subtest: opening a NEW issue still requires issues: write
ok 617 - opening a NEW issue still requires issues: write
  ---
  duration_ms: 1.422494
  type: 'test'
  ...
# Subtest: an action known to need a scope makes holding that scope not excess
ok 618 - an action known to need a scope makes holding that scope not excess
  ---
  duration_ms: 1.59299
  type: 'test'
  ...
# Subtest: an unreadable action downgrades excess to unverified, not silence
ok 619 - an unreadable action downgrades excess to unverified, not silence
  ---
  duration_ms: 2.794945
  type: 'test'
  ...
# Subtest: a job that only checks out and runs a script still reports excess
ok 620 - a job that only checks out and runs a script still reports excess
  ---
  duration_ms: 2.062204
  type: 'test'
  ...
# Subtest: gh workflow run without actions: write is still reported missing
ok 621 - gh workflow run without actions: write is still reported missing
  ---
  duration_ms: 1.264729
  type: 'test'
  ...
# Subtest: a workflow that does not parse is reported, not silently skipped
ok 622 - a workflow that does not parse is reported, not silently skipped
  ---
  duration_ms: 1.633825
  type: 'test'
  ...
# PASS: exports the no-key primary and OpenRouter backup lanes
# PASS: buildResearchPrompt includes issue details and recent comments
# PASS: buildResearchPrompt handles empty body gracefully
# PASS: buildResearchPrompt contains the required output sections
# PASS: callPerplexityNoKey uses the python no-key bridge with sonar + auto fallback
# PASS: callPerplexityNoKey throws when the bridge returns nothing
# PASS: workflow installs helallao/perplexity-ai and requires no PERPLEXITY_API_KEY
# PASS: no-key integration doc exists and references the Rex / oAudrey lane
# PASS: OpenRouter deep_search fallback keeps Sonnet 3.5 + Fusion and returns text content
# Test Summary: 9 passed, 0 failed
# Subtest: tests/perplexity-research-issue.test.js
ok 89 - tests/perplexity-research-issue.test.js
  ---
  duration_ms: 67.301863
  type: 'test'
  ...
# PASS: parses /professor shortcut with a task
# PASS: parses other persona shortcuts
# PASS: parses emoji shortcuts for low-typing commands
# PASS: parses the /persona <name> <task> form
# PASS: is case-insensitive on the handle
# PASS: does NOT trigger on an @name mention (avoids pinging real users)
# PASS: falls back to the full body as task when only a shortcut is present
# PASS: returns null when there is no persona trigger
# PASS: detects an action verb (execution mode)
# PASS: a question is advisory (no action)
# PASS: politeness prefixes still enter execution mode
# PASS: detects DRAGNET research / search-loop requests
# PASS: execution verbs beat the research lane (fix the search loop bug is a fix)
# PASS: detects DRAGNET emoticon bank requests
# PASS: renders emoticon bank markdown with categorized picks
# PASS: sanitizeMentions defangs @mentions so a reply never pings a real user
# Test Summary: 16 passed, 0 failed
# Subtest: tests/persona-comment-runner.test.js
ok 90 - tests/persona-comment-runner.test.js
  ---
  duration_ms: 85.661832
  type: 'test'
  ...
# Subtest: buildState summarizes projects by status and counts collections
ok 625 - buildState summarizes projects by status and counts collections
  ---
  duration_ms: 2.670169
  type: 'test'
  ...
# Subtest: buildState tolerates missing fields
ok 626 - buildState tolerates missing fields
  ---
  duration_ms: 0.342128
  type: 'test'
  ...
# Subtest: checked-in state.json matches dashboard-data.json (never {} again)
ok 627 - checked-in state.json matches dashboard-data.json (never {} again)
  ---
  duration_ms: 2.483333
  type: 'test'
  ...
# === pr-lifecycle.yml Unit Tests ===
# PASS: opened PR gets awaiting-review label
# PASS: reopened PR gets awaiting-review label
# PASS: ready_for_review PR gets awaiting-review label
# PASS: converted_to_draft PR gets awaiting-approval label
# PASS: closed approved PR gets ready-to-merge label
# PASS: closed non-approved PR gets needs-action label
# PASS: synchronize (new commit) PR gets review-started label
# PASS: getLabelsToRemove removes awaiting-approval when adding awaiting-review
# PASS: getLabelsToRemove removes approved when adding changes-requested
# PASS: getLabelsToRemove removes checks-failing when adding checks-passing
# PASS: isCheckPassing accepts success
# PASS: isCheckPassing accepts neutral
# PASS: isCheckPassing accepts skipped
# PASS: isCheckPassing rejects failure
# PASS: isCheckPassing rejects timed_out
# PASS: isReviewApproved detects APPROVED
# PASS: isReviewApproved rejects other states
# PASS: isReviewChangesRequested detects CHANGES_REQUESTED
# PASS: isReviewChangesRequested rejects other states
# PASS: review_requested does not add awaiting-review when approved label present
# PASS: review_requested does not add awaiting-review when live-approved on head (label not yet applied)
# PASS: review_requested adds awaiting-review when not approved and label absent
# PASS: review_requested does not duplicate awaiting-review when already present
# PASS: review_requested adds awaiting-review when head approval is overridden by changes-requested
# PASS: approval atomically removes all review-waiting label variants
# PASS: approval removes changes-requested and needs-action in same atomic set
# PASS: approved label set never contains a review-waiting label (no intermediate state)
# PASS: approval is idempotent (approved not duplicated)
# PASS: approval preserves non-lifecycle labels
# PASS: changes_requested atomically removes waiting variants, approved, and ready-to-merge
# PASS: shouldAddLabel returns false if label already present
# PASS: shouldAddLabel returns true if label not present
# PASS: handles rate limit errors gracefully
# PASS: continues with empty labels on rate limit
# === Results: 34 passed, 0 failed ===
# ✅ All tests passed
# Subtest: tests/pr-lifecycle.test.js
ok 92 - tests/pr-lifecycle.test.js
  ---
  duration_ms: 51.118847
  type: 'test'
  ...
# PASS: parseAddedLines returns empty array for null/undefined
# PASS: parseAddedLines extracts added lines with correct line numbers
# PASS: parseAddedLines skips removed and context lines
# PASS: scanDiff detects AWS access keys
# PASS: scanDiff detects GitHub tokens
# PASS: scanDiff passes clean code
# PASS: scanDiff detects eval()
# PASS: scanDiff detects new Function()
# PASS: scanDiff detects console.log with password
# PASS: scanDiff allows console.log without sensitive data
# PASS: scanDiff detects raw SQL with interpolation
# PASS: scanDiff allows parameterized SQL
# PASS: scanDiff handles empty array
# PASS: scanDiff handles non-array input
# PASS: renderCheckboxLine renders passing check
# PASS: renderCheckboxLine renders failing check with findings
# 16 passed, 0 failed
# Subtest: tests/pr-review-scan.test.js
ok 93 - tests/pr-review-scan.test.js
  ---
  duration_ms: 51.114166
  type: 'test'
  ...
# Subtest: pr-state-orchestrator uses the default GITHUB_TOKEN for github-script jobs
ok 630 - pr-state-orchestrator uses the default GITHUB_TOKEN for github-script jobs
  ---
  duration_ms: 24.213753
  type: 'test'
  ...
# Subtest: re-sync job is present and no longer prefers ADMIN_GITHUB_TOKEN
ok 631 - re-sync job is present and no longer prefers ADMIN_GITHUB_TOKEN
  ---
  duration_ms: 18.686672
  type: 'test'
  ...
# Subtest: every github-script job wraps fallible reads with the safeApi helper
ok 632 - every github-script job wraps fallible reads with the safeApi helper
  ---
  duration_ms: 7.984989
  type: 'test'
  ...
# Subtest: label reads are guarded by safeApi instead of raw awaits
ok 633 - label reads are guarded by safeApi instead of raw awaits
  ---
  duration_ms: 6.99243
  type: 'test'
  ...
# Subtest: safeApi degrades gracefully on API rate-limit 403s
ok 634 - safeApi degrades gracefully on API rate-limit 403s
  ---
  duration_ms: 6.559793
  type: 'test'
  ...
# Subtest: bulk reads (pulls.list, checks.listForRef, listReviews) go through safeApi
ok 635 - bulk reads (pulls.list, checks.listForRef, listReviews) go through safeApi
  ---
  duration_ms: 8.010416
  type: 'test'
  ...
# Subtest: workflow dedupes stacked runs with a per-PR/SHA concurrency group
ok 636 - workflow dedupes stacked runs with a per-PR/SHA concurrency group
  ---
  duration_ms: 11.661133
  type: 'test'
  ...
# Subtest: every job has a right-sized timeout-minutes limit
ok 637 - every job has a right-sized timeout-minutes limit
  ---
  duration_ms: 7.837403
  type: 'test'
  ...
# Subtest: multi-PR loops pace themselves with sleep(150)
ok 638 - multi-PR loops pace themselves with sleep(150)
  ---
  duration_ms: 15.590951
  type: 'test'
  ...
# Subtest: gate script parses cleanly (bash -n)
ok 639 - gate script parses cleanly (bash -n)
  ---
  duration_ms: 9.538899
  type: 'test'
  ...
# Subtest: wraps bare URLs but leaves code fences, links, and wrapped URLs alone
ok 640 - wraps bare URLs but leaves code fences, links, and wrapped URLs alone
  ---
  duration_ms: 347.748122
  type: 'test'
  ...
# Subtest: collapses duplicate blank lines outside fences
ok 641 - collapses duplicate blank lines outside fences
  ---
  duration_ms: 354.233174
  type: 'test'
  ...
# Subtest: markdown auto-fix is idempotent
ok 642 - markdown auto-fix is idempotent
  ---
  duration_ms: 728.759726
  type: 'test'
  ...
# Subtest: valid YAML and JSON pass
ok 643 - valid YAML and JSON pass # SKIP PyYAML unavailable
  ---
  duration_ms: 0.349212
  type: 'test'
  ...
# Subtest: invalid YAML blocks with non-zero exit
ok 644 - invalid YAML blocks with non-zero exit # SKIP PyYAML unavailable
  ---
  duration_ms: 0.278306
  type: 'test'
  ...
# Subtest: duplicate YAML keys block with non-zero exit
ok 645 - duplicate YAML keys block with non-zero exit # SKIP PyYAML unavailable
  ---
  duration_ms: 0.128918
  type: 'test'
  ...
# Subtest: invalid JSON blocks with non-zero exit
ok 646 - invalid JSON blocks with non-zero exit
  ---
  duration_ms: 395.74898
  type: 'test'
  ...
# Subtest: secret-looking assignments warn but do not block
ok 647 - secret-looking assignments warn but do not block
  ---
  duration_ms: 19.77566
  type: 'test'
  ...
# Subtest: missing files are skipped without error
ok 648 - missing files are skipped without error
  ---
  duration_ms: 10.455864
  type: 'test'
  ...
# Subtest: listSizes exposes the standard print-size catalog
ok 649 - listSizes exposes the standard print-size catalog
  ---
  duration_ms: 1.519862
  type: 'test'
  ...
# Subtest: pixelsForSize computes 300 DPI dimensions for 8x10
ok 650 - pixelsForSize computes 300 DPI dimensions for 8x10
  ---
  duration_ms: 1.334366
  type: 'test'
  ...
# Subtest: pixelsForSize handles ISO sizes and rejects bad dpi
ok 651 - pixelsForSize handles ISO sizes and rejects bad dpi
  ---
  duration_ms: 1.776721
  type: 'test'
  ...
# Subtest: centerCropRect crops the wider dimension and stays centered
ok 652 - centerCropRect crops the wider dimension and stays centered
  ---
  duration_ms: 0.340221
  type: 'test'
  ...
# Subtest: gradePhotoForSize grades by effective DPI after crop
ok 653 - gradePhotoForSize grades by effective DPI after crop
  ---
  duration_ms: 0.41886
  type: 'test'
  ...
# Subtest: gradePhotoForSize auto-rotates landscape photos for portrait sizes
ok 654 - gradePhotoForSize auto-rotates landscape photos for portrait sizes
  ---
  duration_ms: 0.467842
  type: 'test'
  ...
# Subtest: recommendSizes returns all sizes sorted by effective DPI
ok 655 - recommendSizes returns all sizes sorted by effective DPI
  ---
  duration_ms: 0.611838
  type: 'test'
  ...
# Subtest: generatePrint is deterministic for identical inputs
ok 656 - generatePrint is deterministic for identical inputs
  ---
  duration_ms: 1.028754
  type: 'test'
  ...
# Subtest: generatePrint produces valid scalable SVG for every genre
ok 657 - generatePrint produces valid scalable SVG for every genre
  ---
  duration_ms: 2.105475
  type: 'test'
  ...
# Subtest: buildCatalog is deterministic and covers all genres
ok 658 - buildCatalog is deterministic and covers all genres
  ---
  duration_ms: 4.449687
  type: 'test'
  ...
# Subtest: sizesForRatio groups sizes correctly
ok 659 - sizesForRatio groups sizes correctly
  ---
  duration_ms: 0.287221
  type: 'test'
  ...
# Subtest: star optimizer artifacts exist
ok 660 - star optimizer artifacts exist
  ---
  duration_ms: 1.808341
  type: 'test'
  ...
# Subtest: workflow points at scripts/prioritize_stars.py and uses concurrency lock
ok 661 - workflow points at scripts/prioritize_stars.py and uses concurrency lock
  ---
  duration_ms: 0.93983
  type: 'test'
  ...
# Subtest: python prioritizer self-test passes offline
ok 662 - python prioritizer self-test passes offline
  ---
  duration_ms: 345.135071
  type: 'test'
  ...
# Subtest: python prioritizer fixture mode writes markdown and json
ok 663 - python prioritizer fixture mode writes markdown and json
  ---
  duration_ms: 357.741846
  type: 'test'
  ...
# Subtest: secrets map documents GH_PAT for star optimizer
ok 664 - secrets map documents GH_PAT for star optimizer
  ---
  duration_ms: 0.630608
  type: 'test'
  ...
# Subtest: python_cuda package files exist
ok 665 - python_cuda package files exist
  ---
  duration_ms: 1.692403
  type: 'test'
  ...
# Subtest: probabilistic_validator.py --self-test passes (pure-function contract)
ok 666 - probabilistic_validator.py --self-test passes (pure-function contract)
  ---
  duration_ms: 381.012603
  type: 'test'
  ...
# Subtest: CLI validates well-formed JSON against a schema
ok 667 - CLI validates well-formed JSON against a schema
  ---
  duration_ms: 362.656507
  type: 'test'
  ...
# Subtest: CLI rejects type-mismatched AI output (probabilistic failure path)
ok 668 - CLI rejects type-mismatched AI output (probabilistic failure path)
  ---
  duration_ms: 397.629345
  type: 'test'
  ...
# Subtest: skill docs point at the Python-CUDA implementation
ok 669 - skill docs point at the Python-CUDA implementation
  ---
  duration_ms: 0.772427
  type: 'test'
  ...
# prompt-generation-app
#   ✓ throws on missing idea
#   ✓ generates packet with all sections
#   ✓ every market fact has a source URL
#   ✓ blue-ocean score boosts on niche keywords
#   ✓ markdown export contains all section headers
#   ✓ deterministic output for same input
#   ✓ adds Spotify visual-link prompts for music embedding requests
#   ✓ does not add music-link prompts for non-music social requests
#   ✓ red-ocean scoring baseline, incremental keyword match, and case-insensitivity
#   ✓ red-ocean scoring exact-100 and over-100 clamping
# Subtest: tests/prompt-generation-app.test.js
ok 99 - tests/prompt-generation-app.test.js
  ---
  duration_ms: 51.602392
  type: 'test'
  ...
# Subtest: publish-site workflow file exists and has the expected name
ok 671 - publish-site workflow file exists and has the expected name
  ---
  duration_ms: 1.096006
  type: 'test'
  ...
# Subtest: publish-site triggers on main pushes and workflow_dispatch
ok 672 - publish-site triggers on main pushes and workflow_dispatch
  ---
  duration_ms: 0.33983
  type: 'test'
  ...
# Subtest: Publish site step uses publish-site/action pinned to the v2 commit SHA
ok 673 - Publish site step uses publish-site/action pinned to the v2 commit SHA
  ---
  duration_ms: 0.720759
  type: 'test'
  ...
# Subtest: missing secrets skip the publish step instead of failing the job
ok 674 - missing secrets skip the publish step instead of failing the job
  ---
  duration_ms: 0.317298
  type: 'test'
  ...
# Subtest: permissions are contents: read only
ok 675 - permissions are contents: read only
  ---
  duration_ms: 0.953539
  type: 'test'
  ...
# Subtest: job has a hard timeout and concurrency group
ok 676 - job has a hard timeout and concurrency group
  ---
  duration_ms: 0.197813
  type: 'test'
  ...
# Subtest: publish directory rejects path traversal
ok 677 - publish directory rejects path traversal
  ---
  duration_ms: 0.334559
  type: 'test'
  ...
# puter-perplexity-template
#   ok  exports supported models list
#   ok  default model is in supported list
#   ok  Puter script URL is canonical CDN
#   ok  escapeHtml escapes dangerous characters
#   ok  generateWidget produces non-empty HTML doc
#   ok  generated HTML loads Puter.js from canonical CDN
#   ok  generated HTML includes all supported models
#   ok  generated HTML has CSP allowing puter.com origins
#   ok  generated HTML uses textContent (not innerHTML)
#   ok  generated HTML contains no API key patterns
#   ok  generated HTML calls puter.ai.chat with stream=true
#   ok  generator rejects empty models array
#   ok  generator rejects non-perplexity model ids
#   ok  generator rejects defaultModel not in models list
#   ok  generator escapes custom title to prevent injection
# All puter-perplexity-template tests passed.
# Subtest: tests/puter-perplexity-template.test.js
ok 101 - tests/puter-perplexity-template.test.js
  ---
  duration_ms: 47.778065
  type: 'test'
  ...
# Subtest: every tracked Python file compiles
ok 679 - every tracked Python file compiles
  ---
  duration_ms: 1126.312058
  type: 'test'
  ...
# Subtest: the quarantine only shrinks
ok 680 - the quarantine only shrinks
  ---
  duration_ms: 1794.17318
  type: 'test'
  ...
# Subtest: a syntax error is never acceptable as flake8 baseline debt
ok 681 - a syntax error is never acceptable as flake8 baseline debt
  ---
  duration_ms: 0.514328
  type: 'test'
  ...
# Subtest: python-flake8 workflow exists and parses
ok 682 - python-flake8 workflow exists and parses
  ---
  duration_ms: 19.084556
  type: 'test'
  ...
# Subtest: workflow pins py-actions/flake8@v2.3.0 by full commit SHA
ok 683 - workflow pins py-actions/flake8@v2.3.0 by full commit SHA
  ---
  duration_ms: 5.79315
  type: 'test'
  ...
# Subtest: workflow runs the baseline ratchet gate (real fail path)
ok 684 - workflow runs the baseline ratchet gate (real fail path)
  ---
  duration_ms: 0.386052
  type: 'test'
  ...
# Subtest: .flake8 selects E,W,F and keeps source trees in scope
ok 685 - .flake8 selects E,W,F and keeps source trees in scope
  ---
  duration_ms: 0.796298
  type: 'test'
  ...
# Subtest: baseline file exists and parses
ok 686 - baseline file exists and parses
  ---
  duration_ms: 1.076614
  type: 'test'
  ...
# Subtest: normalizeRepoPath strips ./ and ROOT prefixes
ok 687 - normalizeRepoPath strips ./ and ROOT prefixes
  ---
  duration_ms: 0.320241
  type: 'test'
  ...
# Subtest: countViolations aggregates path::CODE lines after normalization
ok 688 - countViolations aggregates path::CODE lines after normalization
  ---
  duration_ms: 0.476827
  type: 'test'
  ...
# Subtest: parseArgs rejects flags that are missing values
ok 689 - parseArgs rejects flags that are missing values
  ---
  duration_ms: 0.849226
  type: 'test'
  ...
# Subtest: compareToBaseline flags only counts above baseline
ok 690 - compareToBaseline flags only counts above baseline
  ---
  duration_ms: 14.322424
  type: 'test'
  ...
# Subtest: formatBaseline is stable and headered
ok 691 - formatBaseline is stable and headered
  ---
  duration_ms: 0.893832
  type: 'test'
  ...
# Subtest: baseline gate exits 0 against the committed baseline (no new debt)
ok 692 - baseline gate exits 0 against the committed baseline (no new debt)
  ---
  duration_ms: 2823.148956
  type: 'test'
  ...
# Subtest: baseline gate exits non-zero when a fixture introduces new debt
ok 693 - baseline gate exits non-zero when a fixture introduces new debt
  ---
  duration_ms: 1194.781021
  type: 'test'
  ...
# Subtest: unblock consults every check run, not just the triggering suite
ok 694 - unblock consults every check run, not just the triggering suite
  ---
  duration_ms: 13.551248
  type: 'test'
  ...
# Subtest: unblock consults commit statuses, where CircleCI and Vercel report
ok 695 - unblock consults commit statuses, where CircleCI and Vercel report
  ---
  duration_ms: 4.033274
  type: 'test'
  ...
# Subtest: a failing or pending check prevents the unblock
ok 696 - a failing or pending check prevents the unblock
  ---
  duration_ms: 1.778573
  type: 'test'
  ...
# Subtest: every refusal happens BEFORE the first label is removed
ok 697 - every refusal happens BEFORE the first label is removed
  ---
  duration_ms: 4.841962
  type: 'test'
  ...
# Subtest: the success comment does not claim more than was verified
ok 698 - the success comment does not claim more than was verified
  ---
  duration_ms: 1.928285
  type: 'test'
  ...
# Subtest: safeHref
    # Subtest: allows https URLs
    ok 1 - allows https URLs
      ---
      duration_ms: 2.795948
      type: 'test'
      ...
    # Subtest: allows http URLs
    ok 2 - allows http URLs
      ---
      duration_ms: 0.280937
      type: 'test'
      ...
    # Subtest: allows mailto links
    ok 3 - allows mailto links
      ---
      duration_ms: 0.200812
      type: 'test'
      ...
    # Subtest: allows fragment anchors
    ok 4 - allows fragment anchors
      ---
      duration_ms: 0.205641
      type: 'test'
      ...
    # Subtest: allows absolute paths
    ok 5 - allows absolute paths
      ---
      duration_ms: 0.181813
      type: 'test'
      ...
    # Subtest: allows relative paths without scheme
    ok 6 - allows relative paths without scheme
      ---
      duration_ms: 0.461247
      type: 'test'
      ...
    # Subtest: blocks javascript: scheme
    ok 7 - blocks javascript: scheme
      ---
      duration_ms: 0.234514
      type: 'test'
      ...
    # Subtest: blocks data: scheme
    ok 8 - blocks data: scheme
      ---
      duration_ms: 0.41195
      type: 'test'
      ...
    # Subtest: blocks vbscript: scheme
    ok 9 - blocks vbscript: scheme
      ---
      duration_ms: 0.373934
      type: 'test'
      ...
    # Subtest: is case-insensitive for scheme check
    ok 10 - is case-insensitive for scheme check
      ---
      duration_ms: 0.576937
      type: 'test'
      ...
    1..10
ok 699 - safeHref
  ---
  duration_ms: 8.020281
  type: 'suite'
  ...
# Subtest: inline
    # Subtest: renders a plain https link
    ok 1 - renders a plain https link
      ---
      duration_ms: 0.863355
      type: 'test'
      ...
    # Subtest: strips optional title from link
    ok 2 - strips optional title from link
      ---
      duration_ms: 0.200407
      type: 'test'
      ...
    # Subtest: blocks javascript: XSS in href
    ok 3 - blocks javascript: XSS in href
      ---
      duration_ms: 0.16034
      type: 'test'
      ...
    # Subtest: escapes double-quote in URL to prevent attribute injection
    ok 4 - escapes double-quote in URL to prevent attribute injection
      ---
      duration_ms: 0.179668
      type: 'test'
      ...
    # Subtest: renders an image
    ok 5 - renders an image
      ---
      duration_ms: 0.219988
      type: 'test'
      ...
    # Subtest: HTML-escapes plain text
    ok 6 - HTML-escapes plain text
      ---
      duration_ms: 0.245396
      type: 'test'
      ...
    # Subtest: renders inline code
    ok 7 - renders inline code
      ---
      duration_ms: 0.143941
      type: 'test'
      ...
    # Subtest: renders bold
    ok 8 - renders bold
      ---
      duration_ms: 0.146723
      type: 'test'
      ...
    # Subtest: renders italic
    ok 9 - renders italic
      ---
      duration_ms: 1.79089
      type: 'test'
      ...
    # Subtest: allows relative links unchanged
    ok 10 - allows relative links unchanged
      ---
      duration_ms: 0.165997
      type: 'test'
      ...
    1..10
ok 700 - inline
  ---
  duration_ms: 4.711956
  type: 'suite'
  ...
# Subtest: CLI
    # Subtest: builds index.html from a minimal README
    ok 1 - builds index.html from a minimal README
      ---
      duration_ms: 59.07261
      type: 'test'
      ...
    # Subtest: uses glass theme when requested
    ok 2 - uses glass theme when requested
      ---
      duration_ms: 51.586046
      type: 'test'
      ...
    # Subtest: uses dark theme when requested
    ok 3 - uses dark theme when requested
      ---
      duration_ms: 56.399714
      type: 'test'
      ...
    # Subtest: --all builds one HTML file per .md in cwd
    ok 4 - --all builds one HTML file per .md in cwd
      ---
      duration_ms: 61.316493
      type: 'test'
      ...
    # Subtest: blocks javascript: XSS in rendered output
    ok 5 - blocks javascript: XSS in rendered output
      ---
      duration_ms: 57.48104
      type: 'test'
      ...
    # Subtest: does not double-escape query-param URLs in rendered links
    ok 6 - does not double-escape query-param URLs in rendered links
      ---
      duration_ms: 54.163809
      type: 'test'
      ...
    # Subtest: title-badge extraction: badge-only lines not duplicated in body
    ok 7 - title-badge extraction: badge-only lines not duplicated in body
      ---
      duration_ms: 56.422754
      type: 'test'
      ...
    1..7
ok 701 - CLI
  ---
  duration_ms: 396.918552
  type: 'suite'
  ...
# Subtest: a transient 5xx on the poll call is retried, not fatal
ok 702 - a transient 5xx on the poll call is retried, not fatal
  ---
  duration_ms: 15.348948
  type: 'test'
  ...
# Subtest: a rate-limit response is treated as transient
ok 703 - a rate-limit response is treated as transient
  ---
  duration_ms: 4.675444
  type: 'test'
  ...
# Subtest: a network-level error is treated as transient
ok 704 - a network-level error is treated as transient
  ---
  duration_ms: 6.173328
  type: 'test'
  ...
# Subtest: a definite answer is NOT retried
ok 705 - a definite answer is NOT retried
  ---
  duration_ms: 8.678242
  type: 'test'
  ...
# Subtest: retries are bounded — a permanent outage still ends the step
ok 706 - retries are bounded — a permanent outage still ends the step
  ---
  duration_ms: 4.944884
  type: 'test'
  ...
# Subtest: the promote mutation is guarded too
ok 707 - the promote mutation is guarded too
  ---
  duration_ms: 6.766572
  type: 'test'
  ...
# Subtest: calculateSessionMinutes derives minutes from dose and irradiance
ok 708 - calculateSessionMinutes derives minutes from dose and irradiance
  ---
  duration_ms: 1.306074
  type: 'test'
  ...
# Subtest: calculateDeliveredDose inverts session minute calculation
ok 709 - calculateDeliveredDose inverts session minute calculation
  ---
  duration_ms: 0.272446
  type: 'test'
  ...
# Subtest: buildWeeklyPlan schedules requested number of sessions
ok 710 - buildWeeklyPlan schedules requested number of sessions
  ---
  duration_ms: 0.328054
  type: 'test'
  ...
# Subtest: buildWeeklyPlan rejects out-of-range daysPerWeek
ok 711 - buildWeeklyPlan rejects out-of-range daysPerWeek
  ---
  duration_ms: 1.027843
  type: 'test'
  ...
# Subtest: workflow file exists and parses with name + on
ok 712 - workflow file exists and parses with name + on
  ---
  duration_ms: 17.92504
  type: 'test'
  ...
# Subtest: workflow declares contents: read only permissions
ok 713 - workflow declares contents: read only permissions
  ---
  duration_ms: 5.001464
  type: 'test'
  ...
# Subtest: workflow triggers on pull_request, push to main, and workflow_dispatch
ok 714 - workflow triggers on pull_request, push to main, and workflow_dispatch
  ---
  duration_ms: 4.211007
  type: 'test'
  ...
# Subtest: path filters cover common Renovate config locations
ok 715 - path filters cover common Renovate config locations
  ---
  duration_ms: 4.415467
  type: 'test'
  ...
# Subtest: workflow has a step named "Validate Renovate Configuration" using the pinned v2.1.0 action
ok 716 - workflow has a step named "Validate Renovate Configuration" using the pinned v2.1.0 action
  ---
  duration_ms: 3.397396
  type: 'test'
  ...
# Subtest: workflow fails closed when .github/renovate.json5 is missing
ok 717 - workflow fails closed when .github/renovate.json5 is missing
  ---
  duration_ms: 3.127607
  type: 'test'
  ...
# Subtest: workflow does not interpolate untrusted github.event.* into run: shells
ok 718 - workflow does not interpolate untrusted github.event.* into run: shells
  ---
  duration_ms: 3.505649
  type: 'test'
  ...
# Subtest: template mirrors the production action pin and step name
ok 719 - template mirrors the production action pin and step name
  ---
  duration_ms: 2.809708
  type: 'test'
  ...
# Subtest: third-party audit allowlists the suzuki-shunsuke validator action
ok 720 - third-party audit allowlists the suzuki-shunsuke validator action
  ---
  duration_ms: 0.599706
  type: 'test'
  ...
# Subtest: docs cover CI validation and local fallback
ok 721 - docs cover CI validation and local fallback
  ---
  duration_ms: 0.843017
  type: 'test'
  ...
# Subtest: repo still has the Renovate config the workflow validates
ok 722 - repo still has the Renovate config the workflow validates
  ---
  duration_ms: 0.245246
  type: 'test'
  ...
# Subtest: research-engine
    # Subtest: defines the full research lane set requested by the WR
    ok 1 - defines the full research lane set requested by the WR
      ---
      duration_ms: 3.587088
      type: 'test'
      ...
    # Subtest: uses three OpenRouter models for triangulated research
    ok 2 - uses three OpenRouter models for triangulated research
      ---
      duration_ms: 0.888271
      type: 'test'
      ...
    # Subtest: builds lane prompts with checklist and automatic-fix requirements
    ok 3 - builds lane prompts with checklist and automatic-fix requirements
      ---
      duration_ms: 0.332304
      type: 'test'
      ...
    # Subtest: keeps the competitor-pricing rule in sync with wr/WR_TEMPLATE_FULL.md
    ok 4 - keeps the competitor-pricing rule in sync with wr/WR_TEMPLATE_FULL.md
      ---
      duration_ms: 0.623275
      type: 'test'
      ...
    # Subtest: review comment carries the coder trigger phrase only for PRs
    ok 5 - review comment carries the coder trigger phrase only for PRs
      ---
      duration_ms: 0.316894
      type: 'test'
      ...
    # Subtest: findings comment carries synthesis so WR generation can proceed without a committed packet
    ok 6 - findings comment carries synthesis so WR generation can proceed without a committed packet
      ---
      duration_ms: 2.244778
      type: 'test'
      ...
    # Subtest: formats missing-key packets as visible infrastructure blockers
    ok 7 - formats missing-key packets as visible infrastructure blockers
      ---
      duration_ms: 0.479739
      type: 'test'
      ...
    # Subtest: runs the engine offline with mocked model calls and writes output
    ok 8 - runs the engine offline with mocked model calls and writes output
      ---
      duration_ms: 4.674562
      type: 'test'
      ...
    # Subtest: findAndRequestLinkedPrReviews processes all linked PRs concurrently
    ok 9 - findAndRequestLinkedPrReviews processes all linked PRs concurrently
      ---
      duration_ms: 1.305511
      type: 'test'
      ...
    # Subtest: findAndRequestLinkedPrReviews is skipped when context.prNumber is set
    ok 10 - findAndRequestLinkedPrReviews is skipped when context.prNumber is set
      ---
      duration_ms: 0.618867
      type: 'test'
      ...
    # Subtest: findAndRequestLinkedPrReviews continues and logs when one PR write fails
    ok 11 - findAndRequestLinkedPrReviews continues and logs when one PR write fails
      ---
      duration_ms: 0.683372
      type: 'test'
      ...
    1..11
ok 723 - research-engine
  ---
  duration_ms: 17.938387
  type: 'suite'
  ...
# Subtest: isStalled: running arm with no progress past stallMs
ok 724 - isStalled: running arm with no progress past stallMs
  ---
  duration_ms: 1.633287
  type: 'test'
  ...
# Subtest: nextFallbackModel returns first untried model, else null
ok 725 - nextFallbackModel returns first untried model, else null
  ---
  duration_ms: 0.299384
  type: 'test'
  ...
# Subtest: budgetState flips to soft-exceeded at the soft limit
ok 726 - budgetState flips to soft-exceeded at the soft limit
  ---
  duration_ms: 0.216266
  type: 'test'
  ...
# Subtest: summarizeProgress counts statuses + reassignments
ok 727 - summarizeProgress counts statuses + reassignments
  ---
  duration_ms: 0.998545
  type: 'test'
  ...
# Subtest: mergePartials collates done arms + dedupes citations
ok 728 - mergePartials collates done arms + dedupes citations
  ---
  duration_ms: 0.547704
  type: 'test'
  ...
# Subtest: buildCheckpoint emits the resumable v1 schema
ok 729 - buildCheckpoint emits the resumable v1 schema
  ---
  duration_ms: 0.41354
  type: 'test'
  ...
# Subtest: buildHandoffDoc is resumable markdown with arms + resume section
ok 730 - buildHandoffDoc is resumable markdown with arms + resume section
  ---
  duration_ms: 0.644178
  type: 'test'
  ...
# Subtest: orchestrate: reassigns a rejecting arm to its fallback, completes
ok 731 - orchestrate: reassigns a rejecting arm to its fallback, completes
  ---
  duration_ms: 16.078359
  type: 'test'
  ...
# Subtest: orchestrate: rejects empty or malformed armSpecs
ok 732 - orchestrate: rejects empty or malformed armSpecs
  ---
  duration_ms: 1.870907
  type: 'test'
  ...
# Subtest: orchestrate: a stale dispatch resolving after stall→reassign does not clobber the arm
ok 733 - orchestrate: a stale dispatch resolving after stall→reassign does not clobber the arm
  ---
  duration_ms: 25.207092
  type: 'test'
  ...
# Subtest: orchestrate: onSoftBudget stop halts the run
ok 734 - orchestrate: onSoftBudget stop halts the run
  ---
  duration_ms: 6.117263
  type: 'test'
  ...
# Subtest: orchestrate: soft-budget stop does not reassign an arm whose dispatch rejects on abort
ok 735 - orchestrate: soft-budget stop does not reassign an arm whose dispatch rejects on abort
  ---
  duration_ms: 16.477793
  type: 'test'
  ...
# PASS: markdown/frontmatter parsing: TEMPLATE.revvel.md has extended fields
# PASS: canonical TEMPLATE.md is preserved (not replaced)
# PASS: ENGINE_INVENTORY.md maps the suggested engine categories
# PASS: BOM.revvel.md is additive and preserves goals + cites vendor URLs
# PASS: PRESERVE_GOALS_AND_HISTORY standard states goals are sacred + no-delete
# PASS: intake state generation preserves the revenue goal exactly
# PASS: router classification: output_type → deliver channel
# PASS: BOM generation halts with procurement BOM when credentials missing
# Test Summary: 8 passed, 0 failed
# Subtest: tests/revvel-engine-spine.test.js
ok 111 - tests/revvel-engine-spine.test.js
  ---
  duration_ms: 264.523382
  type: 'test'
  ...
# PASS: revvel-rosette-automation harness directory structure is present
# Subtest: tests/revvel-rosette-automation-harness.test.js
ok 112 - tests/revvel-rosette-automation-harness.test.js
  ---
  duration_ms: 47.950913
  type: 'test'
  ...
# Subtest: buildEntry rejects unknown class and missing required fields
ok 738 - buildEntry rejects unknown class and missing required fields
  ---
  duration_ms: 2.286043
  type: 'test'
  ...
# Subtest: appendFailureLedger writes schema-shaped JSONL
ok 739 - appendFailureLedger writes schema-shaped JSONL
  ---
  duration_ms: 2.416681
  type: 'test'
  ...
# Subtest: countRecentMatches respects 24h window and fingerprint
ok 740 - countRecentMatches respects 24h window and fingerprint
  ---
  duration_ms: 1.015707
  type: 'test'
  ...
# Subtest: normalizeEvent extracts Sentry exception stack and status
ok 741 - normalizeEvent extracts Sentry exception stack and status
  ---
  duration_ms: 1.093273
  type: 'test'
  ...
# Subtest: classifyEvent maps 500/stack → 500-app, 502/503/504 → infra, 429/402 → lane
ok 742 - classifyEvent maps 500/stack → 500-app, 502/503/504 → infra, 429/402 → lane
  ---
  duration_ms: 1.213728
  type: 'test'
  ...
# Subtest: decideRoute: 500-with-stack opens issue and assigns fix agent
ok 743 - decideRoute: 500-with-stack opens issue and assigns fix agent
  ---
  duration_ms: 0.493863
  type: 'test'
  ...
# Subtest: decideRoute: infra is runbook-first; issue only on 24h recurrence
ok 744 - decideRoute: infra is runbook-first; issue only on 24h recurrence
  ---
  duration_ms: 0.485598
  type: 'test'
  ...
# Subtest: decideRoute: 402/429 forces lane-failover (no code-change issue)
ok 745 - decideRoute: 402/429 forces lane-failover (no code-change issue)
  ---
  duration_ms: 0.398589
  type: 'test'
  ...
# Subtest: decideRoute escalates needs-human at 3×/7d
ok 746 - decideRoute escalates needs-human at 3×/7d
  ---
  duration_ms: 0.530604
  type: 'test'
  ...
# Subtest: triageRuntimeEvent: 500-with-stack writes ledger + opens assigned issue
ok 747 - triageRuntimeEvent: 500-with-stack writes ledger + opens assigned issue
  ---
  duration_ms: 18.923326
  type: 'test'
  ...
# Subtest: triageRuntimeEvent: infra first sighting is ledger-only (no issue)
ok 748 - triageRuntimeEvent: infra first sighting is ledger-only (no issue)
  ---
  duration_ms: 2.756991
  type: 'test'
  ...
# Subtest: triageRuntimeEvent: infra recurrence within 24h opens issue
ok 749 - triageRuntimeEvent: infra recurrence within 24h opens issue
  ---
  duration_ms: 4.460086
  type: 'test'
  ...
# Subtest: triageRuntimeEvent: every path writes FAILURE-LEDGER (including 429)
ok 750 - triageRuntimeEvent: every path writes FAILURE-LEDGER (including 429)
  ---
  duration_ms: 3.891561
  type: 'test'
  ...
# Subtest: buildIssueTitle/body include class and ledger blob
ok 751 - buildIssueTitle/body include class and ledger blob
  ---
  duration_ms: 0.345001
  type: 'test'
  ...
# Subtest: routing table wires explicit 402/429 → keyless Perplexity (not prose)
ok 752 - routing table wires explicit 402/429 → keyless Perplexity (not prose)
  ---
  duration_ms: 2.979192
  type: 'test'
  ...
# Subtest: extractStatusCode reads HTTP 402/429 from Error messages
ok 753 - extractStatusCode reads HTTP 402/429 from Error messages
  ---
  duration_ms: 0.46079
  type: 'test'
  ...
# Subtest: decideFailover: 402 immediate failover; 429 backoff_then_failover
ok 754 - decideFailover: 402 immediate failover; 429 backoff_then_failover
  ---
  duration_ms: 2.894674
  type: 'test'
  ...
# Subtest: applyFailover on 402 calls tier-2 and writes lane-failover ledger
ok 755 - applyFailover on 402 calls tier-2 and writes lane-failover ledger
  ---
  duration_ms: 3.07599
  type: 'test'
  ...
# Subtest: applyFailover on 429 sleeps once (≤30s) then fails over
ok 756 - applyFailover on 429 sleeps once (≤30s) then fails over
  ---
  duration_ms: 1.265625
  type: 'test'
  ...
# Subtest: workflow file exists and declares sentry repository_dispatch
ok 757 - workflow file exists and declares sentry repository_dispatch
  ---
  duration_ms: 0.438058
  type: 'test'
  ...
# Subtest: config/routing-failover.yml exists with keyless tier-2 triggers
ok 758 - config/routing-failover.yml exists with keyless tier-2 triggers
  ---
  duration_ms: 0.303826
  type: 'test'
  ...
# Subtest: MD012: collapses runs of blank lines to a single blank line
ok 759 - MD012: collapses runs of blank lines to a single blank line
  ---
  duration_ms: 7.102335
  type: 'test'
  ...
# Subtest: MD025: demotes any H1 after the first to an H2
ok 760 - MD025: demotes any H1 after the first to an H2
  ---
  duration_ms: 2.130023
  type: 'test'
  ...
# Subtest: MD049: rewrites asterisk emphasis to underscore, keeps strong intact
ok 761 - MD049: rewrites asterisk emphasis to underscore, keeps strong intact
  ---
  duration_ms: 0.579773
  type: 'test'
  ...
# Subtest: does not touch fenced code blocks or inline code
ok 762 - does not touch fenced code blocks or inline code
  ---
  duration_ms: 0.592917
  type: 'test'
  ...
# Subtest: does not treat list bullets or multiplication as emphasis
ok 763 - does not treat list bullets or multiplication as emphasis
  ---
  duration_ms: 0.337548
  type: 'test'
  ...
# Subtest: MD047: ends with exactly one trailing newline
ok 764 - MD047: ends with exactly one trailing newline
  ---
  duration_ms: 0.540253
  type: 'test'
  ...
# Subtest: CLI rewrites a dirty file in place and leaves a clean file untouched
ok 765 - CLI rewrites a dirty file in place and leaves a clean file untouched
  ---
  duration_ms: 115.855392
  type: 'test'
  ...
# Subtest: sanitized output passes markdownlint on the original failure pattern
ok 766 - sanitized output passes markdownlint on the original failure pattern
  ---
  duration_ms: 952.836111
  type: 'test'
  ...
# Subtest: registry file parses and validates cleanly
ok 767 - registry file parses and validates cleanly
  ---
  duration_ms: 18.388143
  type: 'test'
  ...
# Subtest: copilot merge-conflict saved reply exists with the exact body
ok 768 - copilot merge-conflict saved reply exists with the exact body
  ---
  duration_ms: 4.843132
  type: 'test'
  ...
# Subtest: WR title starter saved replies exist for autocreate flow
ok 769 - WR title starter saved replies exist for autocreate flow
  ---
  duration_ms: 38.153065
  type: 'test'
  ...
# Subtest: getReply returns undefined for unknown keys
ok 770 - getReply returns undefined for unknown keys
  ---
  duration_ms: 2.984311
  type: 'test'
  ...
# Subtest: validateRegistry flags missing fields, bad keys, duplicates, and padding
ok 771 - validateRegistry flags missing fields, bad keys, duplicates, and padding
  ---
  duration_ms: 0.383118
  type: 'test'
  ...
# Subtest: validateRegistry rejects non-list and empty registries
ok 772 - validateRegistry rejects non-list and empty registries
  ---
  duration_ms: 0.659
  type: 'test'
  ...
# PASS: parseJsonLd returns empty array for null/undefined/empty
# PASS: parseJsonLd extracts a single JSON-LD block
# PASS: parseJsonLd extracts multiple JSON-LD blocks
# PASS: parseJsonLd handles @graph arrays
# PASS: parseJsonLd does not overwrite existing @context on @graph children
# PASS: @graph nodes pass validation end-to-end via runChecks
# PASS: parseJsonLd records _parseError for malformed JSON
# PASS: parseJsonLd is case-insensitive for type attribute
# PASS: parseJsonLd handles JSON array at top level
# PASS: validateSchema passes a valid Organization
# PASS: validateSchema passes a valid Article
# PASS: validateSchema handles prototype property name as @type without crashing
# PASS: validateSchema handles null elements in author array without crashing
# PASS: validateSchema fails when @context is missing
# PASS: validateSchema fails when @type is missing
# PASS: validateSchema reports error for missing required Organization.url
# PASS: validateSchema reports error for missing Article.headline
# PASS: validateSchema warns on missing recommended Organization.logo
# PASS: validateSchema errors on Article headline > 110 chars
# PASS: validateSchema errors on FAQPage with non-Question mainEntity
# PASS: validateSchema passes valid FAQPage
# PASS: validateSchema errors on BreadcrumbList ListItem missing position
# PASS: validateSchema errors on BreadcrumbList ListItem with position 0
# PASS: validateSchema errors on BreadcrumbList ListItem with non-numeric position
# PASS: validateSchema errors on BreadcrumbList ListItem with float position
# PASS: validateSchema passes valid BreadcrumbList
# PASS: validateSchema warns on Product Offer missing priceCurrency
# PASS: validateSchema returns _parseError for malformed JSON-LD object
# PASS: validateSchema warns on unknown @type
# PASS: validateSchema accepts @context as object with vocab
# PASS: checkRichResults marks valid Organization as eligible
# PASS: checkRichResults marks valid Article as eligible
# PASS: checkRichResults marks invalid Article (missing headline) as not eligible
# PASS: checkRichResults marks unknown type as not eligible
# PASS: checkRichResults marks _parseError as not eligible
# PASS: checkRichResults marks missing @type as not eligible
# PASS: checkRichResults marks valid Product as eligible
# PASS: checkRichResults marks valid FAQPage as eligible
# PASS: checkRichResults marks valid BreadcrumbList as eligible
# PASS: runChecks returns zero results for empty HTML
# PASS: runChecks accepts pre-parsed array
# PASS: runChecks processes multiple schemas from HTML
# PASS: runChecks counts errors from invalid schemas
# PASS: runChecks includes toolLinks in output
# PASS: runChecks handles null input gracefully
# PASS: runChecks end-to-end: Organization + FAQPage from HTML
# PASS: generateReport includes summary table
# PASS: generateReport includes tool links
# PASS: generateReport shows PASS for valid schema
# PASS: generateReport shows FAIL for invalid schema
# PASS: generateReport warns when no schemas found
# PASS: renderSchemaCheckboxLine renders checked line for passing schema
# PASS: renderSchemaCheckboxLine renders unchecked line for failing schema
# PASS: SCHEMA_RULES covers all major SEO types
# PASS: SCHEMA_RULES covers all Google Rich Result types — no eligibility gap
# PASS: validateSchema passes valid Dataset (newly added type)
# PASS: validateSchema errors on Dataset missing required description
# PASS: checkRichResults marks valid Dataset as eligible
# PASS: checkRichResults marks valid SoftwareApplication as eligible
# PASS: GOOGLE_RICH_RESULT_TYPES includes core types
# PASS: TOOL_LINKS contains all five reference validators
# 61 passed, 0 failed
# Subtest: tests/schema-rich-results-checker.test.js
ok 116 - tests/schema-rich-results-checker.test.js
  ---
  duration_ms: 54.538916
  type: 'test'
  ...
# Subtest: clamp01: values in range pass through unchanged
ok 774 - clamp01: values in range pass through unchanged
  ---
  duration_ms: 1.723219
  type: 'test'
  ...
# Subtest: clamp01: values below 0 are clamped to 0
ok 775 - clamp01: values below 0 are clamped to 0
  ---
  duration_ms: 0.363289
  type: 'test'
  ...
# Subtest: clamp01: values above 1 are clamped to 1
ok 776 - clamp01: values above 1 are clamped to 1
  ---
  duration_ms: 0.180669
  type: 'test'
  ...
# Subtest: clamp01: NaN returns 0
ok 777 - clamp01: NaN returns 0
  ---
  duration_ms: 0.154075
  type: 'test'
  ...
# Subtest: clamp01: non-numeric input returns 0
ok 778 - clamp01: non-numeric input returns 0
  ---
  duration_ms: 0.345843
  type: 'test'
  ...
# Subtest: decay: count of zero returns 1 (perfect score)
ok 779 - decay: count of zero returns 1 (perfect score)
  ---
  duration_ms: 0.260428
  type: 'test'
  ...
# Subtest: decay: decreases monotonically as count increases
ok 780 - decay: decreases monotonically as count increases
  ---
  duration_ms: 0.37133
  type: 'test'
  ...
# Subtest: decay: always stays in [0, 1]
ok 781 - decay: always stays in [0, 1]
  ---
  duration_ms: 0.212298
  type: 'test'
  ...
# Subtest: decay: higher softness is more forgiving at the same count
ok 782 - decay: higher softness is more forgiving at the same count
  ---
  duration_ms: 0.388159
  type: 'test'
  ...
# Subtest: decay: negative count is treated as 0
ok 783 - decay: negative count is treated as 0
  ---
  duration_ms: 0.510684
  type: 'test'
  ...
# Subtest: decay: non-numeric count is treated as 0
ok 784 - decay: non-numeric count is treated as 0
  ---
  duration_ms: 0.258263
  type: 'test'
  ...
# Subtest: DIMENSION_WEIGHTS sum to exactly 1
ok 785 - DIMENSION_WEIGHTS sum to exactly 1
  ---
  duration_ms: 0.185636
  type: 'test'
  ...
# Subtest: DIMENSION_WEIGHTS has the five expected dimensions
ok 786 - DIMENSION_WEIGHTS has the five expected dimensions
  ---
  duration_ms: 0.22695
  type: 'test'
  ...
# Subtest: hallucination weight is the highest
ok 787 - hallucination weight is the highest
  ---
  duration_ms: 0.179521
  type: 'test'
  ...
# Subtest: STARTING_TRUST is in a neutral-positive range [60, 80]
ok 788 - STARTING_TRUST is in a neutral-positive range [60, 80]
  ---
  duration_ms: 0.11517
  type: 'test'
  ...
# Subtest: DEFAULT_EWMA_ALPHA is in (0, 1)
ok 789 - DEFAULT_EWMA_ALPHA is in (0, 1)
  ---
  duration_ms: 0.103814
  type: 'test'
  ...
# Subtest: scoreDimensions: ci=0 when ciGreen is false regardless of other signals
ok 790 - scoreDimensions: ci=0 when ciGreen is false regardless of other signals
  ---
  duration_ms: 1.957033
  type: 'test'
  ...
# Subtest: scoreDimensions: ci penalised by each red run before green
ok 791 - scoreDimensions: ci penalised by each red run before green
  ---
  duration_ms: 0.152138
  type: 'test'
  ...
# Subtest: scoreDimensions: badCode stacks all four failure types
ok 792 - scoreDimensions: badCode stacks all four failure types
  ---
  duration_ms: 0.177127
  type: 'test'
  ...
# Subtest: scoreDimensions: revertedAfterMerge tanks rash below 0.5
ok 793 - scoreDimensions: revertedAfterMerge tanks rash below 0.5
  ---
  duration_ms: 0.132831
  type: 'test'
  ...
# Subtest: scoreDimensions: largeDiffNoTests alone reduces rash below perfect
ok 794 - scoreDimensions: largeDiffNoTests alone reduces rash below perfect
  ---
  duration_ms: 0.17493
  type: 'test'
  ...
# Subtest: scoreDimensions: scaffolding and root-junk hits penalise directions
ok 795 - scoreDimensions: scaffolding and root-junk hits penalise directions
  ---
  duration_ms: 0.14416
  type: 'test'
  ...
# Subtest: scoreDimensions: nonConventionalCommits penalise directions
ok 796 - scoreDimensions: nonConventionalCommits penalise directions
  ---
  duration_ms: 0.149454
  type: 'test'
  ...
# Subtest: scoreDimensions: outOfScopeFiles penalise directions
ok 797 - scoreDimensions: outOfScopeFiles penalise directions
  ---
  duration_ms: 0.134045
  type: 'test'
  ...
# Subtest: scoreDimensions: all hallucination signals stack
ok 798 - scoreDimensions: all hallucination signals stack
  ---
  duration_ms: 0.255926
  type: 'test'
  ...
# Subtest: scoreDimensions: all dimensions are in [0, 1]
ok 799 - scoreDimensions: all dimensions are in [0, 1]
  ---
  duration_ms: 0.255483
  type: 'test'
  ...
# Subtest: prQualityScore: empty signals yields near-perfect score (≥95)
ok 800 - prQualityScore: empty signals yields near-perfect score (≥95)
  ---
  duration_ms: 0.183115
  type: 'test'
  ...
# Subtest: prQualityScore: worst-case signals yield a very low score (<20)
ok 801 - prQualityScore: worst-case signals yield a very low score (<20)
  ---
  duration_ms: 0.142528
  type: 'test'
  ...
# Subtest: prQualityScore: score is always an integer in [0, 100]
ok 802 - prQualityScore: score is always an integer in [0, 100]
  ---
  duration_ms: 0.332851
  type: 'test'
  ...
# Subtest: prQualityScore: dimensions are returned alongside score
ok 803 - prQualityScore: dimensions are returned alongside score
  ---
  duration_ms: 0.199643
  type: 'test'
  ...
# Subtest: updateTrust: NaN previousTrust falls back to STARTING_TRUST
ok 804 - updateTrust: NaN previousTrust falls back to STARTING_TRUST
  ---
  duration_ms: 0.137621
  type: 'test'
  ...
# Subtest: updateTrust: null previousTrust falls back to STARTING_TRUST
ok 805 - updateTrust: null previousTrust falls back to STARTING_TRUST
  ---
  duration_ms: 0.088525
  type: 'test'
  ...
# Subtest: updateTrust: alpha clamped to [0,1] — alpha=0 returns previous
ok 806 - updateTrust: alpha clamped to [0,1] — alpha=0 returns previous
  ---
  duration_ms: 0.094445
  type: 'test'
  ...
# Subtest: updateTrust: alpha=1 returns the new quality score directly
ok 807 - updateTrust: alpha=1 returns the new quality score directly
  ---
  duration_ms: 0.09758
  type: 'test'
  ...
# Subtest: grade: boundary at 90 → A
ok 808 - grade: boundary at 90 → A
  ---
  duration_ms: 0.124897
  type: 'test'
  ...
# Subtest: grade: boundary at 80 → B
ok 809 - grade: boundary at 80 → B
  ---
  duration_ms: 0.088889
  type: 'test'
  ...
# Subtest: grade: boundary at 70 → C
ok 810 - grade: boundary at 70 → C
  ---
  duration_ms: 0.138153
  type: 'test'
  ...
# Subtest: grade: boundary at 55 → D
ok 811 - grade: boundary at 55 → D
  ---
  duration_ms: 0.11276
  type: 'test'
  ...
# Subtest: grade: 0 → F (quarantine)
ok 812 - grade: 0 → F (quarantine)
  ---
  duration_ms: 0.083271
  type: 'test'
  ...
# Subtest: grade: 100 → A (trusted)
ok 813 - grade: 100 → A (trusted)
  ---
  duration_ms: 0.079016
  type: 'test'
  ...
# ╔══════════════════════════════════════════════════════════╗
# ║          REVVEL COMPLIANCE CHECKER v1.1.0                ║
# ╚══════════════════════════════════════════════════════════╝
# Auditing: /app
#   ✅ A1 [P0] README.md exists.................................. 2/2
#   ✅ A2 [P0] CHANGELOG.md exists............................... 3/3
#   ❌ A3 [P0] .gitignore excludes node_modules, .env, dist...... 0/2
#   ✅ A4 [P0] .env.example exists............................... 2/2
#   ✅ A5 [P1] docs/ directory exists............................ 1/1
#   ❌ A6 [P1] docs/adr/ directory exists........................ 0/2
#   ❌ A7 [P2] docs/runbooks/ directory exists................... 0/1
#   ✅ A8 [P0] AGENTS.md exists (universal AI agent instructions) 3/3
#   ✅ A9 [P1] LICENSE file exists............................... 2/2
#   ✅ A10 [P2] docs/specs/ directory exists..................... 2/2
#   ❌ B1 [P0] .github/workflows/deploy.yml exists............... 0/5
#   ❌ B2 [P0] deploy.yml contains a test step................... 0/3
#   ❌ B3 [P0] deploy.yml contains a build step.................. 0/3
#   ✅ B4 [P1] .github/workflows/compliance-check.yml exists..... 3/3
#   ❌ C1 [P0] vitest.config.ts exists with coverage thresholds.. 0/3
#   ✅ C2 [P0] tests/ directory exists........................... 3/3
#   ❌ C3 [P0] tests/unit/ directory exists...................... 0/2
#   ❌ C4 [P0] tests/integration/ directory exists............... 0/2
#   ❌ C5 [P0] tests/e2e/ directory with .spec.ts files.......... 0/3
#   ❌ C6 [P0] playwright.config.ts exists....................... 0/2
#   ❌ C7 [P1] tests/mocks/ directory exists..................... 0/2
#   ⚠️  Possible secret found in: /app/tests/pr-review-scan.test.js
#   ❌ D1 [P0] No hardcoded secrets in source code............... 0/5
#   ✅ D2 [P0] .env file is in .gitignore........................ 3/3
#   ❌ D3 [P0] helmet middleware present in backend.............. 0/2
#   ❌ D5 [P0] No critical npm vulnerabilities................... 0/3
#   ❌ E1 [P0] ESLint config exists.............................. 0/2
#   ❌ E2 [P1] Prettier config exists............................ 0/2
#   ✅ E3 [P0] tsconfig.json exists with strict mode............. 3/3
#   ✅ F3 [P0] CHANGELOG.md has at least one entry (\#\# heading).. 2/2
#   ❌ G1 [P2] .husky/ directory exists.......................... 0/1 (bonus)
#   ❌ G2 [P2] lint-staged config exists......................... 0/1 (bonus)
#   ❌ G6 [P1] .github/workflows/syntax-check.yml exists......... 0/3
#   ✅ G7 [P2] .pre-commit-config.yaml exists.................... 2/2
#   ❌ G8 [P1] SYNTAX_ERROR_PREVENTION_STANDARD.md exists or syntax standard referenced 0/1
# ──────────────────────────────────────────────────────────
#   SCORE: 31/79 (39%)  🚫  Critical failure — immediate remediation required
# ──────────────────────────────────────────────────────────
#   🔴 P0 FAILURES (blocks deployment): A3, B1, B2, B3, C1, C3, C4, C5, C6, D1, D3, D5, E1
#   🟡 P1 FAILURES (required within 30 days): A6, C7, E2, G6, G8
#   🟢 P2 NOTICES (best practice): A7
# ✅ PASS: Should return false when pattern is not found
# ✅ PASS: Should return true when pattern is found in src
# ✅ PASS: Should return true when pattern is found in server
# ✅ PASS: Should return true when pattern is found in api
# ✅ PASS: Should return true when pattern is found in app
# ✅ PASS: Should handle regex/special characters correctly
# ✅ PASS: Should handle non-existent directories gracefully
# Test Summary: 7 passed, 0 failed
# Subtest: tests/scripts/check-compliance.test.js
ok 118 - tests/scripts/check-compliance.test.js
  ---
  duration_ms: 1168.367558
  type: 'test'
  ...
# ✅ PASS: scoreRepo throws on invalid repo
# ✅ PASS: scoreRepo returns clamped total between 0 and 100
# ✅ PASS: scoreRepo applies archived penalty
# ✅ PASS: scoreRepo treats NOASSERTION as unlicensed
# ✅ PASS: scoreRepo handles missing fields gracefully
# ✅ PASS: scoreRepo band thresholds
# ✅ PASS: recencyScore — recent push scores 15
# ✅ PASS: recencyScore — missing / invalid returns 0
# ✅ PASS: recencyScore — old push returns 0
# ✅ PASS: goalTagAlignmentBonus — no tags = 0
# ✅ PASS: goalTagAlignmentBonus — capped at 15
# ✅ PASS: goalTagAlignmentBonus — partial match
# ✅ PASS: buildAuditBody contains required routing references
# ✅ PASS: ROUTING_LABELS includes every required routing signal
# ✅ PASS: ROUTING_LABELS is frozen
# ✅ PASS: MIRROR_LABELS excludes openrouter so openrouter-assignee.yml routes the issue
# ✅ PASS: MIRROR_LABELS includes fork-audit and upstream-contribution
# ✅ PASS: MIRROR_LABELS is frozen
# ✅ PASS: MIRROR_LABELS is a proper subset of ROUTING_LABELS plus upstream-contribution
# ✅ PASS: loadConfig parses the shipped candidates.json
# ✅ PASS: loadConfig rejects missing candidates[]
# Test Summary: 21 passed, 0 failed
# Subtest: tests/scripts/fork-audit-bot.test.js
ok 119 - tests/scripts/fork-audit-bot.test.js
  ---
  duration_ms: 48.985644
  type: 'test'
  ...
# ✅ PASS: parseAddedLines extracts added lines with correct line numbers
# ✅ PASS: parseAddedLines handles multiple hunks
# ✅ PASS: parseAddedLines returns [] for empty/undefined input
# ✅ PASS: scanDiff flags AWS access key
# ✅ PASS: scanDiff flags inline password assignment
# ✅ PASS: scanDiff does NOT flag password read from env
# ✅ PASS: scanDiff flags eval()
# ✅ PASS: scanDiff flags new Function()
# ✅ PASS: scanDiff flags dynamic require()
# ✅ PASS: scanDiff does NOT flag static require()
# ✅ PASS: scanDiff does NOT flag static require() with internal whitespace
# ✅ PASS: scanDiff flags console.log of password
# ✅ PASS: scanDiff does NOT flag benign console.log
# ✅ PASS: scanDiff flags template-literal SQL with interpolation
# ✅ PASS: scanDiff does NOT flag parameterised SQL
# ✅ PASS: scanDiff ignores non-code files for code rules but scans all files for secrets
# ✅ PASS: scanDiff returns all-pass for empty input
# ✅ PASS: scanDiff tolerates missing patch / malformed entries
# ✅ PASS: renderCheckboxLine ticks passing items
# ✅ PASS: renderCheckboxLine flags failing items with findings
# ✅ PASS: renderCheckboxLine caps findings list
# Test Summary: 21 passed, 0 failed
# Subtest: tests/scripts/pr-review-scan.test.js
ok 120 - tests/scripts/pr-review-scan.test.js
  ---
  duration_ms: 51.373297
  type: 'test'
  ...
# PASS: fails fast when required compatibility env vars are missing
# PASS: maps legacy research-module env vars to research-engine options
# PASS: honors explicit research depth when delegating to the research engine
# PASS: falls back to RESEARCH_MODE when RESEARCH_DEPTH is not provided
# PASS: delegates compatibility runs through the research-engine runner
# Revvel Research Module (compatibility mode)
# Delegated to: scripts/research-engine.js
# Query: Evaluate graphify alternatives
# Depth: triangulated
# Status: blocked
# Wrote: /tmp/research-compat-test-P2NW4z/packet.md
# Research module finished with a visible blocked packet.
# PASS: writes a visible blocked packet when the OpenRouter key is missing
# Test Summary: 6 passed, 0 failed
# Subtest: tests/scripts/research-module.test.js
ok 121 - tests/scripts/research-module.test.js
  ---
  duration_ms: 61.159053
  type: 'test'
  ...
# Running run-human-testing-api tests...
#   Testing agent failure handling...
#   ✅ Agent failure handling test passed.
#   Testing synthesizer failure handling...
#   ✅ Synthesizer failure handling test passed.
# Subtest: tests/scripts/run-human-testing-api.test.js
ok 122 - tests/scripts/run-human-testing-api.test.js
  ---
  duration_ms: 85.57461
  type: 'test'
  ...
# ✅ PASS: sync-flow-charts.js exists
# ✅ PASS: sync-flow-charts.js has proper shebang
# ✅ PASS: sync-flow-charts.js runs in DRY_RUN mode
# ✅ PASS: sync-flow-charts.js detects flow charts directory
# ✅ PASS: sync-flow-charts.js counts documentation files
# ✅ PASS: sync-flow-charts.js reports metadata updates
# ✅ PASS: sync-flow-charts.js checks for broken references
# ✅ PASS: sync-flow-charts.js does not modify files in DRY_RUN mode
# ✅ PASS: sync-flow-charts.js fails gracefully with missing directory
# ✅ PASS: sync-flow-charts.js processes expected flow chart files
# 10 passed, 0 failed
# Subtest: tests/scripts/sync-flow-charts.test.js
ok 123 - tests/scripts/sync-flow-charts.test.js
  ---
  duration_ms: 1007.963819
  type: 'test'
  ...
# Subtest: rubricScore matches keywords case-insensitively
ok 820 - rubricScore matches keywords case-insensitively
  ---
  duration_ms: 2.350707
  type: 'test'
  ...
# Subtest: rubricScore returns null when no expected qualities
ok 821 - rubricScore returns null when no expected qualities
  ---
  duration_ms: 0.260616
  type: 'test'
  ...
# Subtest: domainOf strips scheme and www
ok 822 - domainOf strips scheme and www
  ---
  duration_ms: 0.632574
  type: 'test'
  ...
# Subtest: scoreRun computes duplicate rate and domain diversity
ok 823 - scoreRun computes duplicate rate and domain diversity
  ---
  duration_ms: 1.170646
  type: 'test'
  ...
# Subtest: scoreRun flags errors and empty answers
ok 824 - scoreRun flags errors and empty answers
  ---
  duration_ms: 0.446782
  type: 'test'
  ...
# Subtest: clean improvement yields keep_candidate
ok 825 - clean improvement yields keep_candidate
  ---
  duration_ms: 1.423314
  type: 'test'
  ...
# Subtest: rubric collapse yields rollback_candidate
ok 826 - rubric collapse yields rollback_candidate
  ---
  duration_ms: 0.712135
  type: 'test'
  ...
# Subtest: error-rate spike forces rollback_candidate
ok 827 - error-rate spike forces rollback_candidate
  ---
  duration_ms: 2.208678
  type: 'test'
  ...
# Subtest: too few queries yields needs_human_review
ok 828 - too few queries yields needs_human_review
  ---
  duration_ms: 0.585333
  type: 'test'
  ...
# Subtest: bundled example fixtures evaluate to tune_candidate
ok 829 - bundled example fixtures evaluate to tune_candidate
  ---
  duration_ms: 1.072104
  type: 'test'
  ...
# Subtest: renderMarkdown includes decision and the CI caveat
ok 830 - renderMarkdown includes decision and the CI caveat
  ---
  duration_ms: 0.965668
  type: 'test'
  ...
# Subtest: decide is pure over provided deltas
ok 831 - decide is pure over provided deltas
  ---
  duration_ms: 0.141634
  type: 'test'
  ...
# Subtest: STRATEGIES includes twin variants
ok 832 - STRATEGIES includes twin variants
  ---
  duration_ms: 0.10857
  type: 'test'
  ...
# Subtest: twinMetricsFor returns null when no twin data is present
ok 833 - twinMetricsFor returns null when no twin data is present
  ---
  duration_ms: 0.163224
  type: 'test'
  ...
# Subtest: twinMetricsFor aggregates agreement, overlap, and unique sources
ok 834 - twinMetricsFor aggregates agreement, overlap, and unique sources
  ---
  duration_ms: 0.465332
  type: 'test'
  ...
# Subtest: twinMetricsFor counts unsupported-claim arrays and number forms
ok 835 - twinMetricsFor counts unsupported-claim arrays and number forms
  ---
  duration_ms: 0.15
  type: 'test'
  ...
# Subtest: twin beating Fable within budget yields keep_twin
ok 836 - twin beating Fable within budget yields keep_twin
  ---
  duration_ms: 1.283789
  type: 'test'
  ...
# Subtest: twin not beating Fable yields rollback_twin
ok 837 - twin not beating Fable yields rollback_twin
  ---
  duration_ms: 0.558313
  type: 'test'
  ...
# Subtest: better twin over cost budget yields tune_twin
ok 838 - better twin over cost budget yields tune_twin
  ---
  duration_ms: 0.267742
  type: 'test'
  ...
# Subtest: high source overlap (redundant runs) yields tune_twin
ok 839 - high source overlap (redundant runs) yields tune_twin
  ---
  duration_ms: 0.308012
  type: 'test'
  ...
# Subtest: too few queries yields needs_human_review for twin
ok 840 - too few queries yields needs_human_review for twin
  ---
  duration_ms: 0.120629
  type: 'test'
  ...
# Subtest: evaluateStrategies prefers adjudicated twin and reports keep_twin vs Fable
ok 841 - evaluateStrategies prefers adjudicated twin and reports keep_twin vs Fable
  ---
  duration_ms: 1.127819
  type: 'test'
  ...
# Subtest: renderStrategyMarkdown includes twin decision and the CI caveat
ok 842 - renderStrategyMarkdown includes twin decision and the CI caveat
  ---
  duration_ms: 1.760519
  type: 'test'
  ...
# Subtest: existing baseline/candidate comparison still works unchanged
ok 843 - existing baseline/candidate comparison still works unchanged
  ---
  duration_ms: 0.378473
  type: 'test'
  ...
# Subtest: the event lane refuses to scan issues the fleet itself filed
ok 844 - the event lane refuses to scan issues the fleet itself filed
  ---
  duration_ms: 23.44841
  type: 'test'
  ...
# Subtest: a filed finding body still re-triggers the detector it came from
ok 845 - a filed finding body still re-triggers the detector it came from
  ---
  duration_ms: 1.990444
  type: 'test'
  ...
# Subtest: the dedup key alone cannot break the chain
ok 846 - the dedup key alone cannot break the chain
  ---
  duration_ms: 0.358184
  type: 'test'
  ...
# Subtest: the same subject yields one issue across both payload shapes
ok 847 - the same subject yields one issue across both payload shapes
  ---
  duration_ms: 14.092596
  type: 'test'
  ...
# Subtest: order does not matter
ok 848 - order does not matter
  ---
  duration_ms: 4.35545
  type: 'test'
  ...
# Subtest: the title carries the number without a PR/issue prefix
ok 849 - the title carries the number without a PR/issue prefix
  ---
  duration_ms: 3.245424
  type: 'test'
  ...
# Subtest: distinct subjects still get distinct issues
ok 850 - distinct subjects still get distinct issues
  ---
  duration_ms: 2.675466
  type: 'test'
  ...
# PASS: @sentinel catches "ignore all previous instructions"
# PASS: @sentinel catches a hidden-HTML-comment directive
# PASS: @sentinel catches an exfil directive
# PASS: @sentinel catches a curl-pipe-to-shell payload
# PASS: @sentinel stays quiet on ordinary review text
# PASS: @exprwatch flags an untrusted github.event.* leaf in a run: shell
# PASS: @exprwatch allowlists safe numeric leaves like github.event.issue.number
# PASS: @exfil catches a leaked GitHub PAT and redacts it in the finding
# PASS: @exfil catches a private key block
# PASS: @permit flags a job using pull-request writes with no permissions block
# PASS: @permit flags excess write permission with no matching operation
# PASS: @redteam seeded adversarial cases are all caught by sentinel/exfil
# 12 passed, 0 failed
# Subtest: tests/security-fleet.test.js
ok 127 - tests/security-fleet.test.js
  ---
  duration_ms: 114.465313
  type: 'test'
  ...
# === self-heal-pr.yml Unit Tests ===
# PASS: resolveInputs: workflow_dispatch values preferred over repository_dispatch
# PASS: resolveInputs: falls back to repository_dispatch payload
# PASS: resolveInputs: fix_type defaults to "workflow" when absent
# PASS: resolveInputs: empty description resolves to empty string
# PASS: sanitiseSuffix: lowercases input
# PASS: sanitiseSuffix: replaces invalid chars with hyphens
# PASS: sanitiseSuffix: truncates at 40 chars
# PASS: sanitiseSuffix: empty string stays empty
# PASS: sanitiseSuffix: allows hyphens and digits
# PASS: buildBranchName: includes self-heal/ prefix
# PASS: buildBranchName: uses suffix when provided
# PASS: buildBranchName: falls back to run ID when no suffix
# PASS: buildBranchName: fix_type is included in branch name
# PASS: buildCommitMessage: conventional-commit format
# PASS: buildCommitMessage: appends Closes trailer when issue provided
# PASS: buildCommitMessage: no Closes trailer when issue is empty
# PASS: buildCommitMessage: [self-heal] tag always present
# PASS: buildPrTitle: follows conventional-commit format
# PASS: basePrLabels: always includes self-heal and auto-fix
# PASS: shouldAddDevinLabel: returns true when key is set
# PASS: shouldAddDevinLabel: returns false when key is absent
# PASS: buildPrLabels: includes devin-review when key is configured
# PASS: buildPrLabels: omits devin-review when key is absent
# PASS: full workflow metadata — dispatch + branch + commit + labels
# === Results: 24 passed, 0 failed ===
# ✅ All tests passed
# Subtest: tests/self-heal-pr.test.js
ok 128 - tests/self-heal-pr.test.js
  ---
  duration_ms: 48.086699
  type: 'test'
  ...
# === self-healing.yml Unit Tests ===
# PASS: parseActionsStatus counts failures
# PASS: parseActionsStatus handles empty array
# PASS: parseActionsStatus handles null/undefined
# PASS: parseActionsStatus counts timed_out as failure
# PASS: parseActionsStatus treats cancelled separately (not failure)
# PASS: parseStuckCount parses valid number
# PASS: parseStuckCount handles zero
# PASS: parseStuckCount handles invalid input
# PASS: checkWorkflowsPresent returns healthy when all present
# PASS: checkWorkflowsPresent identifies missing workflows
# PASS: checkWorkflowsPresent matches file path, not display name (issue \#15684)
# PASS: checkWorkflowsPresent flags workflows absent from a truncated page (issue \#15684)
# PASS: checkWorkflowsPresent matches on path, not display name (issue \#15683)
# PASS: checkWorkflowsPresent does not false-match a slug substring in another path
# PASS: identifyBrokenAreas detects failed actions
# PASS: identifyBrokenAreas detects stuck issues
# PASS: identifyBrokenAreas detects missing workflows
# PASS: identifyBrokenAreas returns empty when healthy
# PASS: identifyBrokenAreas respects thresholds
# PASS: getSystemHealth returns healthy for empty broken areas
# PASS: getSystemHealth returns needs-healing when broken
# PASS: shouldHealStuckIssues returns true when stuck issues broken
# PASS: shouldHealStuckIssues returns false when not broken
# PASS: shouldHealFailedWorkflows returns true when actions broken
# PASS: shouldHealFailedWorkflows returns false when not broken
# PASS: shouldCreateHealingIssue returns false when issue exists
# PASS: shouldCreateHealingIssue returns true when needs healing
# PASS: shouldCreateHealingIssue returns false when system healthy
# PASS: formatBrokenAreasList joins with semicolon
# PASS: parseBrokenAreasList splits correctly
# PASS: parseBrokenAreasList handles empty string
# PASS: parseBrokenAreasList handles null
# PASS: getHealingActions returns stuck healing when needed
# PASS: getHealingActions returns workflow healing when needed
# PASS: getHealingActions returns multiple when both needed
# PASS: getHealingActions returns empty when healthy
# PASS: isGroundingGateBroken returns false for 0 failures
# PASS: isGroundingGateBroken returns false for exactly 1 failure (tolerated transient flake)
# PASS: isGroundingGateBroken returns true for 2 failures (persistent red suite)
# PASS: isGroundingGateBroken returns true for 5 failures
# PASS: identifyBrokenAreas detects grounding gate when 2+ failures
# PASS: identifyBrokenAreas does not flag grounding gate for 1 failure
# PASS: identifyBrokenAreas does not flag grounding gate when 0 failures (default)
# PASS: shouldHealGroundingGate returns true for grounding gate broken area
# PASS: shouldHealGroundingGate returns false when not in broken areas
# PASS: getHealingActions includes file_grounding_gate_wr when grounding gate broken
# PASS: getHealingActions includes all three actions when everything is broken
# PASS: full health check cycle - healthy system
# PASS: full health check cycle - broken system
# PASS: verifyHealing reports healed when everything below thresholds
# PASS: verifyHealing reports not healed when failures remain
# PASS: verifyHealing reports not healed when stuck issues remain
# PASS: verifyHealing uses same thresholds as detection (at-threshold is healed)
# PASS: selectJournalAction closes all open issues as completed when healed
# PASS: selectJournalAction updates first issue in place and consolidates duplicates when not healed
# PASS: selectJournalAction creates one escalation issue when not healed and none open
# PASS: selectJournalAction is a no-op close when healed with none open
# PASS: buildHealingMemoryRecord captures full provenance
# PASS: FAILED_ACTIONS_THRESHOLD is 3
# PASS: STUCK_ISSUES_THRESHOLD is 5
# PASS: GROUNDING_GATE_FAILURE_THRESHOLD is 1
# === Results: 61 passed, 0 failed ===
# ✅ All tests passed
# Subtest: tests/self-healing.test.js
ok 129 - tests/self-healing.test.js
  ---
  duration_ms: 50.215201
  type: 'test'
  ...
# PASS: flags <img> missing alt
# PASS: flags empty alt
# PASS: flags junk filename even with alt
# PASS: passes good alt + descriptive filename
# PASS: flags page file missing meta description
# PASS: ignores files outside protected paths
# PASS: allow-seo-debt override passes
# Test Summary: 7 passed, 0 failed
# Subtest: tests/seo-a11y-guard.test.js
ok 130 - tests/seo-a11y-guard.test.js
  ---
  duration_ms: 132.865552
  type: 'test'
  ...
# Subtest: every shared package has a valid scoped manifest and README
ok 855 - every shared package has a valid scoped manifest and README
  ---
  duration_ms: 2.61458
  type: 'test'
  ...
# Subtest: prettier config is valid JSON with deterministic formatting keys
ok 856 - prettier config is valid JSON with deterministic formatting keys
  ---
  duration_ms: 2.119097
  type: 'test'
  ...
# Subtest: browserslist config exports a non-empty array of query strings
ok 857 - browserslist config exports a non-empty array of query strings
  ---
  duration_ms: 0.487532
  type: 'test'
  ...
# Subtest: stylelint config blocks new local SCSS dollar variables
ok 858 - stylelint config blocks new local SCSS dollar variables
  ---
  duration_ms: 1.534619
  type: 'test'
  ...
# Subtest: eslint config module exposes buildConfig and build-output ignores
ok 859 - eslint config module exposes buildConfig and build-output ignores
  ---
  duration_ms: 0.540845
  type: 'test'
  ...
# Subtest: typescript configs parse and next.json extends base.json
ok 860 - typescript configs parse and next.json extends base.json
  ---
  duration_ms: 0.31046
  type: 'test'
  ...
# Subtest: flattenTokens flattens nested categories into dashed names
ok 861 - flattenTokens flattens nested categories into dashed names
  ---
  duration_ms: 0.449361
  type: 'test'
  ...
# Subtest: flattenTokens rejects malformed token leaves
ok 862 - flattenTokens rejects malformed token leaves
  ---
  duration_ms: 0.64737
  type: 'test'
  ...
# Subtest: token build emits SCSS variables and CSS custom properties for every token
ok 863 - token build emits SCSS variables and CSS custom properties for every token
  ---
  duration_ms: 2.281055
  type: 'test'
  ...
# Subtest: committed dist output matches a fresh build (no drift)
ok 864 - committed dist output matches a fresh build (no drift)
  ---
  duration_ms: 1.38529
  type: 'test'
  ...
# Subtest: scssToTokens converts simple declarations and reports unsafe ones
ok 865 - scssToTokens converts simple declarations and reports unsafe ones
  ---
  duration_ms: 1.761786
  type: 'test'
  ...
# Subtest: SCSS -> JSON -> SCSS round trip reproduces the original declarations
ok 866 - SCSS -> JSON -> SCSS round trip reproduces the original declarations
  ---
  duration_ms: 0.265312
  type: 'test'
  ...
# Subtest: SEEDED: a red test suite can never PASS, whatever the LLM says
ok 867 - SEEDED: a red test suite can never PASS, whatever the LLM says
  ---
  duration_ms: 1.23221
  type: 'test'
  ...
# Subtest: ungrounded verdict (suite never ran) may WARN, never PASS
ok 868 - ungrounded verdict (suite never ran) may WARN, never PASS
  ---
  duration_ms: 0.211242
  type: 'test'
  ...
# Subtest: a green suite lets the LLM keep pass or downgrade only
ok 869 - a green suite lets the LLM keep pass or downgrade only
  ---
  duration_ms: 0.356076
  type: 'test'
  ...
# Subtest: ship-quality.yml actually runs npm test and the verdict combiner
ok 870 - ship-quality.yml actually runs npm test and the verdict combiner
  ---
  duration_ms: 0.479362
  type: 'test'
  ...
# === ship-to-market.yml Unit Tests ===
# PASS: shouldRunGate allows workflow_dispatch
# PASS: shouldRunGate allows merged PR
# PASS: shouldRunGate blocks unmerged PR
# PASS: shouldRunGate blocks non-PR events
# PASS: parseDeliveryInput normalizes to lowercase
# PASS: parseDeliveryInput handles empty/null
# PASS: getDeliveryChannels returns all for "all" input
# PASS: getDeliveryChannels returns all for deliver:all label
# PASS: getDeliveryChannels returns specific channel
# PASS: getDeliveryChannels returns multiple channels
# PASS: getDeliveryChannels handles deliver: prefix labels
# PASS: extractIssueNumberFromBody extracts Closes pattern
# PASS: extractIssueNumberFromBody extracts Fixes pattern
# PASS: extractIssueNumberFromBody extracts Resolves pattern
# PASS: extractIssueNumberFromBody returns first match
# PASS: extractIssueNumberFromBody handles null/undefined
# PASS: extractIssueNumberFromBody returns null for no match
# PASS: getLinkedIssueNumbers extracts all references
# PASS: getLinkedIssueNumbers deduplicates
# PASS: getLinkedIssueNumbers sorts ascending
# PASS: shouldRunChannel returns true when enabled
# PASS: isWrPullRequest detects work-request label
# PASS: isWrPullRequest detects weekly-research label
# PASS: isWrPullRequest detects [WR] prefix
# PASS: isWrPullRequest returns false for regular PRs
# PASS: handles mixed case labels
# PASS: handles whitespace in labels
# PASS: input takes precedence over empty labels
# PASS: labels add to input channels
# PASS: handles special characters in channel input
# PASS: handles unicode in labels
# === Results: 31 passed, 0 failed ===
# ✅ All tests passed
# Subtest: tests/ship-to-market.test.js
ok 133 - tests/ship-to-market.test.js
  ---
  duration_ms: 49.966195
  type: 'test'
  ...
# Subtest: mabl-expert has both required files (regression for issue \#15490)
ok 872 - mabl-expert has both required files (regression for issue \#15490)
  ---
  duration_ms: 1.317234
  type: 'test'
  ...
# Subtest: mabl-expert.skill.yml parses and carries core metadata
ok 873 - mabl-expert.skill.yml parses and carries core metadata
  ---
  duration_ms: 16.234843
  type: 'test'
  ...
# Subtest: mabl-expert is registered in SKILLS_INDEX.yml and REGISTRY.md
ok 874 - mabl-expert is registered in SKILLS_INDEX.yml and REGISTRY.md
  ---
  duration_ms: 1.097171
  type: 'test'
  ...
# Subtest: every non-legacy skill folder ships its <name>.skill.yml
ok 875 - every non-legacy skill folder ships its <name>.skill.yml
  ---
  duration_ms: 2.33545
  type: 'test'
  ...
# Subtest: legacy allowlist only shrinks — entries with a backfilled .skill.yml must be removed
ok 876 - legacy allowlist only shrinks — entries with a backfilled .skill.yml must be removed
  ---
  duration_ms: 0.421737
  type: 'test'
  ...
# Subtest: required stacker-bot wiring files exist
ok 877 - required stacker-bot wiring files exist
  ---
  duration_ms: 1.462054
  type: 'test'
  ...
# Subtest: connections.yml registers verified stacker-bot app
ok 878 - connections.yml registers verified stacker-bot app
  ---
  duration_ms: 53.00617
  type: 'test'
  ...
# Subtest: subscriptions.yml tracks free stacker-bot install
ok 879 - subscriptions.yml tracks free stacker-bot install
  ---
  duration_ms: 14.199165
  type: 'test'
  ...
# Subtest: labels.yml defines stacker and stacker:stacked
ok 880 - labels.yml defines stacker and stacker:stacked
  ---
  duration_ms: 9.871814
  type: 'test'
  ...
# Subtest: installation doc records install id, permissions, and click path
ok 881 - installation doc records install id, permissions, and click path
  ---
  duration_ms: 0.844141
  type: 'test'
  ...
# Subtest: integration doc documents merge-top-down and labels
ok 882 - integration doc documents merge-top-down and labels
  ---
  duration_ms: 0.319932
  type: 'test'
  ...
# Subtest: skill points at install id and forbids invented secrets
ok 883 - skill points at install id and forbids invented secrets
  ---
  duration_ms: 3.920212
  type: 'test'
  ...
# Subtest: Graphite docs mention Stacker as installed free alternative
ok 884 - Graphite docs mention Stacker as installed free alternative
  ---
  duration_ms: 0.447401
  type: 'test'
  ...
# PASS: schema requires product_slug instead of legacy slug
# PASS: agent-generated product template validates against state schema
# PASS: checked-in agent-generated example validates against state schema
# PASS: state shape emitted by init-product.sh validates against state schema
# PASS: legacy slug-only state is rejected
# PASS: init-product.sh stamps product_slug
# 6 passed, 0 failed
# Subtest: tests/state-schema.test.js
ok 136 - tests/state-schema.test.js
  ---
  duration_ms: 178.981084
  type: 'test'
  ...
# PASS: hasIssueBranchRef matches WR branches containing the issue number
# PASS: referencesIssue matches closing references in PR bodies
# PASS: extractPrNumbersFromText finds workflow comment PR references
# PASS: isAssociatedPr rejects title-only matches without issue-specific signals
# PASS: findAssociatedPr detects open PRs by issue-specific branch name
# PASS: findAssociatedPr detects the workflow-created PR comment fallback
# PASS: isWrReadyForPr requires a completion signal
# PASS: stuck threshold is 5 min so a throttled cron cannot strand a WR
# PASS: stuckAgeVerdict windows a WR by age
# PASS: stuckAgeVerdict returns invalid for malformed timestamps
# 10 passed, 0 failed
# Subtest: tests/stuck-wr-detector.test.js
ok 137 - tests/stuck-wr-detector.test.js
  ---
  duration_ms: 58.277975
  type: 'test'
  ...
# PASS: parseDate accepts YYYY-MM-DD and rejects junk
# PASS: daysUntil counts whole days and goes negative when past
# PASS: effectiveDueDate prefers trial_end while on trial, else renewal
# PASS: RecurseML trial: due_soon 5 days before it ends (the seeded case)
# PASS: trial that already passed reads as expired
# PASS: active sub far from renewal is ok; cancelled is cancelled
# PASS: missing due date surfaces as unknown
# PASS: warnWithinDays is honoured at the boundary
# PASS: reposForSubscription normalises string and list forms
# PASS: buildReport partitions alerts and unknowns
# PASS: renderIssueBody includes marker and flags the RecurseML trial
# PASS: the seeded data/subscriptions.yml loads and contains RecurseML
# PASS: DEFAULT_WARN_WITHIN_DAYS is a sane positive default
# 13 passed, 0 failed
# Subtest: tests/subscription-tracker.test.js
ok 138 - tests/subscription-tracker.test.js
  ---
  duration_ms: 117.869338
  type: 'test'
  ...
# ✅ PASS: loadRecords interpolates {{APP_TARGET}} and applies default TTL
# ✅ PASS: loadRecords throws when {{APP_TARGET}} present but appTarget missing
# ✅ PASS: loadRecords rejects empty input
# ✅ PASS: loadRecords rejects YAML missing 'domain'
# ✅ PASS: loadRecords rejects YAML with empty records
# ✅ PASS: detectProvider returns null when no credentials are set
# ✅ PASS: detectProvider picks namecheap when its creds are present
# ✅ PASS: detectProvider picks godaddy when its creds are present
# ✅ PASS: detectProvider picks porkbun when its creds are present
# ✅ PASS: detectProvider prefers namecheap over godaddy when both are set
# ✅ PASS: splitDomain handles a normal two-label domain
# ✅ PASS: splitDomain handles a multi-label TLD like .co.uk
# ✅ PASS: splitDomain throws on a single-label input
# ✅ PASS: buildNamecheapRequest builds a setHosts URL-encoded body
# ✅ PASS: buildNamecheapRequest rejects ALIAS at the apex (unsupported by API)
# ✅ PASS: buildNamecheapRequest fails fast when credentials are missing
# ✅ PASS: buildGodaddyRequest builds a PUT with sso-key auth header
# ✅ PASS: buildGodaddyRequest translates ALIAS→A only when value is an IP
# ✅ PASS: buildPorkbunCreateRequests emits one POST per record with auth in body
# ✅ PASS: buildSyncRequests rejects unsupported providers
# ✅ PASS: buildSyncRequests dispatches to porkbun when asked
# ✅ PASS: SUPPORTED_PROVIDERS lists all three registrars
# ✅ PASS: redact strips Namecheap ApiKey/ApiUser from URL-encoded bodies
# ✅ PASS: redact strips Porkbun secrets from JSON bodies
# ✅ PASS: redactRequestForLog redacts Authorization header (GoDaddy)
# 25 passed, 0 failed
# Subtest: tests/sync-dns-records.test.js
ok 139 - tests/sync-dns-records.test.js
  ---
  duration_ms: 109.658505
  type: 'test'
  ...
# Subtest: stale audited actions are removed or explicitly dispositioned
ok 889 - stale audited actions are removed or explicitly dispositioned
  ---
  duration_ms: 2.409619
  type: 'test'
  ...
# Subtest: majorityK is strict majority (2 of 3, 3 of 5)
ok 890 - majorityK is strict majority (2 of 3, 3 of 5)
  ---
  duration_ms: 1.395739
  type: 'test'
  ...
# Subtest: consensusScore = fraction of domains cited by >= k arms
ok 891 - consensusScore = fraction of domains cited by >= k arms
  ---
  duration_ms: 0.656039
  type: 'test'
  ...
# Subtest: buildNpletResult assembles the nplet block (n, k, per-model sources, consensus)
ok 892 - buildNpletResult assembles the nplet block (n, k, per-model sources, consensus)
  ---
  duration_ms: 1.466529
  type: 'test'
  ...
# Subtest: buildNpletResult falls back to consensus for agreement + surfaces error
ok 893 - buildNpletResult falls back to consensus for agreement + surfaces error
  ---
  duration_ms: 0.433908
  type: 'test'
  ...
# Subtest: buildNpletResult unions ALL N models citations when adjudicator returns none (no dropped 3rd arm)
ok 894 - buildNpletResult unions ALL N models citations when adjudicator returns none (no dropped 3rd arm)
  ---
  duration_ms: 0.407128
  type: 'test'
  ...
# Subtest: buildNpletReport carries the triplet strategy labels
ok 895 - buildNpletReport carries the triplet strategy labels
  ---
  duration_ms: 0.233397
  type: 'test'
  ...
# Subtest: npletMetricsFor rolls up agreement/consensus/adjudication and is null without nplet blocks
ok 896 - npletMetricsFor rolls up agreement/consensus/adjudication and is null without nplet blocks
  ---
  duration_ms: 0.671776
  type: 'test'
  ...
# Subtest: decideNplet: no rubric gain over reference -> rollback_triplet
ok 897 - decideNplet: no rubric gain over reference -> rollback_triplet
  ---
  duration_ms: 0.487658
  type: 'test'
  ...
# Subtest: decideNplet: quality gain within budget + consensus -> keep_triplet
ok 898 - decideNplet: quality gain within budget + consensus -> keep_triplet
  ---
  duration_ms: 0.471816
  type: 'test'
  ...
# Subtest: decideNplet: quality gain but over cost budget -> tune_triplet
ok 899 - decideNplet: quality gain but over cost budget -> tune_triplet
  ---
  duration_ms: 0.598469
  type: 'test'
  ...
# Subtest: decideNplet: low sample -> needs_human_review
ok 900 - decideNplet: low sample -> needs_human_review
  ---
  duration_ms: 0.266735
  type: 'test'
  ...
# Subtest: NPLET_THRESHOLDS allow a wider cost budget than twin (~3x)
ok 901 - NPLET_THRESHOLDS allow a wider cost budget than twin (~3x)
  ---
  duration_ms: 0.287941
  type: 'test'
  ...
# === trusted-bot-auto-approve.yml Unit Tests ===
# PASS: isTrustedBot detects devin-ai-integration[bot]
# PASS: isTrustedBot detects github-actions[bot]
# PASS: isTrustedBot detects copilot[bot]
# PASS: isTrustedBot detects jules[bot]
# PASS: isTrustedBot detects cursor[bot]
# PASS: isTrustedBot detects bito-ai[bot]
# PASS: isTrustedBot detects openhands-ai-integration[bot]
# PASS: isTrustedBot detects dependabot[bot]
# PASS: isTrustedBot detects renovate[bot]
# PASS: isTrustedBot rejects non-bot logins
# PASS: isTrustedBot rejects unknown bots
# PASS: isTrustedBot handles null/undefined
# PASS: findMatchingPRs finds PRs by head SHA
# PASS: findMatchingPRs returns empty for no matches
# PASS: findMatchingPRs handles missing head
# PASS: getCheckStatus identifies passing checks
# PASS: getCheckStatus identifies failing checks
# PASS: getCheckStatus identifies pending checks
# PASS: getCheckStatus handles cancelled
# PASS: getCheckStatus treats neutral/skipped as passing
# PASS: filterExternalChecks removes own workflow
# PASS: filterExternalChecks keeps all when none match
# PASS: getHeadSha extracts from check_suite event
# PASS: getHeadSha extracts from workflow_run event
# PASS: getHeadSha returns null for unknown event
# PASS: getHeadSha handles missing data
# PASS: shouldApprove approves trusted bot with passing checks
# PASS: shouldApprove rejects non-trusted bot
# PASS: shouldApprove rejects when checks pending
# PASS: shouldApprove rejects when checks failing
# PASS: shouldApprove rejects when already approved
# PASS: shouldApprove rejects when no completed checks
# PASS: formatApprovalBody includes bot name
# PASS: formatApprovalBody includes automated notice
# PASS: isTrustedBot handles special characters safely
# === Results: 35 passed, 0 failed ===
# ✅ All tests passed
# Subtest: tests/trusted-bot-auto-approve.test.js
ok 142 - tests/trusted-bot-auto-approve.test.js
  ---
  duration_ms: 48.733554
  type: 'test'
  ...
# Subtest: twin arms apply the R&D frameworks incl. BNAT (not a generic prompt)
ok 903 - twin arms apply the R&D frameworks incl. BNAT (not a generic prompt)
  ---
  duration_ms: 2.779925
  type: 'test'
  ...
# Subtest: extractCitations pulls + dedupes URLs and strips trailing punctuation
ok 904 - extractCitations pulls + dedupes URLs and strips trailing punctuation
  ---
  duration_ms: 1.230316
  type: 'test'
  ...
# Subtest: extractCitations handles empty/none
ok 905 - extractCitations handles empty/none
  ---
  duration_ms: 0.225969
  type: 'test'
  ...
# Subtest: domainOf normalizes host and drops www
ok 906 - domainOf normalizes host and drops www
  ---
  duration_ms: 1.511376
  type: 'test'
  ...
# Subtest: sourceOverlapScore is Jaccard over domains
ok 907 - sourceOverlapScore is Jaccard over domains
  ---
  duration_ms: 0.633326
  type: 'test'
  ...
# Subtest: unionCitations dedupes preserving order
ok 908 - unionCitations dedupes preserving order
  ---
  duration_ms: 0.323067
  type: 'test'
  ...
# Subtest: parseAdjudication recovers JSON from fenced/prose output
ok 909 - parseAdjudication recovers JSON from fenced/prose output
  ---
  duration_ms: 0.879096
  type: 'test'
  ...
# Subtest: buildTwinResult uses adjudicator fields and emits the twin schema
ok 910 - buildTwinResult uses adjudicator fields and emits the twin schema
  ---
  duration_ms: 0.694547
  type: 'test'
  ...
# Subtest: buildTwinResult surfaces error state (so eval can measure error-rate)
ok 911 - buildTwinResult surfaces error state (so eval can measure error-rate)
  ---
  duration_ms: 0.770741
  type: 'test'
  ...
# Subtest: buildTwinResult falls back when adjudication is null (overlap + union)
ok 912 - buildTwinResult falls back when adjudication is null (overlap + union)
  ---
  duration_ms: 0.768089
  type: 'test'
  ...
# Subtest: buildTwinReport wraps results with the adjudicated strategy labels
ok 913 - buildTwinReport wraps results with the adjudicated strategy labels
  ---
  duration_ms: 0.342491
  type: 'test'
  ...
# ugc-review-generator
#   ✓ preserves the original Amazon review script behavior
#   ✓ builds Zeely-style overlay copy with proof and urgency
#   ✓ falls back to compliant qualitative language when proof is missing
#   ✓ normalizes urgency hours into a safe 1-72 range
#   ✓ produces deterministic 30-day content calendar entries
#   ✓ markdown export includes the key local-lead sections
# Subtest: tests/ugc-review-generator.test.js
ok 144 - tests/ugc-review-generator.test.js
  ---
  duration_ms: 52.287601
  type: 'test'
  ...
# ✅ PASS: parseArgs extracts business, industry, location from command line
# ✅ PASS: parseArgs provides default output directory
# ✅ PASS: Research swarm has 5 Scout agents with distinct roles
# ✅ PASS: Image naming convention follows [business]-[subject]-[context]-[size].webp
# ✅ PASS: Image sizes follow standard dimensions
# ✅ PASS: Alt text must be 5-15 words and descriptive
# ✅ PASS: Metadata includes all required fields
# ✅ PASS: Title max length is 60 characters
# ✅ PASS: Description is 150-160 characters
# ✅ PASS: Quality gates include Lighthouse score requirements
# ✅ PASS: Competitive analysis requires at least 10 competitors
# ✅ PASS: Differentiation strategy requires at least 3 unique angles
# ✅ PASS: Output directory structure includes all required subdirectories
# ✅ PASS: Research output includes competitive analysis and scout reports
# ✅ PASS: Models are correctly selected for each phase
# ✅ PASS: Estimated cost per project is within budget
# ✅ PASS: MCP projects inject the MCP landing page prompt pack into UI recommendations
# ✅ PASS: Non-MCP projects do not inject MCP prompt pack
# ✅ All UI Creation Engine tests passed
# Test coverage:
#   - Argument parsing
#   - Scout agent configuration
#   - Image optimization standards
#   - Alt text rules
#   - SEO metadata requirements
#   - Quality gates
#   - Output artifacts
#   - Model selection
#   - Cost budgeting
# Subtest: tests/ui-creation-engine.test.js
ok 145 - tests/ui-creation-engine.test.js
  ---
  duration_ms: 61.783151
  type: 'test'
  ...
# Subtest: committed tokens.json passes validation
ok 916 - committed tokens.json passes validation
  ---
  duration_ms: 2.806635
  type: 'test'
  ...
# Subtest: a well-formed document produces no violations
ok 917 - a well-formed document produces no violations
  ---
  duration_ms: 0.286143
  type: 'test'
  ...
# Subtest: non-object documents are rejected
ok 918 - non-object documents are rejected
  ---
  duration_ms: 0.302341
  type: 'test'
  ...
# Subtest: missing name/version/tokens are each reported
ok 919 - missing name/version/tokens are each reported
  ---
  duration_ms: 0.469659
  type: 'test'
  ...
# Subtest: every required group must be present and non-empty
ok 920 - every required group must be present and non-empty
  ---
  duration_ms: 0.354994
  type: 'test'
  ...
# Subtest: non-hex color values are rejected
ok 921 - non-hex color values are rejected
  ---
  duration_ms: 0.239469
  type: 'test'
  ...
# Subtest: 3-, 6-, and 8-digit hex colors are all accepted
ok 922 - 3-, 6-, and 8-digit hex colors are all accepted
  ---
  duration_ms: 0.208148
  type: 'test'
  ...
# Subtest: invalid dimensions are rejected
ok 923 - invalid dimensions are rejected
  ---
  duration_ms: 0.269102
  type: 'test'
  ...
# Subtest: wrong token types are rejected
ok 924 - wrong token types are rejected
  ---
  duration_ms: 0.565182
  type: 'test'
  ...
# Subtest: non-kebab-case token names are rejected
ok 925 - non-kebab-case token names are rejected
  ---
  duration_ms: 0.531089
  type: 'test'
  ...
# Subtest: tokens missing value or type are reported
ok 926 - tokens missing value or type are reported
  ---
  duration_ms: 0.31811
  type: 'test'
  ...
# Subtest: value and type violations on the same token are both reported
ok 927 - value and type violations on the same token are both reported
  ---
  duration_ms: 0.191495
  type: 'test'
  ...
# Subtest: generateCssVariables emits a namespaced variable for every token
ok 928 - generateCssVariables emits a namespaced variable for every token
  ---
  duration_ms: 0.262124
  type: 'test'
  ...
# Subtest: generateTailwindTheme maps groups to Tailwind theme.extend keys
ok 929 - generateTailwindTheme maps groups to Tailwind theme.extend keys
  ---
  duration_ms: 0.252044
  type: 'test'
  ...
# Subtest: ui-audit-logger workflow runs the validator as a hard gate
ok 930 - ui-audit-logger workflow runs the validator as a hard gate
  ---
  duration_ms: 0.257494
  type: 'test'
  ...
# Subtest: tableau format template exists and parses as a workflow
ok 931 - tableau format template exists and parses as a workflow
  ---
  duration_ms: 22.611253
  type: 'test'
  ...
# Subtest: tableau format template path-filters Tableau assets and style guide
ok 932 - tableau format template path-filters Tableau assets and style guide
  ---
  duration_ms: 7.328571
  type: 'test'
  ...
# Subtest: tableau format template pins upstream action and uploads artifacts
ok 933 - tableau format template pins upstream action and uploads artifacts
  ---
  duration_ms: 6.222066
  type: 'test'
  ...
# Subtest: tableau format template skips cleanly when guide or files are missing
ok 934 - tableau format template skips cleanly when guide or files are missing
  ---
  duration_ms: 0.550427
  type: 'test'
  ...
# Subtest: example style guide is valid JSON with required style keys
ok 935 - example style guide is valid JSON with required style keys
  ---
  duration_ms: 0.40716
  type: 'test'
  ...
# Subtest: docs and cicd README inventory the tableau marketplace action
ok 936 - docs and cicd README inventory the tableau marketplace action
  ---
  duration_ms: 0.592133
  type: 'test'
  ...
# Subtest: template is not auto-enabled in this repo live workflows
ok 937 - template is not auto-enabled in this repo live workflows
  ---
  duration_ms: 0.290317
  type: 'test'
  ...
# Subtest: no ${{ }} template expansion inside run blocks (command injection)
ok 938 - no ${{ }} template expansion inside run blocks (command injection)
  ---
  duration_ms: 5.247053
  type: 'test'
  ...
# ✅ PASS: verify-bito-installation.sh exists and is executable
# ✅ PASS: verify-bito-installation.sh runs without errors
# ✅ PASS: verify-bito-installation.sh checks all required files
# ✅ PASS: verify-bito-installation.sh validates workflow configuration
# ✅ PASS: verify-bito-installation.sh checks required labels
# ✅ PASS: verify-bito-installation.sh produces summary
# ✅ PASS: verify-bito-installation.sh returns appropriate exit code
# ✅ PASS: BITO_INSTALLATION_VERIFICATION.md exists and contains required sections
# ✅ PASS: BITO_INSTALLATION_VERIFICATION.md references installation ID
# ✅ PASS: BITO_INSTALLATION_VERIFICATION.md has troubleshooting guide
# ============================================================
# Test Summary: 10 passed, 0 failed
# ============================================================
# Subtest: tests/verify-bito-installation.test.js
ok 148 - tests/verify-bito-installation.test.js
  ---
  duration_ms: 341.589032
  type: 'test'
  ...
# Subtest: weekly audit README exists and records human_gate + live refresh
ok 940 - weekly audit README exists and records human_gate + live refresh
  ---
  duration_ms: 1.939458
  type: 'test'
  ...
# Subtest: weekly audit README marks sheaf pick and governance pack as done
ok 941 - weekly audit README marks sheaf pick and governance pack as done
  ---
  duration_ms: 0.43025
  type: 'test'
  ...
# Subtest: method memory file exists for the next auditor
ok 942 - method memory file exists for the next auditor
  ---
  duration_ms: 0.251168
  type: 'test'
  ...
# Subtest: 2026-08-08 backlog triage artifact exists and points at remaining Tier A
ok 943 - 2026-08-08 backlog triage artifact exists and points at remaining Tier A
  ---
  duration_ms: 0.358249
  type: 'test'
  ...
# PASS: active Work Request templates stay in sync with portable template copies
# PASS: Work Request templates apply canonical WR routing labels
# PASS: WR templates allow title-only intake for orchestrator-filled routing
# PASS: WR workflows accept BASIC WR issue type, work-request label, and title route tags
# PASS: WR auto-classify accepts title signals and infers output type from route tags
# PASS: OpenRouter auto-route accepts title-only route tags and infers Output Type from them
# PASS: wr-auto-classify accepts title route tags and infers Output Type
# PASS: openrouter auto-route accepts WR labels and title route tags
# PASS: weekly-research accepts route-tagged title-only source intake
# PASS: OpenRouter auto-route accepts normalized WR labels and output-type fallbacks
# PASS: WR workflows infer routing from title tags for title-only intake
# PASS: WR auto-classify infers Output Type from title app/tool hints
# PASS: Title route tags act as WR intake and Output Type signals for title-only issues
# PASS: WR routing workflows infer Output Type from title route tags
# PASS: WR PR creation waits for research completion and ignores PR comments
# PASS: WR PR creation mirrors deep research labels onto the generated PR
# PASS: WR PR creation uses an existing template and clears recovered stuck labels
# PASS: wr:reset bypasses existing-PR guard and is allowed as a trigger label
# PASS: Work Request Output Type options match wr-auto-classify DROPDOWN_FIELDS
# PASS: WR PR creation maps current WR output types to ship-to-market labels
# PASS: PDF pipeline batch dropdown exists with expected options
# PASS: Work Request heavy template keeps only Output Type required
# PASS: Work Request heavy template exposes sellable-artifact bundle and purchase validation fields
# PASS: PDF_WR_PLAYBOOK links AUTOMATED_PRODUCT_PIPELINE and PDF shape
# Subtest: tests/work-request-form-sync.test.js
ok 150 - tests/work-request-form-sync.test.js
  ---
  duration_ms: 59.113815
  type: 'test'
  ...
# Subtest: no workflow is filed where GitHub Actions will not read it
ok 945 - no workflow is filed where GitHub Actions will not read it
  ---
  duration_ms: 6.778397
  type: 'test'
  ...
# Subtest: the dormant list only shrinks
ok 946 - the dormant list only shrinks
  ---
  duration_ms: 1.744784
  type: 'test'
  ...
# Subtest: api-monitor is registered at the top level and fails on an unhealthy API
ok 947 - api-monitor is registered at the top level and fails on an unhealthy API
  ---
  duration_ms: 0.573827
  type: 'test'
  ...
# Subtest: pr-lifecycle check-state workflow allowlist
    # Subtest: allowlist is non-empty
    ok 1 - allowlist is non-empty
      ---
      duration_ms: 0.987032
      type: 'test'
      ...
    # Subtest: every allowlisted name matches a real workflow name
    ok 2 - every allowlisted name matches a real workflow name
      ---
      duration_ms: 0.921301
      type: 'test'
      ...
    # Subtest: allowlist is sorted case-insensitively alphabetical
    ok 3 - allowlist is sorted case-insensitively alphabetical
      ---
      duration_ms: 12.930504
      type: 'test'
      ...
    # Subtest: allowlist never contains a wildcard
    ok 4 - allowlist never contains a wildcard
      ---
      duration_ms: 0.248181
      type: 'test'
      ...
    1..4
ok 948 - pr-lifecycle check-state workflow allowlist
  ---
  duration_ms: 39.014107
  type: 'suite'
  ...
# Subtest: workflows inputs declare expected fields
ok 949 - workflows inputs declare expected fields
  ---
  duration_ms: 32.287294
  type: 'test'
  ...
# Subtest: PIA package directory exists
ok 950 - PIA package directory exists
  ---
  duration_ms: 1.922641
  type: 'test'
  ...
# Subtest: all required PIA artifacts exist
ok 951 - all required PIA artifacts exist
  ---
  duration_ms: 1.292941
  type: 'test'
  ...
# Subtest: master PIA covers issue \#16110 resolution checklist items
ok 952 - master PIA covers issue \#16110 resolution checklist items
  ---
  duration_ms: 0.43311
  type: 'test'
  ...
# Subtest: data inventory JSON has required high-sensitivity fields
ok 953 - data inventory JSON has required high-sensitivity fields
  ---
  duration_ms: 2.519652
  type: 'test'
  ...
# Subtest: data-flows document maps client to server to third parties
ok 954 - data-flows document maps client to server to third parties
  ---
  duration_ms: 0.326037
  type: 'test'
  ...
# Subtest: regulatory mapping covers HIPAA HBNR MHMDA GDPR CCPA
ok 955 - regulatory mapping covers HIPAA HBNR MHMDA GDPR CCPA
  ---
  duration_ms: 0.388212
  type: 'test'
  ...
# Subtest: vendor register inventories analytics crash cloud and LLM processors
ok 956 - vendor register inventories analytics crash cloud and LLM processors
  ---
  duration_ms: 0.600888
  type: 'test'
  ...
# Subtest: risk register has mitigations for each risk
ok 957 - risk register has mitigations for each risk
  ---
  duration_ms: 0.706161
  type: 'test'
  ...
# Subtest: entity classification draft concludes D2C not CE/BA at MVP
ok 958 - entity classification draft concludes D2C not CE/BA at MVP
  ---
  duration_ms: 0.648844
  type: 'test'
  ...
# Subtest: parent WR links to the PIA package and marks PIA progress
ok 959 - parent WR links to the PIA package and marks PIA progress
  ---
  duration_ms: 0.821723
  type: 'test'
  ...
# Subtest: README indexes all package artifacts
ok 960 - README indexes all package artifacts
  ---
  duration_ms: 0.349539
  type: 'test'
  ...
# Subtest: fluence follows J/cm2 = mW/cm2 * s / 1000
ok 961 - fluence follows J/cm2 = mW/cm2 * s / 1000
  ---
  duration_ms: 1.688162
  type: 'test'
  ...
# Subtest: fluence rejects negative or non-finite inputs
ok 962 - fluence rejects negative or non-finite inputs
  ---
  duration_ms: 0.677209
  type: 'test'
  ...
# Subtest: irradiance and fluence are independent — Lopes 55 vs 155 mW/cm2
ok 963 - irradiance and fluence are independent — Lopes 55 vs 155 mW/cm2
  ---
  duration_ms: 0.452315
  type: 'test'
  ...
# Subtest: secondsForFluence inverts fluence and handles zero irradiance
ok 964 - secondsForFluence inverts fluence and handles zero irradiance
  ---
  duration_ms: 0.191851
  type: 'test'
  ...
# Subtest: totalJoules scales fluence by spot area
ok 965 - totalJoules scales fluence by spot area
  ---
  duration_ms: 0.388633
  type: 'test'
  ...
# Subtest: relativeResponse is biphasic — peaks near proliferation dose
ok 966 - relativeResponse is biphasic — peaks near proliferation dose
  ---
  duration_ms: 0.233164
  type: 'test'
  ...
# Subtest: classify names the zone against the therapeutic windows
ok 967 - classify names the zone against the therapeutic windows
  ---
  duration_ms: 0.355961
  type: 'test'
  ...
# Subtest: harvest.py --self-test passes (pure-function contract)
ok 968 - harvest.py --self-test passes (pure-function contract)
  ---
  duration_ms: 407.535842
  type: 'test'
  ...
# Subtest: harvest.py --dry-run runs offline without writing or fabricating
ok 969 - harvest.py --dry-run runs offline without writing or fabricating
  ---
  duration_ms: 371.155752
  type: 'test'
  ...
# Subtest: registry parses and validates cleanly
ok 970 - registry parses and validates cleanly
  ---
  duration_ms: 25.251417
  type: 'test'
  ...
# Subtest: cleanTitle collapses double spaces and enforces [WR] prefix
ok 971 - cleanTitle collapses double spaces and enforces [WR] prefix
  ---
  duration_ms: 9.409939
  type: 'test'
  ...
# Subtest: cleanTitle strips slash-command noise and URLs
ok 972 - cleanTitle strips slash-command noise and URLs
  ---
  duration_ms: 7.967153
  type: 'test'
  ...
# Subtest: suggestTitle maps fleet maintenance pattern
ok 973 - suggestTitle maps fleet maintenance pattern
  ---
  duration_ms: 7.523454
  type: 'test'
  ...
# Subtest: suggestTitle maps need-ability brain dumps to add-feature
ok 974 - suggestTitle maps need-ability brain dumps to add-feature
  ---
  duration_ms: 9.893544
  type: 'test'
  ...
# Subtest: suggestTitle skips already-clean titles unless forced
ok 975 - suggestTitle skips already-clean titles unless forced
  ---
  duration_ms: 16.958448
  type: 'test'
  ...
# Subtest: suggestTitle uses Summary from body when title is sparse
ok 976 - suggestTitle uses Summary from body when title is sparse
  ---
  duration_ms: 7.265295
  type: 'test'
  ...
# Subtest: formatTitle respects max_length
ok 977 - formatTitle respects max_length
  ---
  duration_ms: 0.535197
  type: 'test'
  ...
# Subtest: normalizeSubject strips nested [WR] self-reference
ok 978 - normalizeSubject strips nested [WR] self-reference
  ---
  duration_ms: 5.977302
  type: 'test'
  ...
# Subtest: extractSummary reads WR form section
ok 979 - extractSummary reads WR form section
  ---
  duration_ms: 0.760126
  type: 'test'
  ...
# Subtest: isAlreadyClean rejects double spaces and missing prefix
ok 980 - isAlreadyClean rejects double spaces and missing prefix
  ---
  duration_ms: 17.103246
  type: 'test'
  ...
# Subtest: mineTitlePatterns ranks unigrams from a temp title list
ok 981 - mineTitlePatterns ranks unigrams from a temp title list
  ---
  duration_ms: 40.663159
  type: 'test'
  ...
# Subtest: validateRegistry flags bad shapes
ok 982 - validateRegistry flags bad shapes
  ---
  duration_ms: 0.354668
  type: 'test'
  ...
# Subtest: CLI --check and --clean exit 0 on happy path
ok 983 - CLI --check and --clean exit 0 on happy path
  ---
  duration_ms: 11.01346
  type: 'test'
  ...
# PASS: server source files exist
# PASS: server.py compiles cleanly with python3
# PASS: module imports without FastMCP and registers all 4 tools
# PASS: shim defines each introspection method exactly once
# PASS: module exposes both documented MCP resources
# PASS: _extract_urls dedupes URLs and strips trailing punctuation
# PASS: _collect_issue_signals detects PDFs, integrations, and research findings
# PASS: _credential_matrix flags every required secret as missing when env empty
# PASS: FIRECRAWL_API_KEY becomes required when WR signals contain URLs
# PASS: TAVILY_API_KEY becomes required when WR signals contain URLs
# PASS: research_mode = jules-only when no URLs and no research credentials
# PASS: research_mode = firecrawl-agent when URLs + only Firecrawl key
# PASS: research_mode = tavily-search when URLs + only Tavily key
# PASS: research_mode = jules-plus-firecrawl-and-tavily when URLs + both keys
# PASS: research_mode = jules-plus-firecrawl-pdf when PDF URLs + Firecrawl key
# PASS: _issue_packet handles GitHub `"user": null` without crashing
# PASS: control_plane_status returns server, default_repo, providers, readiness
# PASS: render_control_plane_mcp_entry returns documented entry for repo profile
# PASS: render_control_plane_mcp_entry uses template path for template profile
# PASS: render_control_plane_mcp_entry rejects unknown profiles
# PASS: env_schema lists every required and optional variable
# PASS: architecture_summary documents both current and next layers
# PASS: architecture_summary advertises Tavily on the next research layer
# PASS: architecture_summary exposes machine-readable v0_1_0_trade_offs
# PASS: .mcp.json includes a disabled wr-pr-control-plane entry
# PASS: .env.example documents every required control-plane variable
# PASS: templates/mcp/.env.mcp.example mirrors the control-plane variables
# PASS: templates/mcp/mcp.revvel-custom.json exposes the wr-pr-control-plane entry
# PASS: scripts/setup-mcp.sh references the control-plane install path
# PASS: docs/MCP_REVVEL_CATALOG.md documents the wr-pr-control-plane entry
# PASS: mcp-servers/wr-control-plane/README.md documents trade-offs and Tavily
# PASS: SYSTEM_STATE.md records the wr-pr-control-plane MCP server
# 32 passed, 0 failed
# Subtest: tests/wr-control-plane.test.js
ok 158 - tests/wr-control-plane.test.js
  ---
  duration_ms: 8503.512973
  type: 'test'
  ...
# Subtest: wr-field-filler triggers on issue events (intake path)
ok 985 - wr-field-filler triggers on issue events (intake path)
  ---
  duration_ms: 1.294007
  type: 'test'
  ...
# Subtest: wr-field-filler self-heals on downstream failure via workflow_run
ok 986 - wr-field-filler self-heals on downstream failure via workflow_run
  ---
  duration_ms: 0.247674
  type: 'test'
  ...
# Subtest: wr-field-filler runs a scheduled sweep for stragglers
ok 987 - wr-field-filler runs a scheduled sweep for stragglers
  ---
  duration_ms: 0.463182
  type: 'test'
  ...
# Subtest: wr-field-filler exposes workflow_dispatch for manual runs
ok 988 - wr-field-filler exposes workflow_dispatch for manual runs
  ---
  duration_ms: 0.166717
  type: 'test'
  ...
# Subtest: wr-field-filler permissions grant issues:write and actions:write
ok 989 - wr-field-filler permissions grant issues:write and actions:write
  ---
  duration_ms: 0.351859
  type: 'test'
  ...
# Subtest: wr-field-filler toggles wr:reset after a successful fill (self-heal loop)
ok 990 - wr-field-filler toggles wr:reset after a successful fill (self-heal loop)
  ---
  duration_ms: 0.452367
  type: 'test'
  ...
# Subtest: wr-field-filler skips when the triggering workflow_run was successful
ok 991 - wr-field-filler skips when the triggering workflow_run was successful
  ---
  duration_ms: 0.36185
  type: 'test'
  ...
# Subtest: wr-field-filler uses ADMIN_GITHUB_TOKEN fallback (CLAUDE.md gotcha \#2)
ok 992 - wr-field-filler uses ADMIN_GITHUB_TOKEN fallback (CLAUDE.md gotcha \#2)
  ---
  duration_ms: 0.32128
  type: 'test'
  ...
# Subtest: defaults YAML lists every field from the issue form (source-of-truth alignment)
ok 993 - defaults YAML lists every field from the issue form (source-of-truth alignment)
  ---
  duration_ms: 48.230334
  type: 'test'
  ...
# Subtest: defaults YAML dropdown "allowed" lists match issue-form option lists
ok 994 - defaults YAML dropdown "allowed" lists match issue-form option lists
  ---
  duration_ms: 12.809642
  type: 'test'
  ...
# Subtest: isBlank flags _No response_, None, TBD, empty
ok 995 - isBlank flags _No response_, None, TBD, empty
  ---
  duration_ms: 0.323098
  type: 'test'
  ...
# Subtest: isBlank treats unticked checkboxes as blank
ok 996 - isBlank treats unticked checkboxes as blank
  ---
  duration_ms: 0.336216
  type: 'test'
  ...
# Subtest: parseIssueBody rebuilds an ordered field list for the blank WR fixture
ok 997 - parseIssueBody rebuilds an ordered field list for the blank WR fixture
  ---
  duration_ms: 1.571185
  type: 'test'
  ...
# Subtest: fillDeterministic fills every non-LLM blank field from the fixture
ok 998 - fillDeterministic fills every non-LLM blank field from the fixture
  ---
  duration_ms: 1.634107
  type: 'test'
  ...
# Subtest: fillDeterministic leaves LLM-refinement fields for the LLM pass
ok 999 - fillDeterministic leaves LLM-refinement fields for the LLM pass
  ---
  duration_ms: 0.767165
  type: 'test'
  ...
# Subtest: fillWithLlm with WR_LLM disabled fills LLM-pending fields from fallback strings
ok 1000 - fillWithLlm with WR_LLM disabled fills LLM-pending fields from fallback strings
  ---
  duration_ms: 1.233759
  type: 'test'
  ...
# Subtest: end-to-end fill() (WR_LLM=0) produces a body with no blank markers left
ok 1001 - end-to-end fill() (WR_LLM=0) produces a body with no blank markers left
  ---
  duration_ms: 1.058359
  type: 'test'
  ...
# Subtest: output_type=sellable-pdf routes PDF batch, delivery shape, and artifact bundle correctly
ok 1002 - output_type=sellable-pdf routes PDF batch, delivery shape, and artifact bundle correctly
  ---
  duration_ms: 0.910983
  type: 'test'
  ...
# Subtest: renderIssueBody round-trips through parseIssueBody with the same field set
ok 1003 - renderIssueBody round-trips through parseIssueBody with the same field set
  ---
  duration_ms: 0.44767
  type: 'test'
  ...
# Subtest: filled output passes the wr-lint rule 12 forbidden-placeholder scan
ok 1004 - filled output passes the wr-lint rule 12 forbidden-placeholder scan
  ---
  duration_ms: 0.750815
  type: 'test'
  ...
# Subtest: needsFilling returns true when at least one field is blank
ok 1005 - needsFilling returns true when at least one field is blank
  ---
  duration_ms: 31.699557
  type: 'test'
  ...
# Subtest: needsFilling returns false when every known field has content
ok 1006 - needsFilling returns false when every known field has content
  ---
  duration_ms: 0.434335
  type: 'test'
  ...
# Subtest: needsFilling returns false when the body has no known WR headings
ok 1007 - needsFilling returns false when the body has no known WR headings
  ---
  duration_ms: 0.268519
  type: 'test'
  ...
# Subtest: needsFilling handles empty body / missing body
ok 1008 - needsFilling handles empty body / missing body
  ---
  duration_ms: 0.180937
  type: 'test'
  ...
# Subtest: needsFilling ignores whitespace-only blank markers
ok 1009 - needsFilling ignores whitespace-only blank markers
  ---
  duration_ms: 0.254959
  type: 'test'
  ...
# Subtest: needsFilling flags unticked Acknowledgements as a blank field
ok 1010 - needsFilling flags unticked Acknowledgements as a blank field
  ---
  duration_ms: 0.429602
  type: 'test'
  ...
# Subtest: flags untrusted issue body interpolated into shell
ok 1011 - flags untrusted issue body interpolated into shell
  ---
  duration_ms: 55.869626
  type: 'test'
  ...
# Subtest: accepts the safe env: pattern
ok 1012 - accepts the safe env: pattern
  ---
  duration_ms: 52.652221
  type: 'test'
  ...
# Subtest: flags checked acknowledgements when fields are blank (_No response_)
ok 1013 - flags checked acknowledgements when fields are blank (_No response_)
  ---
  duration_ms: 56.282532
  type: 'test'
  ...
# Subtest: flags _No response_ with no space after a field-label colon
ok 1014 - flags _No response_ with no space after a field-label colon
  ---
  duration_ms: 52.481054
  type: 'test'
  ...
# Subtest: passes when the same checklist has genuinely filled fields
ok 1015 - passes when the same checklist has genuinely filled fields
  ---
  duration_ms: 53.623081
  type: 'test'
  ...
# Subtest: does not flag _No response_ inside a fenced code block
ok 1016 - does not flag _No response_ inside a fenced code block
  ---
  duration_ms: 50.642127
  type: 'test'
  ...
# Subtest: flags product section in a /dragnet fix WR (BASIC short-form persona)
ok 1017 - flags product section in a /dragnet fix WR (BASIC short-form persona)
  ---
  duration_ms: 59.976537
  type: 'test'
  ...
# Subtest: does not flag product section for a non-fix persona slash command (FULL long-form)
ok 1018 - does not flag product section for a non-fix persona slash command (FULL long-form)
  ---
  duration_ms: 56.879361
  type: 'test'
  ...
# Subtest: flags REVVEL-DISABLED block missing required metadata fields
ok 1019 - flags REVVEL-DISABLED block missing required metadata fields
  ---
  duration_ms: 55.46735
  type: 'test'
  ...
# Subtest: passes a well-formed REVVEL-DISABLED block with all required fields
ok 1020 - passes a well-formed REVVEL-DISABLED block with all required fields
  ---
  duration_ms: 57.953629
  type: 'test'
  ...
# Subtest: flags an unclosed REVVEL-DISABLED block
ok 1021 - flags an unclosed REVVEL-DISABLED block
  ---
  duration_ms: 51.807228
  type: 'test'
  ...
# Subtest: does not treat a prose mention of REVVEL-DISABLED as a block opener
ok 1022 - does not treat a prose mention of REVVEL-DISABLED as a block opener
  ---
  duration_ms: 53.651602
  type: 'test'
  ...
# Subtest: flags N/A — pending Jules refinement as a deferral placeholder
ok 1023 - flags N/A — pending Jules refinement as a deferral placeholder
  ---
  duration_ms: 55.391176
  type: 'test'
  ...
# Subtest: flags N/A — pending human review as a deferral placeholder
ok 1024 - flags N/A — pending human review as a deferral placeholder
  ---
  duration_ms: 54.193751
  type: 'test'
  ...
# Subtest: flags 'pending refinement' as a deferral placeholder
ok 1025 - flags 'pending refinement' as a deferral placeholder
  ---
  duration_ms: 56.154956
  type: 'test'
  ...
# Subtest: flags TBD as a deferral placeholder
ok 1026 - flags TBD as a deferral placeholder
  ---
  duration_ms: 53.835817
  type: 'test'
  ...
# Subtest: flags TODO as a deferral placeholder
ok 1027 - flags TODO as a deferral placeholder
  ---
  duration_ms: 53.621103
  type: 'test'
  ...
# Subtest: does not flag deferral phrases inside a fenced code block
ok 1028 - does not flag deferral phrases inside a fenced code block
  ---
  duration_ms: 55.71875
  type: 'test'
  ...
# Subtest: deferral placeholder also triggers false-completion when checklist is checked
ok 1029 - deferral placeholder also triggers false-completion when checklist is checked
  ---
  duration_ms: 54.980475
  type: 'test'
  ...
# === wr-pr-creation.yml Unit Tests ===
# PASS: parseIssueNumber extracts from payload.issue
# PASS: parseIssueNumber extracts from inputs.issue_number
# PASS: parseIssueNumber handles \# prefix
# PASS: parseIssueNumber handles plain number string
# PASS: parseIssueNumber extracts from run URL as fallback
# PASS: parseIssueNumber returns null when no source available
# PASS: isWrIssue detects [WR] prefix in title
# PASS: isWrIssue detects work-request label
# PASS: isWrIssue detects weekly-research label
# PASS: isWrIssue detects WR issue type
# PASS: isWrIssue detects title route tags for title-only intake
# PASS: isWrIssue accepts wr:new seeded route-tag intake
# PASS: isWrIssue returns false for non-WR issues
# PASS: isCompletionLabel detects research:complete
# PASS: isCompletionLabel detects wr:complete
# PASS: isCompletionLabel detects wr:research
# PASS: isCompletionLabel detects wr:reset (self-heal force-create)
# PASS: isCompletionLabel rejects non-completion labels
# PASS: shouldCreatePr returns false for closed issues
# PASS: shouldCreatePr returns false for issue:done label
# PASS: shouldCreatePr returns true for open WR issues
# PASS: generateBranchName creates valid branch name
# PASS: generateBranchName handles special characters
# PASS: generateBranchName truncates long titles
# PASS: isOperationalBotComment detects failure comment
# PASS: isOperationalBotComment detects skip comment
# PASS: isOperationalBotComment detects success comment
# PASS: isOperationalBotComment rejects non-bot comments
# PASS: isOperationalBotComment rejects unrelated bot comments
# PASS: isCompletionTrigger allows research:complete labeled event
# PASS: isCompletionTrigger allows wr:complete labeled event
# PASS: isCompletionTrigger allows wr:reset labeled event (self-heal)
# PASS: isCompletionTrigger blocks non-completion labels
# PASS: isCompletionTrigger allows workflow_dispatch
# PASS: isCompletionTrigger allows opened issues
# PASS: isCompletionTrigger allows reopened issues
# PASS: handles issue with string labels array
# PASS: handles issue with mixed label formats
# === Results: 38 passed, 0 failed ===
# ✅ All tests passed
# Subtest: tests/wr-pr-creation.test.js
ok 164 - tests/wr-pr-creation.test.js
  ---
  duration_ms: 47.796242
  type: 'test'
  ...
# Subtest: extractImageUrls: markdown image (extension-less GitHub attachment)
ok 1031 - extractImageUrls: markdown image (extension-less GitHub attachment)
  ---
  duration_ms: 2.661347
  type: 'test'
  ...
# Subtest: extractImageUrls: HTML img, bare url, and dedupe
ok 1032 - extractImageUrls: HTML img, bare url, and dedupe
  ---
  duration_ms: 0.453034
  type: 'test'
  ...
# Subtest: extractImageUrls: ignores non-image links and empty/invalid input
ok 1033 - extractImageUrls: ignores non-image links and empty/invalid input
  ---
  duration_ms: 0.352051
  type: 'test'
  ...
# Subtest: ocrImages: uses injected runner and never throws on failure
ok 1034 - ocrImages: uses injected runner and never throws on failure
  ---
  duration_ms: 0.506845
  type: 'test'
  ...
# Subtest: assembleOcrAppendix: includes extracted text, empty when nothing usable
ok 1035 - assembleOcrAppendix: includes extracted text, empty when nothing usable
  ---
  duration_ms: 0.320884
  type: 'test'
  ...
# Subtest: buildEnrichmentMessages: system lists every canonical field, user carries OCR
ok 1036 - buildEnrichmentMessages: system lists every canonical field, user carries OCR
  ---
  duration_ms: 0.417522
  type: 'test'
  ...
# Subtest: enrichWorkRequest: falls back (no throw) when no API key
ok 1037 - enrichWorkRequest: falls back (no throw) when no API key
  ---
  duration_ms: 0.468838
  type: 'test'
  ...
# Subtest: enrichWorkRequest: uses injected routedChat when key present
ok 1038 - enrichWorkRequest: uses injected routedChat when key present
  ---
  duration_ms: 1.59771
  type: 'test'
  ...
# Subtest: enrichWorkRequest: LLM failure falls back to original body
ok 1039 - enrichWorkRequest: LLM failure falls back to original body
  ---
  duration_ms: 0.526186
  type: 'test'
  ...
# Subtest: preprocessWorkRequest: end-to-end with injected OCR + LLM
ok 1040 - preprocessWorkRequest: end-to-end with injected OCR + LLM
  ---
  duration_ms: 1.010844
  type: 'test'
  ...
# Subtest: active workflow and template both exist
ok 1041 - active workflow and template both exist
  ---
  duration_ms: 1.210914
  type: 'test'
  ...
# Subtest: workflow name, triggers, and skip-review gate
ok 1042 - workflow name, triggers, and skip-review gate
  ---
  duration_ms: 19.792159
  type: 'test'
  ...
# Subtest: workflow routes through OpenRouter and pins HomeBake/ai-review
ok 1043 - workflow routes through OpenRouter and pins HomeBake/ai-review
  ---
  duration_ms: 6.805933
  type: 'test'
  ...
# Subtest: template mirrors the active workflow contract
ok 1044 - template mirrors the active workflow contract
  ---
  duration_ms: 9.793545
  type: 'test'
  ...
# Subtest: docs inventory lists the oleg-fork marketplace action
ok 1045 - docs inventory lists the oleg-fork marketplace action
  ---
  duration_ms: 0.329582
  type: 'test'
  ...
# Subtest: templates README indexes xai-review-oleg-fork.yml
ok 1046 - templates README indexes xai-review-oleg-fork.yml
  ---
  duration_ms: 0.277791
  type: 'test'
  ...
1..1046
# tests 1131
# suites 27
# pass 1128
# fail 0
# cancelled 0
# skipped 3
# todo 0
# duration_ms 34023.615203
Twitter: 🚀 New Launch: SuperApp 🌟 Value: It does everything faster. 🔗 https://github.com/repo/pull/1 #GitHub #OpenSource #launch #enhancement
LinkedIn: 🚀 We are excited to announce a new Launch: SuperApp! 🌟 Value Proposition: It does everything faster. 🔗 View on GitHub: https://github.com/repo/pull/1 #GitHub #OpenSource #launch #enhancement #Tech
Facebook: 🚀 We've just merged a new Launch: SuperApp! 🎉 It does everything faster. 🔗 https://github.com/repo/pull/1 #GitHub #OpenSource #launch #enhancement
All tests passed successfully!
