
> revvel-standards@2.0.0 test
> node --test 'tests/**/*.test.js' && bash tests/social_post_formatter.test.sh

TAP version 13
# Subtest: peter-evans/create-pull-request is SHA-pinned in every workflow
ok 1 - peter-evans/create-pull-request is SHA-pinned in every workflow
  ---
  duration_ms: 84.670993
  type: 'test'
  ...
# Subtest: BANNED is a non-empty array with required fields
ok 2 - BANNED is a non-empty array with required fields
  ---
  duration_ms: 4.768381
  type: 'test'
  ...
# Subtest: skipPath returns true for node_modules paths
ok 3 - skipPath returns true for node_modules paths
  ---
  duration_ms: 0.491087
  type: 'test'
  ...
# Subtest: skipPath returns true for dist/ and build/ paths
ok 4 - skipPath returns true for dist/ and build/ paths
  ---
  duration_ms: 0.5224
  type: 'test'
  ...
# Subtest: skipPath returns true for .next/ paths
ok 5 - skipPath returns true for .next/ paths
  ---
  duration_ms: 0.383873
  type: 'test'
  ...
# Subtest: skipPath returns true for the scan script itself
ok 6 - skipPath returns true for the scan script itself
  ---
  duration_ms: 0.662146
  type: 'test'
  ...
# Subtest: skipPath returns true for the agent-fingerprint-gate workflow
ok 7 - skipPath returns true for the agent-fingerprint-gate workflow
  ---
  duration_ms: 0.690538
  type: 'test'
  ...
# Subtest: skipPath returns false for a normal source file
ok 8 - skipPath returns false for a normal source file
  ---
  duration_ms: 0.624834
  type: 'test'
  ...
# Subtest: skipPath returns false for a product markdown file
ok 9 - skipPath returns false for a product markdown file
  ---
  duration_ms: 0.292629
  type: 'test'
  ...
# Subtest: shouldScan returns false for node_modules paths
ok 10 - shouldScan returns false for node_modules paths
  ---
  duration_ms: 0.74627
  type: 'test'
  ...
# Subtest: shouldScan returns false for skip-listed extensions
ok 11 - shouldScan returns false for skip-listed extensions
  ---
  duration_ms: 1.067113
  type: 'test'
  ...
# Subtest: shouldScan returns true for .js files outside skipped dirs
ok 12 - shouldScan returns true for .js files outside skipped dirs
  ---
  duration_ms: 0.425972
  type: 'test'
  ...
# Subtest: shouldScan returns true for .ts and .tsx files
ok 13 - shouldScan returns true for .ts and .tsx files
  ---
  duration_ms: 0.310317
  type: 'test'
  ...
# Subtest: shouldScan returns true for .md files outside skipped dirs
ok 14 - shouldScan returns true for .md files outside skipped dirs
  ---
  duration_ms: 0.22338
  type: 'test'
  ...
# Subtest: shouldScan returns false for the scan script itself
ok 15 - shouldScan returns false for the scan script itself
  ---
  duration_ms: 0.208019
  type: 'test'
  ...
# Subtest: shouldScan returns false for .yml inside dist/
ok 16 - shouldScan returns false for .yml inside dist/
  ---
  duration_ms: 0.196798
  type: 'test'
  ...
# Subtest: scan returns empty array for a clean .md file
ok 17 - scan returns empty array for a clean .md file
  ---
  duration_ms: 6.527202
  type: 'test'
  ...
# Subtest: scan returns empty array for a clean .js file
ok 18 - scan returns empty array for a clean .js file
  ---
  duration_ms: 2.106551
  type: 'test'
  ...
# Subtest: scan detects Lovable attribution string
ok 19 - scan detects Lovable attribution string
  ---
  duration_ms: 4.909846
  type: 'test'
  ...
# Subtest: scan detects Replit attribution string
ok 20 - scan detects Replit attribution string
  ---
  duration_ms: 0.844014
  type: 'test'
  ...
# Subtest: scan detects Manus attribution string
ok 21 - scan detects Manus attribution string
  ---
  duration_ms: 1.043765
  type: 'test'
  ...
# Subtest: scan detects Bolt attribution string
ok 22 - scan detects Bolt attribution string
  ---
  duration_ms: 0.696607
  type: 'test'
  ...
# Subtest: scan detects Generated by Cursor attribution
ok 23 - scan detects Generated by Cursor attribution
  ---
  duration_ms: 0.680745
  type: 'test'
  ...
# Subtest: scan detects Vite default welcome text
ok 24 - scan detects Vite default welcome text
  ---
  duration_ms: 1.20582
  type: 'test'
  ...
# Subtest: scan detects CRA boilerplate README text
ok 25 - scan detects CRA boilerplate README text
  ---
  duration_ms: 0.860176
  type: 'test'
  ...
# Subtest: scan detects Next.js default starter page text
ok 26 - scan detects Next.js default starter page text
  ---
  duration_ms: 0.687078
  type: 'test'
  ...
# Subtest: scan reports the correct line number for the hit
ok 27 - scan reports the correct line number for the hit
  ---
  duration_ms: 0.775511
  type: 'test'
  ...
# Subtest: scan returns an unreadable hit for a non-existent file
ok 28 - scan returns an unreadable hit for a non-existent file
  ---
  duration_ms: 0.572651
  type: 'test'
  ...
# Subtest: scan does not flag Co-Authored-By: Claude in docs/ files
ok 29 - scan does not flag Co-Authored-By: Claude in docs/ files
  ---
  duration_ms: 0.856005
  type: 'test'
  ...
# Subtest: scan snippet is truncated to 80 chars
ok 30 - scan snippet is truncated to 80 chars
  ---
  duration_ms: 0.634316
  type: 'test'
  ...
# Subtest: agent-monitor create-failure-wr uses labels that exist in labels.yml
ok 31 - agent-monitor create-failure-wr uses labels that exist in labels.yml
  ---
  duration_ms: 43.488174
  type: 'test'
  ...
# Subtest: clean PR scores high
ok 32 - clean PR scores high
  ---
  duration_ms: 3.61746
  type: 'test'
  ...
# Subtest: hallucination is weighted hardest
ok 33 - hallucination is weighted hardest
  ---
  duration_ms: 0.833194
  type: 'test'
  ...
# Subtest: reverted-after-merge tanks the rash dimension
ok 34 - reverted-after-merge tanks the rash dimension
  ---
  duration_ms: 0.374086
  type: 'test'
  ...
# Subtest: updateTrust is an EWMA that moves toward the new score
ok 35 - updateTrust is an EWMA that moves toward the new score
  ---
  duration_ms: 0.386048
  type: 'test'
  ...
# Subtest: grade thresholds
ok 36 - grade thresholds
  ---
  duration_ms: 0.417398
  type: 'test'
  ...
# Subtest: addedLinesByFile only returns added lines with their file
ok 37 - addedLinesByFile only returns added lines with their file
  ---
  duration_ms: 0.765755
  type: 'test'
  ...
# Subtest: reference resolver flags a missing import but not a real one
ok 38 - reference resolver flags a missing import but not a real one
  ---
  duration_ms: 1.607633
  type: 'test'
  ...
# Subtest: reference resolver flags undeclared env vars
ok 39 - reference resolver flags undeclared env vars
  ---
  duration_ms: 0.424577
  type: 'test'
  ...
# Subtest: claim checker catches an unbacked "added tests" claim
ok 40 - claim checker catches an unbacked "added tests" claim
  ---
  duration_ms: 3.180806
  type: 'test'
  ...
# Subtest: claim checker passes when the claim is backed
ok 41 - claim checker passes when the claim is backed
  ---
  duration_ms: 1.520639
  type: 'test'
  ...
# Subtest: ledger aggregation computes trust, hallucination and recovery rates
ok 42 - ledger aggregation computes trust, hallucination and recovery rates
  ---
  duration_ms: 2.18586
  type: 'test'
  ...
# Subtest: cross-model verdict parser tolerates code fences and prose
ok 43 - cross-model verdict parser tolerates code fences and prose
  ---
  duration_ms: 0.457709
  type: 'test'
  ...
# Subtest: cross-model review degrades to a no-op when the model lane fails
ok 44 - cross-model review degrades to a no-op when the model lane fails
  ---
  duration_ms: 0.677725
  type: 'test'
  ...
# Subtest: cross-model review counts flags from the model
ok 45 - cross-model review counts flags from the model
  ---
  duration_ms: 3.169268
  type: 'test'
  ...
# Subtest: remediation escalates tier with each attempt
ok 46 - remediation escalates tier with each attempt
  ---
  duration_ms: 0.278006
  type: 'test'
  ...
# Subtest: remediation plan names the problems in the corrective prompt
ok 47 - remediation plan names the problems in the corrective prompt
  ---
  duration_ms: 0.691338
  type: 'test'
  ...
# Subtest: handoff tier picks the next agent in the chain
ok 48 - handoff tier picks the next agent in the chain
  ---
  duration_ms: 0.280647
  type: 'test'
  ...
# Subtest: recordOutcome attributes the weak link correctly
ok 49 - recordOutcome attributes the weak link correctly
  ---
  duration_ms: 0.918164
  type: 'test'
  ...
# Subtest: windowedTrend needs enough points and detects direction
ok 50 - windowedTrend needs enough points and detects direction
  ---
  duration_ms: 0.307217
  type: 'test'
  ...
# Subtest: agentTrends counts builds and net-new capabilities
ok 51 - agentTrends counts builds and net-new capabilities
  ---
  duration_ms: 0.559495
  type: 'test'
  ...
# Subtest: agentTrends flags improving vs regressing dimensions
ok 52 - agentTrends flags improving vs regressing dimensions
  ---
  duration_ms: 0.461057
  type: 'test'
  ...
# ok openrouter fallback
# ok default agent
# ok no context
# ok agent-factory context
# agent-self-heal: all tests passed
# Subtest: tests/agent-self-heal.test.js
ok 5 - tests/agent-self-heal.test.js
  ---
  duration_ms: 75.062041
  type: 'test'
  ...
# Subtest: buildData assembles the agent-creator catalog from the registries
ok 54 - buildData assembles the agent-creator catalog from the registries
  ---
  duration_ms: 190.477108
  type: 'test'
  ...
# Subtest: buildData includes the nine-pattern agentic workflow fleet
ok 55 - buildData includes the nine-pattern agentic workflow fleet
  ---
  duration_ms: 131.64926
  type: 'test'
  ...
# Subtest: CLI writes both JSON and window-global artifacts
ok 56 - CLI writes both JSON and window-global artifacts
  ---
  duration_ms: 283.952999
  type: 'test'
  ...
# Subtest: committed agent-creator-data.json is valid and well-formed
ok 57 - committed agent-creator-data.json is valid and well-formed
  ---
  duration_ms: 1.024366
  type: 'test'
  ...
# ✅ PASS: parseInventory parses service tables from real inventory format
# ✅ PASS: parseInventory handles empty content
# ✅ PASS: parseBOM parses BOM items
# ✅ PASS: parseProjectsToShip parses project tables
# ✅ PASS: parseProjectCatalog parses project catalog
# ✅ PASS: parseProjectCatalog handles rows without markdown links
# ✅ PASS: Dashboard generation runs without errors
# 7 passed, 0 failed
# Subtest: tests/aggregate-project-dashboard.test.js
ok 7 - tests/aggregate-project-dashboard.test.js
  ---
  duration_ms: 401.560702
  type: 'test'
  ...
# ✅ PASS: readConfig defaults are safe when env is empty
# ✅ PASS: readConfig honors DRY_RUN truthy variants
# ✅ PASS: validateConfig reports every missing required key
# ✅ PASS: validateConfig returns empty when all required keys present
# ✅ PASS: amplitudeHost selects us by default and eu when asked
# ✅ PASS: amplitudeAuthHeader returns Basic <base64(api:secret)>
# ✅ PASS: amplitudeAuthHeader rejects empty inputs
# ✅ PASS: summarizeChart sums numeric values across all series
# ✅ PASS: summarizeChart joins compound series labels with " / "
# ✅ PASS: summarizeChart never throws on garbage input
# ✅ PASS: summarizeChart ignores non-numeric values without crashing
# ✅ PASS: buildNotionPagePayload emits required Notion property shape
# ✅ PASS: buildNotionPagePayload truncates Series Labels under Notion 2000-char limit
# ✅ PASS: buildNotionPagePayload coerces non-numeric counts to 0
# ✅ PASS: buildNotionPagePayload requires databaseId
# 15 passed, 0 failed
# Subtest: tests/amplitude-to-notion.test.js
ok 8 - tests/amplitude-to-notion.test.js
  ---
  duration_ms: 85.362473
  type: 'test'
  ...
# === auto-error-handler.yml Unit Tests ===
# PASS: detectErrorCategory identifies infrastructure errors
# PASS: detectErrorCategory identifies data loss errors
# PASS: detectErrorCategory identifies security errors
# PASS: detectErrorCategory identifies rate limit errors
# PASS: detectErrorCategory defaults to generic
# PASS: detectErrorCategory handles null/undefined
# PASS: shouldEscalate triggers immediately for infrastructure
# PASS: shouldEscalate triggers immediately for data_loss
# PASS: shouldEscalate triggers immediately for security
# PASS: shouldEscalate requires 5 attempts for rate_limit
# PASS: shouldEscalate requires 3 attempts for generic
# PASS: getEscalationLabel returns infrastructure labels
# PASS: getEscalationLabel returns data_loss labels
# PASS: getEscalationLabel returns security labels
# PASS: getEscalationLabel returns rate_limit labels
# PASS: getEscalationLabel returns generic labels
# PASS: shouldCreateIssue returns false if issue exists
# PASS: shouldCreateIssue returns true when threshold met and no existing issue
# PASS: shouldCreateIssue returns false when below threshold
# PASS: formatErrorTitle adds correct prefix for each category
# PASS: formatErrorBody includes required fields
# === Results: 21 passed, 0 failed ===
# ✅ All tests passed
# Subtest: tests/auto-error-handler.test.js
ok 9 - tests/auto-error-handler.test.js
  ---
  duration_ms: 49.943072
  type: 'test'
  ...
# Running auto-resolve-mechanical-conflicts.js tests...
# Test Group: pickNewerRef (version comparison)
# PASS: pickNewerRef returns a when equal
# PASS: pickNewerRef picks higher major version
# PASS: pickNewerRef picks higher minor version
# PASS: pickNewerRef picks higher patch version
# PASS: pickNewerRef handles missing v prefix
# PASS: pickNewerRef handles partial semver (no patch)
# PASS: pickNewerRef handles 40-char SHA as newest
# PASS: pickNewerRef returns null for non-comparable strings
# PASS: pickNewerRef handles longer SHA prefix
# Test Group: tryVersionBump (GitHub Actions version bump)
# PASS: tryVersionBump resolves single-line version bump
# PASS: tryVersionBump returns null for multi-line blocks
# PASS: tryVersionBump returns null for different actions
# PASS: tryVersionBump returns null for non-uses lines
# PASS: tryVersionBump keeps newer SHA when both are SHAs (returns null)
# PASS: tryVersionBump handles whitespace variations
# PASS: tryVersionBump picks higher semver
# PASS: tryVersionBump handles refs without v prefix
# Test Group: tryAdditive (additive line resolution)
# PASS: tryAdditive resolves markdown table rows (data only)
# PASS: tryAdditive resolves markdown list items
# PASS: tryAdditive returns null when blocks are empty
# PASS: tryAdditive returns null for non-additive content
# PASS: tryAdditive returns null when lines overlap
# PASS: tryAdditive handles numbered lists
# PASS: tryAdditive returns null when table headers/separators overlap
# PASS: tryAdditive resolves pure data rows without headers
# PASS: tryAdditive returns null when only one side is additive
# PASS: tryAdditive preserves order (current first, incoming after)
# Test Group: iterHunks (conflict styles)
# PASS: iterHunks parses default merge-style markers
# PASS: iterHunks drops the merge-base block in diff3 style
# PASS: iterHunks resolves a diff3 hunk as a version bump
# Test Group: main() exit code (false-success regression)
# PASS: main() exits non-zero for a binary conflict with zero marker hunks
# PASS: main() exits 0 when every hunk is cleanly auto-resolved
# ============================================================
# Test Summary: 32 passed, 0 failed
# ============================================================
# Subtest: tests/auto-resolve-mechanical-conflicts.test.js
ok 10 - tests/auto-resolve-mechanical-conflicts.test.js
  ---
  duration_ms: 540.099393
  type: 'test'
  ...
# Running tests...
# 🔍 Running Automation Doctor...
# 📋 Validating workflows...
#   ✓ Valid: 204, Invalid: 1, Missing timeout: 7
# 🏷️ Checking required labels...
#   Present: 2, Missing: 10
# 📊 Generating report...
# \# Automation Doctor Report
# Generated: 2026-08-09T03:20:08.571Z
# \#\# Workflow Validation
# - Valid workflows: 204
# - Invalid workflows: 1
# - Jobs missing timeout: 7
# \#\#\# Invalid Workflows
# - `apisec-scan.yml`: Map keys must be unique at line 48, column 5:
#           sarif_file: ./apisec-results.sarif
#     steps:
#     ^
# \#\#\# Jobs Missing timeout-minutes
# - `gumroad-covers.yml`: generate-and-attach
# - `neon-branch.yml`: setup, create_neon_branch, delete_neon_branch
# - `neuralegion.yml`: archived
# - `ossar.yml`: OSSAR-Scan
# - `prioritize-stars.yml`: prioritize
# - `synopsys-action.yml`: build
# - `ui-audit-logger.yml`: ui-audit-and-health
# \#\# Labels Check
# - Present: 2
# - Missing: 10
# \#\#\# Missing Labels
# - `wr:new`
# - `wr:research`
# - `wr:research-complete`
# - `wr:code`
# - `wr:pr-open`
# - `wr:checking`
# - `wr:check-failed`
# - `wr:review`
# - `wr:merge-ready`
# - `wr:done`
# 📄 Report written to: /tmp/doctor-test-9qTaP1/AUTOMATION-DOCTOR-REPORT.md
# ✅ Tests complete
# 📋 Validating workflows...
#   ✓ Valid: 204, Invalid: 1, Missing timeout: 7
# 🏷️ Checking required labels...
#   Present: 2, Missing: 10
# Subtest: AutomationDoctor
    # Subtest: constructor
        # Subtest: should create with default options
        ok 1 - should create with default options
          ---
          duration_ms: 1.404957
          type: 'test'
          ...
        # Subtest: should accept custom options
        ok 2 - should accept custom options
          ---
          duration_ms: 0.32768
          type: 'test'
          ...
        1..2
    ok 1 - constructor
      ---
      duration_ms: 2.773139
      type: 'suite'
      ...
    # Subtest: CONFIG
        # Subtest: should have required labels defined
        ok 1 - should have required labels defined
          ---
          duration_ms: 0.318145
          type: 'test'
          ...
        # Subtest: should have job timeout defaults
        ok 2 - should have job timeout defaults
          ---
          duration_ms: 0.150431
          type: 'test'
          ...
        1..2
    ok 2 - CONFIG
      ---
      duration_ms: 0.742091
      type: 'suite'
      ...
    # Subtest: validateWorkflows
        # Subtest: should validate workflows in .github/workflows
        not ok 1 - should validate workflows in .github/workflows
          ---
          duration_ms: 379.61127
          type: 'test'
          location: '/app/tests/automation-doctor.test.js:62:5'
          failureType: 'testCodeFailure'
          error: |-
            Expected values to be strictly equal:

            1 !== 0

          code: 'ERR_ASSERTION'
          name: 'AssertionError'
          expected: 0
          actual: 1
          operator: 'strictEqual'
          stack: |-
            TestContext.<anonymous> (/app/tests/automation-doctor.test.js:67:14)
            process.processTicksAndRejections (node:internal/process/task_queues:103:5)
            async Test.run (node:internal/test_runner/test:1054:7)
            async Promise.all (index 0)
            async Suite.run (node:internal/test_runner/test:1442:7)
            async Suite.processPendingSubtests (node:internal/test_runner/test:744:7)
          ...
        1..1
    not ok 3 - validateWorkflows
      ---
      duration_ms: 379.90249
      type: 'suite'
      location: '/app/tests/automation-doctor.test.js:61:3'
      failureType: 'subtestsFailed'
      error: '1 subtest failed'
      code: 'ERR_TEST_FAILURE'
      ...
    # Subtest: checkLabels
        # Subtest: should check labels exist
        ok 1 - should check labels exist
          ---
          duration_ms: 3.096803
          type: 'test'
          ...
        1..1
    ok 4 - checkLabels
      ---
      duration_ms: 3.41359
      type: 'suite'
      ...
    1..4
not ok 62 - AutomationDoctor
  ---
  duration_ms: 388.380178
  type: 'suite'
  location: '/app/tests/automation-doctor.test.js:33:1'
  failureType: 'subtestsFailed'
  error: '1 subtest failed'
  code: 'ERR_TEST_FAILURE'
  ...
# Subtest: Lifecycle Label Conflict Detection
    # Subtest: should detect conflicting labels in a group
    ok 1 - should detect conflicting labels in a group
      ---
      duration_ms: 0.342965
      type: 'test'
      ...
    # Subtest: should allow single label per group
    ok 2 - should allow single label per group
      ---
      duration_ms: 0.270203
      type: 'test'
      ...
    1..2
ok 63 - Lifecycle Label Conflict Detection
  ---
  duration_ms: 0.921756
  type: 'suite'
  ...
# Subtest: Stuck Issue Detection
    # Subtest: should identify issues stuck in checking too long
    ok 1 - should identify issues stuck in checking too long
      ---
      duration_ms: 0.380954
      type: 'test'
      ...
    # Subtest: should identify pending checks
    ok 2 - should identify pending checks
      ---
      duration_ms: 0.561467
      type: 'test'
      ...
    1..2
ok 64 - Stuck Issue Detection
  ---
  duration_ms: 1.082112
  type: 'suite'
  ...
# Subtest: Model Config Parsing
    # Subtest: should parse agent-models.yml
    ok 1 - should parse agent-models.yml
      ---
      duration_ms: 9.354438
      type: 'test'
      ...
    # Subtest: should have current model versions in profiles
    ok 2 - should have current model versions in profiles
      ---
      duration_ms: 4.65355
      type: 'test'
      ...
    1..2
ok 65 - Model Config Parsing
  ---
  duration_ms: 14.191612
  type: 'suite'
  ...
# Subtest: Workflow YAML Parsing
    # Subtest: should parse issue-state-machine.yml
    ok 1 - should parse issue-state-machine.yml
      ---
      duration_ms: 8.643131
      type: 'test'
      ...
    # Subtest: should parse stuck-check-watchdog.yml
    ok 2 - should parse stuck-check-watchdog.yml
      ---
      duration_ms: 2.152973
      type: 'test'
      ...
    1..2
ok 66 - Workflow YAML Parsing
  ---
  duration_ms: 10.995359
  type: 'suite'
  ...
# Subtest: 204 returns null
ok 67 - 204 returns null
  ---
  duration_ms: 1.920565
  type: 'test'
  ...
# Subtest: empty body returns null
ok 68 - empty body returns null
  ---
  duration_ms: 0.34669
  type: 'test'
  ...
# Subtest: ok + valid JSON parses
ok 69 - ok + valid JSON parses
  ---
  duration_ms: 1.136498
  type: 'test'
  ...
# Subtest: ok + non-JSON throws by default (surfaced, not silently masked as null)
ok 70 - ok + non-JSON throws by default (surfaced, not silently masked as null)
  ---
  duration_ms: 0.970385
  type: 'test'
  ...
# Subtest: ok + non-JSON + allowError returns null (caller opted into graceful degrade)
ok 71 - ok + non-JSON + allowError returns null (caller opted into graceful degrade)
  ---
  duration_ms: 0.317366
  type: 'test'
  ...
# Subtest: non-ok + allowError returns null (graceful degrade, no throw on error page)
ok 72 - non-ok + allowError returns null (graceful degrade, no throw on error page)
  ---
  duration_ms: 2.033799
  type: 'test'
  ...
# Subtest: non-ok without allowError throws
ok 73 - non-ok without allowError throws
  ---
  duration_ms: 0.400941
  type: 'test'
  ...
# Subtest: assessKeyHealth treats empty/whitespace/undefined as missing
ok 74 - assessKeyHealth treats empty/whitespace/undefined as missing
  ---
  duration_ms: 2.131576
  type: 'test'
  ...
# Subtest: assessKeyHealth all present -> lanes online
ok 75 - assessKeyHealth all present -> lanes online
  ---
  duration_ms: 0.236942
  type: 'test'
  ...
# Subtest: homeostat section stays healthy even when AI lanes are offline (credit-free by design)
ok 76 - homeostat section stays healthy even when AI lanes are offline (credit-free by design)
  ---
  duration_ms: 0.367805
  type: 'test'
  ...
# Subtest: status body carries dedupe marker and reassures (not an outage)
ok 77 - status body carries dedupe marker and reassures (not an outage)
  ---
  duration_ms: 0.498749
  type: 'test'
  ...
# Subtest: shouldTriggerRecovery: only when AI lanes offline AND opt-in flag enabled
ok 78 - shouldTriggerRecovery: only when AI lanes offline AND opt-in flag enabled
  ---
  duration_ms: 0.450977
  type: 'test'
  ...
# Subtest: deriveLiveUrl: explicit live_url wins
ok 79 - deriveLiveUrl: explicit live_url wins
  ---
  duration_ms: 1.548475
  type: 'test'
  ...
# Subtest: deriveLiveUrl: internal app derives /docs/<app>/
ok 80 - deriveLiveUrl: internal app derives /docs/<app>/
  ---
  duration_ms: 0.540964
  type: 'test'
  ...
# Subtest: deriveLiveUrl: external app with no explicit url derives nothing
ok 81 - deriveLiveUrl: external app with no explicit url derives nothing
  ---
  duration_ms: 0.380323
  type: 'test'
  ...
# Subtest: deriveLiveUrl: non-http(s) values are ignored (not counted as live)
ok 82 - deriveLiveUrl: non-http(s) values are ignored (not counted as live)
  ---
  duration_ms: 0.268074
  type: 'test'
  ...
# Subtest: isExternal detects repo/path/type
ok 83 - isExternal detects repo/path/type
  ---
  duration_ms: 0.420076
  type: 'test'
  ...
# Subtest: classifyApp: 2xx is live, others unreachable, missing url is no-link
ok 84 - classifyApp: 2xx is live, others unreachable, missing url is no-link
  ---
  duration_ms: 2.587209
  type: 'test'
  ...
# Subtest: isIncomplete flags no-link and unreachable only (external-no-link excluded)
ok 85 - isIncomplete flags no-link and unreachable only (external-no-link excluded)
  ---
  duration_ms: 0.526516
  type: 'test'
  ...
# Subtest: summarize + scoreboard overall reflects incompleteness
ok 86 - summarize + scoreboard overall reflects incompleteness
  ---
  duration_ms: 19.23822
  type: 'test'
  ...
# Subtest: scoreboard overall is all-testable-live when nothing incomplete
ok 87 - scoreboard overall is all-testable-live when nothing incomplete
  ---
  duration_ms: 0.661377
  type: 'test'
  ...
# Subtest: scoreboard overall is pending when no apps checked yet (no false-green seed)
ok 88 - scoreboard overall is pending when no apps checked yet (no false-green seed)
  ---
  duration_ms: 0.685922
  type: 'test'
  ...
# Subtest: worklist body carries marker and lists the gap per app
ok 89 - worklist body carries marker and lists the gap per app
  ---
  duration_ms: 0.509382
  type: 'test'
  ...
# Subtest: renderScoreboardHtml escapes and is self-contained
ok 90 - renderScoreboardHtml escapes and is self-contained
  ---
  duration_ms: 0.661201
  type: 'test'
  ...
# Subtest: reruns are OFF by default (storm-safe)
ok 91 - reruns are OFF by default (storm-safe)
  ---
  duration_ms: 1.674265
  type: 'test'
  ...
# Subtest: stuck issues get self-heal label + comment, never a content delete
ok 92 - stuck issues get self-heal label + comment, never a content delete
  ---
  duration_ms: 1.620404
  type: 'test'
  ...
# Subtest: key-blocks only cleared when AI lanes are offline
ok 93 - key-blocks only cleared when AI lanes are offline
  ---
  duration_ms: 0.344554
  type: 'test'
  ...
# Subtest: reruns (when enabled) exclude BIOME workflows and respect cap
ok 94 - reruns (when enabled) exclude BIOME workflows and respect cap
  ---
  duration_ms: 0.426722
  type: 'test'
  ...
# Subtest: relabels respect cap
ok 95 - relabels respect cap
  ---
  duration_ms: 0.372878
  type: 'test'
  ...
# Subtest: classifyRuns counts failure/timed_out/startup_failure as failed
ok 96 - classifyRuns counts failure/timed_out/startup_failure as failed
  ---
  duration_ms: 2.471532
  type: 'test'
  ...
# Subtest: classifyRuns handles empty/non-array input
ok 97 - classifyRuns handles empty/non-array input
  ---
  duration_ms: 1.818807
  type: 'test'
  ...
# Subtest: detectStuckIssues flags only open, watched-label, old issues
ok 98 - detectStuckIssues flags only open, watched-label, old issues
  ---
  duration_ms: 1.543492
  type: 'test'
  ...
# Subtest: buildSentinelSection escalates healthy -> degraded -> down
ok 99 - buildSentinelSection escalates healthy -> degraded -> down
  ---
  duration_ms: 0.623301
  type: 'test'
  ...
# Subtest: failedRunsThreshold matches self-healing.yml (3)
ok 100 - failedRunsThreshold matches self-healing.yml (3)
  ---
  duration_ms: 0.584656
  type: 'test'
  ...
# Subtest: buildIncidentBody embeds dedupe marker
ok 101 - buildIncidentBody embeds dedupe marker
  ---
  duration_ms: 3.538716
  type: 'test'
  ...
# Subtest: buildIncidentTitle reflects the current status
ok 102 - buildIncidentTitle reflects the current status
  ---
  duration_ms: 0.454523
  type: 'test'
  ...
# Subtest: buildResolutionComment embeds dedupe marker and timestamp
ok 103 - buildResolutionComment embeds dedupe marker and timestamp
  ---
  duration_ms: 0.427136
  type: 'test'
  ...
# Subtest: sentinel CLI refreshes existing incidents in place (PATCH, not comment spam)
ok 104 - sentinel CLI refreshes existing incidents in place (PATCH, not comment spam)
  ---
  duration_ms: 0.990283
  type: 'test'
  ...
# Subtest: worseOf returns the more severe status
ok 105 - worseOf returns the more severe status
  ---
  duration_ms: 1.355666
  type: 'test'
  ...
# Subtest: computeOverallHealth is the worst across sections (sheaf gluing)
ok 106 - computeOverallHealth is the worst across sections (sheaf gluing)
  ---
  duration_ms: 0.369781
  type: 'test'
  ...
# Subtest: glueSections produces a credit-free v1 status object keyed by worker
ok 107 - glueSections produces a credit-free v1 status object keyed by worker
  ---
  duration_ms: 1.572017
  type: 'test'
  ...
# Subtest: renderStatusHtml is self-contained and escapes content
ok 108 - renderStatusHtml is self-contained and escapes content
  ---
  duration_ms: 0.833448
  type: 'test'
  ...
# Subtest: biome-sentinel.yml parses and declares name + trigger
ok 109 - biome-sentinel.yml parses and declares name + trigger
  ---
  duration_ms: 17.149706
  type: 'test'
  ...
# Subtest: biome-sentinel.yml sets GH_REPO and the token-with-fallback pattern
ok 110 - biome-sentinel.yml sets GH_REPO and the token-with-fallback pattern
  ---
  duration_ms: 7.903827
  type: 'test'
  ...
# Subtest: biome-sentinel.yml declares an explicit permissions block
ok 111 - biome-sentinel.yml declares an explicit permissions block
  ---
  duration_ms: 4.454219
  type: 'test'
  ...
# Subtest: biome-sentinel.yml does not interpolate untrusted github.event.* into run: shells
ok 112 - biome-sentinel.yml does not interpolate untrusted github.event.* into run: shells
  ---
  duration_ms: 2.369094
  type: 'test'
  ...
# Subtest: biome-homeostat.yml parses and declares name + trigger
ok 113 - biome-homeostat.yml parses and declares name + trigger
  ---
  duration_ms: 3.587099
  type: 'test'
  ...
# Subtest: biome-homeostat.yml sets GH_REPO and the token-with-fallback pattern
ok 114 - biome-homeostat.yml sets GH_REPO and the token-with-fallback pattern
  ---
  duration_ms: 4.028545
  type: 'test'
  ...
# Subtest: biome-homeostat.yml declares an explicit permissions block
ok 115 - biome-homeostat.yml declares an explicit permissions block
  ---
  duration_ms: 2.381566
  type: 'test'
  ...
# Subtest: biome-homeostat.yml does not interpolate untrusted github.event.* into run: shells
ok 116 - biome-homeostat.yml does not interpolate untrusted github.event.* into run: shells
  ---
  duration_ms: 3.125379
  type: 'test'
  ...
# Subtest: biome-medic.yml parses and declares name + trigger
ok 117 - biome-medic.yml parses and declares name + trigger
  ---
  duration_ms: 3.713509
  type: 'test'
  ...
# Subtest: biome-medic.yml sets GH_REPO and the token-with-fallback pattern
ok 118 - biome-medic.yml sets GH_REPO and the token-with-fallback pattern
  ---
  duration_ms: 2.728279
  type: 'test'
  ...
# Subtest: biome-medic.yml declares an explicit permissions block
ok 119 - biome-medic.yml declares an explicit permissions block
  ---
  duration_ms: 2.918658
  type: 'test'
  ...
# Subtest: biome-medic.yml does not interpolate untrusted github.event.* into run: shells
ok 120 - biome-medic.yml does not interpolate untrusted github.event.* into run: shells
  ---
  duration_ms: 3.235121
  type: 'test'
  ...
# Subtest: biome-sheaf.yml parses and declares name + trigger
ok 121 - biome-sheaf.yml parses and declares name + trigger
  ---
  duration_ms: 5.59256
  type: 'test'
  ...
# Subtest: biome-sheaf.yml sets GH_REPO and the token-with-fallback pattern
ok 122 - biome-sheaf.yml sets GH_REPO and the token-with-fallback pattern
  ---
  duration_ms: 2.339417
  type: 'test'
  ...
# Subtest: biome-sheaf.yml declares an explicit permissions block
ok 123 - biome-sheaf.yml declares an explicit permissions block
  ---
  duration_ms: 2.063934
  type: 'test'
  ...
# Subtest: biome-sheaf.yml does not interpolate untrusted github.event.* into run: shells
ok 124 - biome-sheaf.yml does not interpolate untrusted github.event.* into run: shells
  ---
  duration_ms: 10.418209
  type: 'test'
  ...
# Subtest: biome-sheaf is the only worker granted contents: write (single committer)
ok 125 - biome-sheaf is the only worker granted contents: write (single committer)
  ---
  duration_ms: 16.571601
  type: 'test'
  ...
# === bito-ai.yml Unit Tests ===
# PASS: shouldRunBitoReview allows workflow_dispatch
# PASS: shouldRunBitoReview allows opened PR
# PASS: shouldRunBitoReview allows synchronize PR
# PASS: shouldRunBitoReview allows reopened PR
# PASS: shouldRunBitoReview allows ready_for_review PR
# PASS: shouldRunBitoReview blocks draft PR
# PASS: shouldRunBitoReview blocks [skip-bito] title
# PASS: shouldRunBitoReview checks [skip-bito] anywhere in title
# PASS: shouldRunBitoReview allows /review command
# PASS: shouldRunBitoReview allows /explain command
# PASS: shouldRunBitoReview blocks non-command comments
# PASS: shouldRunBitoReview blocks comments on non-PR issues
# PASS: verifySecrets returns configured when all present
# PASS: verifySecrets detects missing BITO_ACCESS_KEY
# PASS: verifySecrets detects missing GIT_ACCESS_TOKEN
# PASS: verifySecrets detects all missing
# PASS: getLabelsForOutcome returns approval labels on success
# PASS: getLabelsForOutcome returns changes-needed on failure
# PASS: getLabelsForOutcome returns changes-needed on other outcomes
# PASS: shouldPostSkipComment returns true for PR without existing comment
# PASS: shouldPostSkipComment returns false if bot already commented
# PASS: shouldPostSkipComment returns false for non-PR events
# PASS: buildOptions includes required options
# PASS: buildOptions includes git domain when provided
# PASS: buildOptions includes exclude_files when provided
# PASS: buildOptions masks sensitive values
# PASS: extractPrNumber gets from pull_request event
# PASS: extractPrNumber gets from issue_comment event
# PASS: extractPrNumber gets from workflow_dispatch
# PASS: extractPrNumber returns null for unknown event
# PASS: isReviewCommand detects /review
# PASS: isReviewCommand detects /explain
# PASS: isReviewCommand rejects other commands
# PASS: isReviewCommand handles null/empty
# PASS: buildOptions never exposes full tokens
# === Results: 35 passed, 0 failed ===
# ✅ All tests passed
# Subtest: tests/bito-ai.test.js
ok 19 - tests/bito-ai.test.js
  ---
  duration_ms: 54.535609
  type: 'test'
  ...
# Subtest: matVec multiplies matrix by vector and throws on dimension mismatch
ok 127 - matVec multiplies matrix by vector and throws on dimension mismatch
  ---
  duration_ms: 4.459786
  type: 'test'
  ...
# Subtest: vecSub / normSq / identity behave as expected
ok 128 - vecSub / normSq / identity behave as expected
  ---
  duration_ms: 0.711478
  type: 'test'
  ...
# Subtest: a consistent assignment is a global section with E(x)=0 and no H¹ obstruction
ok 129 - a consistent assignment is a global section with E(x)=0 and no H¹ obstruction
  ---
  duration_ms: 0.539807
  type: 'test'
  ...
# Subtest: disagreement on an overlap produces positive energy and a transition patch
ok 130 - disagreement on an overlap produces positive energy and a transition patch
  ---
  duration_ms: 0.399742
  type: 'test'
  ...
# Subtest: non-identity restriction maps are honored
ok 131 - non-identity restriction maps are honored
  ---
  duration_ms: 0.219279
  type: 'test'
  ...
# Subtest: constructing a sheaf with an edge to an unknown vertex fails loud
ok 132 - constructing a sheaf with an edge to an unknown vertex fails loud
  ---
  duration_ms: 0.260564
  type: 'test'
  ...
# Subtest: property: any constant assignment over identity restrictions has E(x)=0
ok 133 - property: any constant assignment over identity restrictions has E(x)=0
  ---
  duration_ms: 1.97419
  type: 'test'
  ...
# Subtest: property: perturbing one stalk always raises energy above epsilon
ok 134 - property: perturbing one stalk always raises energy above epsilon
  ---
  duration_ms: 2.147509
  type: 'test'
  ...
# Subtest: sheafFromBiomeStatus: all-healthy feed glues into a global section
ok 135 - sheafFromBiomeStatus: all-healthy feed glues into a global section
  ---
  duration_ms: 1.034502
  type: 'test'
  ...
# Subtest: sheafFromBiomeStatus: a down worker is an H¹ obstruction, never glued over
ok 136 - sheafFromBiomeStatus: a down worker is an H¹ obstruction, never glued over
  ---
  duration_ms: 1.039845
  type: 'test'
  ...
# Subtest: computeBarcodes: a tree has |V| H⁰ bars, one immortal, and no H¹ bars
ok 137 - computeBarcodes: a tree has |V| H⁰ bars, one immortal, and no H¹ bars
  ---
  duration_ms: 0.688198
  type: 'test'
  ...
# Subtest: topological regression: a cycle creates exactly one immortal H¹ bar
ok 138 - topological regression: a cycle creates exactly one immortal H¹ bar
  ---
  duration_ms: 0.289316
  type: 'test'
  ...
# Subtest: elder rule: the older component survives merges
ok 139 - elder rule: the older component survives merges
  ---
  duration_ms: 0.230482
  type: 'test'
  ...
# Subtest: longLivedH1 filters bars by lifetime against maxWeight
ok 140 - longLivedH1 filters bars by lifetime against maxWeight
  ---
  duration_ms: 0.169175
  type: 'test'
  ...
# Subtest: barcodesFromBiomeStatus: complete agreement yields no positive-weight H¹ births beyond zero
ok 141 - barcodesFromBiomeStatus: complete agreement yields no positive-weight H¹ births beyond zero
  ---
  duration_ms: 0.45354
  type: 'test'
  ...
# Subtest: barcodesFromBiomeStatus: disagreement bars are born at positive weight
ok 142 - barcodesFromBiomeStatus: disagreement bars are born at positive weight
  ---
  duration_ms: 0.330524
  type: 'test'
  ...
# Subtest: consistencyCheck reports consistent=true only when E(x) < epsilon
ok 143 - consistencyCheck reports consistent=true only when E(x) < epsilon
  ---
  duration_ms: 0.260922
  type: 'test'
  ...
# Subtest: imprintAgent: imprint succeeds only from a consistent sheaf and known agent
ok 144 - imprintAgent: imprint succeeds only from a consistent sheaf and known agent
  ---
  duration_ms: 0.401912
  type: 'test'
  ...
# Subtest: phMonitor surfaces persistent H¹ bars for a degraded feed
ok 145 - phMonitor surfaces persistent H¹ bars for a degraded feed
  ---
  duration_ms: 0.366735
  type: 'test'
  ...
# Subtest: CLI main: exit codes reflect the postcondition, not process completion
ok 146 - CLI main: exit codes reflect the postcondition, not process completion
  ---
  duration_ms: 2.407864
  type: 'test'
  ...
# Subtest: additive guarantee: BIOME sheaf exports are untouched and still glue
ok 147 - additive guarantee: BIOME sheaf exports are untouched and still glue
  ---
  duration_ms: 1.286101
  type: 'test'
  ...
# === ChaosMender Unit Tests ===
# PASS: loadLedger loads the real error-ledger.json
# PASS: loadLedger throws on missing file
# PASS: real ledger entries have required fields
# PASS: LABEL-RACE-001 is in the ledger
# PASS: scanBareRemoveLabel: flags unguarded removeLabel call
# PASS: scanBareRemoveLabel: does NOT flag guarded removeLabel (404 catch)
# PASS: scanBareRemoveLabel: does NOT flag removeLabelSafe wrapper pattern
# PASS: scanBareRemoveLabel: does NOT flag silent-catch pattern
# PASS: scanBareRemoveLabel: returns empty on workflows dir missing
# PASS: scanWorkflowRunMissingWorkflowsList: flags workflow_run without workflows key
# PASS: scanWorkflowRunMissingWorkflowsList: does NOT flag when workflows key present
# PASS: scanWorkflowRunMissingWorkflowsList: does NOT flag workflows key beyond a long comment block (pr-lifecycle regression)
# PASS: scanWorkflowRunMissingWorkflowsList: skips files with no workflow_run
# PASS: scanGithubScriptColumn0: flags column-0 line inside script block
# PASS: scanGithubScriptColumn0: no findings for correctly indented scripts
# PASS: runChecks: returns findings for known patterns in a test repo
# PASS: runChecks: returns empty findings for a clean repo
# PASS: CHECKS registry contains all auto-detectable ledger entries
# PASS: buildIssueBody: produces a non-empty body with error id
# PASS: buildIssueBody: groups multiple findings by errorId
#   → real repo: 38 finding(s) detected
# PASS: chaosmender scan on real repo completes without throwing
# === ChaosMender Results: 21 passed, 0 failed ===
# ✅ All tests passed
# Subtest: tests/chaosmender.test.js
ok 21 - tests/chaosmender.test.js
  ---
  duration_ms: 166.968518
  type: 'test'
  ...
# ╔══════════════════════════════════════════════════════════╗
# ║          REVVEL COMPLIANCE CHECKER v1.1.0                ║
# ╚══════════════════════════════════════════════════════════╝
# Auditing: /app
#   ✅ A1 [P0] README.md exists.................................. 2/2
#   ✅ A2 [P0] CHANGELOG.md exists............................... 3/3
#   ❌ A3 [P0] .gitignore excludes node_modules, .env, dist...... 0/2
#   ✅ A4 [P0] .env.example exists............................... 2/2
#   ✅ A5 [P1] docs/ directory exists............................ 1/1
#   ❌ A6 [P1] docs/adr/ directory exists........................ 0/2
#   ❌ A7 [P2] docs/runbooks/ directory exists................... 0/1
#   ✅ A8 [P0] AGENTS.md exists (universal AI agent instructions) 3/3
#   ✅ A9 [P1] LICENSE file exists............................... 2/2
#   ✅ A10 [P2] docs/specs/ directory exists..................... 2/2
#   ❌ B1 [P0] .github/workflows/deploy.yml exists............... 0/5
#   ❌ B2 [P0] deploy.yml contains a test step................... 0/3
#   ❌ B3 [P0] deploy.yml contains a build step.................. 0/3
#   ✅ B4 [P1] .github/workflows/compliance-check.yml exists..... 3/3
#   ❌ C1 [P0] vitest.config.ts exists with coverage thresholds.. 0/3
#   ✅ C2 [P0] tests/ directory exists........................... 3/3
#   ❌ C3 [P0] tests/unit/ directory exists...................... 0/2
#   ❌ C4 [P0] tests/integration/ directory exists............... 0/2
#   ❌ C5 [P0] tests/e2e/ directory with .spec.ts files.......... 0/3
#   ❌ C6 [P0] playwright.config.ts exists....................... 0/2
#   ❌ C7 [P1] tests/mocks/ directory exists..................... 0/2
#   ⚠️  Possible secret found in: /app/tests/pr-review-scan.test.js
#   ❌ D1 [P0] No hardcoded secrets in source code............... 0/5
#   ✅ D2 [P0] .env file is in .gitignore........................ 3/3
#   ❌ D3 [P0] helmet middleware present in backend.............. 0/2
#   ❌ D5 [P0] No critical npm vulnerabilities................... 0/3
#   ❌ E1 [P0] ESLint config exists.............................. 0/2
#   ❌ E2 [P1] Prettier config exists............................ 0/2
#   ✅ E3 [P0] tsconfig.json exists with strict mode............. 3/3
#   ✅ F3 [P0] CHANGELOG.md has at least one entry (\#\# heading).. 2/2
#   ❌ G1 [P2] .husky/ directory exists.......................... 0/1 (bonus)
#   ❌ G2 [P2] lint-staged config exists......................... 0/1 (bonus)
#   ❌ G6 [P1] .github/workflows/syntax-check.yml exists......... 0/3
#   ✅ G7 [P2] .pre-commit-config.yaml exists.................... 2/2
#   ❌ G8 [P1] SYNTAX_ERROR_PREVENTION_STANDARD.md exists or syntax standard referenced 0/1
# ──────────────────────────────────────────────────────────
#   SCORE: 31/79 (39%)  🚫  Critical failure — immediate remediation required
# ──────────────────────────────────────────────────────────
#   🔴 P0 FAILURES (blocks deployment): A3, B1, B2, B3, C1, C3, C4, C5, C6, D1, D3, D5, E1
#   🟡 P1 FAILURES (required within 30 days): A6, C7, E2, G6, G8
#   🟢 P2 NOTICES (best practice): A7
# Running check-compliance.js tests...
# PASS: fileExists returns true for existing files
# PASS: fileExists returns false for non-existent files
# PASS: dirExists returns true for existing directories
# PASS: dirExists returns false for non-existent directories
# PASS: fileContains returns true when pattern exists
# PASS: fileContains returns false when pattern missing
# PASS: fileContains handles multiple patterns (all must match)
# PASS: fileContains returns false when any pattern is missing
# PASS: fileExistsAny returns true when any candidate exists
# PASS: fileExistsAny returns false when no candidates exist
# PASS: dirHasFiles returns true for directories with matching extension
# PASS: dirHasFiles returns false for empty or non-matching directories
# PASS: fileExists returns false for files in non-existent subdirectories
# Test Summary: 13 passed, 0 failed
# Subtest: tests/check-compliance.test.js
ok 22 - tests/check-compliance.test.js
  ---
  duration_ms: 1544.958999
  type: 'test'
  ...
# Subtest: listWorkflowFiles returns an array
ok 150 - listWorkflowFiles returns an array
  ---
  duration_ms: 6.736964
  type: 'test'
  ...
# Subtest: listWorkflowFiles returns only .yml or .yaml files
ok 151 - listWorkflowFiles returns only .yml or .yaml files
  ---
  duration_ms: 2.360831
  type: 'test'
  ...
# Subtest: listWorkflowFiles returns absolute paths
ok 152 - listWorkflowFiles returns absolute paths
  ---
  duration_ms: 3.266539
  type: 'test'
  ...
# Subtest: findInvalidWorkflows returns an array with the expected entry shape
ok 153 - findInvalidWorkflows returns an array with the expected entry shape
  ---
  duration_ms: 737.755155
  type: 'test'
  ...
# Subtest: heuristicError returns null for clean YAML
ok 154 - heuristicError returns null for clean YAML
  ---
  duration_ms: 0.658754
  type: 'test'
  ...
# Subtest: heuristicError flags a flush-left backtick line
ok 155 - heuristicError flags a flush-left backtick line
  ---
  duration_ms: 0.418319
  type: 'test'
  ...
# Subtest: heuristicError flags a flush-left pipe character
ok 156 - heuristicError flags a flush-left pipe character
  ---
  duration_ms: 0.265291
  type: 'test'
  ...
# Subtest: heuristicError flags a flush-left ).join at column 0
ok 157 - heuristicError flags a flush-left ).join at column 0
  ---
  duration_ms: 0.265683
  type: 'test'
  ...
# Subtest: heuristicError does not flag YAML comment lines
ok 158 - heuristicError does not flag YAML comment lines
  ---
  duration_ms: 0.847745
  type: 'test'
  ...
# Subtest: heuristicError does not flag a document separator
ok 159 - heuristicError does not flag a document separator
  ---
  duration_ms: 0.787532
  type: 'test'
  ...
# Subtest: heuristicError reports the line number in the error message
ok 160 - heuristicError reports the line number in the error message
  ---
  duration_ms: 0.726245
  type: 'test'
  ...
# Subtest: workflowRunMissingWorkflows returns null when no workflow_run trigger
ok 161 - workflowRunMissingWorkflows returns null when no workflow_run trigger
  ---
  duration_ms: 0.218629
  type: 'test'
  ...
# Subtest: workflowRunMissingWorkflows returns null for valid block form with workflows key
ok 162 - workflowRunMissingWorkflows returns null for valid block form with workflows key
  ---
  duration_ms: 0.21482
  type: 'test'
  ...
# Subtest: workflowRunMissingWorkflows returns null for valid inline form
ok 163 - workflowRunMissingWorkflows returns null for valid inline form
  ---
  duration_ms: 0.252691
  type: 'test'
  ...
# Subtest: workflowRunMissingWorkflows flags block form that is missing workflows key
ok 164 - workflowRunMissingWorkflows flags block form that is missing workflows key
  ---
  duration_ms: 0.223841
  type: 'test'
  ...
# Subtest: workflowRunMissingWorkflows flags inline form that is missing workflows
ok 165 - workflowRunMissingWorkflows flags inline form that is missing workflows
  ---
  duration_ms: 0.131154
  type: 'test'
  ...
# Subtest: workflowRunMissingWorkflows reports the offending line number
ok 166 - workflowRunMissingWorkflows reports the offending line number
  ---
  duration_ms: 0.175343
  type: 'test'
  ...
# Subtest: windowsOnlyShell returns null when no shell is specified
ok 167 - windowsOnlyShell returns null when no shell is specified
  ---
  duration_ms: 0.12576
  type: 'test'
  ...
# Subtest: windowsOnlyShell returns null for bash and sh shells
ok 168 - windowsOnlyShell returns null for bash and sh shells
  ---
  duration_ms: 0.144427
  type: 'test'
  ...
# Subtest: windowsOnlyShell flags shell: powershell (the wr-rewrite.yml regression)
ok 169 - windowsOnlyShell flags shell: powershell (the wr-rewrite.yml regression)
  ---
  duration_ms: 0.161148
  type: 'test'
  ...
# Subtest: windowsOnlyShell flags shell: pwsh and shell: cmd
ok 170 - windowsOnlyShell flags shell: pwsh and shell: cmd
  ---
  duration_ms: 0.114593
  type: 'test'
  ...
# Subtest: windowsOnlyShell flags defaults.run.shell form
ok 171 - windowsOnlyShell flags defaults.run.shell form
  ---
  duration_ms: 0.146031
  type: 'test'
  ...
# Subtest: windowsOnlyShell does not flag pwsh mentioned inside a run body
ok 172 - windowsOnlyShell does not flag pwsh mentioned inside a run body
  ---
  duration_ms: 0.119587
  type: 'test'
  ...
# Subtest: no checked-in workflow uses a Windows-only shell
ok 173 - no checked-in workflow uses a Windows-only shell
  ---
  duration_ms: 18.837709
  type: 'test'
  ...
# Subtest: single follow-up transitions from unchecked to checked
ok 174 - single follow-up transitions from unchecked to checked
  ---
  duration_ms: 2.273506
  type: 'test'
  ...
# Subtest: uppercase [X] also counts as checked
ok 175 - uppercase [X] also counts as checked
  ---
  duration_ms: 1.300288
  type: 'test'
  ...
# Subtest: multiple items checked in one edit
ok 176 - multiple items checked in one edit
  ---
  duration_ms: 2.602944
  type: 'test'
  ...
# Subtest: non-follow-up checkbox being checked is ignored
ok 177 - non-follow-up checkbox being checked is ignored
  ---
  duration_ms: 0.248086
  type: 'test'
  ...
# Subtest: already-checked follow-up is not re-reported
ok 178 - already-checked follow-up is not re-reported
  ---
  duration_ms: 0.45276
  type: 'test'
  ...
# Subtest: follow-up added and checked in same edit does not fire
ok 179 - follow-up added and checked in same edit does not fire
  ---
  duration_ms: 0.206912
  type: 'test'
  ...
# Subtest: reordered lines still match by content
ok 180 - reordered lines still match by content
  ---
  duration_ms: 0.306131
  type: 'test'
  ...
# Subtest: prefix casing variants are accepted
ok 181 - prefix casing variants are accepted
  ---
  duration_ms: 0.236988
  type: 'test'
  ...
# Subtest: prefix with no hyphen (Followup:) is accepted
ok 182 - prefix with no hyphen (Followup:) is accepted
  ---
  duration_ms: 0.482541
  type: 'test'
  ...
# Subtest: prefix with space instead of hyphen is accepted
ok 183 - prefix with space instead of hyphen is accepted
  ---
  duration_ms: 0.685002
  type: 'test'
  ...
# Subtest: extra whitespace around description still matches
ok 184 - extra whitespace around description still matches
  ---
  duration_ms: 0.275982
  type: 'test'
  ...
# Subtest: trailing punctuation does not break pairing
ok 185 - trailing punctuation does not break pairing
  ---
  duration_ms: 0.226601
  type: 'test'
  ...
# Subtest: follow-up with empty description does not fire
ok 186 - follow-up with empty description does not fire
  ---
  duration_ms: 0.161332
  type: 'test'
  ...
# Subtest: mixed: one transition, one already-checked, one newly-added-checked
ok 187 - mixed: one transition, one already-checked, one newly-added-checked
  ---
  duration_ms: 0.165281
  type: 'test'
  ...
# Subtest: interleaved unrelated content does not confuse matcher
ok 188 - interleaved unrelated content does not confuse matcher
  ---
  duration_ms: 0.150228
  type: 'test'
  ...
# Subtest: null / undefined bodies are handled without throwing
ok 189 - null / undefined bodies are handled without throwing
  ---
  duration_ms: 0.273828
  type: 'test'
  ...
# Subtest: parseFollowUpCheckboxes keeps empty-description entries
ok 190 - parseFollowUpCheckboxes keeps empty-description entries
  ---
  duration_ms: 0.135052
  type: 'test'
  ...
# Subtest: parseFollowUpTasks (alias) returns entries with checked flag
ok 191 - parseFollowUpTasks (alias) returns entries with checked flag
  ---
  duration_ms: 0.143708
  type: 'test'
  ...
# Subtest: normalizeDescription collapses whitespace and lowercases
ok 192 - normalizeDescription collapses whitespace and lowercases
  ---
  duration_ms: 0.115191
  type: 'test'
  ...
# Subtest: normalizeKey lowercases, collapses whitespace, strips trailing punctuation
ok 193 - normalizeKey lowercases, collapses whitespace, strips trailing punctuation
  ---
  duration_ms: 0.102013
  type: 'test'
  ...
#    ✓ All 205 workflows have rate limit handling patterns
# ✅ PASS: Workflows should have rate limit handling patterns
#    ✓ All 204 workflows use correct token fallback
# ✅ PASS: Workflows must use consistent token fallback pattern
#    ✓ wr-lint.mjs has all required checks
# ✅ PASS: WR lint script must catch common issues
#    ✓ Duplicate PR detection logic exists
# ✅ PASS: No duplicate PRs should reference same issue
#    ⚠ Workflows that may need error handling: bulk-close-failure-spam.yml, conflict-helper.yml, label-allowlist.yml, octopus-route.yml, proposal-prosecution.yml, sync-labels.yml, third-party-action-audit.yml
#    (These have high-risk API calls without explicit error handling)
# ✅ PASS: Workflows should have error handling patterns
#    ✓ Branch protection documentation exists
# ✅ PASS: Branch protection should have unique status checks
#    ⚠ auto-approve-clean-prs.yml: may not handle draft PRs correctly
#    ✓ Auto-approve workflows checked
# ✅ PASS: Auto-approve workflows must not approve drafts
#    ✓ All required labels defined
# ✅ PASS: Standard labels must be defined in labels.yml
#    ⚠ 00-work-request.yml: missing sections: Status
#    ✓ WR templates validated
# ✅ PASS: WR templates must have all required sections
#    ✓ All 3 shell scripts have proper shebangs
# ✅ PASS: Shell scripts must have proper shebangs
#    ✓ All 205 YAML files use spaces for indentation
# ✅ PASS: YAML files must not have tab indentation
#    ✓ issue-state-machine.yml has URL-only title guard
# ✅ PASS: issue-state-machine.yml must detect and close URL-only issue titles
#    ✓ issue-state-machine.yml guards removeLabel 404 races
# ✅ PASS: issue-state-machine.yml must only swallow removeLabel 404 races
#    ✓ issue-state-machine.yml keeps numeric input handling and v9 github-script
# ✅ PASS: issue-state-machine.yml keeps numeric dispatch input and github-script v9
#    ✓ email_error_intake.py sanitizes URL-only subjects
# ✅ PASS: email_error_intake.py must sanitize URL-only email subjects
# ═══════════════════════════════════════════
# CI Error Prevention Tests Summary
# ═══════════════════════════════════════════
# Total: 15 tests
# Passed: 15
# Failed: 0
# ═══════════════════════════════════════════
# 🎉 All CI error prevention tests passed!
# These tests help prevent common climate errors in workflows.
# Subtest: tests/ci-error-prevention.test.js
ok 25 - tests/ci-error-prevention.test.js
  ---
  duration_ms: 235.459161
  type: 'test'
  ...
# Subtest: every stack in PRIORITY has a lane pack with prompt pack + verify commands
ok 195 - every stack in PRIORITY has a lane pack with prompt pack + verify commands
  ---
  duration_ms: 2.267126
  type: 'test'
  ...
# Subtest: detects a .NET client repo: language, framework, test runner, CI, package manager
ok 196 - detects a .NET client repo: language, framework, test runner, CI, package manager
  ---
  duration_ms: 8.274901
  type: 'test'
  ...
# Subtest: detects Python, TypeScript (Next.js), PHP (Laravel) and Java stacks
ok 197 - detects Python, TypeScript (Next.js), PHP (Laravel) and Java stacks
  ---
  duration_ms: 9.064774
  type: 'test'
  ...
# Subtest: unknown stack reports candidates instead of guessing
ok 198 - unknown stack reports candidates instead of guessing
  ---
  duration_ms: 2.879915
  type: 'test'
  ...
# Subtest: detectCi recognizes azure pipelines
ok 199 - detectCi recognizes azure pipelines
  ---
  duration_ms: 0.676358
  type: 'test'
  ...
# Subtest: reference engagement: sample .NET repo → plan with client-style PR + client verify + action log
ok 200 - reference engagement: sample .NET repo → plan with client-style PR + client verify + action log
  ---
  duration_ms: 4.269486
  type: 'test'
  ...
# Subtest: engagement fails loudly on an undetectable stack (no lane = no work)
ok 201 - engagement fails loudly on an undetectable stack (no lane = no work)
  ---
  duration_ms: 1.607548
  type: 'test'
  ...
# Subtest: slugify produces safe branch segments
ok 202 - slugify produces safe branch segments
  ---
  duration_ms: 0.531354
  type: 'test'
  ...
# Subtest: the real config/connections.yml loads and is non-empty
ok 203 - the real config/connections.yml loads and is non-empty
  ---
  duration_ms: 66.131754
  type: 'test'
  ...
# Subtest: groupByType buckets entries
ok 204 - groupByType buckets entries
  ---
  duration_ms: 0.548743
  type: 'test'
  ...
# Subtest: markdown render shows counts and flags unverified
ok 205 - markdown render shows counts and flags unverified
  ---
  duration_ms: 27.593733
  type: 'test'
  ...
# Subtest: injectReadme replaces only the marked block
ok 206 - injectReadme replaces only the marked block
  ---
  duration_ms: 0.931851
  type: 'test'
  ...
# Subtest: drift flags repo inventory missing from the registry
ok 207 - drift flags repo inventory missing from the registry
  ---
  duration_ms: 0.708501
  type: 'test'
  ...
# Subtest: the shipped registry has no drift against the repo .env.example
ok 208 - the shipped registry has no drift against the repo .env.example
  ---
  duration_ms: 59.407371
  type: 'test'
  ...
# Subtest: fallback block renders the ordered chain from meta
ok 209 - fallback block renders the ordered chain from meta
  ---
  duration_ms: 1.16622
  type: 'test'
  ...
# Subtest: injectReadme targets a specific marker pair and no-ops when absent
ok 210 - injectReadme targets a specific marker pair and no-ops when absent
  ---
  duration_ms: 0.332224
  type: 'test'
  ...
# Subtest: SSOT defines a fallback chain
ok 211 - SSOT defines a fallback chain
  ---
  duration_ms: 32.041773
  type: 'test'
  ...
# Subtest: html dashboard embeds the data and filter controls
ok 212 - html dashboard embeds the data and filter controls
  ---
  duration_ms: 0.963008
  type: 'test'
  ...
# ✅ PASS: CONFIG has required fields
# ✅ PASS: CONFIG format defaults to blog
# ✅ PASS: CONFIG audience has default value
# ✅ PASS: CONFIG brandVoice has default value
# ✅ PASS: CONFIG keywords is an array
# ✅ PASS: CONFIG autoPublish is a boolean
# ✅ PASS: callOpenRouter is a function
# ✅ PASS: Output directory path generation logic
# ✅ PASS: Slug generation handles special characters
# ✅ PASS: Slug generation handles empty/special-only topics
# ✅ PASS: Quality gate checks structure
# ✅ PASS: Metadata structure is valid
# ✅ PASS: Valid formats are recognized
# ✅ PASS: Markdown headings convert to HTML
# ✅ PASS: OpenRouter API key structure validation
# 🚦 Running Quality Gates...
#   SEO: ⚠️
#   Readability: ✅
#   Structure: ⚠️
#   Technical: ✅
# ✅ PASS: runQualityGates returns failure for content with too few headings
# 🚦 Running Quality Gates...
#   SEO: ✅
#   Readability: ✅
#   Structure: ✅
#   Technical: ✅
# ✅ PASS: runQualityGates returns all-passed for well-structured content
# ✅ PASS: runQualityGates is exported as a function
# Test Summary: 18 passed, 0 failed
# Subtest: tests/content-automation.test.js
ok 28 - tests/content-automation.test.js
  ---
  duration_ms: 61.460346
  type: 'test'
  ...
# Subtest: DEFAULTS are frozen and sane
ok 214 - DEFAULTS are frozen and sane
  ---
  duration_ms: 2.091131
  type: 'test'
  ...
# Subtest: runStartMs prefers run_started_at, falls back to created_at, else null
ok 215 - runStartMs prefers run_started_at, falls back to created_at, else null
  ---
  duration_ms: 0.659875
  type: 'test'
  ...
# Subtest: isProtected shields the immune system + the controller itself
ok 216 - isProtected shields the immune system + the controller itself
  ---
  duration_ms: 0.56609
  type: 'test'
  ...
# Subtest: classifyRun: completed run is done
ok 217 - classifyRun: completed run is done
  ---
  duration_ms: 1.9491
  type: 'test'
  ...
# Subtest: classifyRun: queued run is a pending trigger
ok 218 - classifyRun: queued run is a pending trigger
  ---
  duration_ms: 0.291436
  type: 'test'
  ...
# Subtest: classifyRun: in_progress within budget is healthy
ok 219 - classifyRun: in_progress within budget is healthy
  ---
  duration_ms: 0.351916
  type: 'test'
  ...
# Subtest: classifyRun: no update past stallMs is stalled
ok 220 - classifyRun: no update past stallMs is stalled
  ---
  duration_ms: 0.582903
  type: 'test'
  ...
# Subtest: classifyRun: past maxRunMs is runaway (takes priority over stall)
ok 221 - classifyRun: past maxRunMs is runaway (takes priority over stall)
  ---
  duration_ms: 0.24696
  type: 'test'
  ...
# Subtest: selectPreemptions cuts stalled + runaway but never protected
ok 222 - selectPreemptions cuts stalled + runaway but never protected
  ---
  duration_ms: 1.924232
  type: 'test'
  ...
# Subtest: summarizeFleet rolls up occupancy + over-capacity
ok 223 - summarizeFleet rolls up occupancy + over-capacity
  ---
  duration_ms: 0.929429
  type: 'test'
  ...
# Subtest: buildControllerFeed emits the v1 schema with dry-run cut labels
ok 224 - buildControllerFeed emits the v1 schema with dry-run cut labels
  ---
  duration_ms: 1.198131
  type: 'test'
  ...
# Subtest: nextModel returns the first untried model, else null
ok 225 - nextModel returns the first untried model, else null
  ---
  duration_ms: 0.256766
  type: 'test'
  ...
# Subtest: planPreemptions: cut+reassign up to the cap, then escalate to self-healing
ok 226 - planPreemptions: cut+reassign up to the cap, then escalate to self-healing
  ---
  duration_ms: 0.357454
  type: 'test'
  ...
# Subtest: DEFAULT_MODEL_CHAIN honours the SSOT model policy (twins + Fable 5, no denylisted models)
ok 227 - DEFAULT_MODEL_CHAIN honours the SSOT model policy (twins + Fable 5, no denylisted models)
  ---
  duration_ms: 87.02361
  type: 'test'
  ...
# Subtest: evaluate is a pure node: feed + stop + self-healing ingestion
ok 228 - evaluate is a pure node: feed + stop + self-healing ingestion
  ---
  duration_ms: 1.172887
  type: 'test'
  ...
# Subtest: buildStopSignal + hasStop round-trip
ok 229 - buildStopSignal + hasStop round-trip
  ---
  duration_ms: 0.374561
  type: 'test'
  ...
# Subtest: listRuns pages past 100 so a large fleet is not truncated
ok 230 - listRuns pages past 100 so a large fleet is not truncated
  ---
  duration_ms: 4.137846
  type: 'test'
  ...
# Subtest: listRuns stops on the first short page
ok 231 - listRuns stops on the first short page
  ---
  duration_ms: 0.412178
  type: 'test'
  ...
# Subtest: reassignWorkflow: succeeds with the model input
ok 232 - reassignWorkflow: succeeds with the model input
  ---
  duration_ms: 0.441983
  type: 'test'
  ...
# Subtest: reassignWorkflow: retries without inputs when the model input is rejected
ok 233 - reassignWorkflow: retries without inputs when the model input is rejected
  ---
  duration_ms: 0.425274
  type: 'test'
  ...
# Subtest: reassignWorkflow: both attempts fail -> reassign-failed (never a false success)
ok 234 - reassignWorkflow: both attempts fail -> reassign-failed (never a false success)
  ---
  duration_ms: 0.640851
  type: 'test'
  ...
# Subtest: reassignWorkflow: a non-422 first error does NOT retry on the default model
ok 235 - reassignWorkflow: a non-422 first error does NOT retry on the default model
  ---
  duration_ms: 0.374692
  type: 'test'
  ...
# Subtest: loadPriorReassigns persists BOTH reassign and escalate entries from a real feed
ok 236 - loadPriorReassigns persists BOTH reassign and escalate entries from a real feed
  ---
  duration_ms: 0.83415
  type: 'test'
  ...
# Subtest: loadPriorReassigns ignores a dry-run feed (state must not advance from a dry scan)
ok 237 - loadPriorReassigns ignores a dry-run feed (state must not advance from a dry scan)
  ---
  duration_ms: 0.520483
  type: 'test'
  ...
# Subtest: reassignWorkflow: no workflow path is skipped cleanly
ok 238 - reassignWorkflow: no workflow path is skipped cleanly
  ---
  duration_ms: 0.572167
  type: 'test'
  ...
# Subtest: controller state survives a quiet tick: save carries untouched entries forward
ok 239 - controller state survives a quiet tick: save carries untouched entries forward
  ---
  duration_ms: 2.07266
  type: 'test'
  ...
# Subtest: controller state expires after the TTL so a recovered workflow gets a clean slate
ok 240 - controller state expires after the TTL so a recovered workflow gets a clean slate
  ---
  duration_ms: 1.138946
  type: 'test'
  ...
# Subtest: saveControllerState only advances lineage for cuts that actually happened
ok 241 - saveControllerState only advances lineage for cuts that actually happened
  ---
  duration_ms: 0.883397
  type: 'test'
  ...
# Subtest: loadControllerState falls back to the legacy feed when no state file exists
ok 242 - loadControllerState falls back to the legacy feed when no state file exists
  ---
  duration_ms: 1.834054
  type: 'test'
  ...
# Subtest: lastJobActivityMs returns the latest step activity across jobs
ok 243 - lastJobActivityMs returns the latest step activity across jobs
  ---
  duration_ms: 0.749582
  type: 'test'
  ...
# Subtest: lastJobActivityMs returns null when the jobs API yields nothing (fall back to the stall verdict)
ok 244 - lastJobActivityMs returns null when the jobs API yields nothing (fall back to the stall verdict)
  ---
  duration_ms: 0.414535
  type: 'test'
  ...
# Subtest: lastJobActivityMs pages past 100 jobs so a large matrix run is not falsely cut
ok 245 - lastJobActivityMs pages past 100 jobs so a large matrix run is not falsely cut
  ---
  duration_ms: 0.891455
  type: 'test'
  ...
# Subtest: legacy feed entries are stamped at migration so the TTL can expire them
ok 246 - legacy feed entries are stamped at migration so the TTL can expire them
  ---
  duration_ms: 1.08496
  type: 'test'
  ...
# Subtest: parseGitLogNameOnly dedupes and strips blank lines from git log output
ok 247 - parseGitLogNameOnly dedupes and strips blank lines from git log output
  ---
  duration_ms: 2.494092
  type: 'test'
  ...
# Subtest: parseGitLogNameOnly handles empty/undefined input
ok 248 - parseGitLogNameOnly handles empty/undefined input
  ---
  duration_ms: 0.288347
  type: 'test'
  ...
# Subtest: filterInScope keeps only .github/workflows/*.yml and scripts/*.js
ok 249 - filterInScope keeps only .github/workflows/*.yml and scripts/*.js
  ---
  duration_ms: 0.380323
  type: 'test'
  ...
# Subtest: SCOPE_GLOBS only covers workflow YAML and scripts JS (bounded blast radius)
ok 250 - SCOPE_GLOBS only covers workflow YAML and scripts JS (bounded blast radius)
  ---
  duration_ms: 0.26826
  type: 'test'
  ...
# Subtest: buildSystemPrompt embeds the playbook context and demands JSON-only output
ok 251 - buildSystemPrompt embeds the playbook context and demands JSON-only output
  ---
  duration_ms: 0.415062
  type: 'test'
  ...
# Subtest: buildSystemPrompt instructs the model not to manufacture issues
ok 252 - buildSystemPrompt instructs the model not to manufacture issues
  ---
  duration_ms: 0.22882
  type: 'test'
  ...
# Subtest: buildUserPrompt lists in-scope files and embeds their content
ok 253 - buildUserPrompt lists in-scope files and embeds their content
  ---
  duration_ms: 0.364008
  type: 'test'
  ...
# Subtest: buildUserPrompt truncates when the overall prompt budget is exceeded
ok 254 - buildUserPrompt truncates when the overall prompt budget is exceeded
  ---
  duration_ms: 0.387185
  type: 'test'
  ...
# Subtest: parseDiagnosticResponse parses a clean JSON object
ok 255 - parseDiagnosticResponse parses a clean JSON object
  ---
  duration_ms: 0.755824
  type: 'test'
  ...
# Subtest: parseDiagnosticResponse strips a ```json fence
ok 256 - parseDiagnosticResponse strips a ```json fence
  ---
  duration_ms: 0.614499
  type: 'test'
  ...
# Subtest: parseDiagnosticResponse rejects unparseable text
ok 257 - parseDiagnosticResponse rejects unparseable text
  ---
  duration_ms: 0.518409
  type: 'test'
  ...
# Subtest: parseDiagnosticResponse rejects empty response
ok 258 - parseDiagnosticResponse rejects empty response
  ---
  duration_ms: 0.148736
  type: 'test'
  ...
# Subtest: parseDiagnosticResponse rejects a response missing issueFound
ok 259 - parseDiagnosticResponse rejects a response missing issueFound
  ---
  duration_ms: 0.149034
  type: 'test'
  ...
# Subtest: parseDiagnosticResponse normalizes an invalid confidence value to "low"
ok 260 - parseDiagnosticResponse normalizes an invalid confidence value to "low"
  ---
  duration_ms: 0.204246
  type: 'test'
  ...
# Subtest: isActionableDiagnosis requires issueFound + medium/high confidence + non-empty diagnosis
ok 261 - isActionableDiagnosis requires issueFound + medium/high confidence + non-empty diagnosis
  ---
  duration_ms: 0.182242
  type: 'test'
  ...
# Subtest: isActionableDiagnosis rejects issueFound=false
ok 262 - isActionableDiagnosis rejects issueFound=false
  ---
  duration_ms: 0.109544
  type: 'test'
  ...
# Subtest: isActionableDiagnosis rejects low confidence (a wrong fix is worse than none)
ok 263 - isActionableDiagnosis rejects low confidence (a wrong fix is worse than none)
  ---
  duration_ms: 0.263202
  type: 'test'
  ...
# Subtest: isActionableDiagnosis rejects an empty diagnosis string
ok 264 - isActionableDiagnosis rejects an empty diagnosis string
  ---
  duration_ms: 0.208093
  type: 'test'
  ...
# Subtest: renderWrTitle includes the diagnosis summary and file
ok 265 - renderWrTitle includes the diagnosis summary and file
  ---
  duration_ms: 0.317794
  type: 'test'
  ...
# Subtest: renderWrBody substitutes every {TOKEN} in WR_TEMPLATE_BASIC.md
ok 266 - renderWrBody substitutes every {TOKEN} in WR_TEMPLATE_BASIC.md
  ---
  duration_ms: 0.793091
  type: 'test'
  ...
# Subtest: renderWrBody appends Learnings section when the template lacks the placeholder
ok 267 - renderWrBody appends Learnings section when the template lacks the placeholder
  ---
  duration_ms: 0.31429
  type: 'test'
  ...
# Subtest: renderWrBody substitutes the real Learnings placeholder when the template has it
ok 268 - renderWrBody substitutes the real Learnings placeholder when the template has it
  ---
  duration_ms: 0.268137
  type: 'test'
  ...
# Subtest: renderCoderComment addresses the implementing agent and references Proposed Fix
ok 269 - renderCoderComment addresses the implementing agent and references Proposed Fix
  ---
  duration_ms: 0.316795
  type: 'test'
  ...
# Subtest: loadPlaybookContext returns non-empty content whether or not the live playbook file exists
ok 270 - loadPlaybookContext returns non-empty content whether or not the live playbook file exists
  ---
  duration_ms: 0.484116
  type: 'test'
  ...
# Subtest: loadDiagnosticModels resolves the review profile from agent-models.yml
ok 271 - loadDiagnosticModels resolves the review profile from agent-models.yml
  ---
  duration_ms: 50.771672
  type: 'test'
  ...
# Subtest: WR_LABELS and WR_ASSIGNEES match the constraints in the originating WR
ok 272 - WR_LABELS and WR_ASSIGNEES match the constraints in the originating WR
  ---
  duration_ms: 0.323463
  type: 'test'
  ...
# Subtest: auto-diagnosed label is registered in .github/labels.yml
ok 273 - auto-diagnosed label is registered in .github/labels.yml
  ---
  duration_ms: 17.604761
  type: 'test'
  ...
# Subtest: workflow has schedule + workflow_dispatch triggers and narrow permissions
ok 274 - workflow has schedule + workflow_dispatch triggers and narrow permissions
  ---
  duration_ms: 6.939187
  type: 'test'
  ...
# Subtest: workflow schedule does not collide exactly with self-healing.yml or repo-self-healer.yml
ok 275 - workflow schedule does not collide exactly with self-healing.yml or repo-self-healer.yml
  ---
  duration_ms: 15.179202
  type: 'test'
  ...
# Subtest: workflow uses the ADMIN_GITHUB_TOKEN-with-fallback pattern (CLAUDE.md gotcha \#2)
ok 276 - workflow uses the ADMIN_GITHUB_TOKEN-with-fallback pattern (CLAUDE.md gotcha \#2)
  ---
  duration_ms: 0.320823
  type: 'test'
  ...
# Subtest: workflow checks out with fetch-depth: 0 so the 48h scope scan can see history
ok 277 - workflow checks out with fetch-depth: 0 so the 48h scope scan can see history
  ---
  duration_ms: 1.865997
  type: 'test'
  ...
# Subtest: workflow has a bounded timeout-minutes
ok 278 - workflow has a bounded timeout-minutes
  ---
  duration_ms: 2.180029
  type: 'test'
  ...
# PASS: search finds projects by name
# PASS: search finds projects by status
# PASS: search finds URLs by project name
# PASS: search finds URLs by URL text
# PASS: search finds domains by name
# PASS: search finds domains by purpose
# PASS: search returns empty results for non-matching query
# PASS: search is case insensitive
# PASS: showSummary function is exported
# PASS: showProjects function is exported
# PASS: showURLs function is exported
# PASS: showDomains function is exported
# PASS: showSearch function is exported
# PASS: loadData function is exported
# PASS: search returns correct structure with projects, urls, domains
# PASS: search handles empty query gracefully
# Test Summary: 16 passed, 0 failed
# Subtest: tests/dashboard-cli.test.js
ok 32 - tests/dashboard-cli.test.js
  ---
  duration_ms: 61.417648
  type: 'test'
  ...
# Subtest: devinci-debug is workflow_dispatch only
ok 280 - devinci-debug is workflow_dispatch only
  ---
  duration_ms: 2.636326
  type: 'test'
  ...
# Subtest: devinci action is pinned to a full commit SHA
ok 281 - devinci action is pinned to a full commit SHA
  ---
  duration_ms: 0.647082
  type: 'test'
  ...
# Subtest: job has a hard timeout
ok 282 - job has a hard timeout
  ---
  duration_ms: 0.402534
  type: 'test'
  ...
# Subtest: TTL is validated and capped at 120 minutes
ok 283 - TTL is validated and capped at 120 minutes
  ---
  duration_ms: 0.247517
  type: 'test'
  ...
# Subtest: dispatcher write access is verified before starting a shell
ok 284 - dispatcher write access is verified before starting a shell
  ---
  duration_ms: 0.231743
  type: 'test'
  ...
# Subtest: only the credential-free URL is published to the summary
ok 285 - only the credential-free URL is published to the summary
  ---
  duration_ms: 0.242475
  type: 'test'
  ...
# Subtest: permissions are read-only
ok 286 - permissions are read-only
  ---
  duration_ms: 0.173235
  type: 'test'
  ...
# Subtest: extractCitations dedupes and strips trailing punctuation
ok 287 - extractCitations dedupes and strips trailing punctuation
  ---
  duration_ms: 2.484306
  type: 'test'
  ...
# Subtest: parseRunnerOutput: twin/triplet JSON report -> answer/citations/cost
ok 288 - parseRunnerOutput: twin/triplet JSON report -> answer/citations/cost
  ---
  duration_ms: 0.630932
  type: 'test'
  ...
# Subtest: parseRunnerOutput: deep-search text after the marker
ok 289 - parseRunnerOutput: deep-search text after the marker
  ---
  duration_ms: 0.720284
  type: 'test'
  ...
# Subtest: modelEnvFor maps per-kind overrides
ok 290 - modelEnvFor maps per-kind overrides
  ---
  duration_ms: 0.316296
  type: 'test'
  ...
# Subtest: makeDispatch single: streams progress, parses deep-search stdout
ok 291 - makeDispatch single: streams progress, parses deep-search stdout
  ---
  duration_ms: 3.860419
  type: 'test'
  ...
# Subtest: makeDispatch twin: parses the JSON report on stdout
ok 292 - makeDispatch twin: parses the JSON report on stdout
  ---
  duration_ms: 0.699515
  type: 'test'
  ...
# Subtest: makeDispatch: aborting kills the child and rejects
ok 293 - makeDispatch: aborting kills the child and rejects
  ---
  duration_ms: 1.460615
  type: 'test'
  ...
# Subtest: makeDispatch: non-zero exit with no parseable answer rejects
ok 294 - makeDispatch: non-zero exit with no parseable answer rejects
  ---
  duration_ms: 1.018886
  type: 'test'
  ...
# Subtest: makeDispatch single: banner-only output without the completion marker is a failure, not false-green
ok 295 - makeDispatch single: banner-only output without the completion marker is a failure, not false-green
  ---
  duration_ms: 0.832872
  type: 'test'
  ...
# Subtest: makeDispatch single: an echoed query containing the phrase cannot spoof completion
ok 296 - makeDispatch single: an echoed query containing the phrase cannot spoof completion
  ---
  duration_ms: 0.974562
  type: 'test'
  ...
# Subtest: makeDispatch: unknown arm kind rejects
ok 297 - makeDispatch: unknown arm kind rejects
  ---
  duration_ms: 0.291064
  type: 'test'
  ...
# Subtest: ARM_RUNNERS maps the three arm kinds
ok 298 - ARM_RUNNERS maps the three arm kinds
  ---
  duration_ms: 0.139469
  type: 'test'
  ...
# Subtest: countLintErrors counts only lines containing ' error '
ok 299 - countLintErrors counts only lines containing ' error '
  ---
  duration_ms: 1.351592
  type: 'test'
  ...
# Subtest: countLintErrors handles empty / null
ok 300 - countLintErrors handles empty / null
  ---
  duration_ms: 0.459956
  type: 'test'
  ...
# Subtest: parseArgs defaults to fix mode
ok 301 - parseArgs defaults to fix mode
  ---
  duration_ms: 2.742927
  type: 'test'
  ...
# Subtest: parseArgs parses --check, --quiet and --threshold
ok 302 - parseArgs parses --check, --quiet and --threshold
  ---
  duration_ms: 0.490543
  type: 'test'
  ...
# Subtest: parseArgs ignores an invalid threshold
ok 303 - parseArgs ignores an invalid threshold
  ---
  duration_ms: 0.365797
  type: 'test'
  ...
# Subtest: fleet-controller.yml parses with unique keys
ok 304 - fleet-controller.yml parses with unique keys
  ---
  duration_ms: 9.845502
  type: 'test'
  ...
# Subtest: no step declares both run and uses
ok 305 - no step declares both run and uses
  ---
  duration_ms: 0.480325
  type: 'test'
  ...
# Subtest: state-PR fallback never falls back to GITHUB_TOKEN
ok 306 - state-PR fallback never falls back to GITHUB_TOKEN
  ---
  duration_ms: 0.52774
  type: 'test'
  ...
# Subtest: state PR commits only the controller state files
ok 307 - state PR commits only the controller state files
  ---
  duration_ms: 0.323902
  type: 'test'
  ...
# Subtest: auto-merge passes the PR number through env, not template expansion
ok 308 - auto-merge passes the PR number through env, not template expansion
  ---
  duration_ms: 0.227237
  type: 'test'
  ...
# Subtest: an unpersisted state change fails the job instead of reporting green
ok 309 - an unpersisted state change fails the job instead of reporting green
  ---
  duration_ms: 0.211301
  type: 'test'
  ...
# Subtest: the direct-push lane is non-fatal so the PR fallback can still run
ok 310 - the direct-push lane is non-fatal so the PR fallback can still run
  ---
  duration_ms: 0.229692
  type: 'test'
  ...
# Subtest: durable state is seeded from a pending state-sync branch
ok 311 - durable state is seeded from a pending state-sync branch
  ---
  duration_ms: 0.423386
  type: 'test'
  ...
# PASS: empty input -> empty
# PASS: max >= length returns all, sorted
# PASS: caps at max and returns no duplicates within a run
# PASS: rotates across weeks to cover the fleet
# PASS: isoWeek returns a sane week number
# PASS: hasOpenWorkRequest returns true when a matching open WR exists
# PASS: hasOpenWorkRequest returns false when no matching open WR exists
# PASS: hasOpenWorkRequest fails closed when gh issue list fails
# PASS: hasOpenWorkRequest fails closed when gh returns malformed JSON
# PASS: fileWorkRequest does not create an issue when open-WR lookup fails
# Test Summary: 10 passed, 0 failed
# Subtest: tests/fleet-maintenance.test.js
ok 37 - tests/fleet-maintenance.test.js
  ---
  duration_ms: 56.001568
  type: 'test'
  ...
# ✅ PASS: escapeHtml escapes HTML special characters
# ✅ PASS: extractVercelUrls finds Vercel URLs
# ✅ PASS: extractVercelUrls handles duplicates
# ✅ PASS: extractVercelUrls returns empty for no URLs
# ✅ PASS: extractRepoReferences finds valid repo references
# ✅ PASS: extractRepoReferences excludes URLs
# ✅ PASS: extractRepoReferences handles repo: prefix
# ✅ PASS: formatDate includes UTC timezone
# ✅ PASS: DATE_OVERRIDE is supported in getToday
# ✅ PASS: getYesterday respects DATE_OVERRIDE
# ✅ PASS: HTML escaping prevents XSS in malicious input
# ✅ PASS: fetchPRsSince constructs correct search query with repo, type, and date filter
# ✅ PASS: fetchIssuesSince constructs correct search query with repo, type, and date filter
# ✅ PASS: fetchPRsSince filters results to only items with pull_request property
# ✅ PASS: fetchIssuesSince filters out items with pull_request property
# Test Summary: 15 passed, 0 failed
# Subtest: tests/generate-daily-summary.test.js
ok 38 - tests/generate-daily-summary.test.js
  ---
  duration_ms: 88.44292
  type: 'test'
  ...
# Subtest: single-line leading HTML comments are stripped (H1 on line 1)
ok 314 - single-line leading HTML comments are stripped (H1 on line 1)
  ---
  duration_ms: 202.757096
  type: 'test'
  ...
# Subtest: multi-line leading HTML comment is stripped so H1 lands on line 1 (regression \#15215)
ok 315 - multi-line leading HTML comment is stripped so H1 lands on line 1 (regression \#15215)
  ---
  duration_ms: 184.204031
  type: 'test'
  ...
# Subtest: real WR_TEMPLATE_FULL.md generates with H1 on line 1
ok 316 - real WR_TEMPLATE_FULL.md generates with H1 on line 1
  ---
  duration_ms: 316.112227
  type: 'test'
  ...
# Subtest: generate-wr strips leading multi-line template comments
ok 317 - generate-wr strips leading multi-line template comments
  ---
  duration_ms: 263.924425
  type: 'test'
  ...
# Subtest: generate-wr strips leading multiline template comments so H1 is on line 1
ok 318 - generate-wr strips leading multiline template comments so H1 is on line 1
  ---
  duration_ms: 338.479598
  type: 'test'
  ...
# PASS: active green website workflow follows Revvel contract
# PASS: portable green website template follows Revvel contract
# PASS: README exposes carbon card insertion point or generated card
# PASS: standard documents action, marker, URL override, and verification
# 4 passed, 0 failed
# Subtest: tests/green-website-standard.test.js
ok 41 - tests/green-website-standard.test.js
  ---
  duration_ms: 106.91587
  type: 'test'
  ...
# Subtest: convertSetextToAtx: = underline becomes H1, - underline becomes H2
ok 320 - convertSetextToAtx: = underline becomes H1, - underline becomes H2
  ---
  duration_ms: 2.531199
  type: 'test'
  ...
# Subtest: convertSetextToAtx: thematic break after blank line is untouched
ok 321 - convertSetextToAtx: thematic break after blank line is untouched
  ---
  duration_ms: 0.423889
  type: 'test'
  ...
# Subtest: convertSetextToAtx: front matter fence at line 0 is untouched
ok 322 - convertSetextToAtx: front matter fence at line 0 is untouched
  ---
  duration_ms: 0.31367
  type: 'test'
  ...
# Subtest: convertSetextToAtx: table separator rows are untouched
ok 323 - convertSetextToAtx: table separator rows are untouched
  ---
  duration_ms: 0.268179
  type: 'test'
  ...
# Subtest: convertSetextToAtx: list items and blockquotes are not heading text
ok 324 - convertSetextToAtx: list items and blockquotes are not heading text
  ---
  duration_ms: 0.33555
  type: 'test'
  ...
# Subtest: convertSetextToAtx: multi-line paragraphs are left alone
ok 325 - convertSetextToAtx: multi-line paragraphs are left alone
  ---
  duration_ms: 0.296318
  type: 'test'
  ...
# Subtest: convertSetextToAtx: content inside code fences is untouched
ok 326 - convertSetextToAtx: content inside code fences is untouched
  ---
  duration_ms: 0.214895
  type: 'test'
  ...
# Subtest: demoteExtraH1s: keeps first H1, demotes later ones to H2
ok 327 - demoteExtraH1s: keeps first H1, demotes later ones to H2
  ---
  duration_ms: 0.458624
  type: 'test'
  ...
# Subtest: demoteExtraH1s: ignores \# lines inside code fences
ok 328 - demoteExtraH1s: ignores \# lines inside code fences
  ---
  duration_ms: 0.510612
  type: 'test'
  ...
# Subtest: demoteExtraH1s: demotes missing-space H1 variants so MD018 fix cannot resurrect a second H1
ok 329 - demoteExtraH1s: demotes missing-space H1 variants so MD018 fix cannot resurrect a second H1
  ---
  duration_ms: 0.610173
  type: 'test'
  ...
# Subtest: demoteExtraH1s: H2+ headings are never touched
ok 330 - demoteExtraH1s: H2+ headings are never touched
  ---
  duration_ms: 0.262562
  type: 'test'
  ...
# Subtest: heal: setext H1 counts toward single-title demotion
ok 331 - heal: setext H1 counts toward single-title demotion
  ---
  duration_ms: 0.258883
  type: 'test'
  ...
# Subtest: heal: is idempotent (auto-heal workflow loop safety)
ok 332 - heal: is idempotent (auto-heal workflow loop safety)
  ---
  duration_ms: 0.223613
  type: 'test'
  ...
# Subtest: heal: reports changed=false for already-clean text
ok 333 - heal: reports changed=false for already-clean text
  ---
  duration_ms: 0.155664
  type: 'test'
  ...
# Subtest: countLintErrors counts ' error ' lines only
ok 334 - countLintErrors counts ' error ' lines only
  ---
  duration_ms: 0.187891
  type: 'test'
  ...
# Subtest: parseArgs separates flags from files
ok 335 - parseArgs separates flags from files
  ---
  duration_ms: 1.008139
  type: 'test'
  ...
# Subtest: mapFences: a ``` line inside a ~~~ block does not close it (marker tracking)
ok 336 - mapFences: a ``` line inside a ~~~ block does not close it (marker tracking)
  ---
  duration_ms: 0.199153
  type: 'test'
  ...
# Subtest: mapFences: a longer same-char fence closes; a shorter one does not
ok 337 - mapFences: a longer same-char fence closes; a shorter one does not
  ---
  duration_ms: 0.150188
  type: 'test'
  ...
# Subtest: demoteExtraH1s: indented (≤3 spaces) H1s are demoted with indentation preserved
ok 338 - demoteExtraH1s: indented (≤3 spaces) H1s are demoted with indentation preserved
  ---
  duration_ms: 0.134981
  type: 'test'
  ...
# Subtest: globToRegExp + isIgnored honour .markdownlintignore-style patterns
ok 339 - globToRegExp + isIgnored honour .markdownlintignore-style patterns
  ---
  duration_ms: 0.694329
  type: 'test'
  ...
# Subtest: globToRegExp: a middle/leading globstar matches ZERO directories (gitignore semantics)
ok 340 - globToRegExp: a middle/leading globstar matches ZERO directories (gitignore semantics)
  ---
  duration_ms: 2.181475
  type: 'test'
  ...
# Subtest: device-tree.yml roles align with the schema role enum
ok 341 - device-tree.yml roles align with the schema role enum
  ---
  duration_ms: 1.742364
  type: 'test'
  ...
# Subtest: decompose: single-Block fallback when body has no \#\# Blocks section
ok 342 - decompose: single-Block fallback when body has no \#\# Blocks section
  ---
  duration_ms: 5.313794
  type: 'test'
  ...
# Subtest: decompose: parses \#\# Blocks bullets into ordered Blocks
ok 343 - decompose: parses \#\# Blocks bullets into ordered Blocks
  ---
  duration_ms: 9.012967
  type: 'test'
  ...
# Subtest: decompose: classifier routes names to the right role/kind
ok 344 - decompose: classifier routes names to the right role/kind
  ---
  duration_ms: 5.075358
  type: 'test'
  ...
# Subtest: decompose: checkpoint-gated label sets flag AND wires depends_on chain
ok 345 - decompose: checkpoint-gated label sets flag AND wires depends_on chain
  ---
  duration_ms: 5.203417
  type: 'test'
  ...
# Subtest: decompose: un-gated WR does NOT emit depends_on chain
ok 346 - decompose: un-gated WR does NOT emit depends_on chain
  ---
  duration_ms: 6.81227
  type: 'test'
  ...
# Subtest: decompose: high-stakes and owner-review-per-block labels also enable gating
ok 347 - decompose: high-stakes and owner-review-per-block labels also enable gating
  ---
  duration_ms: 9.859092
  type: 'test'
  ...
# Subtest: decompose: phase:* label maps to grid.goal_phase
ok 348 - decompose: phase:* label maps to grid.goal_phase
  ---
  duration_ms: 4.496452
  type: 'test'
  ...
# Subtest: decompose: rejects malformed input
ok 349 - decompose: rejects malformed input
  ---
  duration_ms: 1.182626
  type: 'test'
  ...
# Subtest: validate: single-Block output validates against schema
ok 350 - validate: single-Block output validates against schema
  ---
  duration_ms: 103.95103
  type: 'test'
  ...
# Subtest: validate: multi-Block checkpoint-gated output validates against schema
ok 351 - validate: multi-Block checkpoint-gated output validates against schema
  ---
  duration_ms: 7.887663
  type: 'test'
  ...
# Subtest: validate: rejects a contract with an unknown role
ok 352 - validate: rejects a contract with an unknown role
  ---
  duration_ms: 3.459084
  type: 'test'
  ...
# Subtest: validate: rejects a contract without at least one Thread per Block
ok 353 - validate: rejects a contract without at least one Thread per Block
  ---
  duration_ms: 4.639373
  type: 'test'
  ...
# Subtest: extractBlockHints: tolerates bold and "of N" suffixes
ok 354 - extractBlockHints: tolerates bold and "of N" suffixes
  ---
  duration_ms: 0.241264
  type: 'test'
  ...
# Subtest: classifyBlockName: unknown domain falls through to builder
ok 355 - classifyBlockName: unknown domain falls through to builder
  ---
  duration_ms: 0.139949
  type: 'test'
  ...
# Subtest: buildRegistry assembles hub entries from data/hub/entries JSON files
ok 356 - buildRegistry assembles hub entries from data/hub/entries JSON files
  ---
  duration_ms: 2.84182
  type: 'test'
  ...
# Subtest: buildRegistry rejects malformed entries
ok 357 - buildRegistry rejects malformed entries
  ---
  duration_ms: 2.670515
  type: 'test'
  ...
# Subtest: buildRegistry rejects duplicate slugs
ok 358 - buildRegistry rejects duplicate slugs
  ---
  duration_ms: 0.90313
  type: 'test'
  ...
# Subtest: validateEntry and liveUrl work standalone
ok 359 - validateEntry and liveUrl work standalone
  ---
  duration_ms: 1.657978
  type: 'test'
  ...
# Subtest: CLI writes both JSON and window-global artifacts
ok 360 - CLI writes both JSON and window-global artifacts
  ---
  duration_ms: 47.841801
  type: 'test'
  ...
# Subtest: committed hub-registry outputs match the committed entries
ok 361 - committed hub-registry outputs match the committed entries
  ---
  duration_ms: 1.340786
  type: 'test'
  ...
# Subtest: index.html wires the generated hub registry into the Live tabs grid
ok 362 - index.html wires the generated hub registry into the Live tabs grid
  ---
  duration_ms: 0.522882
  type: 'test'
  ...
# Subtest: readEvents: non-existent file returns empty array
ok 363 - readEvents: non-existent file returns empty array
  ---
  duration_ms: 4.632812
  type: 'test'
  ...
# Subtest: readEvents: parses valid JSONL lines
ok 364 - readEvents: parses valid JSONL lines
  ---
  duration_ms: 2.176197
  type: 'test'
  ...
# Subtest: readEvents: silently skips malformed JSON lines
ok 365 - readEvents: silently skips malformed JSON lines
  ---
  duration_ms: 1.01651
  type: 'test'
  ...
# Subtest: readEvents: ignores blank lines
ok 366 - readEvents: ignores blank lines
  ---
  duration_ms: 1.075339
  type: 'test'
  ...
# Subtest: appendEvent: creates file if it does not exist and writes one event
ok 367 - appendEvent: creates file if it does not exist and writes one event
  ---
  duration_ms: 1.260536
  type: 'test'
  ...
# Subtest: appendEvent: injects a `ts` timestamp on every event
ok 368 - appendEvent: injects a `ts` timestamp on every event
  ---
  duration_ms: 0.9646
  type: 'test'
  ...
# Subtest: appendEvent: preserves event fields and does not overwrite caller ts
ok 369 - appendEvent: preserves event fields and does not overwrite caller ts
  ---
  duration_ms: 0.619267
  type: 'test'
  ...
# Subtest: appendEvent: successive calls append in order
ok 370 - appendEvent: successive calls append in order
  ---
  duration_ms: 0.677566
  type: 'test'
  ...
# Subtest: appendEvent: returns the serialised JSON line
ok 371 - appendEvent: returns the serialised JSON line
  ---
  duration_ms: 0.814127
  type: 'test'
  ...
# Subtest: renderLeaderboard: empty agents produces a "no scored PRs" row
ok 372 - renderLeaderboard: empty agents produces a "no scored PRs" row
  ---
  duration_ms: 1.105245
  type: 'test'
  ...
# Subtest: renderLeaderboard: single agent appears in the table
ok 373 - renderLeaderboard: single agent appears in the table
  ---
  duration_ms: 1.031336
  type: 'test'
  ...
# Subtest: renderLeaderboard: renders latency when present
ok 374 - renderLeaderboard: renders latency when present
  ---
  duration_ms: 0.375949
  type: 'test'
  ...
# Subtest: renderLeaderboard: renders recovery rate as a percentage
ok 375 - renderLeaderboard: renders recovery rate as a percentage
  ---
  duration_ms: 0.387072
  type: 'test'
  ...
# Subtest: renderLeaderboard: multiple agents are sorted by trust descending
ok 376 - renderLeaderboard: multiple agents are sorted by trust descending
  ---
  duration_ms: 0.695934
  type: 'test'
  ...
# Subtest: renderLeaderboard: includes the auto-generated header comment
ok 377 - renderLeaderboard: includes the auto-generated header comment
  ---
  duration_ms: 0.241743
  type: 'test'
  ...
# Subtest: writeLeaderboard: writes a file and returns its path
ok 378 - writeLeaderboard: writes a file and returns its path
  ---
  duration_ms: 0.667903
  type: 'test'
  ...
# Subtest: writeLeaderboard: written content is valid markdown with required sections
ok 379 - writeLeaderboard: written content is valid markdown with required sections
  ---
  duration_ms: 0.54976
  type: 'test'
  ...
# Subtest: writeLeaderboard: creates parent directory if missing
ok 380 - writeLeaderboard: creates parent directory if missing
  ---
  duration_ms: 0.953771
  type: 'test'
  ...
# Ignoring non-executable fallback models for script execution: ollama/llama3 (ollama)
# PASS: exports ask and a Perplexity-first fallback chain
# PASS: uses the free no-key lane when it succeeds
# PASS: prepends the system instruction to the no-key prompt
# PASS: falls back to OpenRouter when the no-key lane fails
# PASS: preferNoKey:false skips the no-key lane entirely
# PASS: rejects an empty prompt
# Test Summary: 6 passed, 0 failed
# Subtest: tests/llm.test.js
ok 46 - tests/llm.test.js
  ---
  duration_ms: 63.618625
  type: 'test'
  ...
# Subtest: parseOrdersCsv maps Amazon order-history headers and skips empty rows
ok 382 - parseOrdersCsv maps Amazon order-history headers and skips empty rows
  ---
  duration_ms: 2.276071
  type: 'test'
  ...
# Subtest: parseOrdersCsv handles quoted commas and $ prices
ok 383 - parseOrdersCsv handles quoted commas and $ prices
  ---
  duration_ms: 0.60151
  type: 'test'
  ...
# Subtest: itemsFromLinks extracts ASIN from dp links
ok 384 - itemsFromLinks extracts ASIN from dp links
  ---
  duration_ms: 0.774985
  type: 'test'
  ...
# Subtest: image prompt encodes accuracy + staging guardrails and image-to-image
ok 385 - image prompt encodes accuracy + staging guardrails and image-to-image
  ---
  duration_ms: 0.430473
  type: 'test'
  ...
# Subtest: listing copy prompt forbids price research and auto-posting
ok 386 - listing copy prompt forbids price research and auto-posting
  ---
  duration_ms: 0.47448
  type: 'test'
  ...
# Subtest: enrichment prompt forbids account scraping
ok 387 - enrichment prompt forbids account scraping
  ---
  duration_ms: 0.311301
  type: 'test'
  ...
# Subtest: video storyboard prompt targets 30-40 seconds
ok 388 - video storyboard prompt targets 30-40 seconds
  ---
  duration_ms: 0.383714
  type: 'test'
  ...
# Subtest: suggestPrice = paid × margin, deterministic, no research
ok 389 - suggestPrice = paid × margin, deterministic, no research
  ---
  duration_ms: 0.198729
  type: 'test'
  ...
# Subtest: SpendTracker enforces the per-batch cap
ok 390 - SpendTracker enforces the per-batch cap
  ---
  duration_ms: 0.601684
  type: 'test'
  ...
# Subtest: dry-run pack for a USED item forbids AI images (real photos only)
ok 391 - dry-run pack for a USED item forbids AI images (real photos only)
  ---
  duration_ms: 1.684544
  type: 'test'
  ...
# Subtest: dry-run pack for a NEW item records image prompts (3 or 5)
ok 392 - dry-run pack for a NEW item records image prompts (3 or 5)
  ---
  duration_ms: 0.910582
  type: 'test'
  ...
# Subtest: live pack stops generating images at the spend cap
ok 393 - live pack stops generating images at the spend cap
  ---
  duration_ms: 2.203448
  type: 'test'
  ...
# Subtest: renderDashboard embeds packs and the human-review banner
ok 394 - renderDashboard embeds packs and the human-review banner
  ---
  duration_ms: 0.943278
  type: 'test'
  ...
# Subtest: applyDecisions records approve/reject/retry onto listing.json
ok 395 - applyDecisions records approve/reject/retry onto listing.json
  ---
  duration_ms: 2.840634
  type: 'test'
  ...
# Subtest: image_gen lane matches the agent-models.yml profile
ok 396 - image_gen lane matches the agent-models.yml profile
  ---
  duration_ms: 0.29605
  type: 'test'
  ...
# ✅ PASS: VIDEO_PROVIDERS contains heygen, luma, runway in that order
# ✅ PASS: VIDEO_PROVIDERS each has envKey and label
# ✅ PASS: selectBestProvider returns first available when orchestrator choice is absent
# ✅ PASS: selectBestProvider honours orchestrator choice when it is in the available list
# ✅ PASS: selectBestProvider falls back to first when orchestrator choice is not in list
# ✅ PASS: selectBestProvider throws when available list is empty
# ✅ PASS: selectBestProvider throws when available list is null/undefined
# ✅ PASS: extractJsonFromContent parses a bare JSON string
# ✅ PASS: extractJsonFromContent extracts JSON from surrounding prose
# ✅ PASS: extractJsonFromContent correctly handles nested objects
# ✅ PASS: extractJsonFromContent stops at first balanced block (no greedy merge)
# ✅ PASS: extractJsonFromContent returns null for content with no JSON
# ✅ PASS: extractJsonFromContent returns null for invalid JSON in braces
# ✅ PASS: extractJsonFromContent returns null for null input
# ✅ PASS: extractJsonFromContent returns null for empty string
# ✅ PASS: extractJsonFromContent handles strings containing escaped quotes
# ✅ PASS: orchestrator safeParse delegates to balanced JSON extraction
# ✅ PASS: buildErrorJobStatus sets failure_reason and render_status=failed by default
# ✅ PASS: buildErrorJobStatus accepts a custom render_status
# ✅ PASS: normalizeProviderStatus heygen completed → artifact_created, video_exists=true
# ✅ PASS: normalizeProviderStatus heygen failed → failed, video_exists=false
# ✅ PASS: normalizeProviderStatus heygen processing → processing, video_exists=false
# ✅ PASS: normalizeProviderStatus luma completed → artifact_created, video_exists=true
# ✅ PASS: normalizeProviderStatus luma failed → failed, video_exists=false
# ✅ PASS: normalizeProviderStatus luma dreaming (unknown) → processing, video_exists=false
# ✅ PASS: normalizeProviderStatus runway (defined but unhandled) → processing
# ✅ PASS: normalizeProviderStatus unknown provider → processing, video_exists=false
# ✅ PASS: normalizeProviderStatus handles null/undefined rawStatus
# ✅ PASS: normalizeProviderStatus handles null/undefined/empty provider
# ✅ PASS: Music Video Creator polling treats provider completion as terminal success
# ============================================================
# Music Video API Test Summary
# ============================================================
# Passed: 30
# Failed: 0
# ============================================================
# Subtest: tests/music-video-api.test.js
ok 48 - tests/music-video-api.test.js
  ---
  duration_ms: 56.157091
  type: 'test'
  ...
# Subtest: Neon workflow lives where GitHub Actions reads workflows
ok 398 - Neon workflow lives where GitHub Actions reads workflows
  ---
  duration_ms: 1.429201
  type: 'test'
  ...
# Subtest: Neon is registered in the connections SSOT
ok 399 - Neon is registered in the connections SSOT
  ---
  duration_ms: 50.786697
  type: 'test'
  ...
# Subtest: Neon workflow is wired correctly
ok 400 - Neon workflow is wired correctly
  ---
  duration_ms: 0.873184
  type: 'test'
  ...
# Subtest: cleanup lookup follows every page of the paginated listing
ok 401 - cleanup lookup follows every page of the paginated listing
  ---
  duration_ms: 1531.308709
  type: 'test'
  ...
# Subtest: cleanup lookup reports a genuinely absent branch, and stops on a repeated cursor
ok 402 - cleanup lookup reports a genuinely absent branch, and stops on a repeated cursor
  ---
  duration_ms: 1474.930576
  type: 'test'
  ...
# Subtest: cleanup lookup fails loudly on a rejected API key
ok 403 - cleanup lookup fails loudly on a rejected API key
  ---
  duration_ms: 617.641998
  type: 'test'
  ...
# Subtest: cleanup lookup fails loudly on a malformed 200 (no branches array)
ok 404 - cleanup lookup fails loudly on a malformed 200 (no branches array)
  ---
  duration_ms: 760.135153
  type: 'test'
  ...
# Subtest: cleanup lookup keeps the API key out of argv
ok 405 - cleanup lookup keeps the API key out of argv
  ---
  duration_ms: 6.177866
  type: 'test'
  ...
# PASS: flags deletion of an existing app file
# PASS: flags mass line removal under protected paths
# PASS: allows a normal small edit
# PASS: ignores deletions outside protected paths
# PASS: ignores lockfile churn in protected paths
# PASS: allow-destroy label overrides the guard
# Test Summary: 6 passed, 0 failed
# Subtest: tests/no-destroy-guard.test.js
ok 50 - tests/no-destroy-guard.test.js
  ---
  duration_ms: 47.849987
  type: 'test'
  ...
# GitHub HTTP 403 (primary) for /repos/midnghtsapphire/revvel-standards/pulls/1/reviews — retry 1/3 in 5ms
# Subtest: isQuotaDeathComment matches known Octopus quota banners (case-insensitive)
ok 407 - isQuotaDeathComment matches known Octopus quota banners (case-insensitive)
  ---
  duration_ms: 1.758448
  type: 'test'
  ...
# Subtest: isQuotaDeathComment does NOT match healthy reviews or empty bodies
ok 408 - isQuotaDeathComment does NOT match healthy reviews or empty bodies
  ---
  duration_ms: 0.217665
  type: 'test'
  ...
# Subtest: loadReviewProfile resolves the review profile from agent-models.yml
ok 409 - loadReviewProfile resolves the review profile from agent-models.yml
  ---
  duration_ms: 41.545261
  type: 'test'
  ...
# Subtest: dedupe marker and bot login are stable identifiers
ok 410 - dedupe marker and bot login are stable identifiers
  ---
  duration_ms: 0.23581
  type: 'test'
  ...
# Subtest: workflow guards the issue_comment lane to octopus-review[bot] quota banners
ok 411 - workflow guards the issue_comment lane to octopus-review[bot] quota banners
  ---
  duration_ms: 5.184191
  type: 'test'
  ...
# Subtest: workflow covers all three lanes: quota comment, sweep schedule, manual dispatch
ok 412 - workflow covers all three lanes: quota comment, sweep schedule, manual dispatch
  ---
  duration_ms: 3.619006
  type: 'test'
  ...
# Subtest: isRateLimitedResponse matches 429 and GitHub rate-limit 403 bodies, not permission 403s
ok 413 - isRateLimitedResponse matches 429 and GitHub rate-limit 403 bodies, not permission 403s
  ---
  duration_ms: 0.329669
  type: 'test'
  ...
# Subtest: classifyRateLimit distinguishes PRIMARY (installation budget) from SECONDARY (abuse) limits
ok 414 - classifyRateLimit distinguishes PRIMARY (installation budget) from SECONDARY (abuse) limits
  ---
  duration_ms: 0.425471
  type: 'test'
  ...
# Subtest: computePrimaryResetWaitMs reads x-ratelimit-reset as a Unix-seconds timestamp
ok 415 - computePrimaryResetWaitMs reads x-ratelimit-reset as a Unix-seconds timestamp
  ---
  duration_ms: 0.676114
  type: 'test'
  ...
# Subtest: computeRetryDelayMs honors Retry-After in full (bounded only by the shared wait ceiling), falls back to short capped exponential backoff
ok 416 - computeRetryDelayMs honors Retry-After in full (bounded only by the shared wait ceiling), falls back to short capped exponential backoff
  ---
  duration_ms: 0.674069
  type: 'test'
  ...
# Subtest: computeRetryDelayMs honors an explicit Retry-After: 0 as "retry immediately", not "missing"
ok 417 - computeRetryDelayMs honors an explicit Retry-After: 0 as "retry immediately", not "missing"
  ---
  duration_ms: 0.562246
  type: 'test'
  ...
# GitHub HTTP 403 (primary) for /repos/midnghtsapphire/revvel-standards/pulls/1/reviews — retry 1/3 in 5ms
# Subtest: githubRequest falls back to short backoff for a primary-worded 403 with NO rate-limit headers to read a reset from
ok 418 - githubRequest falls back to short backoff for a primary-worded 403 with NO rate-limit headers to read a reset from
  ---
  duration_ms: 12.999356
  type: 'test'
  ...
# GitHub HTTP 403 (primary) for /repos/midnghtsapphire/revvel-standards/pulls/1/reviews — retry 2/3 in 10ms
# GitHub HTTP 403 (primary) for /repos/midnghtsapphire/revvel-standards/pulls/1/reviews — retry 3/3 in 20ms
# GitHub HTTP 403 (primary rate limit) for /repos/midnghtsapphire/revvel-standards/pulls/2/reviews — waiting 2s for x-ratelimit-reset (attempt 1/3)
# Subtest: githubRequest gives up after exhausting retries on a persistent header-less rate limit
ok 419 - githubRequest gives up after exhausting retries on a persistent header-less rate limit
  ---
  duration_ms: 39.43096
  type: 'test'
  ...
# GitHub HTTP 403 (primary rate limit — installation budget exhausted) for /repos/midnghtsapphire/revvel-standards/pulls/3/reviews: budget resets in 3600s, longer than this job can wait for (cap 3s, given timeout-minutes: 15). Not retrying in-process — the 6-hourly schedule sweep in octopus-review-fallback.yml will pick this PR back up once the budget resets.
# Subtest: githubRequest waits out the ACTUAL x-ratelimit-reset time for a real PRIMARY limit within the wait ceiling
# GitHub HTTP 403 (secondary) for /repos/midnghtsapphire/revvel-standards/pulls/4/reviews — retry 1/3 in 1000ms
ok 420 - githubRequest waits out the ACTUAL x-ratelimit-reset time for a real PRIMARY limit within the wait ceiling
  ---
  duration_ms: 1478.25123
  type: 'test'
  ...
# Subtest: githubRequest gives up immediately (no wasted retries) when a PRIMARY limit reset exceeds the in-process wait ceiling
ok 421 - githubRequest gives up immediately (no wasted retries) when a PRIMARY limit reset exceeds the in-process wait ceiling
  ---
  duration_ms: 1.041632
  type: 'test'
  ...
# GitHub HTTP 403 (secondary) for /repos/midnghtsapphire/revvel-standards/pulls/6/reviews: server asked for a 9999s wait (Retry-After), longer than this job can wait for (cap 3s, given timeout-minutes: 15). Not retrying early — the 6-hourly schedule sweep will pick this PR back up later.
# Subtest: githubRequest retries a SECONDARY (abuse-detection) limit with short backoff, honoring Retry-After
ok 422 - githubRequest retries a SECONDARY (abuse-detection) limit with short backoff, honoring Retry-After
  ---
  duration_ms: 1001.887583
  type: 'test'
  ...
# Subtest: githubRequest gives up immediately when a SECONDARY Retry-After exceeds the in-process wait ceiling (no truncate-and-retry-early)
ok 423 - githubRequest gives up immediately when a SECONDARY Retry-After exceeds the in-process wait ceiling (no truncate-and-retry-early)
  ---
  duration_ms: 1.220094
  type: 'test'
  ...
# Subtest: githubRequest does not retry a non-rate-limit error (fails fast)
ok 424 - githubRequest does not retry a non-rate-limit error (fails fast)
  ---
  duration_ms: 0.553695
  type: 'test'
  ...
# Subtest: githubRequest does not retry a genuine permissions 403 (fails fast, still confirms real permission errors are never mistaken for rate limits)
ok 425 - githubRequest does not retry a genuine permissions 403 (fails fast, still confirms real permission errors are never mistaken for rate limits)
  ---
  duration_ms: 0.451644
  type: 'test'
  ...
# Subtest: shouldReview reads the real comments endpoint and finds an existing fallback marker
ok 426 - shouldReview reads the real comments endpoint and finds an existing fallback marker
  ---
  duration_ms: 1.826513
  type: 'test'
  ...
# Subtest: shouldReview returns true (eligible) when no fallback marker exists yet, without throwing
ok 427 - shouldReview returns true (eligible) when no fallback marker exists yet, without throwing
  ---
  duration_ms: 0.427381
  type: 'test'
  ...
# Subtest: postFallbackReview posts to the real issues/comments endpoint with the body as JSON payload
ok 428 - postFallbackReview posts to the real issues/comments endpoint with the body as JSON payload
  ---
  duration_ms: 0.51638
  type: 'test'
  ...
# Subtest: openrouter-coder workflow only starts from approved labels or manual dispatch
ok 429 - openrouter-coder workflow only starts from approved labels or manual dispatch
  ---
  duration_ms: 21.850448
  type: 'test'
  ...
# Subtest: openrouter-coder workflow invokes the checked-in coder script
ok 430 - openrouter-coder workflow invokes the checked-in coder script
  ---
  duration_ms: 6.944085
  type: 'test'
  ...
# Subtest: openrouter-coder workflow accepts dispatcher prompt input without rejecting dispatch
ok 431 - openrouter-coder workflow accepts dispatcher prompt input without rejecting dispatch
  ---
  duration_ms: 4.986361
  type: 'test'
  ...
# Running openrouter-personas.js tests...
# Test Group: Persona Registry
# ✅ Registry contains every mandatory core + fleet persona (extras allowed)
# ✅ Every persona has handle, name, role, instructions, and a routing strategy
# ✅ The Professor pins the Perplexity Sonar model lane
# ✅ Emoticon bank includes the DRAGNET emoji in analysis picks
# ✅ Exports a stable emoticon bank for comment-trigger helpers
# Test Group: getPersona
# ✅ Resolves a plain handle
# ✅ Resolves a handle with @ and mixed case
# ✅ Resolves an emoji alias to its persona
# ✅ Resolves the circleci alias to ORBIT
# ✅ Resolves the ⭕ emoji alias to ORBIT
# ✅ Resolves the octopus alias to OCTO
# ✅ Resolves the 🐙 emoji alias to OCTO
# ✅ Resolves the mabl alias to MENDER
# ✅ Resolves the 🧪 emoji alias to MENDER
# ✅ Throws on unknown persona
# ✅ Throws on empty handle
# Test Group: normalizeMode
# ✅ "right away" -> eager
# ✅ "eager" -> eager
# ✅ "now" -> eager
# ✅ "on assignment" -> on_assignment
# ✅ Defaults to on_assignment
# ✅ Throws on unknown mode
# Test Group: buildMessages
# ✅ Builds a two-message array
# ✅ First message is the system prompt
# ✅ System prompt carries the persona instructions
# ✅ Second message is the task
# Test Group: Instantiate — on assignment (deferred)
# ✅ Deferred handle is not yet instantiated
# ✅ Deferred handle reports on_assignment mode
# ✅ Deferred handle exposes assign()
# Test Group: instantiateFleet (deferred)
# ✅ Fleet registers every persona in the registry by default
# ✅ Each fleet member is a deferred handle
# Test Group: Instantiate — runs hit the router
# ✅ Eager instantiation attempts a router call (rejects with fake key)
# ✅ On-assignment with a task attempts a router call (rejects with fake key)
# ✅ Deferred assign() attempts a router call (rejects with fake key)
# ✅ Rejects a non-string task
# ✅ Rejects unknown persona
# ================================================================================
# Test Summary
# ================================================================================
# Passed: 36
# Failed: 0
# ================================================================================
# Subtest: tests/openrouter-personas.test.js
ok 53 - tests/openrouter-personas.test.js
  ---
  duration_ms: 170.807714
  type: 'test'
  ...
# Running openrouter-routing.js tests...
# Test Group: Routing Profiles Structure
# ✅ Should have expected routing profiles
# Test Group: repo_surgery Profile
# ✅ repo_surgery should have correct model fallback chain
# ✅ repo_surgery should have correct description
# Test Group: cheap_batch_edits Profile
# ✅ cheap_batch_edits should have correct model fallback chain
# ✅ cheap_batch_edits should have correct description
# Test Group: hard_debug Profile
# ✅ hard_debug should have correct model fallback chain
# ✅ hard_debug should have correct description
# Test Group: deep_search Profile
# ✅ deep_search should have Sonnet 3.5 + Fusion chain
# ✅ deep_search should have correct description
# Test Group: Error Handling
# ✅ Should throw error for unknown profile with available profiles listed
# Test Group: Silent Mode
# ✅ Should work in silent mode (no console output)
# Test Group: routedChat Validation
# 🔀 Routing profile: repo_surgery
# 📝 Description: Multi-file edits, bug fixing, refactors, and 'take initiative' tasks
# 🎯 Requested models (fallback order): anthropic/claude-sonnet-4 → deepseek/deepseek-v3.2 → openai/gpt-5.2-codex
# ❌ All models in fallback chain failed: OPENROUTER_API_KEY is required (set via environment or apiKey parameter)
# ✅ Should reject when OPENROUTER_API_KEY is not set
# ✅ Should reject with invalid profile
# 🔀 Routing profile: repo_surgery
# 📝 Description: Multi-file edits, bug fixing, refactors, and 'take initiative' tasks
# 🎯 Requested models (fallback order): anthropic/claude-sonnet-4 → deepseek/deepseek-v3.2 → openai/gpt-5.2-codex
# ✅ Should reject with empty messages array
# ❌ All models in fallback chain failed: messages array is required and must contain at least one message
# Test Group: Integration Tests (with API key)
# ⚠️  Skipping live API tests to avoid costs. To test manually, run:
#     node scripts/openrouter-routing-example.js repo_surgery "Hello, world!"
# ================================================================================
# Test Summary
# ================================================================================
# Passed: 14
# Failed: 0
# ================================================================================
# Subtest: tests/openrouter-routing.test.js
ok 54 - tests/openrouter-routing.test.js
  ---
  duration_ms: 135.562915
  type: 'test'
  ...
# ✅ PASS: buildSystemPrompt includes triage sections and provided labels
# ✅ PASS: default triage routing comes from cheap SSOT profile with tight cap
# ✅ PASS: buildUserPrompt includes event kind and fallback body behavior
# ✅ PASS: buildUserPrompt includes comment context and unwrapped LinkedIn URLs
# ✅ PASS: normalizeUrl unwraps LinkedIn safety redirects
# ✅ PASS: extractUrls and collectUrlContext dedupe normalized URLs
# ✅ PASS: truncateForComment truncates long bodies and leaves short ones untouched
# ✅ PASS: buildFailureComment(needs-key) surfaces the operator action and labels
# ✅ PASS: buildFailureComment(triage-failed) captures the error and references recovery
# ✅ PASS: FAILURE_LABELS are aligned with .github/labels.yml names
# ✅ PASS: buildPerplexityTriageScript emits Python that parses with quoted install hints
# Test Summary: 11 passed, 0 failed
# Subtest: tests/openrouter-triage.test.js
ok 55 - tests/openrouter-triage.test.js
  ---
  duration_ms: 363.004065
  type: 'test'
  ...
# PASS: maps output_type and shape to ship-to-market deliver channels
# PASS: runner targets are valid schema enum values
# PASS: buildState produces a schema-valid state with revenue + goal preserved
# PASS: the deliver step carries the routed channel
# PASS: orchestrate refuses intake without a revenue target (CONTRACT Rule 4)
# PASS: orchestrate refuses intake without a product_slug
# PASS: orchestrate returns the deliver label and a routed state (dry-run, no write)
# PASS: orchestrate writes a schema-valid state.json when not dry-run
# PASS: parseIntake reads JSON and coerces revenue/goal_phase
# PASS: engine loop chains research -> deliver -> done when the key is present
# PASS: engine loop halts with a Procurement BOM when OPENROUTER_API_KEY is missing
# PASS: engine loop writes BOM.md to disk when not dry-run
# Test Summary: 12 passed, 0 failed
# Subtest: tests/orchestrate.test.js
ok 56 - tests/orchestrate.test.js
  ---
  duration_ms: 176.837048
  type: 'test'
  ...
# PASS: parseSection reads Output Type with (required)
# PASS: parseSection reads PDF pipeline batch
# PASS: parsePdfWorkRequest returns autocreate 3
# PASS: Not applicable maps to autocreateCount 1
# PASS: forceSellablePdf when body missing Output Type line
# Subtest: tests/parse-pdf-work-request.test.js
ok 57 - tests/parse-pdf-work-request.test.js
  ---
  duration_ms: 43.852594
  type: 'test'
  ...
# Subtest: classify: the semver ReDoS example
ok 437 - classify: the semver ReDoS example
  ---
  duration_ms: 5.849745
  type: 'test'
  ...
# Subtest: classify: missing/garbage resolution is unknown, never a false "safe"
ok 438 - classify: missing/garbage resolution is unknown, never a false "safe"
  ---
  duration_ms: 0.316145
  type: 'test'
  ...
# Subtest: recommendedFloor: minimal in-major bump, no surprise majors
ok 439 - recommendedFloor: minimal in-major bump, no surprise majors
  ---
  duration_ms: 0.371354
  type: 'test'
  ...
# Subtest: declaredRange finds the dependency across dependency fields
ok 440 - declaredRange finds the dependency across dependency fields
  ---
  duration_ms: 1.09217
  type: 'test'
  ...
# Subtest: the seeded advisory feed loads and contains the semver CVE
ok 441 - the seeded advisory feed loads and contains the semver CVE
  ---
  duration_ms: 0.432596
  type: 'test'
  ...
# PASS: exports the no-key primary and OpenRouter backup lanes
# PASS: buildResearchPrompt includes issue details and recent comments
# PASS: buildResearchPrompt handles empty body gracefully
# PASS: buildResearchPrompt contains the required output sections
# PASS: callPerplexityNoKey uses the python no-key bridge with sonar + auto fallback
# PASS: callPerplexityNoKey throws when the bridge returns nothing
# PASS: workflow installs helallao/perplexity-ai and requires no PERPLEXITY_API_KEY
# PASS: no-key integration doc exists and references the Rex / oAudrey lane
# PASS: OpenRouter deep_search fallback keeps Sonnet 3.5 + Fusion and returns text content
# Test Summary: 9 passed, 0 failed
# Subtest: tests/perplexity-research-issue.test.js
ok 59 - tests/perplexity-research-issue.test.js
  ---
  duration_ms: 57.623081
  type: 'test'
  ...
# PASS: parses /professor shortcut with a task
# PASS: parses other persona shortcuts
# PASS: parses emoji shortcuts for low-typing commands
# PASS: parses the /persona <name> <task> form
# PASS: is case-insensitive on the handle
# PASS: does NOT trigger on an @name mention (avoids pinging real users)
# PASS: falls back to the full body as task when only a shortcut is present
# PASS: returns null when there is no persona trigger
# PASS: detects an action verb (execution mode)
# PASS: a question is advisory (no action)
# PASS: politeness prefixes still enter execution mode
# PASS: detects DRAGNET research / search-loop requests
# PASS: execution verbs beat the research lane (fix the search loop bug is a fix)
# PASS: detects DRAGNET emoticon bank requests
# PASS: renders emoticon bank markdown with categorized picks
# PASS: sanitizeMentions defangs @mentions so a reply never pings a real user
# Test Summary: 16 passed, 0 failed
# Subtest: tests/persona-comment-runner.test.js
ok 60 - tests/persona-comment-runner.test.js
  ---
  duration_ms: 76.144714
  type: 'test'
  ...
# Subtest: buildState summarizes projects by status and counts collections
ok 444 - buildState summarizes projects by status and counts collections
  ---
  duration_ms: 2.967903
  type: 'test'
  ...
# Subtest: buildState tolerates missing fields
ok 445 - buildState tolerates missing fields
  ---
  duration_ms: 0.272789
  type: 'test'
  ...
# Subtest: checked-in state.json matches dashboard-data.json (never {} again)
ok 446 - checked-in state.json matches dashboard-data.json (never {} again)
  ---
  duration_ms: 2.800354
  type: 'test'
  ...
# === pr-lifecycle.yml Unit Tests ===
# PASS: opened PR gets awaiting-review label
# PASS: reopened PR gets awaiting-review label
# PASS: ready_for_review PR gets awaiting-review label
# PASS: converted_to_draft PR gets awaiting-approval label
# PASS: closed approved PR gets ready-to-merge label
# PASS: closed non-approved PR gets needs-action label
# PASS: synchronize (new commit) PR gets review-started label
# PASS: getLabelsToRemove removes awaiting-approval when adding awaiting-review
# PASS: getLabelsToRemove removes approved when adding changes-requested
# PASS: getLabelsToRemove removes checks-failing when adding checks-passing
# PASS: isCheckPassing accepts success
# PASS: isCheckPassing accepts neutral
# PASS: isCheckPassing accepts skipped
# PASS: isCheckPassing rejects failure
# PASS: isCheckPassing rejects timed_out
# PASS: isReviewApproved detects APPROVED
# PASS: isReviewApproved rejects other states
# PASS: isReviewChangesRequested detects CHANGES_REQUESTED
# PASS: isReviewChangesRequested rejects other states
# PASS: review_requested does not add awaiting-review when approved label present
# PASS: review_requested does not add awaiting-review when live-approved on head (label not yet applied)
# PASS: review_requested adds awaiting-review when not approved and label absent
# PASS: review_requested does not duplicate awaiting-review when already present
# PASS: review_requested adds awaiting-review when head approval is overridden by changes-requested
# PASS: approval atomically removes all review-waiting label variants
# PASS: approval removes changes-requested and needs-action in same atomic set
# PASS: approved label set never contains a review-waiting label (no intermediate state)
# PASS: approval is idempotent (approved not duplicated)
# PASS: approval preserves non-lifecycle labels
# PASS: changes_requested atomically removes waiting variants, approved, and ready-to-merge
# PASS: shouldAddLabel returns false if label already present
# PASS: shouldAddLabel returns true if label not present
# PASS: handles rate limit errors gracefully
# PASS: continues with empty labels on rate limit
# === Results: 34 passed, 0 failed ===
# ✅ All tests passed
# Subtest: tests/pr-lifecycle.test.js
ok 62 - tests/pr-lifecycle.test.js
  ---
  duration_ms: 46.467561
  type: 'test'
  ...
# PASS: parseAddedLines returns empty array for null/undefined
# PASS: parseAddedLines extracts added lines with correct line numbers
# PASS: parseAddedLines skips removed and context lines
# PASS: scanDiff detects AWS access keys
# PASS: scanDiff detects GitHub tokens
# PASS: scanDiff passes clean code
# PASS: scanDiff detects eval()
# PASS: scanDiff detects new Function()
# PASS: scanDiff detects console.log with password
# PASS: scanDiff allows console.log without sensitive data
# PASS: scanDiff detects raw SQL with interpolation
# PASS: scanDiff allows parameterized SQL
# PASS: scanDiff handles empty array
# PASS: scanDiff handles non-array input
# PASS: renderCheckboxLine renders passing check
# PASS: renderCheckboxLine renders failing check with findings
# 16 passed, 0 failed
# Subtest: tests/pr-review-scan.test.js
ok 63 - tests/pr-review-scan.test.js
  ---
  duration_ms: 48.131727
  type: 'test'
  ...
# Subtest: pr-state-orchestrator uses the default GITHUB_TOKEN for github-script jobs
ok 449 - pr-state-orchestrator uses the default GITHUB_TOKEN for github-script jobs
  ---
  duration_ms: 23.837934
  type: 'test'
  ...
# Subtest: re-sync job is present and no longer prefers ADMIN_GITHUB_TOKEN
ok 450 - re-sync job is present and no longer prefers ADMIN_GITHUB_TOKEN
  ---
  duration_ms: 9.346554
  type: 'test'
  ...
# Subtest: every github-script job wraps fallible reads with the safeApi helper
ok 451 - every github-script job wraps fallible reads with the safeApi helper
  ---
  duration_ms: 7.496736
  type: 'test'
  ...
# Subtest: label reads are guarded by safeApi instead of raw awaits
ok 452 - label reads are guarded by safeApi instead of raw awaits
  ---
  duration_ms: 6.75431
  type: 'test'
  ...
# Subtest: safeApi degrades gracefully on API rate-limit 403s
ok 453 - safeApi degrades gracefully on API rate-limit 403s
  ---
  duration_ms: 8.068834
  type: 'test'
  ...
# Subtest: bulk reads (pulls.list, checks.listForRef, listReviews) go through safeApi
ok 454 - bulk reads (pulls.list, checks.listForRef, listReviews) go through safeApi
  ---
  duration_ms: 8.252747
  type: 'test'
  ...
# Subtest: workflow dedupes stacked runs with a per-PR/SHA concurrency group
ok 455 - workflow dedupes stacked runs with a per-PR/SHA concurrency group
  ---
  duration_ms: 6.283109
  type: 'test'
  ...
# Subtest: every job has a right-sized timeout-minutes limit
ok 456 - every job has a right-sized timeout-minutes limit
  ---
  duration_ms: 8.631499
  type: 'test'
  ...
# Subtest: multi-PR loops pace themselves with sleep(150)
ok 457 - multi-PR loops pace themselves with sleep(150)
  ---
  duration_ms: 7.296341
  type: 'test'
  ...
# Subtest: gate script parses cleanly (bash -n)
ok 458 - gate script parses cleanly (bash -n)
  ---
  duration_ms: 7.79397
  type: 'test'
  ...
# Subtest: wraps bare URLs but leaves code fences, links, and wrapped URLs alone
ok 459 - wraps bare URLs but leaves code fences, links, and wrapped URLs alone
  ---
  duration_ms: 286.446918
  type: 'test'
  ...
# Subtest: collapses duplicate blank lines outside fences
ok 460 - collapses duplicate blank lines outside fences
  ---
  duration_ms: 286.084123
  type: 'test'
  ...
# Subtest: markdown auto-fix is idempotent
ok 461 - markdown auto-fix is idempotent
  ---
  duration_ms: 575.43008
  type: 'test'
  ...
# Subtest: valid YAML and JSON pass
ok 462 - valid YAML and JSON pass # SKIP PyYAML unavailable
  ---
  duration_ms: 0.368982
  type: 'test'
  ...
# Subtest: invalid YAML blocks with non-zero exit
ok 463 - invalid YAML blocks with non-zero exit # SKIP PyYAML unavailable
  ---
  duration_ms: 0.247478
  type: 'test'
  ...
# Subtest: duplicate YAML keys block with non-zero exit
ok 464 - duplicate YAML keys block with non-zero exit # SKIP PyYAML unavailable
  ---
  duration_ms: 0.133019
  type: 'test'
  ...
# Subtest: invalid JSON blocks with non-zero exit
ok 465 - invalid JSON blocks with non-zero exit
  ---
  duration_ms: 334.970904
  type: 'test'
  ...
# Subtest: secret-looking assignments warn but do not block
ok 466 - secret-looking assignments warn but do not block
  ---
  duration_ms: 14.660734
  type: 'test'
  ...
# Subtest: missing files are skipped without error
ok 467 - missing files are skipped without error
  ---
  duration_ms: 9.948114
  type: 'test'
  ...
# Subtest: listSizes exposes the standard print-size catalog
ok 468 - listSizes exposes the standard print-size catalog
  ---
  duration_ms: 1.573395
  type: 'test'
  ...
# Subtest: pixelsForSize computes 300 DPI dimensions for 8x10
ok 469 - pixelsForSize computes 300 DPI dimensions for 8x10
  ---
  duration_ms: 1.15971
  type: 'test'
  ...
# Subtest: pixelsForSize handles ISO sizes and rejects bad dpi
ok 470 - pixelsForSize handles ISO sizes and rejects bad dpi
  ---
  duration_ms: 2.198355
  type: 'test'
  ...
# Subtest: centerCropRect crops the wider dimension and stays centered
ok 471 - centerCropRect crops the wider dimension and stays centered
  ---
  duration_ms: 0.438086
  type: 'test'
  ...
# Subtest: gradePhotoForSize grades by effective DPI after crop
ok 472 - gradePhotoForSize grades by effective DPI after crop
  ---
  duration_ms: 0.44036
  type: 'test'
  ...
# Subtest: gradePhotoForSize auto-rotates landscape photos for portrait sizes
ok 473 - gradePhotoForSize auto-rotates landscape photos for portrait sizes
  ---
  duration_ms: 0.207843
  type: 'test'
  ...
# Subtest: recommendSizes returns all sizes sorted by effective DPI
ok 474 - recommendSizes returns all sizes sorted by effective DPI
  ---
  duration_ms: 0.595489
  type: 'test'
  ...
# Subtest: generatePrint is deterministic for identical inputs
ok 475 - generatePrint is deterministic for identical inputs
  ---
  duration_ms: 1.077994
  type: 'test'
  ...
# Subtest: generatePrint produces valid scalable SVG for every genre
ok 476 - generatePrint produces valid scalable SVG for every genre
  ---
  duration_ms: 2.336659
  type: 'test'
  ...
# Subtest: buildCatalog is deterministic and covers all genres
ok 477 - buildCatalog is deterministic and covers all genres
  ---
  duration_ms: 3.989814
  type: 'test'
  ...
# Subtest: sizesForRatio groups sizes correctly
ok 478 - sizesForRatio groups sizes correctly
  ---
  duration_ms: 0.304038
  type: 'test'
  ...
# prompt-generation-app
#   ✓ throws on missing idea
#   ✓ generates packet with all sections
#   ✓ every market fact has a source URL
#   ✓ blue-ocean score boosts on niche keywords
#   ✓ markdown export contains all section headers
#   ✓ deterministic output for same input
#   ✓ adds Spotify visual-link prompts for music embedding requests
#   ✓ does not add music-link prompts for non-music social requests
#   ✓ red-ocean scoring baseline, incremental keyword match, and case-insensitivity
#   ✓ red-ocean scoring exact-100 and over-100 clamping
# Subtest: tests/prompt-generation-app.test.js
ok 67 - tests/prompt-generation-app.test.js
  ---
  duration_ms: 53.727705
  type: 'test'
  ...
# puter-perplexity-template
#   ok  exports supported models list
#   ok  default model is in supported list
#   ok  Puter script URL is canonical CDN
#   ok  escapeHtml escapes dangerous characters
#   ok  generateWidget produces non-empty HTML doc
#   ok  generated HTML loads Puter.js from canonical CDN
#   ok  generated HTML includes all supported models
#   ok  generated HTML has CSP allowing puter.com origins
#   ok  generated HTML uses textContent (not innerHTML)
#   ok  generated HTML contains no API key patterns
#   ok  generated HTML calls puter.ai.chat with stream=true
#   ok  generator rejects empty models array
#   ok  generator rejects non-perplexity model ids
#   ok  generator rejects defaultModel not in models list
#   ok  generator escapes custom title to prevent injection
# All puter-perplexity-template tests passed.
# Subtest: tests/puter-perplexity-template.test.js
ok 68 - tests/puter-perplexity-template.test.js
  ---
  duration_ms: 46.549279
  type: 'test'
  ...
# Subtest: calculateSessionMinutes derives minutes from dose and irradiance
ok 481 - calculateSessionMinutes derives minutes from dose and irradiance
  ---
  duration_ms: 1.378962
  type: 'test'
  ...
# Subtest: calculateDeliveredDose inverts session minute calculation
ok 482 - calculateDeliveredDose inverts session minute calculation
  ---
  duration_ms: 0.342687
  type: 'test'
  ...
# Subtest: buildWeeklyPlan schedules requested number of sessions
ok 483 - buildWeeklyPlan schedules requested number of sessions
  ---
  duration_ms: 0.318751
  type: 'test'
  ...
# Subtest: buildWeeklyPlan rejects out-of-range daysPerWeek
ok 484 - buildWeeklyPlan rejects out-of-range daysPerWeek
  ---
  duration_ms: 1.001398
  type: 'test'
  ...
# PASS: defines the full research lane set requested by the WR
# PASS: uses three OpenRouter models for triangulated research
# PASS: builds lane prompts with checklist and automatic-fix requirements
# PASS: keeps the competitor-pricing rule in sync with wr/WR_TEMPLATE_FULL.md
# PASS: review comment carries the coder trigger phrase only for PRs
# PASS: findings comment carries synthesis so WR generation can proceed without a committed packet
# PASS: formats missing-key packets as visible infrastructure blockers
# PASS: runs the engine offline with mocked model calls and writes output
# PASS: findAndRequestLinkedPrReviews processes all linked PRs concurrently
# PASS: findAndRequestLinkedPrReviews is skipped when context.prNumber is set
# PASS: findAndRequestLinkedPrReviews continues and logs when one PR write fails
# Test Summary: 11 passed, 0 failed
# Subtest: tests/research-engine.test.js
ok 70 - tests/research-engine.test.js
  ---
  duration_ms: 62.300033
  type: 'test'
  ...
# Subtest: isStalled: running arm with no progress past stallMs
ok 486 - isStalled: running arm with no progress past stallMs
  ---
  duration_ms: 1.458893
  type: 'test'
  ...
# Subtest: nextFallbackModel returns first untried model, else null
ok 487 - nextFallbackModel returns first untried model, else null
  ---
  duration_ms: 0.401064
  type: 'test'
  ...
# Subtest: budgetState flips to soft-exceeded at the soft limit
ok 488 - budgetState flips to soft-exceeded at the soft limit
  ---
  duration_ms: 0.214589
  type: 'test'
  ...
# Subtest: summarizeProgress counts statuses + reassignments
ok 489 - summarizeProgress counts statuses + reassignments
  ---
  duration_ms: 1.111021
  type: 'test'
  ...
# Subtest: mergePartials collates done arms + dedupes citations
ok 490 - mergePartials collates done arms + dedupes citations
  ---
  duration_ms: 0.436262
  type: 'test'
  ...
# Subtest: buildCheckpoint emits the resumable v1 schema
ok 491 - buildCheckpoint emits the resumable v1 schema
  ---
  duration_ms: 0.517178
  type: 'test'
  ...
# Subtest: buildHandoffDoc is resumable markdown with arms + resume section
ok 492 - buildHandoffDoc is resumable markdown with arms + resume section
  ---
  duration_ms: 0.650548
  type: 'test'
  ...
# Subtest: orchestrate: reassigns a rejecting arm to its fallback, completes
ok 493 - orchestrate: reassigns a rejecting arm to its fallback, completes
  ---
  duration_ms: 11.733854
  type: 'test'
  ...
# Subtest: orchestrate: rejects empty or malformed armSpecs
ok 494 - orchestrate: rejects empty or malformed armSpecs
  ---
  duration_ms: 1.653425
  type: 'test'
  ...
# Subtest: orchestrate: a stale dispatch resolving after stall→reassign does not clobber the arm
ok 495 - orchestrate: a stale dispatch resolving after stall→reassign does not clobber the arm
  ---
  duration_ms: 21.626554
  type: 'test'
  ...
# Subtest: orchestrate: onSoftBudget stop halts the run
ok 496 - orchestrate: onSoftBudget stop halts the run
  ---
  duration_ms: 6.17942
  type: 'test'
  ...
# Subtest: orchestrate: soft-budget stop does not reassign an arm whose dispatch rejects on abort
ok 497 - orchestrate: soft-budget stop does not reassign an arm whose dispatch rejects on abort
  ---
  duration_ms: 15.678705
  type: 'test'
  ...
# PASS: markdown/frontmatter parsing: TEMPLATE.revvel.md has extended fields
# PASS: canonical TEMPLATE.md is preserved (not replaced)
# PASS: ENGINE_INVENTORY.md maps the suggested engine categories
# PASS: BOM.revvel.md is additive and preserves goals + cites vendor URLs
# PASS: PRESERVE_GOALS_AND_HISTORY standard states goals are sacred + no-delete
# PASS: intake state generation preserves the revenue goal exactly
# PASS: router classification: output_type → deliver channel
# PASS: BOM generation halts with procurement BOM when credentials missing
# Test Summary: 8 passed, 0 failed
# Subtest: tests/revvel-engine-spine.test.js
ok 72 - tests/revvel-engine-spine.test.js
  ---
  duration_ms: 221.349673
  type: 'test'
  ...
# PASS: revvel-rosette-automation harness directory structure is present
# Subtest: tests/revvel-rosette-automation-harness.test.js
ok 73 - tests/revvel-rosette-automation-harness.test.js
  ---
  duration_ms: 41.553648
  type: 'test'
  ...
# Subtest: MD012: collapses runs of blank lines to a single blank line
ok 500 - MD012: collapses runs of blank lines to a single blank line
  ---
  duration_ms: 7.123204
  type: 'test'
  ...
# Subtest: MD025: demotes any H1 after the first to an H2
ok 501 - MD025: demotes any H1 after the first to an H2
  ---
  duration_ms: 1.892091
  type: 'test'
  ...
# Subtest: MD049: rewrites asterisk emphasis to underscore, keeps strong intact
ok 502 - MD049: rewrites asterisk emphasis to underscore, keeps strong intact
  ---
  duration_ms: 0.537875
  type: 'test'
  ...
# Subtest: does not touch fenced code blocks or inline code
ok 503 - does not touch fenced code blocks or inline code
  ---
  duration_ms: 0.46075
  type: 'test'
  ...
# Subtest: does not treat list bullets or multiplication as emphasis
ok 504 - does not treat list bullets or multiplication as emphasis
  ---
  duration_ms: 0.42032
  type: 'test'
  ...
# Subtest: MD047: ends with exactly one trailing newline
ok 505 - MD047: ends with exactly one trailing newline
  ---
  duration_ms: 0.526328
  type: 'test'
  ...
# Subtest: CLI rewrites a dirty file in place and leaves a clean file untouched
ok 506 - CLI rewrites a dirty file in place and leaves a clean file untouched
  ---
  duration_ms: 97.373065
  type: 'test'
  ...
# Subtest: sanitized output passes markdownlint on the original failure pattern
ok 507 - sanitized output passes markdownlint on the original failure pattern
  ---
  duration_ms: 897.544159
  type: 'test'
  ...
# Subtest: registry file parses and validates cleanly
ok 508 - registry file parses and validates cleanly
  ---
  duration_ms: 13.75312
  type: 'test'
  ...
# Subtest: copilot merge-conflict saved reply exists with the exact body
ok 509 - copilot merge-conflict saved reply exists with the exact body
  ---
  duration_ms: 2.05155
  type: 'test'
  ...
# Subtest: getReply returns undefined for unknown keys
ok 510 - getReply returns undefined for unknown keys
  ---
  duration_ms: 1.238178
  type: 'test'
  ...
# Subtest: validateRegistry flags missing fields, bad keys, duplicates, and padding
ok 511 - validateRegistry flags missing fields, bad keys, duplicates, and padding
  ---
  duration_ms: 0.36413
  type: 'test'
  ...
# Subtest: validateRegistry rejects non-list and empty registries
ok 512 - validateRegistry rejects non-list and empty registries
  ---
  duration_ms: 0.474401
  type: 'test'
  ...
# PASS: parseJsonLd returns empty array for null/undefined/empty
# PASS: parseJsonLd extracts a single JSON-LD block
# PASS: parseJsonLd extracts multiple JSON-LD blocks
# PASS: parseJsonLd handles @graph arrays
# PASS: parseJsonLd does not overwrite existing @context on @graph children
# PASS: @graph nodes pass validation end-to-end via runChecks
# PASS: parseJsonLd records _parseError for malformed JSON
# PASS: parseJsonLd is case-insensitive for type attribute
# PASS: parseJsonLd handles JSON array at top level
# PASS: validateSchema passes a valid Organization
# PASS: validateSchema passes a valid Article
# PASS: validateSchema handles prototype property name as @type without crashing
# PASS: validateSchema handles null elements in author array without crashing
# PASS: validateSchema fails when @context is missing
# PASS: validateSchema fails when @type is missing
# PASS: validateSchema reports error for missing required Organization.url
# PASS: validateSchema reports error for missing Article.headline
# PASS: validateSchema warns on missing recommended Organization.logo
# PASS: validateSchema errors on Article headline > 110 chars
# PASS: validateSchema errors on FAQPage with non-Question mainEntity
# PASS: validateSchema passes valid FAQPage
# PASS: validateSchema errors on BreadcrumbList ListItem missing position
# PASS: validateSchema errors on BreadcrumbList ListItem with position 0
# PASS: validateSchema errors on BreadcrumbList ListItem with non-numeric position
# PASS: validateSchema errors on BreadcrumbList ListItem with float position
# PASS: validateSchema passes valid BreadcrumbList
# PASS: validateSchema warns on Product Offer missing priceCurrency
# PASS: validateSchema returns _parseError for malformed JSON-LD object
# PASS: validateSchema warns on unknown @type
# PASS: validateSchema accepts @context as object with vocab
# PASS: checkRichResults marks valid Organization as eligible
# PASS: checkRichResults marks valid Article as eligible
# PASS: checkRichResults marks invalid Article (missing headline) as not eligible
# PASS: checkRichResults marks unknown type as not eligible
# PASS: checkRichResults marks _parseError as not eligible
# PASS: checkRichResults marks missing @type as not eligible
# PASS: checkRichResults marks valid Product as eligible
# PASS: checkRichResults marks valid FAQPage as eligible
# PASS: checkRichResults marks valid BreadcrumbList as eligible
# PASS: runChecks returns zero results for empty HTML
# PASS: runChecks accepts pre-parsed array
# PASS: runChecks processes multiple schemas from HTML
# PASS: runChecks counts errors from invalid schemas
# PASS: runChecks includes toolLinks in output
# PASS: runChecks handles null input gracefully
# PASS: runChecks end-to-end: Organization + FAQPage from HTML
# PASS: generateReport includes summary table
# PASS: generateReport includes tool links
# PASS: generateReport shows PASS for valid schema
# PASS: generateReport shows FAIL for invalid schema
# PASS: generateReport warns when no schemas found
# PASS: renderSchemaCheckboxLine renders checked line for passing schema
# PASS: renderSchemaCheckboxLine renders unchecked line for failing schema
# PASS: SCHEMA_RULES covers all major SEO types
# PASS: SCHEMA_RULES covers all Google Rich Result types — no eligibility gap
# PASS: validateSchema passes valid Dataset (newly added type)
# PASS: validateSchema errors on Dataset missing required description
# PASS: checkRichResults marks valid Dataset as eligible
# PASS: checkRichResults marks valid SoftwareApplication as eligible
# PASS: GOOGLE_RICH_RESULT_TYPES includes core types
# PASS: TOOL_LINKS contains all five reference validators
# 61 passed, 0 failed
# Subtest: tests/schema-rich-results-checker.test.js
ok 76 - tests/schema-rich-results-checker.test.js
  ---
  duration_ms: 51.943444
  type: 'test'
  ...
# Subtest: clamp01: values in range pass through unchanged
ok 514 - clamp01: values in range pass through unchanged
  ---
  duration_ms: 1.806276
  type: 'test'
  ...
# Subtest: clamp01: values below 0 are clamped to 0
ok 515 - clamp01: values below 0 are clamped to 0
  ---
  duration_ms: 0.271381
  type: 'test'
  ...
# Subtest: clamp01: values above 1 are clamped to 1
ok 516 - clamp01: values above 1 are clamped to 1
  ---
  duration_ms: 0.33758
  type: 'test'
  ...
# Subtest: clamp01: NaN returns 0
ok 517 - clamp01: NaN returns 0
  ---
  duration_ms: 0.185228
  type: 'test'
  ...
# Subtest: clamp01: non-numeric input returns 0
ok 518 - clamp01: non-numeric input returns 0
  ---
  duration_ms: 0.27837
  type: 'test'
  ...
# Subtest: decay: count of zero returns 1 (perfect score)
ok 519 - decay: count of zero returns 1 (perfect score)
  ---
  duration_ms: 0.198673
  type: 'test'
  ...
# Subtest: decay: decreases monotonically as count increases
ok 520 - decay: decreases monotonically as count increases
  ---
  duration_ms: 0.520765
  type: 'test'
  ...
# Subtest: decay: always stays in [0, 1]
ok 521 - decay: always stays in [0, 1]
  ---
  duration_ms: 0.212171
  type: 'test'
  ...
# Subtest: decay: higher softness is more forgiving at the same count
ok 522 - decay: higher softness is more forgiving at the same count
  ---
  duration_ms: 0.628273
  type: 'test'
  ...
# Subtest: decay: negative count is treated as 0
ok 523 - decay: negative count is treated as 0
  ---
  duration_ms: 0.509833
  type: 'test'
  ...
# Subtest: decay: non-numeric count is treated as 0
ok 524 - decay: non-numeric count is treated as 0
  ---
  duration_ms: 0.754751
  type: 'test'
  ...
# Subtest: DIMENSION_WEIGHTS sum to exactly 1
ok 525 - DIMENSION_WEIGHTS sum to exactly 1
  ---
  duration_ms: 0.487084
  type: 'test'
  ...
# Subtest: DIMENSION_WEIGHTS has the five expected dimensions
ok 526 - DIMENSION_WEIGHTS has the five expected dimensions
  ---
  duration_ms: 0.165576
  type: 'test'
  ...
# Subtest: hallucination weight is the highest
ok 527 - hallucination weight is the highest
  ---
  duration_ms: 0.124384
  type: 'test'
  ...
# Subtest: STARTING_TRUST is in a neutral-positive range [60, 80]
ok 528 - STARTING_TRUST is in a neutral-positive range [60, 80]
  ---
  duration_ms: 0.122247
  type: 'test'
  ...
# Subtest: DEFAULT_EWMA_ALPHA is in (0, 1)
ok 529 - DEFAULT_EWMA_ALPHA is in (0, 1)
  ---
  duration_ms: 0.156376
  type: 'test'
  ...
# Subtest: scoreDimensions: ci=0 when ciGreen is false regardless of other signals
ok 530 - scoreDimensions: ci=0 when ciGreen is false regardless of other signals
  ---
  duration_ms: 1.980626
  type: 'test'
  ...
# Subtest: scoreDimensions: ci penalised by each red run before green
ok 531 - scoreDimensions: ci penalised by each red run before green
  ---
  duration_ms: 0.171415
  type: 'test'
  ...
# Subtest: scoreDimensions: badCode stacks all four failure types
ok 532 - scoreDimensions: badCode stacks all four failure types
  ---
  duration_ms: 0.254362
  type: 'test'
  ...
# Subtest: scoreDimensions: revertedAfterMerge tanks rash below 0.5
ok 533 - scoreDimensions: revertedAfterMerge tanks rash below 0.5
  ---
  duration_ms: 0.14811
  type: 'test'
  ...
# Subtest: scoreDimensions: largeDiffNoTests alone reduces rash below perfect
ok 534 - scoreDimensions: largeDiffNoTests alone reduces rash below perfect
  ---
  duration_ms: 0.130417
  type: 'test'
  ...
# Subtest: scoreDimensions: scaffolding and root-junk hits penalise directions
ok 535 - scoreDimensions: scaffolding and root-junk hits penalise directions
  ---
  duration_ms: 0.195097
  type: 'test'
  ...
# Subtest: scoreDimensions: nonConventionalCommits penalise directions
ok 536 - scoreDimensions: nonConventionalCommits penalise directions
  ---
  duration_ms: 0.172368
  type: 'test'
  ...
# Subtest: scoreDimensions: outOfScopeFiles penalise directions
ok 537 - scoreDimensions: outOfScopeFiles penalise directions
  ---
  duration_ms: 0.146393
  type: 'test'
  ...
# Subtest: scoreDimensions: all hallucination signals stack
ok 538 - scoreDimensions: all hallucination signals stack
  ---
  duration_ms: 0.146497
  type: 'test'
  ...
# Subtest: scoreDimensions: all dimensions are in [0, 1]
ok 539 - scoreDimensions: all dimensions are in [0, 1]
  ---
  duration_ms: 0.208876
  type: 'test'
  ...
# Subtest: prQualityScore: empty signals yields near-perfect score (≥95)
ok 540 - prQualityScore: empty signals yields near-perfect score (≥95)
  ---
  duration_ms: 0.248923
  type: 'test'
  ...
# Subtest: prQualityScore: worst-case signals yield a very low score (<20)
ok 541 - prQualityScore: worst-case signals yield a very low score (<20)
  ---
  duration_ms: 0.140947
  type: 'test'
  ...
# Subtest: prQualityScore: score is always an integer in [0, 100]
ok 542 - prQualityScore: score is always an integer in [0, 100]
  ---
  duration_ms: 0.274438
  type: 'test'
  ...
# Subtest: prQualityScore: dimensions are returned alongside score
ok 543 - prQualityScore: dimensions are returned alongside score
  ---
  duration_ms: 0.203055
  type: 'test'
  ...
# Subtest: updateTrust: NaN previousTrust falls back to STARTING_TRUST
ok 544 - updateTrust: NaN previousTrust falls back to STARTING_TRUST
  ---
  duration_ms: 0.213056
  type: 'test'
  ...
# Subtest: updateTrust: null previousTrust falls back to STARTING_TRUST
ok 545 - updateTrust: null previousTrust falls back to STARTING_TRUST
  ---
  duration_ms: 0.10086
  type: 'test'
  ...
# Subtest: updateTrust: alpha clamped to [0,1] — alpha=0 returns previous
ok 546 - updateTrust: alpha clamped to [0,1] — alpha=0 returns previous
  ---
  duration_ms: 0.100119
  type: 'test'
  ...
# Subtest: updateTrust: alpha=1 returns the new quality score directly
ok 547 - updateTrust: alpha=1 returns the new quality score directly
  ---
  duration_ms: 0.099564
  type: 'test'
  ...
# Subtest: grade: boundary at 90 → A
ok 548 - grade: boundary at 90 → A
  ---
  duration_ms: 0.13089
  type: 'test'
  ...
# Subtest: grade: boundary at 80 → B
ok 549 - grade: boundary at 80 → B
  ---
  duration_ms: 0.094849
  type: 'test'
  ...
# Subtest: grade: boundary at 70 → C
ok 550 - grade: boundary at 70 → C
  ---
  duration_ms: 0.098912
  type: 'test'
  ...
# Subtest: grade: boundary at 55 → D
ok 551 - grade: boundary at 55 → D
  ---
  duration_ms: 0.161399
  type: 'test'
  ...
# Subtest: grade: 0 → F (quarantine)
ok 552 - grade: 0 → F (quarantine)
  ---
  duration_ms: 0.10192
  type: 'test'
  ...
# Subtest: grade: 100 → A (trusted)
ok 553 - grade: 100 → A (trusted)
  ---
  duration_ms: 0.085486
  type: 'test'
  ...
# ╔══════════════════════════════════════════════════════════╗
# ║          REVVEL COMPLIANCE CHECKER v1.1.0                ║
# ╚══════════════════════════════════════════════════════════╝
# Auditing: /app
#   ✅ A1 [P0] README.md exists.................................. 2/2
#   ✅ A2 [P0] CHANGELOG.md exists............................... 3/3
#   ❌ A3 [P0] .gitignore excludes node_modules, .env, dist...... 0/2
#   ✅ A4 [P0] .env.example exists............................... 2/2
#   ✅ A5 [P1] docs/ directory exists............................ 1/1
#   ❌ A6 [P1] docs/adr/ directory exists........................ 0/2
#   ❌ A7 [P2] docs/runbooks/ directory exists................... 0/1
#   ✅ A8 [P0] AGENTS.md exists (universal AI agent instructions) 3/3
#   ✅ A9 [P1] LICENSE file exists............................... 2/2
#   ✅ A10 [P2] docs/specs/ directory exists..................... 2/2
#   ❌ B1 [P0] .github/workflows/deploy.yml exists............... 0/5
#   ❌ B2 [P0] deploy.yml contains a test step................... 0/3
#   ❌ B3 [P0] deploy.yml contains a build step.................. 0/3
#   ✅ B4 [P1] .github/workflows/compliance-check.yml exists..... 3/3
#   ❌ C1 [P0] vitest.config.ts exists with coverage thresholds.. 0/3
#   ✅ C2 [P0] tests/ directory exists........................... 3/3
#   ❌ C3 [P0] tests/unit/ directory exists...................... 0/2
#   ❌ C4 [P0] tests/integration/ directory exists............... 0/2
#   ❌ C5 [P0] tests/e2e/ directory with .spec.ts files.......... 0/3
#   ❌ C6 [P0] playwright.config.ts exists....................... 0/2
#   ❌ C7 [P1] tests/mocks/ directory exists..................... 0/2
#   ⚠️  Possible secret found in: /app/tests/pr-review-scan.test.js
#   ❌ D1 [P0] No hardcoded secrets in source code............... 0/5
#   ✅ D2 [P0] .env file is in .gitignore........................ 3/3
#   ❌ D3 [P0] helmet middleware present in backend.............. 0/2
#   ❌ D5 [P0] No critical npm vulnerabilities................... 0/3
#   ❌ E1 [P0] ESLint config exists.............................. 0/2
#   ❌ E2 [P1] Prettier config exists............................ 0/2
#   ✅ E3 [P0] tsconfig.json exists with strict mode............. 3/3
#   ✅ F3 [P0] CHANGELOG.md has at least one entry (\#\# heading).. 2/2
#   ❌ G1 [P2] .husky/ directory exists.......................... 0/1 (bonus)
#   ❌ G2 [P2] lint-staged config exists......................... 0/1 (bonus)
#   ❌ G6 [P1] .github/workflows/syntax-check.yml exists......... 0/3
#   ✅ G7 [P2] .pre-commit-config.yaml exists.................... 2/2
#   ❌ G8 [P1] SYNTAX_ERROR_PREVENTION_STANDARD.md exists or syntax standard referenced 0/1
# ──────────────────────────────────────────────────────────
#   SCORE: 31/79 (39%)  🚫  Critical failure — immediate remediation required
# ──────────────────────────────────────────────────────────
#   🔴 P0 FAILURES (blocks deployment): A3, B1, B2, B3, C1, C3, C4, C5, C6, D1, D3, D5, E1
#   🟡 P1 FAILURES (required within 30 days): A6, C7, E2, G6, G8
#   🟢 P2 NOTICES (best practice): A7
# ✅ PASS: Should return false when pattern is not found
# ✅ PASS: Should return true when pattern is found in src
# ✅ PASS: Should return true when pattern is found in server
# ✅ PASS: Should return true when pattern is found in api
# ✅ PASS: Should return true when pattern is found in app
# ✅ PASS: Should handle regex/special characters correctly
# ✅ PASS: Should handle non-existent directories gracefully
# Test Summary: 7 passed, 0 failed
# Subtest: tests/scripts/check-compliance.test.js
ok 78 - tests/scripts/check-compliance.test.js
  ---
  duration_ms: 1087.971779
  type: 'test'
  ...
# ✅ PASS: scoreRepo throws on invalid repo
# ✅ PASS: scoreRepo returns clamped total between 0 and 100
# ✅ PASS: scoreRepo applies archived penalty
# ✅ PASS: scoreRepo treats NOASSERTION as unlicensed
# ✅ PASS: scoreRepo handles missing fields gracefully
# ✅ PASS: scoreRepo band thresholds
# ✅ PASS: recencyScore — recent push scores 15
# ✅ PASS: recencyScore — missing / invalid returns 0
# ✅ PASS: recencyScore — old push returns 0
# ✅ PASS: goalTagAlignmentBonus — no tags = 0
# ✅ PASS: goalTagAlignmentBonus — capped at 15
# ✅ PASS: goalTagAlignmentBonus — partial match
# ✅ PASS: buildAuditBody contains required routing references
# ✅ PASS: ROUTING_LABELS includes every required routing signal
# ✅ PASS: ROUTING_LABELS is frozen
# ✅ PASS: MIRROR_LABELS excludes openrouter so openrouter-assignee.yml routes the issue
# ✅ PASS: MIRROR_LABELS includes fork-audit and upstream-contribution
# ✅ PASS: MIRROR_LABELS is frozen
# ✅ PASS: MIRROR_LABELS is a proper subset of ROUTING_LABELS plus upstream-contribution
# ✅ PASS: loadConfig parses the shipped candidates.json
# ✅ PASS: loadConfig rejects missing candidates[]
# Test Summary: 21 passed, 0 failed
# Subtest: tests/scripts/fork-audit-bot.test.js
ok 79 - tests/scripts/fork-audit-bot.test.js
  ---
  duration_ms: 50.59887
  type: 'test'
  ...
# ✅ PASS: parseAddedLines extracts added lines with correct line numbers
# ✅ PASS: parseAddedLines handles multiple hunks
# ✅ PASS: parseAddedLines returns [] for empty/undefined input
# ✅ PASS: scanDiff flags AWS access key
# ✅ PASS: scanDiff flags inline password assignment
# ✅ PASS: scanDiff does NOT flag password read from env
# ✅ PASS: scanDiff flags eval()
# ✅ PASS: scanDiff flags new Function()
# ✅ PASS: scanDiff flags dynamic require()
# ✅ PASS: scanDiff does NOT flag static require()
# ✅ PASS: scanDiff does NOT flag static require() with internal whitespace
# ✅ PASS: scanDiff flags console.log of password
# ✅ PASS: scanDiff does NOT flag benign console.log
# ✅ PASS: scanDiff flags template-literal SQL with interpolation
# ✅ PASS: scanDiff does NOT flag parameterised SQL
# ✅ PASS: scanDiff ignores non-code files for code rules but scans all files for secrets
# ✅ PASS: scanDiff returns all-pass for empty input
# ✅ PASS: scanDiff tolerates missing patch / malformed entries
# ✅ PASS: renderCheckboxLine ticks passing items
# ✅ PASS: renderCheckboxLine flags failing items with findings
# ✅ PASS: renderCheckboxLine caps findings list
# Test Summary: 21 passed, 0 failed
# Subtest: tests/scripts/pr-review-scan.test.js
ok 80 - tests/scripts/pr-review-scan.test.js
  ---
  duration_ms: 49.526223
  type: 'test'
  ...
# PASS: fails fast when required compatibility env vars are missing
# PASS: maps legacy research-module env vars to research-engine options
# PASS: honors explicit research depth when delegating to the research engine
# PASS: falls back to RESEARCH_MODE when RESEARCH_DEPTH is not provided
# PASS: delegates compatibility runs through the research-engine runner
# Revvel Research Module (compatibility mode)
# Delegated to: scripts/research-engine.js
# Query: Evaluate graphify alternatives
# Depth: triangulated
# Status: blocked
# Wrote: /tmp/research-compat-test-dLIzuP/packet.md
# Research module finished with a visible blocked packet.
# PASS: writes a visible blocked packet when the OpenRouter key is missing
# Test Summary: 6 passed, 0 failed
# Subtest: tests/scripts/research-module.test.js
ok 81 - tests/scripts/research-module.test.js
  ---
  duration_ms: 57.323385
  type: 'test'
  ...
# Running run-human-testing-api tests...
#   Testing agent failure handling...
#   ✅ Agent failure handling test passed.
#   Testing synthesizer failure handling...
#   ✅ Synthesizer failure handling test passed.
# Subtest: tests/scripts/run-human-testing-api.test.js
ok 82 - tests/scripts/run-human-testing-api.test.js
  ---
  duration_ms: 82.131591
  type: 'test'
  ...
# ✅ PASS: sync-flow-charts.js exists
# ✅ PASS: sync-flow-charts.js has proper shebang
# ✅ PASS: sync-flow-charts.js runs in DRY_RUN mode
# ✅ PASS: sync-flow-charts.js detects flow charts directory
# ✅ PASS: sync-flow-charts.js counts documentation files
# ✅ PASS: sync-flow-charts.js reports metadata updates
# ✅ PASS: sync-flow-charts.js checks for broken references
# ✅ PASS: sync-flow-charts.js does not modify files in DRY_RUN mode
# ✅ PASS: sync-flow-charts.js fails gracefully with missing directory
# ✅ PASS: sync-flow-charts.js processes expected flow chart files
# 10 passed, 0 failed
# Subtest: tests/scripts/sync-flow-charts.test.js
ok 83 - tests/scripts/sync-flow-charts.test.js
  ---
  duration_ms: 940.996698
  type: 'test'
  ...
# Subtest: rubricScore matches keywords case-insensitively
ok 560 - rubricScore matches keywords case-insensitively
  ---
  duration_ms: 2.519951
  type: 'test'
  ...
# Subtest: rubricScore returns null when no expected qualities
ok 561 - rubricScore returns null when no expected qualities
  ---
  duration_ms: 0.337691
  type: 'test'
  ...
# Subtest: domainOf strips scheme and www
ok 562 - domainOf strips scheme and www
  ---
  duration_ms: 0.602849
  type: 'test'
  ...
# Subtest: scoreRun computes duplicate rate and domain diversity
ok 563 - scoreRun computes duplicate rate and domain diversity
  ---
  duration_ms: 1.133488
  type: 'test'
  ...
# Subtest: scoreRun flags errors and empty answers
ok 564 - scoreRun flags errors and empty answers
  ---
  duration_ms: 0.519302
  type: 'test'
  ...
# Subtest: clean improvement yields keep_candidate
ok 565 - clean improvement yields keep_candidate
  ---
  duration_ms: 1.52435
  type: 'test'
  ...
# Subtest: rubric collapse yields rollback_candidate
ok 566 - rubric collapse yields rollback_candidate
  ---
  duration_ms: 0.725901
  type: 'test'
  ...
# Subtest: error-rate spike forces rollback_candidate
ok 567 - error-rate spike forces rollback_candidate
  ---
  duration_ms: 2.304927
  type: 'test'
  ...
# Subtest: too few queries yields needs_human_review
ok 568 - too few queries yields needs_human_review
  ---
  duration_ms: 0.641522
  type: 'test'
  ...
# Subtest: bundled example fixtures evaluate to tune_candidate
ok 569 - bundled example fixtures evaluate to tune_candidate
  ---
  duration_ms: 1.083662
  type: 'test'
  ...
# Subtest: renderMarkdown includes decision and the CI caveat
ok 570 - renderMarkdown includes decision and the CI caveat
  ---
  duration_ms: 1.003715
  type: 'test'
  ...
# Subtest: decide is pure over provided deltas
ok 571 - decide is pure over provided deltas
  ---
  duration_ms: 0.173721
  type: 'test'
  ...
# Subtest: STRATEGIES includes twin variants
ok 572 - STRATEGIES includes twin variants
  ---
  duration_ms: 0.110161
  type: 'test'
  ...
# Subtest: twinMetricsFor returns null when no twin data is present
ok 573 - twinMetricsFor returns null when no twin data is present
  ---
  duration_ms: 0.225784
  type: 'test'
  ...
# Subtest: twinMetricsFor aggregates agreement, overlap, and unique sources
ok 574 - twinMetricsFor aggregates agreement, overlap, and unique sources
  ---
  duration_ms: 0.428489
  type: 'test'
  ...
# Subtest: twinMetricsFor counts unsupported-claim arrays and number forms
ok 575 - twinMetricsFor counts unsupported-claim arrays and number forms
  ---
  duration_ms: 0.16656
  type: 'test'
  ...
# Subtest: twin beating Fable within budget yields keep_twin
ok 576 - twin beating Fable within budget yields keep_twin
  ---
  duration_ms: 1.329627
  type: 'test'
  ...
# Subtest: twin not beating Fable yields rollback_twin
ok 577 - twin not beating Fable yields rollback_twin
  ---
  duration_ms: 0.518586
  type: 'test'
  ...
# Subtest: better twin over cost budget yields tune_twin
ok 578 - better twin over cost budget yields tune_twin
  ---
  duration_ms: 0.304482
  type: 'test'
  ...
# Subtest: high source overlap (redundant runs) yields tune_twin
ok 579 - high source overlap (redundant runs) yields tune_twin
  ---
  duration_ms: 0.223989
  type: 'test'
  ...
# Subtest: too few queries yields needs_human_review for twin
ok 580 - too few queries yields needs_human_review for twin
  ---
  duration_ms: 0.133611
  type: 'test'
  ...
# Subtest: evaluateStrategies prefers adjudicated twin and reports keep_twin vs Fable
ok 581 - evaluateStrategies prefers adjudicated twin and reports keep_twin vs Fable
  ---
  duration_ms: 1.151872
  type: 'test'
  ...
# Subtest: renderStrategyMarkdown includes twin decision and the CI caveat
ok 582 - renderStrategyMarkdown includes twin decision and the CI caveat
  ---
  duration_ms: 1.71692
  type: 'test'
  ...
# Subtest: existing baseline/candidate comparison still works unchanged
ok 583 - existing baseline/candidate comparison still works unchanged
  ---
  duration_ms: 0.423778
  type: 'test'
  ...
# PASS: @sentinel catches "ignore all previous instructions"
# PASS: @sentinel catches a hidden-HTML-comment directive
# PASS: @sentinel catches an exfil directive
# PASS: @sentinel catches a curl-pipe-to-shell payload
# PASS: @sentinel stays quiet on ordinary review text
# PASS: @exprwatch flags an untrusted github.event.* leaf in a run: shell
# PASS: @exprwatch allowlists safe numeric leaves like github.event.issue.number
# PASS: @exfil catches a leaked GitHub PAT and redacts it in the finding
# PASS: @exfil catches a private key block
# PASS: @permit flags a job using pull-request writes with no permissions block
# PASS: @permit flags excess write permission with no matching operation
# PASS: @redteam seeded adversarial cases are all caught by sentinel/exfil
# 12 passed, 0 failed
# Subtest: tests/security-fleet.test.js
ok 85 - tests/security-fleet.test.js
  ---
  duration_ms: 105.002585
  type: 'test'
  ...
# === self-heal-pr.yml Unit Tests ===
# PASS: resolveInputs: workflow_dispatch values preferred over repository_dispatch
# PASS: resolveInputs: falls back to repository_dispatch payload
# PASS: resolveInputs: fix_type defaults to "workflow" when absent
# PASS: resolveInputs: empty description resolves to empty string
# PASS: sanitiseSuffix: lowercases input
# PASS: sanitiseSuffix: replaces invalid chars with hyphens
# PASS: sanitiseSuffix: truncates at 40 chars
# PASS: sanitiseSuffix: empty string stays empty
# PASS: sanitiseSuffix: allows hyphens and digits
# PASS: buildBranchName: includes self-heal/ prefix
# PASS: buildBranchName: uses suffix when provided
# PASS: buildBranchName: falls back to run ID when no suffix
# PASS: buildBranchName: fix_type is included in branch name
# PASS: buildCommitMessage: conventional-commit format
# PASS: buildCommitMessage: appends Closes trailer when issue provided
# PASS: buildCommitMessage: no Closes trailer when issue is empty
# PASS: buildCommitMessage: [self-heal] tag always present
# PASS: buildPrTitle: follows conventional-commit format
# PASS: basePrLabels: always includes self-heal and auto-fix
# PASS: shouldAddDevinLabel: returns true when key is set
# PASS: shouldAddDevinLabel: returns false when key is absent
# PASS: buildPrLabels: includes devin-review when key is configured
# PASS: buildPrLabels: omits devin-review when key is absent
# PASS: full workflow metadata — dispatch + branch + commit + labels
# === Results: 24 passed, 0 failed ===
# ✅ All tests passed
# Subtest: tests/self-heal-pr.test.js
ok 86 - tests/self-heal-pr.test.js
  ---
  duration_ms: 46.690311
  type: 'test'
  ...
# === self-healing.yml Unit Tests ===
# PASS: parseActionsStatus counts failures
# PASS: parseActionsStatus handles empty array
# PASS: parseActionsStatus handles null/undefined
# PASS: parseActionsStatus counts timed_out as failure
# PASS: parseActionsStatus treats cancelled separately (not failure)
# PASS: parseStuckCount parses valid number
# PASS: parseStuckCount handles zero
# PASS: parseStuckCount handles invalid input
# PASS: checkWorkflowsPresent returns healthy when all present
# PASS: checkWorkflowsPresent identifies missing workflows
# PASS: checkWorkflowsPresent matches file path, not display name (issue \#15684)
# PASS: checkWorkflowsPresent flags workflows absent from a truncated page (issue \#15684)
# PASS: checkWorkflowsPresent matches on path, not display name (issue \#15683)
# PASS: checkWorkflowsPresent does not false-match a slug substring in another path
# PASS: identifyBrokenAreas detects failed actions
# PASS: identifyBrokenAreas detects stuck issues
# PASS: identifyBrokenAreas detects missing workflows
# PASS: identifyBrokenAreas returns empty when healthy
# PASS: identifyBrokenAreas respects thresholds
# PASS: getSystemHealth returns healthy for empty broken areas
# PASS: getSystemHealth returns needs-healing when broken
# PASS: shouldHealStuckIssues returns true when stuck issues broken
# PASS: shouldHealStuckIssues returns false when not broken
# PASS: shouldHealFailedWorkflows returns true when actions broken
# PASS: shouldHealFailedWorkflows returns false when not broken
# PASS: shouldCreateHealingIssue returns false when issue exists
# PASS: shouldCreateHealingIssue returns true when needs healing
# PASS: shouldCreateHealingIssue returns false when system healthy
# PASS: formatBrokenAreasList joins with semicolon
# PASS: parseBrokenAreasList splits correctly
# PASS: parseBrokenAreasList handles empty string
# PASS: parseBrokenAreasList handles null
# PASS: getHealingActions returns stuck healing when needed
# PASS: getHealingActions returns workflow healing when needed
# PASS: getHealingActions returns multiple when both needed
# PASS: getHealingActions returns empty when healthy
# PASS: isGroundingGateBroken returns false for 0 failures
# PASS: isGroundingGateBroken returns false for exactly 1 failure (tolerated transient flake)
# PASS: isGroundingGateBroken returns true for 2 failures (persistent red suite)
# PASS: isGroundingGateBroken returns true for 5 failures
# PASS: identifyBrokenAreas detects grounding gate when 2+ failures
# PASS: identifyBrokenAreas does not flag grounding gate for 1 failure
# PASS: identifyBrokenAreas does not flag grounding gate when 0 failures (default)
# PASS: shouldHealGroundingGate returns true for grounding gate broken area
# PASS: shouldHealGroundingGate returns false when not in broken areas
# PASS: getHealingActions includes file_grounding_gate_wr when grounding gate broken
# PASS: getHealingActions includes all three actions when everything is broken
# PASS: full health check cycle - healthy system
# PASS: full health check cycle - broken system
# PASS: verifyHealing reports healed when everything below thresholds
# PASS: verifyHealing reports not healed when failures remain
# PASS: verifyHealing reports not healed when stuck issues remain
# PASS: verifyHealing uses same thresholds as detection (at-threshold is healed)
# PASS: selectJournalAction closes all open issues as completed when healed
# PASS: selectJournalAction updates first issue in place and consolidates duplicates when not healed
# PASS: selectJournalAction creates one escalation issue when not healed and none open
# PASS: selectJournalAction is a no-op close when healed with none open
# PASS: buildHealingMemoryRecord captures full provenance
# PASS: FAILED_ACTIONS_THRESHOLD is 3
# PASS: STUCK_ISSUES_THRESHOLD is 5
# PASS: GROUNDING_GATE_FAILURE_THRESHOLD is 1
# === Results: 61 passed, 0 failed ===
# ✅ All tests passed
# Subtest: tests/self-healing.test.js
ok 87 - tests/self-healing.test.js
  ---
  duration_ms: 51.291094
  type: 'test'
  ...
# PASS: flags <img> missing alt
# PASS: flags empty alt
# PASS: flags junk filename even with alt
# PASS: passes good alt + descriptive filename
# PASS: flags page file missing meta description
# PASS: ignores files outside protected paths
# PASS: allow-seo-debt override passes
# Test Summary: 7 passed, 0 failed
# Subtest: tests/seo-a11y-guard.test.js
ok 88 - tests/seo-a11y-guard.test.js
  ---
  duration_ms: 45.488982
  type: 'test'
  ...
# Subtest: SEEDED: a red test suite can never PASS, whatever the LLM says
ok 588 - SEEDED: a red test suite can never PASS, whatever the LLM says
  ---
  duration_ms: 1.265872
  type: 'test'
  ...
# Subtest: ungrounded verdict (suite never ran) may WARN, never PASS
ok 589 - ungrounded verdict (suite never ran) may WARN, never PASS
  ---
  duration_ms: 0.219646
  type: 'test'
  ...
# Subtest: a green suite lets the LLM keep pass or downgrade only
ok 590 - a green suite lets the LLM keep pass or downgrade only
  ---
  duration_ms: 0.256671
  type: 'test'
  ...
# Subtest: ship-quality.yml actually runs npm test and the verdict combiner
ok 591 - ship-quality.yml actually runs npm test and the verdict combiner
  ---
  duration_ms: 0.50204
  type: 'test'
  ...
# === ship-to-market.yml Unit Tests ===
# PASS: shouldRunGate allows workflow_dispatch
# PASS: shouldRunGate allows merged PR
# PASS: shouldRunGate blocks unmerged PR
# PASS: shouldRunGate blocks non-PR events
# PASS: parseDeliveryInput normalizes to lowercase
# PASS: parseDeliveryInput handles empty/null
# PASS: getDeliveryChannels returns all for "all" input
# PASS: getDeliveryChannels returns all for deliver:all label
# PASS: getDeliveryChannels returns specific channel
# PASS: getDeliveryChannels returns multiple channels
# PASS: getDeliveryChannels handles deliver: prefix labels
# PASS: extractIssueNumberFromBody extracts Closes pattern
# PASS: extractIssueNumberFromBody extracts Fixes pattern
# PASS: extractIssueNumberFromBody extracts Resolves pattern
# PASS: extractIssueNumberFromBody returns first match
# PASS: extractIssueNumberFromBody handles null/undefined
# PASS: extractIssueNumberFromBody returns null for no match
# PASS: getLinkedIssueNumbers extracts all references
# PASS: getLinkedIssueNumbers deduplicates
# PASS: getLinkedIssueNumbers sorts ascending
# PASS: shouldRunChannel returns true when enabled
# PASS: isWrPullRequest detects work-request label
# PASS: isWrPullRequest detects weekly-research label
# PASS: isWrPullRequest detects [WR] prefix
# PASS: isWrPullRequest returns false for regular PRs
# PASS: handles mixed case labels
# PASS: handles whitespace in labels
# PASS: input takes precedence over empty labels
# PASS: labels add to input channels
# PASS: handles special characters in channel input
# PASS: handles unicode in labels
# === Results: 31 passed, 0 failed ===
# ✅ All tests passed
# Subtest: tests/ship-to-market.test.js
ok 90 - tests/ship-to-market.test.js
  ---
  duration_ms: 51.618108
  type: 'test'
  ...
# Subtest: mabl-expert has both required files (regression for issue \#15490)
ok 593 - mabl-expert has both required files (regression for issue \#15490)
  ---
  duration_ms: 1.435507
  type: 'test'
  ...
# Subtest: mabl-expert.skill.yml parses and carries core metadata
ok 594 - mabl-expert.skill.yml parses and carries core metadata
  ---
  duration_ms: 16.698897
  type: 'test'
  ...
# Subtest: mabl-expert is registered in SKILLS_INDEX.yml and REGISTRY.md
ok 595 - mabl-expert is registered in SKILLS_INDEX.yml and REGISTRY.md
  ---
  duration_ms: 1.027155
  type: 'test'
  ...
# Subtest: every non-legacy skill folder ships its <name>.skill.yml
ok 596 - every non-legacy skill folder ships its <name>.skill.yml
  ---
  duration_ms: 2.242245
  type: 'test'
  ...
# Subtest: legacy allowlist only shrinks — entries with a backfilled .skill.yml must be removed
ok 597 - legacy allowlist only shrinks — entries with a backfilled .skill.yml must be removed
  ---
  duration_ms: 0.417493
  type: 'test'
  ...
# PASS: schema requires product_slug instead of legacy slug
# PASS: agent-generated product template validates against state schema
# PASS: checked-in agent-generated example validates against state schema
# PASS: state shape emitted by init-product.sh validates against state schema
# PASS: legacy slug-only state is rejected
# PASS: init-product.sh stamps product_slug
# 6 passed, 0 failed
# Subtest: tests/state-schema.test.js
ok 92 - tests/state-schema.test.js
  ---
  duration_ms: 178.676332
  type: 'test'
  ...
# PASS: hasIssueBranchRef matches WR branches containing the issue number
# PASS: referencesIssue matches closing references in PR bodies
# PASS: extractPrNumbersFromText finds workflow comment PR references
# PASS: isAssociatedPr rejects title-only matches without issue-specific signals
# PASS: findAssociatedPr detects open PRs by issue-specific branch name
# PASS: findAssociatedPr detects the workflow-created PR comment fallback
# PASS: isWrReadyForPr requires a completion signal
# PASS: stuck threshold is 5 min so a throttled cron cannot strand a WR
# PASS: stuckAgeVerdict windows a WR by age
# PASS: stuckAgeVerdict returns invalid for malformed timestamps
# 10 passed, 0 failed
# Subtest: tests/stuck-wr-detector.test.js
ok 93 - tests/stuck-wr-detector.test.js
  ---
  duration_ms: 51.367061
  type: 'test'
  ...
# PASS: parseDate accepts YYYY-MM-DD and rejects junk
# PASS: daysUntil counts whole days and goes negative when past
# PASS: effectiveDueDate prefers trial_end while on trial, else renewal
# PASS: RecurseML trial: due_soon 5 days before it ends (the seeded case)
# PASS: trial that already passed reads as expired
# PASS: active sub far from renewal is ok; cancelled is cancelled
# PASS: missing due date surfaces as unknown
# PASS: warnWithinDays is honoured at the boundary
# PASS: reposForSubscription normalises string and list forms
# PASS: buildReport partitions alerts and unknowns
# PASS: renderIssueBody includes marker and flags the RecurseML trial
# PASS: the seeded data/subscriptions.yml loads and contains RecurseML
# PASS: DEFAULT_WARN_WITHIN_DAYS is a sane positive default
# 13 passed, 0 failed
# Subtest: tests/subscription-tracker.test.js
ok 94 - tests/subscription-tracker.test.js
  ---
  duration_ms: 127.145159
  type: 'test'
  ...
# ✅ PASS: loadRecords interpolates {{APP_TARGET}} and applies default TTL
# ✅ PASS: loadRecords throws when {{APP_TARGET}} present but appTarget missing
# ✅ PASS: loadRecords rejects empty input
# ✅ PASS: loadRecords rejects YAML missing 'domain'
# ✅ PASS: loadRecords rejects YAML with empty records
# ✅ PASS: detectProvider returns null when no credentials are set
# ✅ PASS: detectProvider picks namecheap when its creds are present
# ✅ PASS: detectProvider picks godaddy when its creds are present
# ✅ PASS: detectProvider picks porkbun when its creds are present
# ✅ PASS: detectProvider prefers namecheap over godaddy when both are set
# ✅ PASS: splitDomain handles a normal two-label domain
# ✅ PASS: splitDomain handles a multi-label TLD like .co.uk
# ✅ PASS: splitDomain throws on a single-label input
# ✅ PASS: buildNamecheapRequest builds a setHosts URL-encoded body
# ✅ PASS: buildNamecheapRequest rejects ALIAS at the apex (unsupported by API)
# ✅ PASS: buildNamecheapRequest fails fast when credentials are missing
# ✅ PASS: buildGodaddyRequest builds a PUT with sso-key auth header
# ✅ PASS: buildGodaddyRequest translates ALIAS→A only when value is an IP
# ✅ PASS: buildPorkbunCreateRequests emits one POST per record with auth in body
# ✅ PASS: buildSyncRequests rejects unsupported providers
# ✅ PASS: buildSyncRequests dispatches to porkbun when asked
# ✅ PASS: SUPPORTED_PROVIDERS lists all three registrars
# ✅ PASS: redact strips Namecheap ApiKey/ApiUser from URL-encoded bodies
# ✅ PASS: redact strips Porkbun secrets from JSON bodies
# ✅ PASS: redactRequestForLog redacts Authorization header (GoDaddy)
# 25 passed, 0 failed
# Subtest: tests/sync-dns-records.test.js
ok 95 - tests/sync-dns-records.test.js
  ---
  duration_ms: 125.527777
  type: 'test'
  ...
# Subtest: stale audited actions are removed or explicitly dispositioned
ok 602 - stale audited actions are removed or explicitly dispositioned
  ---
  duration_ms: 2.370163
  type: 'test'
  ...
# Subtest: majorityK is strict majority (2 of 3, 3 of 5)
ok 603 - majorityK is strict majority (2 of 3, 3 of 5)
  ---
  duration_ms: 1.397317
  type: 'test'
  ...
# Subtest: consensusScore = fraction of domains cited by >= k arms
ok 604 - consensusScore = fraction of domains cited by >= k arms
  ---
  duration_ms: 0.780783
  type: 'test'
  ...
# Subtest: buildNpletResult assembles the nplet block (n, k, per-model sources, consensus)
ok 605 - buildNpletResult assembles the nplet block (n, k, per-model sources, consensus)
  ---
  duration_ms: 1.549991
  type: 'test'
  ...
# Subtest: buildNpletResult falls back to consensus for agreement + surfaces error
ok 606 - buildNpletResult falls back to consensus for agreement + surfaces error
  ---
  duration_ms: 0.435704
  type: 'test'
  ...
# Subtest: buildNpletResult unions ALL N models citations when adjudicator returns none (no dropped 3rd arm)
ok 607 - buildNpletResult unions ALL N models citations when adjudicator returns none (no dropped 3rd arm)
  ---
  duration_ms: 0.416465
  type: 'test'
  ...
# Subtest: buildNpletReport carries the triplet strategy labels
ok 608 - buildNpletReport carries the triplet strategy labels
  ---
  duration_ms: 0.221165
  type: 'test'
  ...
# Subtest: npletMetricsFor rolls up agreement/consensus/adjudication and is null without nplet blocks
ok 609 - npletMetricsFor rolls up agreement/consensus/adjudication and is null without nplet blocks
  ---
  duration_ms: 0.620618
  type: 'test'
  ...
# Subtest: decideNplet: no rubric gain over reference -> rollback_triplet
ok 610 - decideNplet: no rubric gain over reference -> rollback_triplet
  ---
  duration_ms: 0.595575
  type: 'test'
  ...
# Subtest: decideNplet: quality gain within budget + consensus -> keep_triplet
ok 611 - decideNplet: quality gain within budget + consensus -> keep_triplet
  ---
  duration_ms: 0.501916
  type: 'test'
  ...
# Subtest: decideNplet: quality gain but over cost budget -> tune_triplet
ok 612 - decideNplet: quality gain but over cost budget -> tune_triplet
  ---
  duration_ms: 0.607971
  type: 'test'
  ...
# Subtest: decideNplet: low sample -> needs_human_review
ok 613 - decideNplet: low sample -> needs_human_review
  ---
  duration_ms: 0.265192
  type: 'test'
  ...
# Subtest: NPLET_THRESHOLDS allow a wider cost budget than twin (~3x)
ok 614 - NPLET_THRESHOLDS allow a wider cost budget than twin (~3x)
  ---
  duration_ms: 0.337893
  type: 'test'
  ...
# === trusted-bot-auto-approve.yml Unit Tests ===
# PASS: isTrustedBot detects devin-ai-integration[bot]
# PASS: isTrustedBot detects github-actions[bot]
# PASS: isTrustedBot detects copilot[bot]
# PASS: isTrustedBot detects jules[bot]
# PASS: isTrustedBot detects cursor[bot]
# PASS: isTrustedBot detects bito-ai[bot]
# PASS: isTrustedBot detects openhands-ai-integration[bot]
# PASS: isTrustedBot detects dependabot[bot]
# PASS: isTrustedBot detects renovate[bot]
# PASS: isTrustedBot rejects non-bot logins
# PASS: isTrustedBot rejects unknown bots
# PASS: isTrustedBot handles null/undefined
# PASS: findMatchingPRs finds PRs by head SHA
# PASS: findMatchingPRs returns empty for no matches
# PASS: findMatchingPRs handles missing head
# PASS: getCheckStatus identifies passing checks
# PASS: getCheckStatus identifies failing checks
# PASS: getCheckStatus identifies pending checks
# PASS: getCheckStatus handles cancelled
# PASS: getCheckStatus treats neutral/skipped as passing
# PASS: filterExternalChecks removes own workflow
# PASS: filterExternalChecks keeps all when none match
# PASS: getHeadSha extracts from check_suite event
# PASS: getHeadSha extracts from workflow_run event
# PASS: getHeadSha returns null for unknown event
# PASS: getHeadSha handles missing data
# PASS: shouldApprove approves trusted bot with passing checks
# PASS: shouldApprove rejects non-trusted bot
# PASS: shouldApprove rejects when checks pending
# PASS: shouldApprove rejects when checks failing
# PASS: shouldApprove rejects when already approved
# PASS: shouldApprove rejects when no completed checks
# PASS: formatApprovalBody includes bot name
# PASS: formatApprovalBody includes automated notice
# PASS: isTrustedBot handles special characters safely
# === Results: 35 passed, 0 failed ===
# ✅ All tests passed
# Subtest: tests/trusted-bot-auto-approve.test.js
ok 98 - tests/trusted-bot-auto-approve.test.js
  ---
  duration_ms: 45.505982
  type: 'test'
  ...
# Subtest: twin arms apply the R&D frameworks incl. BNAT (not a generic prompt)
ok 616 - twin arms apply the R&D frameworks incl. BNAT (not a generic prompt)
  ---
  duration_ms: 1.846678
  type: 'test'
  ...
# Subtest: extractCitations pulls + dedupes URLs and strips trailing punctuation
ok 617 - extractCitations pulls + dedupes URLs and strips trailing punctuation
  ---
  duration_ms: 1.537426
  type: 'test'
  ...
# Subtest: extractCitations handles empty/none
ok 618 - extractCitations handles empty/none
  ---
  duration_ms: 0.298046
  type: 'test'
  ...
# Subtest: domainOf normalizes host and drops www
ok 619 - domainOf normalizes host and drops www
  ---
  duration_ms: 2.078312
  type: 'test'
  ...
# Subtest: sourceOverlapScore is Jaccard over domains
ok 620 - sourceOverlapScore is Jaccard over domains
  ---
  duration_ms: 0.807033
  type: 'test'
  ...
# Subtest: unionCitations dedupes preserving order
ok 621 - unionCitations dedupes preserving order
  ---
  duration_ms: 0.331251
  type: 'test'
  ...
# Subtest: parseAdjudication recovers JSON from fenced/prose output
ok 622 - parseAdjudication recovers JSON from fenced/prose output
  ---
  duration_ms: 0.871532
  type: 'test'
  ...
# Subtest: buildTwinResult uses adjudicator fields and emits the twin schema
ok 623 - buildTwinResult uses adjudicator fields and emits the twin schema
  ---
  duration_ms: 0.74787
  type: 'test'
  ...
# Subtest: buildTwinResult surfaces error state (so eval can measure error-rate)
ok 624 - buildTwinResult surfaces error state (so eval can measure error-rate)
  ---
  duration_ms: 0.733531
  type: 'test'
  ...
# Subtest: buildTwinResult falls back when adjudication is null (overlap + union)
ok 625 - buildTwinResult falls back when adjudication is null (overlap + union)
  ---
  duration_ms: 0.75451
  type: 'test'
  ...
# Subtest: buildTwinReport wraps results with the adjudicated strategy labels
ok 626 - buildTwinReport wraps results with the adjudicated strategy labels
  ---
  duration_ms: 0.285722
  type: 'test'
  ...
# ugc-review-generator
#   ✓ preserves the original Amazon review script behavior
#   ✓ builds Zeely-style overlay copy with proof and urgency
#   ✓ falls back to compliant qualitative language when proof is missing
#   ✓ normalizes urgency hours into a safe 1-72 range
#   ✓ produces deterministic 30-day content calendar entries
#   ✓ markdown export includes the key local-lead sections
# Subtest: tests/ugc-review-generator.test.js
ok 100 - tests/ugc-review-generator.test.js
  ---
  duration_ms: 47.141068
  type: 'test'
  ...
# ✅ PASS: parseArgs extracts business, industry, location from command line
# ✅ PASS: parseArgs provides default output directory
# ✅ PASS: Research swarm has 5 Scout agents with distinct roles
# ✅ PASS: Image naming convention follows [business]-[subject]-[context]-[size].webp
# ✅ PASS: Image sizes follow standard dimensions
# ✅ PASS: Alt text must be 5-15 words and descriptive
# ✅ PASS: Metadata includes all required fields
# ✅ PASS: Title max length is 60 characters
# ✅ PASS: Description is 150-160 characters
# ✅ PASS: Quality gates include Lighthouse score requirements
# ✅ PASS: Competitive analysis requires at least 10 competitors
# ✅ PASS: Differentiation strategy requires at least 3 unique angles
# ✅ PASS: Output directory structure includes all required subdirectories
# ✅ PASS: Research output includes competitive analysis and scout reports
# ✅ PASS: Models are correctly selected for each phase
# ✅ PASS: Estimated cost per project is within budget
# ✅ PASS: MCP projects inject the MCP landing page prompt pack into UI recommendations
# ✅ PASS: Non-MCP projects do not inject MCP prompt pack
# ✅ All UI Creation Engine tests passed
# Test coverage:
#   - Argument parsing
#   - Scout agent configuration
#   - Image optimization standards
#   - Alt text rules
#   - SEO metadata requirements
#   - Quality gates
#   - Output artifacts
#   - Model selection
#   - Cost budgeting
# Subtest: tests/ui-creation-engine.test.js
ok 101 - tests/ui-creation-engine.test.js
  ---
  duration_ms: 56.855589
  type: 'test'
  ...
# ✅ PASS: verify-bito-installation.sh exists and is executable
# ✅ PASS: verify-bito-installation.sh runs without errors
# ✅ PASS: verify-bito-installation.sh checks all required files
# ✅ PASS: verify-bito-installation.sh validates workflow configuration
# ✅ PASS: verify-bito-installation.sh checks required labels
# ✅ PASS: verify-bito-installation.sh produces summary
# ✅ PASS: verify-bito-installation.sh returns appropriate exit code
# ✅ PASS: BITO_INSTALLATION_VERIFICATION.md exists and contains required sections
# ✅ PASS: BITO_INSTALLATION_VERIFICATION.md references installation ID
# ✅ PASS: BITO_INSTALLATION_VERIFICATION.md has troubleshooting guide
# ============================================================
# Test Summary: 10 passed, 0 failed
# ============================================================
# Subtest: tests/verify-bito-installation.test.js
ok 102 - tests/verify-bito-installation.test.js
  ---
  duration_ms: 335.458476
  type: 'test'
  ...
# PASS: active Work Request templates stay in sync with portable template copies
# PASS: Work Request templates apply canonical WR routing labels
# PASS: WR templates allow title-only intake for orchestrator-filled routing
# PASS: WR workflows accept BASIC WR issue type, work-request label, and title route tags
# PASS: WR auto-classify accepts title signals and infers output type from route tags
# PASS: OpenRouter auto-route accepts title-only route tags and infers Output Type from them
# PASS: wr-auto-classify accepts title route tags and infers Output Type
# PASS: openrouter auto-route accepts WR labels and title route tags
# PASS: weekly-research accepts route-tagged title-only source intake
# PASS: OpenRouter auto-route accepts normalized WR labels and output-type fallbacks
# PASS: WR workflows infer routing from title tags for title-only intake
# PASS: WR auto-classify infers Output Type from title app/tool hints
# PASS: Title route tags act as WR intake and Output Type signals for title-only issues
# PASS: WR routing workflows infer Output Type from title route tags
# PASS: WR PR creation waits for research completion and ignores PR comments
# PASS: WR PR creation mirrors deep research labels onto the generated PR
# PASS: WR PR creation uses an existing template and clears recovered stuck labels
# PASS: wr:reset bypasses existing-PR guard and is allowed as a trigger label
# PASS: Work Request Output Type options match wr-auto-classify DROPDOWN_FIELDS
# PASS: WR PR creation maps current WR output types to ship-to-market labels
# PASS: PDF pipeline batch dropdown exists with expected options
# PASS: Work Request heavy template keeps only Output Type required
# PASS: Work Request heavy template exposes sellable-artifact bundle and purchase validation fields
# PASS: PDF_WR_PLAYBOOK links AUTOMATED_PRODUCT_PIPELINE and PDF shape
# Subtest: tests/work-request-form-sync.test.js
ok 103 - tests/work-request-form-sync.test.js
  ---
  duration_ms: 60.40227
  type: 'test'
  ...
# Subtest: pr-lifecycle check-state workflow allowlist
    # Subtest: allowlist is non-empty
    ok 1 - allowlist is non-empty
      ---
      duration_ms: 1.000869
      type: 'test'
      ...
    # Subtest: every allowlisted name matches a real workflow name
    ok 2 - every allowlisted name matches a real workflow name
      ---
      duration_ms: 1.055634
      type: 'test'
      ...
    # Subtest: allowlist is sorted case-insensitively alphabetical
    ok 3 - allowlist is sorted case-insensitively alphabetical
      ---
      duration_ms: 13.512656
      type: 'test'
      ...
    # Subtest: allowlist never contains a wildcard
    ok 4 - allowlist never contains a wildcard
      ---
      duration_ms: 0.361999
      type: 'test'
      ...
    1..4
ok 631 - pr-lifecycle check-state workflow allowlist
  ---
  duration_ms: 36.394388
  type: 'suite'
  ...
# Subtest: fluence follows J/cm2 = mW/cm2 * s / 1000
ok 632 - fluence follows J/cm2 = mW/cm2 * s / 1000
  ---
  duration_ms: 1.596175
  type: 'test'
  ...
# Subtest: fluence rejects negative or non-finite inputs
ok 633 - fluence rejects negative or non-finite inputs
  ---
  duration_ms: 0.769257
  type: 'test'
  ...
# Subtest: irradiance and fluence are independent — Lopes 55 vs 155 mW/cm2
ok 634 - irradiance and fluence are independent — Lopes 55 vs 155 mW/cm2
  ---
  duration_ms: 0.319353
  type: 'test'
  ...
# Subtest: secondsForFluence inverts fluence and handles zero irradiance
ok 635 - secondsForFluence inverts fluence and handles zero irradiance
  ---
  duration_ms: 0.20645
  type: 'test'
  ...
# Subtest: totalJoules scales fluence by spot area
ok 636 - totalJoules scales fluence by spot area
  ---
  duration_ms: 0.394865
  type: 'test'
  ...
# Subtest: relativeResponse is biphasic — peaks near proliferation dose
ok 637 - relativeResponse is biphasic — peaks near proliferation dose
  ---
  duration_ms: 0.227022
  type: 'test'
  ...
# Subtest: classify names the zone against the therapeutic windows
ok 638 - classify names the zone against the therapeutic windows
  ---
  duration_ms: 0.435124
  type: 'test'
  ...
# Subtest: harvest.py --self-test passes (pure-function contract)
ok 639 - harvest.py --self-test passes (pure-function contract)
  ---
  duration_ms: 352.914094
  type: 'test'
  ...
# Subtest: harvest.py --dry-run runs offline without writing or fabricating
ok 640 - harvest.py --dry-run runs offline without writing or fabricating
  ---
  duration_ms: 367.380287
  type: 'test'
  ...
# PASS: server source files exist
# PASS: server.py compiles cleanly with python3
# PASS: module imports without FastMCP and registers all 4 tools
# PASS: module exposes both documented MCP resources
# PASS: _extract_urls dedupes URLs and strips trailing punctuation
# PASS: _collect_issue_signals detects PDFs, integrations, and research findings
# PASS: _credential_matrix flags every required secret as missing when env empty
# PASS: FIRECRAWL_API_KEY becomes required when WR signals contain URLs
# PASS: TAVILY_API_KEY becomes required when WR signals contain URLs
# PASS: research_mode = jules-only when no URLs and no research credentials
# PASS: research_mode = firecrawl-agent when URLs + only Firecrawl key
# PASS: research_mode = tavily-search when URLs + only Tavily key
# PASS: research_mode = jules-plus-firecrawl-and-tavily when URLs + both keys
# PASS: research_mode = jules-plus-firecrawl-pdf when PDF URLs + Firecrawl key
# PASS: _issue_packet handles GitHub `"user": null` without crashing
# PASS: control_plane_status returns server, default_repo, providers, readiness
# PASS: render_control_plane_mcp_entry returns documented entry for repo profile
# PASS: render_control_plane_mcp_entry uses template path for template profile
# PASS: render_control_plane_mcp_entry rejects unknown profiles
# PASS: env_schema lists every required and optional variable
# PASS: architecture_summary documents both current and next layers
# PASS: architecture_summary advertises Tavily on the next research layer
# PASS: architecture_summary exposes machine-readable v0_1_0_trade_offs
# PASS: .mcp.json includes a disabled wr-pr-control-plane entry
# PASS: .env.example documents every required control-plane variable
# PASS: templates/mcp/.env.mcp.example mirrors the control-plane variables
# PASS: templates/mcp/mcp.revvel-custom.json exposes the wr-pr-control-plane entry
# PASS: scripts/setup-mcp.sh references the control-plane install path
# PASS: docs/MCP_REVVEL_CATALOG.md documents the wr-pr-control-plane entry
# PASS: mcp-servers/wr-control-plane/README.md documents trade-offs and Tavily
# PASS: SYSTEM_STATE.md records the wr-pr-control-plane MCP server
# 31 passed, 0 failed
# Subtest: tests/wr-control-plane.test.js
ok 107 - tests/wr-control-plane.test.js
  ---
  duration_ms: 8418.886271
  type: 'test'
  ...
# Subtest: wr-field-filler triggers on issue events (intake path)
ok 642 - wr-field-filler triggers on issue events (intake path)
  ---
  duration_ms: 1.412686
  type: 'test'
  ...
# Subtest: wr-field-filler self-heals on downstream failure via workflow_run
ok 643 - wr-field-filler self-heals on downstream failure via workflow_run
  ---
  duration_ms: 0.26678
  type: 'test'
  ...
# Subtest: wr-field-filler runs a scheduled sweep for stragglers
ok 644 - wr-field-filler runs a scheduled sweep for stragglers
  ---
  duration_ms: 0.660881
  type: 'test'
  ...
# Subtest: wr-field-filler exposes workflow_dispatch for manual runs
ok 645 - wr-field-filler exposes workflow_dispatch for manual runs
  ---
  duration_ms: 0.241623
  type: 'test'
  ...
# Subtest: wr-field-filler permissions grant issues:write and actions:write
ok 646 - wr-field-filler permissions grant issues:write and actions:write
  ---
  duration_ms: 0.230982
  type: 'test'
  ...
# Subtest: wr-field-filler toggles wr:reset after a successful fill (self-heal loop)
ok 647 - wr-field-filler toggles wr:reset after a successful fill (self-heal loop)
  ---
  duration_ms: 0.512208
  type: 'test'
  ...
# Subtest: wr-field-filler skips when the triggering workflow_run was successful
ok 648 - wr-field-filler skips when the triggering workflow_run was successful
  ---
  duration_ms: 0.328471
  type: 'test'
  ...
# Subtest: wr-field-filler uses ADMIN_GITHUB_TOKEN fallback (CLAUDE.md gotcha \#2)
ok 649 - wr-field-filler uses ADMIN_GITHUB_TOKEN fallback (CLAUDE.md gotcha \#2)
  ---
  duration_ms: 0.325356
  type: 'test'
  ...
# Subtest: defaults YAML lists every field from the issue form (source-of-truth alignment)
ok 650 - defaults YAML lists every field from the issue form (source-of-truth alignment)
  ---
  duration_ms: 49.188979
  type: 'test'
  ...
# Subtest: defaults YAML dropdown "allowed" lists match issue-form option lists
ok 651 - defaults YAML dropdown "allowed" lists match issue-form option lists
  ---
  duration_ms: 13.788773
  type: 'test'
  ...
# Subtest: isBlank flags _No response_, None, TBD, empty
ok 652 - isBlank flags _No response_, None, TBD, empty
  ---
  duration_ms: 0.383493
  type: 'test'
  ...
# Subtest: isBlank treats unticked checkboxes as blank
ok 653 - isBlank treats unticked checkboxes as blank
  ---
  duration_ms: 0.322077
  type: 'test'
  ...
# Subtest: parseIssueBody rebuilds an ordered field list for the blank WR fixture
ok 654 - parseIssueBody rebuilds an ordered field list for the blank WR fixture
  ---
  duration_ms: 1.239883
  type: 'test'
  ...
# Subtest: fillDeterministic fills every non-LLM blank field from the fixture
ok 655 - fillDeterministic fills every non-LLM blank field from the fixture
  ---
  duration_ms: 1.784793
  type: 'test'
  ...
# Subtest: fillDeterministic leaves LLM-refinement fields for the LLM pass
ok 656 - fillDeterministic leaves LLM-refinement fields for the LLM pass
  ---
  duration_ms: 0.859534
  type: 'test'
  ...
# Subtest: fillWithLlm with WR_LLM disabled fills LLM-pending fields from fallback strings
ok 657 - fillWithLlm with WR_LLM disabled fills LLM-pending fields from fallback strings
  ---
  duration_ms: 1.267841
  type: 'test'
  ...
# Subtest: end-to-end fill() (WR_LLM=0) produces a body with no blank markers left
ok 658 - end-to-end fill() (WR_LLM=0) produces a body with no blank markers left
  ---
  duration_ms: 1.06384
  type: 'test'
  ...
# Subtest: output_type=sellable-pdf routes PDF batch, delivery shape, and artifact bundle correctly
ok 659 - output_type=sellable-pdf routes PDF batch, delivery shape, and artifact bundle correctly
  ---
  duration_ms: 0.948094
  type: 'test'
  ...
# Subtest: renderIssueBody round-trips through parseIssueBody with the same field set
ok 660 - renderIssueBody round-trips through parseIssueBody with the same field set
  ---
  duration_ms: 0.544785
  type: 'test'
  ...
# Subtest: filled output passes the wr-lint rule 12 forbidden-placeholder scan
ok 661 - filled output passes the wr-lint rule 12 forbidden-placeholder scan
  ---
  duration_ms: 0.954762
  type: 'test'
  ...
# Subtest: needsFilling returns true when at least one field is blank
ok 662 - needsFilling returns true when at least one field is blank
  ---
  duration_ms: 32.522272
  type: 'test'
  ...
# Subtest: needsFilling returns false when every known field has content
ok 663 - needsFilling returns false when every known field has content
  ---
  duration_ms: 0.48831
  type: 'test'
  ...
# Subtest: needsFilling returns false when the body has no known WR headings
ok 664 - needsFilling returns false when the body has no known WR headings
  ---
  duration_ms: 0.210733
  type: 'test'
  ...
# Subtest: needsFilling handles empty body / missing body
ok 665 - needsFilling handles empty body / missing body
  ---
  duration_ms: 0.169132
  type: 'test'
  ...
# Subtest: needsFilling ignores whitespace-only blank markers
ok 666 - needsFilling ignores whitespace-only blank markers
  ---
  duration_ms: 0.327562
  type: 'test'
  ...
# Subtest: needsFilling flags unticked Acknowledgements as a blank field
ok 667 - needsFilling flags unticked Acknowledgements as a blank field
  ---
  duration_ms: 0.29591
  type: 'test'
  ...
# Subtest: flags untrusted issue body interpolated into shell
ok 668 - flags untrusted issue body interpolated into shell
  ---
  duration_ms: 55.478775
  type: 'test'
  ...
# Subtest: accepts the safe env: pattern
ok 669 - accepts the safe env: pattern
  ---
  duration_ms: 52.917857
  type: 'test'
  ...
# Subtest: flags checked acknowledgements when fields are blank (_No response_)
ok 670 - flags checked acknowledgements when fields are blank (_No response_)
  ---
  duration_ms: 61.276159
  type: 'test'
  ...
# Subtest: flags _No response_ with no space after a field-label colon
ok 671 - flags _No response_ with no space after a field-label colon
  ---
  duration_ms: 54.607721
  type: 'test'
  ...
# Subtest: passes when the same checklist has genuinely filled fields
ok 672 - passes when the same checklist has genuinely filled fields
  ---
  duration_ms: 53.001311
  type: 'test'
  ...
# Subtest: does not flag _No response_ inside a fenced code block
ok 673 - does not flag _No response_ inside a fenced code block
  ---
  duration_ms: 54.397703
  type: 'test'
  ...
# Subtest: flags product section in a /dragnet fix WR (BASIC short-form persona)
ok 674 - flags product section in a /dragnet fix WR (BASIC short-form persona)
  ---
  duration_ms: 54.673472
  type: 'test'
  ...
# Subtest: does not flag product section for a non-fix persona slash command (FULL long-form)
ok 675 - does not flag product section for a non-fix persona slash command (FULL long-form)
  ---
  duration_ms: 55.219467
  type: 'test'
  ...
# Subtest: flags REVVEL-DISABLED block missing required metadata fields
ok 676 - flags REVVEL-DISABLED block missing required metadata fields
  ---
  duration_ms: 54.970795
  type: 'test'
  ...
# Subtest: passes a well-formed REVVEL-DISABLED block with all required fields
ok 677 - passes a well-formed REVVEL-DISABLED block with all required fields
  ---
  duration_ms: 58.67687
  type: 'test'
  ...
# Subtest: flags an unclosed REVVEL-DISABLED block
ok 678 - flags an unclosed REVVEL-DISABLED block
  ---
  duration_ms: 56.521168
  type: 'test'
  ...
# Subtest: does not treat a prose mention of REVVEL-DISABLED as a block opener
ok 679 - does not treat a prose mention of REVVEL-DISABLED as a block opener
  ---
  duration_ms: 53.168653
  type: 'test'
  ...
# Subtest: flags N/A — pending Jules refinement as a deferral placeholder
ok 680 - flags N/A — pending Jules refinement as a deferral placeholder
  ---
  duration_ms: 55.044114
  type: 'test'
  ...
# Subtest: flags N/A — pending human review as a deferral placeholder
ok 681 - flags N/A — pending human review as a deferral placeholder
  ---
  duration_ms: 54.106038
  type: 'test'
  ...
# Subtest: flags 'pending refinement' as a deferral placeholder
ok 682 - flags 'pending refinement' as a deferral placeholder
  ---
  duration_ms: 51.929101
  type: 'test'
  ...
# Subtest: flags TBD as a deferral placeholder
ok 683 - flags TBD as a deferral placeholder
  ---
  duration_ms: 52.472064
  type: 'test'
  ...
# Subtest: flags TODO as a deferral placeholder
ok 684 - flags TODO as a deferral placeholder
  ---
  duration_ms: 60.377948
  type: 'test'
  ...
# Subtest: does not flag deferral phrases inside a fenced code block
ok 685 - does not flag deferral phrases inside a fenced code block
  ---
  duration_ms: 66.169406
  type: 'test'
  ...
# Subtest: deferral placeholder also triggers false-completion when checklist is checked
ok 686 - deferral placeholder also triggers false-completion when checklist is checked
  ---
  duration_ms: 55.7567
  type: 'test'
  ...
# === wr-pr-creation.yml Unit Tests ===
# PASS: parseIssueNumber extracts from payload.issue
# PASS: parseIssueNumber extracts from inputs.issue_number
# PASS: parseIssueNumber handles \# prefix
# PASS: parseIssueNumber handles plain number string
# PASS: parseIssueNumber extracts from run URL as fallback
# PASS: parseIssueNumber returns null when no source available
# PASS: isWrIssue detects [WR] prefix in title
# PASS: isWrIssue detects work-request label
# PASS: isWrIssue detects weekly-research label
# PASS: isWrIssue detects WR issue type
# PASS: isWrIssue detects title route tags for title-only intake
# PASS: isWrIssue accepts wr:new seeded route-tag intake
# PASS: isWrIssue returns false for non-WR issues
# PASS: isCompletionLabel detects research:complete
# PASS: isCompletionLabel detects wr:complete
# PASS: isCompletionLabel detects wr:research
# PASS: isCompletionLabel detects wr:reset (self-heal force-create)
# PASS: isCompletionLabel rejects non-completion labels
# PASS: shouldCreatePr returns false for closed issues
# PASS: shouldCreatePr returns false for issue:done label
# PASS: shouldCreatePr returns true for open WR issues
# PASS: generateBranchName creates valid branch name
# PASS: generateBranchName handles special characters
# PASS: generateBranchName truncates long titles
# PASS: isOperationalBotComment detects failure comment
# PASS: isOperationalBotComment detects skip comment
# PASS: isOperationalBotComment detects success comment
# PASS: isOperationalBotComment rejects non-bot comments
# PASS: isOperationalBotComment rejects unrelated bot comments
# PASS: isCompletionTrigger allows research:complete labeled event
# PASS: isCompletionTrigger allows wr:complete labeled event
# PASS: isCompletionTrigger allows wr:reset labeled event (self-heal)
# PASS: isCompletionTrigger blocks non-completion labels
# PASS: isCompletionTrigger allows workflow_dispatch
# PASS: isCompletionTrigger allows opened issues
# PASS: isCompletionTrigger allows reopened issues
# PASS: handles issue with string labels array
# PASS: handles issue with mixed label formats
# === Results: 38 passed, 0 failed ===
# ✅ All tests passed
# Subtest: tests/wr-pr-creation.test.js
ok 113 - tests/wr-pr-creation.test.js
  ---
  duration_ms: 49.455716
  type: 'test'
  ...
# Subtest: extractImageUrls: markdown image (extension-less GitHub attachment)
ok 688 - extractImageUrls: markdown image (extension-less GitHub attachment)
  ---
  duration_ms: 3.225619
  type: 'test'
  ...
# Subtest: extractImageUrls: HTML img, bare url, and dedupe
ok 689 - extractImageUrls: HTML img, bare url, and dedupe
  ---
  duration_ms: 1.085902
  type: 'test'
  ...
# Subtest: extractImageUrls: ignores non-image links and empty/invalid input
ok 690 - extractImageUrls: ignores non-image links and empty/invalid input
  ---
  duration_ms: 0.317965
  type: 'test'
  ...
# Subtest: ocrImages: uses injected runner and never throws on failure
ok 691 - ocrImages: uses injected runner and never throws on failure
  ---
  duration_ms: 0.602351
  type: 'test'
  ...
# Subtest: assembleOcrAppendix: includes extracted text, empty when nothing usable
ok 692 - assembleOcrAppendix: includes extracted text, empty when nothing usable
  ---
  duration_ms: 0.332887
  type: 'test'
  ...
# Subtest: buildEnrichmentMessages: system lists every canonical field, user carries OCR
ok 693 - buildEnrichmentMessages: system lists every canonical field, user carries OCR
  ---
  duration_ms: 0.48694
  type: 'test'
  ...
# Subtest: enrichWorkRequest: falls back (no throw) when no API key
ok 694 - enrichWorkRequest: falls back (no throw) when no API key
  ---
  duration_ms: 0.415838
  type: 'test'
  ...
# Subtest: enrichWorkRequest: uses injected routedChat when key present
ok 695 - enrichWorkRequest: uses injected routedChat when key present
  ---
  duration_ms: 0.404303
  type: 'test'
  ...
# Subtest: enrichWorkRequest: LLM failure falls back to original body
ok 696 - enrichWorkRequest: LLM failure falls back to original body
  ---
  duration_ms: 2.491043
  type: 'test'
  ...
# Subtest: preprocessWorkRequest: end-to-end with injected OCR + LLM
ok 697 - preprocessWorkRequest: end-to-end with injected OCR + LLM
  ---
  duration_ms: 0.948921
  type: 'test'
  ...
1..697
# tests 709
# suites 10
# pass 705
# fail 1
# cancelled 0
# skipped 3
# todo 0
# duration_ms 18221.175204
